../source/LCD.c:49:6:ExpanderWrite	16	static
../source/LCD.c:43:13:DelayUS	16	static
../source/LCD.c:57:6:PulseEnable	16	static
../source/LCD.c:67:6:SendCommand	16	static
../source/LCD.c:91:13:Write4Bits	8	static
../source/LCD.c:79:6:HD44780_Home	8	static
../source/LCD.c:96:6:HD44780_Clear	8	static
../source/LCD.c:97:6:HD44780_Display	8	static
../source/LCD.c:100:6:HD44780_Init	16	static
../source/LCD.c:145:6:HD44780_SetCursor	40	static
../source/LCD.c:156:6:HD44780_PrintStr	24	static
../source/LCD.c:160:6:HD44780_CreateSpecialChar	32	static
../source/LCD.c:174:6:floatToString	32	static
../source/LCD.c:225:6:soc_disp	24	static
../source/LCD.c:233:6:soh_disp	24	static
../source/LCD.c:241:6:current_disp	24	static
../source/LCD.c:249:6:Fault_disp	8	static
../source/LCD.c:269:6:Temp_disp	24	static
../source/LCD.c:278:6:Mode_disp	8	static
../source/LCD.c:291:6:lcd	32	static
