C:\Users\abdal\OneDrive - Faculty of Engineering Ain Shams University\Desktop\nxp\YARAB_V1\CMSIS/core_cm0plus.h:745:22:NVIC_EnableIRQ	16	static
C:\Users\abdal\OneDrive - Faculty of Engineering Ain Shams University\Desktop\nxp\YARAB_V1\CMSIS/core_cm0plus.h:804:22:NVIC_SetPriority	24	static
C:\Users\abdal\OneDrive - Faculty of Engineering Ain Shams University\Desktop\nxp\YARAB_V1\drivers/fsl_clock.h:584:20:CLOCK_EnableClock	24	static
C:\Users\abdal\OneDrive - Faculty of Engineering Ain Shams University\Desktop\nxp\YARAB_V1\drivers/fsl_gpio.h:157:20:GPIO_WritePinOutput	24	static
C:\Users\abdal\OneDrive - Faculty of Engineering Ain Shams University\Desktop\nxp\YARAB_V1\drivers/fsl_dmamux.h:98:20:DMAMUX_EnableChannel	16	static
C:\Users\abdal\OneDrive - Faculty of Engineering Ain Shams University\Desktop\nxp\YARAB_V1\drivers/fsl_dmamux.h:128:20:DMAMUX_SetSource	24	static
C:\Users\abdal\OneDrive - Faculty of Engineering Ain Shams University\Desktop\nxp\YARAB_V1\drivers/fsl_spi_dma.h:144:20:SPI_SlaveTransferCreateHandleDMA	40	static
C:\Users\abdal\OneDrive - Faculty of Engineering Ain Shams University\Desktop\nxp\YARAB_V1\drivers/fsl_spi_dma.h:167:24:SPI_SlaveTransferDMA	24	static
../source/COTS/SlaveControlIF/Src/SlaveIF.c:31:16:calculateCrc8	32	static
../source/COTS/SlaveControlIF/Src/SlaveIF.c:51:13:spiDmaTxCallback	24	static
../source/COTS/SlaveControlIF/Src/SlaveIF.c:61:13:spiDmaRxCallback	24	static
../source/COTS/SlaveControlIF/Src/SlaveIF.c:72:13:resetSpi0	32	static
../source/COTS/SlaveControlIF/Src/SlaveIF.c:87:6:SlaveIF_initTransfer	48	static
../source/COTS/SlaveControlIF/Src/SlaveIF.c:141:6:DMA0_IRQHandler	8	static
../source/COTS/SlaveControlIF/Src/SlaveIF.c:157:13:SlaveIF_writeRegister	96	static
../source/COTS/SlaveControlIF/Src/SlaveIF.c:240:17:SlaveIF_readRegister	96	static
../source/COTS/SlaveControlIF/Src/SlaveIF.c:334:6:SlaveIF_setupSystem	24	static
../source/COTS/SlaveControlIF/Src/SlaveIF.c:353:6:SlaveIF_setSleepMode	24	static
../source/COTS/SlaveControlIF/Src/SlaveIF.c:366:6:SlaveIF_configSystem1	16	static
../source/COTS/SlaveControlIF/Src/SlaveIF.c:376:6:SlaveIF_configSystem2	16	static
../source/COTS/SlaveControlIF/Src/SlaveIF.c:391:6:SlaveIF_configAdc	16	static
../source/COTS/SlaveControlIF/Src/SlaveIF.c:427:6:SlaveIF_configAdcOffset	32	static
../source/COTS/SlaveControlIF/Src/SlaveIF.c:469:6:SlaveIF_startMeasurementCycle	24	static
../source/COTS/SlaveControlIF/Src/SlaveIF.c:506:6:SlaveIF_enableOvUv	16	static
../source/COTS/SlaveControlIF/Src/SlaveIF.c:517:10:SlaveIF_readCellOverVoltageStatus	24	static
../source/COTS/SlaveControlIF/Src/SlaveIF.c:528:10:SlaveIF_readCellUnderVoltageStatus	24	static
../source/COTS/SlaveControlIF/Src/SlaveIF.c:544:6:SlaveIF_enableCellBalancing	32	static
../source/COTS/SlaveControlIF/Src/SlaveIF.c:582:6:SlaveIF_readCellBalancingDriverStatus	32	static
../source/COTS/SlaveControlIF/Src/SlaveIF.c:598:10:SlaveIF_readCellBalancingShortedStatus	16	static
../source/COTS/SlaveControlIF/Src/SlaveIF.c:608:10:SlaveIF_readCellBalancingOpenLoadStatus	16	static
../source/COTS/SlaveControlIF/Src/SlaveIF.c:619:6:SlaveIF_configAllGpiosForTempSensors	16	static
../source/COTS/SlaveControlIF/Src/SlaveIF.c:632:15:SlaveIF_readGpioAnStatus	32	static
../source/COTS/SlaveControlIF/Src/SlaveIF.c:649:19:SlaveIF_readOtUtStatus	32	static
../source/COTS/SlaveControlIF/Src/SlaveIF.c:666:7:SlaveIF_readTemperature	40	static
../source/COTS/SlaveControlIF/Src/SlaveIF.c:710:10:SlaveIF_readNumberCoulombSamples	16	static
../source/COTS/SlaveControlIF/Src/SlaveIF.c:720:6:SlaveIF_isCoulombSamplesSufficient	8	static
../source/COTS/SlaveControlIF/Src/SlaveIF.c:733:7:SlaveIF_readCellVoltage	32	static
../source/COTS/SlaveControlIF/Src/SlaveIF.c:770:7:SlaveIF_readPackVoltage	24	static
../source/COTS/SlaveControlIF/Src/SlaveIF.c:802:7:SlaveIF_readCurrent	128	static
../source/COTS/SlaveControlIF/Src/SlaveIF.c:913:17:SlaveIf_CalculateOvUvThresholdReg	40	static
../source/COTS/SlaveControlIF/Src/SlaveIF.c:927:17:SlaveIf_CalculateOverTempThresholdReg	32	static
../source/COTS/SlaveControlIF/Src/SlaveIF.c:937:17:SlaveIf_CalculateUnderTempThresholdReg	32	static
../source/COTS/SlaveControlIF/Src/SlaveIF.c:947:17:SlaveIf_CalculateOverCurrentThresholdReg	32	static
../source/COTS/SlaveControlIF/Src/SlaveIF.c:959:6:SlaveIf_setGlobalOvUvThreshold	56	static
../source/COTS/SlaveControlIF/Src/SlaveIF.c:968:6:SlaveIf_setCellOvUvThreshold	72	static
../source/COTS/SlaveControlIF/Src/SlaveIF.c:983:6:SlaveIf_setOverTempThreshold	48	static
../source/COTS/SlaveControlIF/Src/SlaveIF.c:998:6:SlaveIf_setUnderTempThreshold	48	static
../source/COTS/SlaveControlIF/Src/SlaveIF.c:1013:6:SlaveIf_setOverCurrentThreshold	56	static
