C:\Users\abdal\OneDrive - Faculty of Engineering Ain Shams University\Desktop\nxp\YARAB_V1\CMSIS/core_cm0plus.h:745:22:NVIC_EnableIRQ	16	static
C:\Users\abdal\OneDrive - Faculty of Engineering Ain Shams University\Desktop\nxp\YARAB_V1\CMSIS/core_cm0plus.h:804:22:NVIC_SetPriority	24	static
C:\Users\abdal\OneDrive - Faculty of Engineering Ain Shams University\Desktop\nxp\YARAB_V1\drivers/fsl_clock.h:584:20:CLOCK_EnableClock	24	static
C:\Users\abdal\OneDrive - Faculty of Engineering Ain Shams University\Desktop\nxp\YARAB_V1\drivers/fsl_spi.h:651:24:SPI_SlaveTransferNonBlocking	24	static
C:\Users\abdal\OneDrive - Faculty of Engineering Ain Shams University\Desktop\nxp\YARAB_V1\drivers/fsl_gpio.h:157:20:GPIO_WritePinOutput	24	static
../source/COTS/SlaveControlIF/Src/SlaveIF.c:31:16:calculateCrc8	32	static
../source/COTS/SlaveControlIF/Src/SlaveIF.c:55:13:spiTxCallback	24	static
../source/COTS/SlaveControlIF/Src/SlaveIF.c:74:13:spiRxCallback	24	static
../source/COTS/SlaveControlIF/Src/SlaveIF.c:88:13:resetSpi0	24	static
../source/COTS/SlaveControlIF/Src/SlaveIF.c:107:6:SlaveIF_initTransfer	40	static
../source/COTS/SlaveControlIF/Src/SlaveIF.c:147:13:SlaveIF_writeRegister	80	static
../source/COTS/SlaveControlIF/Src/SlaveIF.c:200:17:SlaveIF_readRegister	88	static
../source/COTS/SlaveControlIF/Src/SlaveIF.c:273:6:SlaveIF_setupSystem	24	static
../source/COTS/SlaveControlIF/Src/SlaveIF.c:292:6:SlaveIF_setSleepMode	24	static
../source/COTS/SlaveControlIF/Src/SlaveIF.c:305:6:SlaveIF_configSystem1	16	static
../source/COTS/SlaveControlIF/Src/SlaveIF.c:315:6:SlaveIF_configSystem2	16	static
../source/COTS/SlaveControlIF/Src/SlaveIF.c:330:6:SlaveIF_configAdc	16	static
../source/COTS/SlaveControlIF/Src/SlaveIF.c:366:6:SlaveIF_configAdcOffset	32	static
../source/COTS/SlaveControlIF/Src/SlaveIF.c:408:6:SlaveIF_startMeasurementCycle	24	static
../source/COTS/SlaveControlIF/Src/SlaveIF.c:445:6:SlaveIF_enableOvUv	16	static
../source/COTS/SlaveControlIF/Src/SlaveIF.c:456:10:SlaveIF_readCellOverVoltageStatus	24	static
../source/COTS/SlaveControlIF/Src/SlaveIF.c:467:10:SlaveIF_readCellUnderVoltageStatus	24	static
../source/COTS/SlaveControlIF/Src/SlaveIF.c:483:6:SlaveIF_enableCellBalancing	32	static
../source/COTS/SlaveControlIF/Src/SlaveIF.c:521:6:SlaveIF_readCellBalancingDriverStatus	32	static
../source/COTS/SlaveControlIF/Src/SlaveIF.c:537:10:SlaveIF_readCellBalancingShortedStatus	16	static
../source/COTS/SlaveControlIF/Src/SlaveIF.c:547:10:SlaveIF_readCellBalancingOpenLoadStatus	16	static
../source/COTS/SlaveControlIF/Src/SlaveIF.c:558:6:SlaveIF_configAllGpiosForTempSensors	16	static
../source/COTS/SlaveControlIF/Src/SlaveIF.c:571:15:SlaveIF_readGpioAnStatus	32	static
../source/COTS/SlaveControlIF/Src/SlaveIF.c:588:19:SlaveIF_readOtUtStatus	32	static
../source/COTS/SlaveControlIF/Src/SlaveIF.c:605:7:SlaveIF_readTemperature	40	static
../source/COTS/SlaveControlIF/Src/SlaveIF.c:649:10:SlaveIF_readNumberCoulombSamples	16	static
../source/COTS/SlaveControlIF/Src/SlaveIF.c:659:6:SlaveIF_isCoulombSamplesSufficient	8	static
../source/COTS/SlaveControlIF/Src/SlaveIF.c:672:7:SlaveIF_readCellVoltage	32	static
../source/COTS/SlaveControlIF/Src/SlaveIF.c:709:7:SlaveIF_readPackVoltage	24	static
../source/COTS/SlaveControlIF/Src/SlaveIF.c:741:7:SlaveIF_readCurrent	128	static
../source/COTS/SlaveControlIF/Src/SlaveIF.c:852:17:SlaveIf_CalculateOvUvThresholdReg	40	static
../source/COTS/SlaveControlIF/Src/SlaveIF.c:866:17:SlaveIf_CalculateOverTempThresholdReg	32	static
../source/COTS/SlaveControlIF/Src/SlaveIF.c:876:17:SlaveIf_CalculateUnderTempThresholdReg	32	static
../source/COTS/SlaveControlIF/Src/SlaveIF.c:886:17:SlaveIf_CalculateOverCurrentThresholdReg	32	static
../source/COTS/SlaveControlIF/Src/SlaveIF.c:898:6:SlaveIf_setGlobalOvUvThreshold	56	static
../source/COTS/SlaveControlIF/Src/SlaveIF.c:907:6:SlaveIf_setCellOvUvThreshold	72	static
../source/COTS/SlaveControlIF/Src/SlaveIF.c:922:6:SlaveIf_setOverTempThreshold	48	static
../source/COTS/SlaveControlIF/Src/SlaveIF.c:937:6:SlaveIf_setUnderTempThreshold	48	static
../source/COTS/SlaveControlIF/Src/SlaveIF.c:952:6:SlaveIf_setOverCurrentThreshold	56	static
