D:\Work_Space\NXP\gp\YARAB_V1\CMSIS/core_cm0plus.h:745:22:NVIC_EnableIRQ	16	static
D:\Work_Space\NXP\gp\YARAB_V1\CMSIS/core_cm0plus.h:804:22:NVIC_SetPriority	24	static
D:\Work_Space\NXP\gp\YARAB_V1\drivers/fsl_clock.h:584:20:CLOCK_EnableClock	24	static
D:\Work_Space\NXP\gp\YARAB_V1\drivers/fsl_gpio.h:157:20:GPIO_WritePinOutput	24	static
D:\Work_Space\NXP\gp\YARAB_V1\drivers/fsl_gpio.h:215:24:GPIO_ReadPinInput	16	static
D:\Work_Space\NXP\gp\YARAB_V1\drivers/fsl_dmamux.h:98:20:DMAMUX_EnableChannel	16	static
D:\Work_Space\NXP\gp\YARAB_V1\drivers/fsl_dmamux.h:128:20:DMAMUX_SetSource	24	static
D:\Work_Space\NXP\gp\YARAB_V1\drivers/fsl_spi_dma.h:144:20:SPI_SlaveTransferCreateHandleDMA	40	static
D:\Work_Space\NXP\gp\YARAB_V1\drivers/fsl_spi_dma.h:167:24:SPI_SlaveTransferDMA	24	static
../source/COTS/SlaveControlIF/Src/SlaveIF.c:131:13:spiDmaTxCallback	24	static
../source/COTS/SlaveControlIF/Src/SlaveIF.c:156:13:spiDmaRxCallback	24	static
../source/COTS/SlaveControlIF/Src/SlaveIF.c:180:6:DMA0_IRQHandler	8	static
../source/COTS/SlaveControlIF/Src/SlaveIF.c:207:16:calculateCrc8	32	static
../source/COTS/SlaveControlIF/Src/SlaveIF.c:225:13:resetSpi0	32	static
../source/COTS/SlaveControlIF/Src/SlaveIF.c:256:13:SlaveIF_writeEnPin	16	static
../source/COTS/SlaveControlIF/Src/SlaveIF.c:283:17:SlaveIF_readIntbPin	8	static
../source/COTS/SlaveControlIF/Src/SlaveIF.c:305:13:SlaveIF_registerHasTagID	16	static
../source/COTS/SlaveControlIF/Src/SlaveIF.c:356:13:SlaveIF_writeRegister	96	static
../source/COTS/SlaveControlIF/Src/SlaveIF.c:579:17:SlaveIF_readRegister	104	static
../source/COTS/SlaveControlIF/Src/SlaveIF.c:692:13:SlaveIF_setupSystem	24	static
../source/COTS/SlaveControlIF/Src/SlaveIF.c:718:13:SlaveIF_configSystem1	16	static
../source/COTS/SlaveControlIF/Src/SlaveIF.c:734:13:SlaveIF_configSystem2	16	static
../source/COTS/SlaveControlIF/Src/SlaveIF.c:748:13:SlaveIF_enableOvUv	16	static
../source/COTS/SlaveControlIF/Src/SlaveIF.c:764:13:SlaveIF_configAllGpiosForTempSensors	16	static
../source/COTS/SlaveControlIF/Src/SlaveIF.c:787:17:SlaveIf_calculateOvUvThresholdReg	40	static
../source/COTS/SlaveControlIF/Src/SlaveIF.c:812:17:SlaveIf_calculateOverTempThresholdReg	32	static
../source/COTS/SlaveControlIF/Src/SlaveIF.c:832:17:SlaveIf_calculateUnderTempThresholdReg	32	static
../source/COTS/SlaveControlIF/Src/SlaveIF.c:853:17:SlaveIf_calculateOverCurrentThresholdReg	32	static
../source/COTS/SlaveControlIF/Src/SlaveIF.c:876:13:SlaveIf_setGlobalOvUvThreshold	56	static
../source/COTS/SlaveControlIF/Src/SlaveIF.c:893:13:SlaveIf_setCellOvUvThreshold	72	static
../source/COTS/SlaveControlIF/Src/SlaveIF.c:921:13:SlaveIf_setOverTempThreshold	48	static
../source/COTS/SlaveControlIF/Src/SlaveIF.c:950:13:SlaveIf_setUnderTempThreshold	48	static
../source/COTS/SlaveControlIF/Src/SlaveIF.c:979:13:SlaveIf_setOverCurrentThreshold	56	static
../source/COTS/SlaveControlIF/Src/SlaveIF.c:999:6:SlaveIF_initTransfer	48	static
../source/COTS/SlaveControlIF/Src/SlaveIF.c:1056:6:SlaveIF_tplEnable	8	static
../source/COTS/SlaveControlIF/Src/SlaveIF.c:1085:6:SlaveIF_wakeUp	8	static
../source/COTS/SlaveControlIF/Src/SlaveIF.c:1123:6:SlaveIF_setSleepMode	24	static
../source/COTS/SlaveControlIF/Src/SlaveIF.c:1153:6:SlaveIF_configAdc	16	static
../source/COTS/SlaveControlIF/Src/SlaveIF.c:1181:6:SlaveIF_configAdcOffset	32	static
../source/COTS/SlaveControlIF/Src/SlaveIF.c:1225:6:SlaveIF_init	16	static
../source/COTS/SlaveControlIF/Src/SlaveIF.c:1303:6:SlaveIF_configureProtectionThresholds	24	static
../source/COTS/SlaveControlIF/Src/SlaveIF.c:1373:6:SlaveIF_startMeasurementCycle	24	static
../source/COTS/SlaveControlIF/Src/SlaveIF.c:1458:10:SlaveIF_getFault1Status	8	static
../source/COTS/SlaveControlIF/Src/SlaveIF.c:1475:10:SlaveIF_getFault2Status	8	static
../source/COTS/SlaveControlIF/Src/SlaveIF.c:1491:10:SlaveIF_getFault3Status	8	static
../source/COTS/SlaveControlIF/Src/SlaveIF.c:1508:10:SlaveIF_readCellOverVoltageStatus	24	static
../source/COTS/SlaveControlIF/Src/SlaveIF.c:1522:10:SlaveIF_readCellUnderVoltageStatus	24	static
../source/COTS/SlaveControlIF/Src/SlaveIF.c:1542:6:SlaveIF_enableCellBalancing	56	static
../source/COTS/SlaveControlIF/Src/SlaveIF.c:1593:10:SlaveIF_readCellBalancingDriverStatus	24	static
../source/COTS/SlaveControlIF/Src/SlaveIF.c:1618:10:SlaveIF_readCellBalancingShortedStatus	24	static
../source/COTS/SlaveControlIF/Src/SlaveIF.c:1638:10:SlaveIF_readCellBalancingOpenLoadStatus	24	static
../source/COTS/SlaveControlIF/Src/SlaveIF.c:1661:15:SlaveIF_readGpioAnStatus	32	static
../source/COTS/SlaveControlIF/Src/SlaveIF.c:1702:19:SlaveIF_readOtUtStatus	32	static
../source/COTS/SlaveControlIF/Src/SlaveIF.c:1739:7:SlaveIF_readTemperature	40	static
../source/COTS/SlaveControlIF/Src/SlaveIF.c:1802:7:SlaveIF_readCellVoltage	48	static
../source/COTS/SlaveControlIF/Src/SlaveIF.c:1857:7:SlaveIF_readPackVoltage	40	static
../source/COTS/SlaveControlIF/Src/SlaveIF.c:1913:7:SlaveIF_readCurrent	88	static
../source/COTS/SlaveControlIF/Src/SlaveIF.c:2081:10:SlaveIF_readNumberCoulombSamples	24	static
../source/COTS/SlaveControlIF/Src/SlaveIF.c:2103:10:SlaveIF_readCoulombCountRaw	24	static
../source/COTS/SlaveControlIF/Src/SlaveIF.c:2121:6:SlaveIF_isCoulombSamplesSufficient	24	static
