../source/COTS/SlaveControllerIF/Src/SlaveIF.c:50:6:SPI_Callback	8	static
../source/COTS/SlaveControllerIF/Src/SlaveIF.c:15:9:calculate_crc8	12	static
../source/COTS/SlaveControllerIF/Src/SlaveIF.c:27:9:checkcrc8	12	static
../source/COTS/SlaveControllerIF/Src/SlaveIF.c:72:6:SPI_Init	24	static
../source/COTS/SlaveControllerIF/Src/SlaveIF.c:107:6:SPI_WriteRegister	64	static
../source/COTS/SlaveControllerIF/Src/SlaveIF.c:155:10:SPI_ReadRegister	56	static
../source/COTS/SlaveControllerIF/Src/SlaveIF.c:224:6:Set_Initialization	8	static
../source/COTS/SlaveControllerIF/Src/SlaveIF.c:241:6:setGo2Sleep_SPI	8	static
../source/COTS/SlaveControllerIF/Src/SlaveIF.c:254:6:Set_System_Config_1	8	static
../source/COTS/SlaveControllerIF/Src/SlaveIF.c:265:6:Set_System_Config_2	8	static
../source/COTS/SlaveControllerIF/Src/SlaveIF.c:280:6:setADCConfig	0	static
../source/COTS/SlaveControllerIF/Src/SlaveIF.c:286:6:setADC2OffsetCompensation	0	static
../source/COTS/SlaveControllerIF/Src/SlaveIF.c:295:6:Set_OV_UV_Enable	8	static
../source/COTS/SlaveControllerIF/Src/SlaveIF.c:306:10:Read_Cell_Over_Voltage_Flags	8	static
../source/COTS/SlaveControllerIF/Src/SlaveIF.c:321:10:Read_Cell_Under_Voltage_Flags	8	static
../source/COTS/SlaveControllerIF/Src/SlaveIF.c:337:6:Enable_Cell_Balancing	16	static
../source/COTS/SlaveControllerIF/Src/SlaveIF.c:382:6:Cell_Balancing_Driver_Status	24	static
../source/COTS/SlaveControllerIF/Src/SlaveIF.c:405:10:Cell_Balancing_Shorted_Status	8	static
../source/COTS/SlaveControllerIF/Src/SlaveIF.c:413:10:Cell_Balancing_Open_Load_Status	8	static
../source/COTS/SlaveControllerIF/Src/SlaveIF.c:422:6:Configure_All_Gpios_For_Temp_Sensors	8	static
../source/COTS/SlaveControllerIF/Src/SlaveIF.c:439:15:Get_GPIO_AN_Flags	16	static
../source/COTS/SlaveControllerIF/Src/SlaveIF.c:455:19:Get_Temp_Flags	16	static
../source/COTS/SlaveControllerIF/Src/SlaveIF.c:471:10:Get_Number_Of_Coulomb_Samples	8	static
../source/COTS/SlaveControllerIF/Src/SlaveIF.c:479:6:Is_Coulomb_Samples_Sufficient	8	static
../source/COTS/SlaveControllerIF/Src/SlaveIF.c:492:7:Get_Cell_Voltage	8	static
../source/COTS/SlaveControllerIF/Src/SlaveIF.c:530:7:Get_Stack_Voltage	8	static
