../source/COTS/SlaveControllerIF/Src/Slave_Center_IF.c:49:6:SPI_Callback	8	static
../source/COTS/SlaveControllerIF/Src/Slave_Center_IF.c:14:9:calculate_crc8	12	static
../source/COTS/SlaveControllerIF/Src/Slave_Center_IF.c:26:9:checkcrc8	12	static
../source/COTS/SlaveControllerIF/Src/Slave_Center_IF.c:71:6:SPI_Init	24	static
../source/COTS/SlaveControllerIF/Src/Slave_Center_IF.c:106:6:SPI_WriteRegister	64	static
../source/COTS/SlaveControllerIF/Src/Slave_Center_IF.c:154:10:SPI_ReadRegister	56	static
../source/COTS/SlaveControllerIF/Src/Slave_Center_IF.c:223:6:Set_Initialization	8	static
../source/COTS/SlaveControllerIF/Src/Slave_Center_IF.c:240:6:setGo2Sleep_SPI	8	static
../source/COTS/SlaveControllerIF/Src/Slave_Center_IF.c:253:6:Set_System_Config_1	8	static
../source/COTS/SlaveControllerIF/Src/Slave_Center_IF.c:264:6:Set_System_Config_2	8	static
../source/COTS/SlaveControllerIF/Src/Slave_Center_IF.c:279:6:setADCConfig	0	static
../source/COTS/SlaveControllerIF/Src/Slave_Center_IF.c:285:6:setADC2OffsetCompensation	0	static
../source/COTS/SlaveControllerIF/Src/Slave_Center_IF.c:294:6:Set_OV_UV_Enable	8	static
../source/COTS/SlaveControllerIF/Src/Slave_Center_IF.c:305:10:Read_Cell_Over_Voltage_Flags	8	static
../source/COTS/SlaveControllerIF/Src/Slave_Center_IF.c:320:10:Read_Cell_Under_Voltage_Flags	8	static
../source/COTS/SlaveControllerIF/Src/Slave_Center_IF.c:336:6:Enable_Cell_Balancing	16	static
../source/COTS/SlaveControllerIF/Src/Slave_Center_IF.c:381:6:Cell_Balancing_Driver_Status	16	static
../source/COTS/SlaveControllerIF/Src/Slave_Center_IF.c:404:10:Cell_Balancing_Shorted_Status	8	static
../source/COTS/SlaveControllerIF/Src/Slave_Center_IF.c:412:10:Cell_Balancing_Open_Load_Status	8	static
../source/COTS/SlaveControllerIF/Src/Slave_Center_IF.c:421:6:Configure_All_Gpios_For_Temp_Sensors	8	static
../source/COTS/SlaveControllerIF/Src/Slave_Center_IF.c:438:15:Get_GPIO_AN_Flags	16	static
../source/COTS/SlaveControllerIF/Src/Slave_Center_IF.c:454:19:Get_Temp_Flags	16	static
../source/COTS/SlaveControllerIF/Src/Slave_Center_IF.c:470:10:Get_Number_Of_Coulomb_Samples	8	static
../source/COTS/SlaveControllerIF/Src/Slave_Center_IF.c:478:6:Is_Coulomb_Samples_Sufficient	8	static
../source/COTS/SlaveControllerIF/Src/Slave_Center_IF.c:491:7:Get_Cell_Voltage	8	static
../source/COTS/SlaveControllerIF/Src/Slave_Center_IF.c:529:7:Get_Stack_Voltage	8	static
