C:\Users\abdal\OneDrive - Faculty of Engineering Ain Shams University\Desktop\nxp\YARAB_V1\CMSIS/core_cm0plus.h:745:22:NVIC_EnableIRQ	16	static
../drivers/fsl_clock.h:584:20:CLOCK_EnableClock	24	static
../drivers/fsl_clock.h:595:20:CLOCK_DisableClock	24	static
../drivers/fsl_common.h:212:20:EnableIRQ	16	static
../drivers/fsl_spi.h:677:20:SPI_SlaveTransferAbort	16	static
../drivers/fsl_spi.c:134:10:SPI_GetInstance	24	static
../drivers/fsl_spi.c:152:13:SPI_WriteNonBlocking	32	static
../drivers/fsl_spi.c:191:13:SPI_ReadNonBlocking	32	static
../drivers/fsl_spi.c:229:16:SPI_GetWatermark	24	static
../drivers/fsl_spi.c:258:13:SPI_SendInitialTransfer	32	static
../drivers/fsl_spi.c:279:13:SPI_SendTransfer	32	static
../drivers/fsl_spi.c:341:13:SPI_ReceiveTransfer	32	static
../drivers/fsl_spi.c:386:6:SPI_MasterGetDefaultConfig	16	static
../drivers/fsl_spi.c:408:6:SPI_MasterInit	24	static
../drivers/fsl_spi.c:454:6:SPI_SlaveGetDefaultConfig	16	static
../drivers/fsl_spi.c:472:6:SPI_SlaveInit	16	static
../drivers/fsl_spi.c:511:6:SPI_Deinit	16	static
../drivers/fsl_spi.c:522:10:SPI_GetStatusFlags	16	static
../drivers/fsl_spi.c:538:6:SPI_EnableInterrupts	16	static
../drivers/fsl_spi.c:577:6:SPI_DisableInterrupts	16	static
../drivers/fsl_spi.c:615:6:SPI_MasterSetBaudRate	64	static
../drivers/fsl_spi.c:668:6:SPI_WriteBlocking	40	static
../drivers/fsl_spi.c:709:6:SPI_WriteData	16	static
../drivers/fsl_spi.c:719:10:SPI_ReadData	24	static
../drivers/fsl_spi.c:731:10:SPI_MasterTransferBlocking	32	static
../drivers/fsl_spi.c:793:6:SPI_MasterTransferCreateHandle	40	static
../drivers/fsl_spi.c:823:10:SPI_MasterTransferNonBlocking	24	static
../drivers/fsl_spi.c:895:10:SPI_MasterTransferGetCount	32	static
../drivers/fsl_spi.c:921:6:SPI_MasterTransferAbort	16	static
../drivers/fsl_spi.c:947:6:SPI_MasterTransferHandleIRQ	24	static
../drivers/fsl_spi.c:976:6:SPI_SlaveTransferCreateHandle	24	static
../drivers/fsl_spi.c:989:6:SPI_SlaveTransferHandleIRQ	24	static
../drivers/fsl_spi.c:1018:13:SPI_CommonIRQHandler	16	static
../drivers/fsl_spi.c:1031:6:SPI0_DriverIRQHandler	8	static
../drivers/fsl_spi.c:1039:6:SPI1_DriverIRQHandler	8	static
