D:\Work_Space\NXP\gp\YARAB_V1\CMSIS/core_cm0plus.h:745:22:NVIC_EnableIRQ	16	static
D:\Work_Space\NXP\gp\YARAB_V1\CMSIS/core_cm0plus.h:804:22:NVIC_SetPriority	24	static
D:\Work_Space\NXP\gp\YARAB_V1\drivers/fsl_common.h:212:20:EnableIRQ	16	static
D:\Work_Space\NXP\gp\YARAB_V1\drivers/fsl_pit.h:127:20:PIT_GetDefaultConfig	16	static
D:\Work_Space\NXP\gp\YARAB_V1\drivers/fsl_pit.h:181:20:PIT_EnableInterrupts	24	static
D:\Work_Space\NXP\gp\YARAB_V1\drivers/fsl_pit.h:229:24:PIT_GetStatusFlags	16	static
D:\Work_Space\NXP\gp\YARAB_V1\drivers/fsl_pit.h:242:20:PIT_ClearStatusFlags	24	static
D:\Work_Space\NXP\gp\YARAB_V1\drivers/fsl_pit.h:268:20:PIT_SetTimerPeriod	24	static
D:\Work_Space\NXP\gp\YARAB_V1\drivers/fsl_pit.h:308:20:PIT_StartTimer	16	static
../source/COTS/Public/Src/helpful.c:42:6:Timer_Init	16	static
../source/COTS/Public/Src/helpful.c:140:13:delay_nop_us	40	static
../source/COTS/Public/Src/helpful.c:169:6:delay_us	32	static
../source/COTS/Public/Src/helpful.c:233:6:delay_ms	24	static
../source/COTS/Public/Src/helpful.c:245:6:delay_seconds	24	static
../source/COTS/Public/Src/helpful.c:268:6:PIT_IRQHandler	8	static
