../source/Team/Team_src/LCD.c:58:6:I2C_MasterSignalEvent_t	0	static
../source/Team/Team_src/LCD.c:81:6:ExpanderWrite	16	static
../source/Team/Team_src/LCD.c:46:13:DelayUS	16	static
../source/Team/Team_src/LCD.c:89:6:PulseEnable	16	static
../source/Team/Team_src/LCD.c:99:6:SendCommand	16	static
../source/Team/Team_src/LCD.c:123:13:Write4Bits	8	static
../source/Team/Team_src/LCD.c:53:10:I2C0_GetFreq	8	static
../source/Team/Team_src/LCD.c:67:6:I2C_init	16	static
../source/Team/Team_src/LCD.c:111:6:HD44780_Home	8	static
../source/Team/Team_src/LCD.c:128:6:HD44780_Clear	8	static
../source/Team/Team_src/LCD.c:129:6:HD44780_Display	8	static
../source/Team/Team_src/LCD.c:132:6:HD44780_Init	16	static
../source/Team/Team_src/LCD.c:177:6:HD44780_SetCursor	40	static
../source/Team/Team_src/LCD.c:188:6:HD44780_PrintStr	24	static
../source/Team/Team_src/LCD.c:192:6:HD44780_CreateSpecialChar	32	static
../source/Team/Team_src/LCD.c:206:6:floatToString	32	static
../source/Team/Team_src/LCD.c:257:6:soc_disp	24	static
../source/Team/Team_src/LCD.c:265:6:soh_disp	24	static
../source/Team/Team_src/LCD.c:273:6:current_disp	24	static
../source/Team/Team_src/LCD.c:281:6:Fault_disp	8	static
../source/Team/Team_src/LCD.c:301:6:Temp_disp	24	static
../source/Team/Team_src/LCD.c:310:6:Mode_disp	8	static
../source/Team/Team_src/LCD.c:323:6:lcd	32	static
../source/Team/Team_src/LCD.c:337:6:I2C0_InitPins	0	static
../source/Team/Team_src/LCD.c:360:6:I2C0_DeinitPins	0	static
