../source/COTS/ScreenIF/Src/ScreenIF.c:47:6:I2C_MasterSignalEvent_t	0	static
../source/COTS/ScreenIF/Src/ScreenIF.c:70:6:ScreenIF_ExpanderWrite	16	static
../source/COTS/ScreenIF/Src/ScreenIF.c:78:6:ScreenIF_PulseEnable	16	static
../source/COTS/ScreenIF/Src/ScreenIF.c:88:6:ScreenIF_SendCommand	16	static
../source/COTS/ScreenIF/Src/ScreenIF.c:112:13:ScreenIF_Write4Bits	8	static
../source/COTS/ScreenIF/Src/ScreenIF.c:42:10:I2C0_GetFreq	8	static
../source/COTS/ScreenIF/Src/ScreenIF.c:56:6:I2C_init	16	static
../source/COTS/ScreenIF/Src/ScreenIF.c:100:6:ScreenIF_Home	8	static
../source/COTS/ScreenIF/Src/ScreenIF.c:117:6:ScreenIF_Clear	8	static
../source/COTS/ScreenIF/Src/ScreenIF.c:118:6:ScreenIF_Display	8	static
../source/COTS/ScreenIF/Src/ScreenIF.c:121:6:ScreenIF_Init	16	static
../source/COTS/ScreenIF/Src/ScreenIF.c:166:6:ScreenIF_SetCursor	40	static
../source/COTS/ScreenIF/Src/ScreenIF.c:177:6:ScreenIF_PrintStr	24	static
../source/COTS/ScreenIF/Src/ScreenIF.c:181:6:ScreenIF_CreateSpecialChar	32	static
../source/COTS/ScreenIF/Src/ScreenIF.c:194:6:I2C0_InitPins	0	static
../source/COTS/ScreenIF/Src/ScreenIF.c:197:6:I2C0_DeinitPins	0	static
