../CMSIS_driver/fsl_i2c_cmsis.c:129:27:I2Cx_GetVersion	16	static
../CMSIS_driver/fsl_i2c_cmsis.c:134:29:I2Cx_GetCapabilities	0	static
../CMSIS_driver/fsl_i2c_cmsis.c:144:6:KSDK_I2C_MASTER_DmaCallback	8	static
../CMSIS_driver/fsl_i2c_cmsis.c:1151:9:I2C0_Master_DmaUninitialize	8	static
../CMSIS_driver/fsl_i2c_cmsis.c:1145:16:I2C0_Master_DmaInitialize	32	static
../CMSIS_driver/fsl_i2c_cmsis.c:182:9:I2C_Master_DmaUninitialize	0	static
../CMSIS_driver/fsl_i2c_cmsis.c:188:9:I2C_Master_DmaTransmit	48	static
../CMSIS_driver/fsl_i2c_cmsis.c:1162:9:I2C0_Master_DmaTransmit	16	static
../CMSIS_driver/fsl_i2c_cmsis.c:239:9:I2C_Master_DmaReceive	48	static
../CMSIS_driver/fsl_i2c_cmsis.c:1167:9:I2C0_Master_DmaReceive	16	static
../CMSIS_driver/fsl_i2c_cmsis.c:290:9:I2C_Master_DmaGetDataCount	16	static
../CMSIS_driver/fsl_i2c_cmsis.c:1172:9:I2C0_Master_DmaGetDataCount	8	static
../CMSIS_driver/fsl_i2c_cmsis.c:298:9:I2C_Master_DmaControl	24	static
../CMSIS_driver/fsl_i2c_cmsis.c:1177:9:I2C0_Master_DmaControl	8	static
../CMSIS_driver/fsl_i2c_cmsis.c:377:9:I2C_Master_DmaPowerControl	8	static
../CMSIS_driver/fsl_i2c_cmsis.c:1157:9:I2C0_Master_DmaPowerControl	8	static
../CMSIS_driver/fsl_i2c_cmsis.c:403:16:I2C_Master_DmaGetStatus	8	static
../CMSIS_driver/fsl_i2c_cmsis.c:1182:16:I2C0_Master_DmaGetStatus	8	static
