Archive member included to satisfy reference by file (symbol)

C:/NXP/MCUXpressoIDE_24.12.148/ide/plugins/com.nxp.mcuxpresso.tools.win32_24.12.0.202407110909/tools/bin/../lib/gcc/arm-none-eabi/13.2.1/thumb/v6-m/nofp\libgcc.a(_thumb1_case_sqi.o)
                              ./utilities/fsl_debug_console.o (__gnu_thumb1_case_sqi)
C:/NXP/MCUXpressoIDE_24.12.148/ide/plugins/com.nxp.mcuxpresso.tools.win32_24.12.0.202407110909/tools/bin/../lib/gcc/arm-none-eabi/13.2.1/thumb/v6-m/nofp\libgcc.a(_thumb1_case_uqi.o)
                              ./drivers/fsl_clock.o (__gnu_thumb1_case_uqi)
C:/NXP/MCUXpressoIDE_24.12.148/ide/plugins/com.nxp.mcuxpresso.tools.win32_24.12.0.202407110909/tools/bin/../lib/gcc/arm-none-eabi/13.2.1/thumb/v6-m/nofp\libgcc.a(_udivsi3.o)
                              ./source/COTS/TempControlManager/Src/PWM.o (__aeabi_uidiv)
C:/NXP/MCUXpressoIDE_24.12.148/ide/plugins/com.nxp.mcuxpresso.tools.win32_24.12.0.202407110909/tools/bin/../lib/gcc/arm-none-eabi/13.2.1/thumb/v6-m/nofp\libgcc.a(_divsi3.o)
                              ./utilities/fsl_debug_console.o (__aeabi_idiv)
C:/NXP/MCUXpressoIDE_24.12.148/ide/plugins/com.nxp.mcuxpresso.tools.win32_24.12.0.202407110909/tools/bin/../lib/gcc/arm-none-eabi/13.2.1/thumb/v6-m/nofp\libgcc.a(_dvmd_tls.o)
                              C:/NXP/MCUXpressoIDE_24.12.148/ide/plugins/com.nxp.mcuxpresso.tools.win32_24.12.0.202407110909/tools/bin/../lib/gcc/arm-none-eabi/13.2.1/thumb/v6-m/nofp\libgcc.a(_udivsi3.o) (__aeabi_idiv0)
C:/NXP/MCUXpressoIDE_24.12.148/ide/plugins/com.nxp.mcuxpresso.tools.win32_24.12.0.202407110909/tools/bin/../lib/gcc/arm-none-eabi/13.2.1/thumb/v6-m/nofp\libgcc.a(_arm_cmpsf2.o)
                              ./source/COTS/BatteryStatusMonitor/Src/DataMonitor.o (__aeabi_fcmplt)
C:/NXP/MCUXpressoIDE_24.12.148/ide/plugins/com.nxp.mcuxpresso.tools.win32_24.12.0.202407110909/tools/bin/../lib/gcc/arm-none-eabi/13.2.1/thumb/v6-m/nofp\libgcc.a(_fixunssfsi.o)
                              ./source/COTS/Public/Src/helpful.o (__aeabi_f2uiz)
C:/NXP/MCUXpressoIDE_24.12.148/ide/plugins/com.nxp.mcuxpresso.tools.win32_24.12.0.202407110909/tools/bin/../lib/gcc/arm-none-eabi/13.2.1/thumb/v6-m/nofp\libgcc.a(_fixunsdfsi.o)
                              ./source/COTS/SlaveControlIF/Src/SlaveIF.o (__aeabi_d2uiz)
C:/NXP/MCUXpressoIDE_24.12.148/ide/plugins/com.nxp.mcuxpresso.tools.win32_24.12.0.202407110909/tools/bin/../lib/gcc/arm-none-eabi/13.2.1/thumb/v6-m/nofp\libgcc.a(addsf3.o)
                              ./source/COTS/BatteryStatusMonitor/Src/DataMonitor.o (__aeabi_fadd)
C:/NXP/MCUXpressoIDE_24.12.148/ide/plugins/com.nxp.mcuxpresso.tools.win32_24.12.0.202407110909/tools/bin/../lib/gcc/arm-none-eabi/13.2.1/thumb/v6-m/nofp\libgcc.a(divsf3.o)
                              ./source/COTS/SlaveControlIF/Src/SlaveIF.o (__aeabi_fdiv)
C:/NXP/MCUXpressoIDE_24.12.148/ide/plugins/com.nxp.mcuxpresso.tools.win32_24.12.0.202407110909/tools/bin/../lib/gcc/arm-none-eabi/13.2.1/thumb/v6-m/nofp\libgcc.a(eqsf2.o)
                              C:/NXP/MCUXpressoIDE_24.12.148/ide/plugins/com.nxp.mcuxpresso.tools.win32_24.12.0.202407110909/tools/bin/../lib/gcc/arm-none-eabi/13.2.1/thumb/v6-m/nofp\libgcc.a(_arm_cmpsf2.o) (__eqsf2)
C:/NXP/MCUXpressoIDE_24.12.148/ide/plugins/com.nxp.mcuxpresso.tools.win32_24.12.0.202407110909/tools/bin/../lib/gcc/arm-none-eabi/13.2.1/thumb/v6-m/nofp\libgcc.a(gesf2.o)
                              C:/NXP/MCUXpressoIDE_24.12.148/ide/plugins/com.nxp.mcuxpresso.tools.win32_24.12.0.202407110909/tools/bin/../lib/gcc/arm-none-eabi/13.2.1/thumb/v6-m/nofp\libgcc.a(_arm_cmpsf2.o) (__gesf2)
C:/NXP/MCUXpressoIDE_24.12.148/ide/plugins/com.nxp.mcuxpresso.tools.win32_24.12.0.202407110909/tools/bin/../lib/gcc/arm-none-eabi/13.2.1/thumb/v6-m/nofp\libgcc.a(lesf2.o)
                              C:/NXP/MCUXpressoIDE_24.12.148/ide/plugins/com.nxp.mcuxpresso.tools.win32_24.12.0.202407110909/tools/bin/../lib/gcc/arm-none-eabi/13.2.1/thumb/v6-m/nofp\libgcc.a(_arm_cmpsf2.o) (__lesf2)
C:/NXP/MCUXpressoIDE_24.12.148/ide/plugins/com.nxp.mcuxpresso.tools.win32_24.12.0.202407110909/tools/bin/../lib/gcc/arm-none-eabi/13.2.1/thumb/v6-m/nofp\libgcc.a(mulsf3.o)
                              ./source/COTS/Public/Src/helpful.o (__aeabi_fmul)
C:/NXP/MCUXpressoIDE_24.12.148/ide/plugins/com.nxp.mcuxpresso.tools.win32_24.12.0.202407110909/tools/bin/../lib/gcc/arm-none-eabi/13.2.1/thumb/v6-m/nofp\libgcc.a(subsf3.o)
                              ./source/COTS/BatteryStatusMonitor/Src/DataMonitor.o (__aeabi_fsub)
C:/NXP/MCUXpressoIDE_24.12.148/ide/plugins/com.nxp.mcuxpresso.tools.win32_24.12.0.202407110909/tools/bin/../lib/gcc/arm-none-eabi/13.2.1/thumb/v6-m/nofp\libgcc.a(fixsfsi.o)
                              ./source/COTS/BatteryStatusMonitor/Src/DataMonitor.o (__aeabi_f2iz)
C:/NXP/MCUXpressoIDE_24.12.148/ide/plugins/com.nxp.mcuxpresso.tools.win32_24.12.0.202407110909/tools/bin/../lib/gcc/arm-none-eabi/13.2.1/thumb/v6-m/nofp\libgcc.a(floatsisf.o)
[...]
Memory Configuration

Name             Origin             Length             Attributes
PROGRAM_FLASH    0x00000000         0x00020000         xr
SRAM             0x1ffff000         0x00004000         xrw
*default*        0x00000000         0xffffffff

Linker script and memory map

LOAD C:/NXP/MCUXpressoIDE_24.12.148/ide/plugins/com.nxp.mcuxpresso.tools.win32_24.12.0.202407110909/tools/bin/../lib/gcc/arm-none-eabi/13.2.1/thumb/v6-m/nofp/crti.o
LOAD C:/NXP/MCUXpressoIDE_24.12.148/ide/plugins/com.nxp.mcuxpresso.tools.win32_24.12.0.202407110909/tools/bin/../lib/gcc/arm-none-eabi/13.2.1/thumb/v6-m/nofp/crtbegin.o
LOAD C:/NXP/MCUXpressoIDE_24.12.148/ide/plugins/com.nxp.mcuxpresso.tools.win32_24.12.0.202407110909/tools/bin/../lib/gcc/arm-none-eabi/13.2.1/thumb/v6-m/nofp/crt0.o
LOAD ./utilities/fsl_debug_console.o
LOAD ./startup/startup_mkl25z4.o
LOAD ./source/COTS/TempControlManager/Src/PWM.o
LOAD ./source/COTS/SlaveControlIF/Src/SlaveIF.o
LOAD ./source/COTS/ScreenIF/Src/ScreenIF.o
LOAD ./source/COTS/Public/Src/helpful.o
LOAD ./source/COTS/DiagnosticManager/Src/Diag_Manager.o
LOAD ./source/COTS/BatteryStatusMonitor/Src/DataMonitor.o
LOAD ./source/COTS/BMSDataBase/Src/DataBase.o
LOAD ./source/main.o
LOAD ./source/mtb.o
LOAD ./source/semihost_hardfault.o
LOAD ./drivers/fsl_clock.o
LOAD ./drivers/fsl_cmp.o
LOAD ./drivers/fsl_common.o
LOAD ./drivers/fsl_dma.o
LOAD ./drivers/fsl_dmamux.o
LOAD ./drivers/fsl_flash.o
LOAD ./drivers/fsl_gpio.o
LOAD ./drivers/fsl_i2c.o
LOAD ./drivers/fsl_i2c_dma.o
LOAD ./drivers/fsl_lpsci.o
LOAD ./drivers/fsl_lpsci_dma.o
LOAD ./drivers/fsl_pit.o
LOAD ./drivers/fsl_rcm.o
LOAD ./drivers/fsl_rtc.o
LOAD ./drivers/fsl_sim.o
LOAD ./drivers/fsl_smc.o
LOAD ./drivers/fsl_spi.o
LOAD ./drivers/fsl_spi_dma.o
LOAD ./drivers/fsl_tpm.o
LOAD ./drivers/fsl_uart.o
LOAD ./drivers/fsl_uart_dma.o
LOAD ./board/board.o
LOAD ./board/clock_config.o
LOAD ./board/peripherals.o
LOAD ./board/pin_mux.o
LOAD ./CMSIS_driver/fsl_i2c_cmsis.o
LOAD ./CMSIS/system_MKL25Z4.o
START GROUP
LOAD C:/NXP/MCUXpressoIDE_24.12.148/ide/plugins/com.nxp.mcuxpresso.tools.win32_24.12.0.202407110909/tools/bin/../lib/gcc/arm-none-eabi/13.2.1/thumb/v6-m/nofp\libgcc.a
LOAD C:/NXP/MCUXpressoIDE_24.12.148/ide/plugins/com.nxp.mcuxpresso.tools.win32_24.12.0.202407110909/tools/bin/../lib/gcc/arm-none-eabi/13.2.1/thumb/v6-m/nofp\libc.a
END GROUP
LOAD C:/NXP/MCUXpressoIDE_24.12.148/ide/plugins/com.nxp.mcuxpresso.tools.win32_24.12.0.202407110909/tools/bin/../lib/gcc/arm-none-eabi/13.2.1/thumb/v6-m/nofp/crtend.o
LOAD C:/NXP/MCUXpressoIDE_24.12.148/ide/plugins/com.nxp.mcuxpresso.tools.win32_24.12.0.202407110909/tools/bin/../lib/gcc/arm-none-eabi/13.2.1/thumb/v6-m/nofp/crtn.o
START GROUP
LOAD C:/NXP/MCUXpressoIDE_24.12.148/ide/plugins/com.nxp.mcuxpresso.tools.win32_24.12.0.202407110909/tools/bin/../lib/gcc/arm-none-eabi/13.2.1/../../../../arm-none-eabi/lib/thumb/v6-m/nofp\libcr_nohost_nf.a
LOAD C:/NXP/MCUXpressoIDE_24.12.148/ide/plugins/com.nxp.mcuxpresso.tools.win32_24.12.0.202407110909/tools/bin/../lib/gcc/arm-none-eabi/13.2.1/../../../../arm-none-eabi/lib/thumb/v6-m/nofp\libcr_c.a
LOAD C:/NXP/MCUXpressoIDE_24.12.148/ide/plugins/com.nxp.mcuxpresso.tools.win32_24.12.0.202407110909/tools/bin/../lib/gcc/arm-none-eabi/13.2.1/thumb/v6-m/nofp\libcr_eabihelpers.a
LOAD C:/NXP/MCUXpressoIDE_24.12.148/ide/plugins/com.nxp.mcuxpresso.tools.win32_24.12.0.202407110909/tools/bin/../lib/gcc/arm-none-eabi/13.2.1/thumb/v6-m/nofp\libgcc.a
END GROUP
                0x00000000                        __base_PROGRAM_FLASH = 0x0
                0x00000000                        __base_Flash = 0x0
                0x00020000                        __top_PROGRAM_FLASH = 0x20000
                0x00020000                        __top_Flash = 0x20000
                0x1ffff000                        __base_SRAM = 0x1ffff000
                0x1ffff000                        __base_RAM = 0x1ffff000
                0x20003000                        __top_SRAM = 0x20003000
                0x20003000                        __top_RAM = 0x20003000

.text           0x00000000     0xd2a0
 FILL mask 0xff
                0x00000000                        __vectors_start__ = ABSOLUTE (.)
 *(SORT_BY_ALIGNMENT(.isr_vector))
 .isr_vector    0x00000000       0xc0 ./startup/startup_mkl25z4.o
                0x00000000                g_pfnVectors
                0x00000000                __Vectors
                0x000000c0                        . = ALIGN (0x4)
                0x000000c0                        __section_table_start = .
                0x000000c0                        __data_section_table = .
                0x000000c0        0x4 LONG 0xd2b0 LOADADDR (.data)
                0x000000c4        0x4 LONG 0x1ffff080 ADDR (.data)
                0x000000c8        0x4 LONG 0x6cc SIZEOF (.data)
                0x000000cc                        __data_section_table_end = .
                0x000000cc                        __bss_section_table = .
                0x000000cc        0x4 LONG 0x1ffff74c ADDR (.bss)
                0x000000d0        0x4 LONG 0x3e8 SIZEOF (.bss)
                0x000000d4                        __bss_section_table_end = .
                0x000000d4                        __section_table_end = .
 *(SORT_BY_ALIGNMENT(.after_vectors*))
 .after_vectors.reset
                0x000000d4       0x44 ./startup/startup_mkl25z4.o
                0x000000d4                ResetISR
 .after_vectors
                0x00000118      0x10c ./startup/startup_mkl25z4.o
                0x00000118                NMI_Handler
                0x0000011c                SVC_Handler
                0x0000011e                PendSV_Handler
                0x00000122                LPTMR0_DriverIRQHandler
                0x00000122                PORTD_DriverIRQHandler
                0x00000122                Reserved39_DriverIRQHandler
                0x00000122                CMP0_DriverIRQHandler
                0x00000122                ADC0_DriverIRQHandler
                0x00000122                TPM0_DriverIRQHandler
                0x00000122                TPM2_DriverIRQHandler
                0x00000122                PIT_DriverIRQHandler
                0x00000122                RTC_DriverIRQHandler
                0x00000122                TSI0_DriverIRQHandler
                0x00000122                RTC_Seconds_DriverIRQHandler
                0x00000122                TPM1_DriverIRQHandler
                0x00000122                PORTA_DriverIRQHandler
                0x00000122                LLWU_DriverIRQHandler
                0x00000122                MCG_DriverIRQHandler
                0x00000122                Reserved45_DriverIRQHandler
                0x00000122                Reserved20_DriverIRQHandler
                0x00000122                DAC0_DriverIRQHandler
                0x00000122                FTFA_DriverIRQHandler
                0x00000122                IntDefaultHandler
                0x00000122                USB0_DriverIRQHandler
                0x00000122                LVD_LVW_DriverIRQHandler
                0x00000124                DMA0_IRQHandler
                0x0000012c                DMA1_IRQHandler
                0x00000134                DMA2_IRQHandler
                0x0000013c                DMA3_IRQHandler
                0x00000144                Reserved20_IRQHandler
                0x0000014c                FTFA_IRQHandler
                0x00000154                LVD_LVW_IRQHandler
                0x0000015c                LLWU_IRQHandler
                0x00000164                I2C0_IRQHandler
                0x0000016c                I2C1_IRQHandler
                0x00000174                SPI0_IRQHandler
                0x0000017c                SPI1_IRQHandler
                0x00000184                UART0_IRQHandler
                0x0000018c                UART1_IRQHandler
                0x00000194                UART2_IRQHandler
                0x0000019c                ADC0_IRQHandler
                0x000001a4                CMP0_IRQHandler
                0x000001ac                TPM0_IRQHandler
                0x000001b4                TPM1_IRQHandler
                0x000001bc                TPM2_IRQHandler
                0x000001c4                RTC_IRQHandler
                0x000001cc                RTC_Seconds_IRQHandler
                0x000001d4                PIT_IRQHandler
                0x000001dc                Reserved39_IRQHandler
                0x000001e4                USB0_IRQHandler
                0x000001ec                DAC0_IRQHandler
                0x000001f4                TSI0_IRQHandler
                0x000001fc                MCG_IRQHandler
                0x00000204                LPTMR0_IRQHandler
                0x0000020c                Reserved45_IRQHandler
                0x00000214                PORTA_IRQHandler
                0x0000021c                PORTD_IRQHandler
 .after_vectors.init_data
                0x00000224       0x16 ./startup/startup_mkl25z4.o
                0x00000224                data_init
 .after_vectors.init_bss
                0x0000023a       0x14 ./startup/startup_mkl25z4.o
                0x0000023a                bss_init
                0x00000400                        . = 0x400
 *fill*         0x0000024e      0x1b2 ff
                0x00000400                        PROVIDE (__FLASH_CONFIG_START__ = .)
 *(SORT_BY_ALIGNMENT(.FlashConfig))
 .FlashConfig   0x00000400       0x10 ./startup/startup_mkl25z4.o
                0x00000400                Flash_Config
                0x00000410                        PROVIDE (__FLASH_CONFIG_END__ = .)
                0x00000001                        ASSERT (! ((__FLASH_CONFIG_START__ == __FLASH_CONFIG_END__)), Linker Flash Config Support Enabled, but no .FlashConfig section provided within application)
 *(SORT_BY_ALIGNMENT(.text*))
 .text.DbgConsole_Init
                0x00000410       0x98 ./utilities/fsl_debug_console.o
                0x00000410                DbgConsole_Init
 .text.DbgConsole_Putchar
                0x000004a8       0x24 ./utilities/fsl_debug_console.o
                0x000004a8                DbgConsole_Putchar
 .text.DbgConsole_Printf
                0x000004cc      0x284 ./utilities/fsl_debug_console.o
                0x000004cc                DbgConsole_Printf
 .text.SlaveIF_SlaveWriteRegister
                0x00000750       0xa8 ./source/COTS/SlaveControlIF/Src/SlaveIF.o
 .text.SlaveIF_SlaveReadRegister
                0x000007f8       0x98 ./source/COTS/SlaveControlIF/Src/SlaveIF.o
 .text.SPI_Callback
                0x00000890       0x1c ./source/COTS/SlaveControlIF/Src/SlaveIF.o
 .text.SlaveIF_TransferInit
                0x000008ac       0x80 ./source/COTS/SlaveControlIF/Src/SlaveIF.o
                0x000008ac                SlaveIF_TransferInit
 .text.SlaveIF_SystemConfig1
                0x0000092c       0x2c ./source/COTS/SlaveControlIF/Src/SlaveIF.o
                0x0000092c                SlaveIF_SystemConfig1
 .text.SlaveIF_SystemConfig2
                0x00000958       0x10 ./source/COTS/SlaveControlIF/Src/SlaveIF.o
                0x00000958                SlaveIF_SystemConfig2
 .text.SlaveIF_EnableOVUV
                0x00000968       0x10 ./source/COTS/SlaveControlIF/Src/SlaveIF.o
                0x00000968                SlaveIF_EnableOVUV
 .text.SlaveIF_ReadCellVoltage
                0x00000978       0x54 ./source/COTS/SlaveControlIF/Src/SlaveIF.o
                0x00000978                SlaveIF_ReadCellVoltage
 .text.SlaveIF_ReadStackVoltage
                0x000009cc       0x4c ./source/COTS/SlaveControlIF/Src/SlaveIF.o
                0x000009cc                SlaveIF_ReadStackVoltage
 .text.I2C_MasterSignalEvent_t
                0x00000a18       0x10 ./source/COTS/ScreenIF/Src/ScreenIF.o
                0x00000a18                I2C_MasterSignalEvent_t
 .text.ScreenIF_ExpanderWrite
                0x00000a28       0x2c ./source/COTS/ScreenIF/Src/ScreenIF.o
 .text.DelayUS  0x00000a54       0x28 ./source/COTS/ScreenIF/Src/ScreenIF.o
 .text.ScreenIF_PulseEnable
                0x00000a7c       0x30 ./source/COTS/ScreenIF/Src/ScreenIF.o
 .text.ScreenIF_SendCommand
                0x00000aac       0x34 ./source/COTS/ScreenIF/Src/ScreenIF.o
 .text.I2C_init
                0x00000ae0       0x50 ./source/COTS/ScreenIF/Src/ScreenIF.o
                0x00000ae0                I2C_init
 .text.ScreenIF_Display
                0x00000b30       0x1c ./source/COTS/ScreenIF/Src/ScreenIF.o
                0x00000b30                ScreenIF_Display
 .text.ScreenIF_Init
                0x00000b4c       0xa8 ./source/COTS/ScreenIF/Src/ScreenIF.o
                0x00000b4c                ScreenIF_Init
 .text.ScreenIF_SetCursor
                0x00000bf4       0x3c ./source/COTS/ScreenIF/Src/ScreenIF.o
                0x00000bf4                ScreenIF_SetCursor
 .text.floatToString
                0x00000c30       0xd4 ./source/COTS/BatteryStatusMonitor/Src/DataMonitor.o
                0x00000c30                floatToString
 .text.DataMonitor_soc_disp
                0x00000d04       0x38 ./source/COTS/BatteryStatusMonitor/Src/DataMonitor.o
                0x00000d04                DataMonitor_soc_disp
 .text.DataMonitor_soh_disp
                0x00000d3c       0x38 ./source/COTS/BatteryStatusMonitor/Src/DataMonitor.o
                0x00000d3c                DataMonitor_soh_disp
 .text.DataMonitor_current_disp
                0x00000d74       0x34 ./source/COTS/BatteryStatusMonitor/Src/DataMonitor.o
                0x00000d74                DataMonitor_current_disp
 .text.DataMonitor_Fault_disp
                0x00000da8       0x68 ./source/COTS/BatteryStatusMonitor/Src/DataMonitor.o
                0x00000da8                DataMonitor_Fault_disp
 .text.DataMonitor_Temp_disp
                0x00000e10       0x34 ./source/COTS/BatteryStatusMonitor/Src/DataMonitor.o
                0x00000e10                DataMonitor_Temp_disp
 .text.DataMonitor_Mode_disp
                0x00000e44       0x3c ./source/COTS/BatteryStatusMonitor/Src/DataMonitor.o
                0x00000e44                DataMonitor_Mode_disp
 .text.DataBase_GetCurrentMeasurementData
                0x00000e80       0x1c ./source/COTS/BMSDataBase/Src/DataBase.o
                0x00000e80                DataBase_GetCurrentMeasurementData
 .text.DataBase_UpdateMeasurementData
                0x00000e9c       0x2c ./source/COTS/BMSDataBase/Src/DataBase.o
                0x00000e9c                DataBase_UpdateMeasurementData
 .text.DataBase_GetPreviousMeasurementData
                0x00000ec8       0x1c ./source/COTS/BMSDataBase/Src/DataBase.o
                0x00000ec8                DataBase_GetPreviousMeasurementData
 .text.DataBase_GetCurrentFaultData
                0x00000ee4       0x1c ./source/COTS/BMSDataBase/Src/DataBase.o
                0x00000ee4                DataBase_GetCurrentFaultData
 .text.DataBase_UpdateFaultData
                0x00000f00       0x38 ./source/COTS/BMSDataBase/Src/DataBase.o
                0x00000f00                DataBase_UpdateFaultData
 .text.DataBase_GetPreviousFaultData
                0x00000f38       0x1c ./source/COTS/BMSDataBase/Src/DataBase.o
                0x00000f38                DataBase_GetPreviousFaultData
 .text.SysTick_Handler
                0x00000f54       0x70 ./source/COTS/BMSDataBase/Src/DataBase.o
                0x00000f54                SysTick_Handler
 .text.configure_systick
                0x00000fc4       0x44 ./source/COTS/BMSDataBase/Src/DataBase.o
                0x00000fc4                configure_systick
 .text.startup.main
                0x00001008      0x100 ./source/main.o
                0x00001008                main
 .text.HardFault_Handler
                0x00001108       0x38 ./source/semihost_hardfault.o
                0x00001108                HardFault_Handler
 .text.CLOCK_GetFllRefClkFreq
                0x00001140       0x4c ./drivers/fsl_clock.o
 .text.CLOCK_GetInternalRefClkSelectFreq
                0x0000118c       0x28 ./drivers/fsl_clock.o
 .text.CLOCK_GetOsc0ErClkFreq
                0x000011b4       0x1c ./drivers/fsl_clock.o
                0x000011b4                CLOCK_GetOsc0ErClkFreq
 .text.CLOCK_GetEr32kClkFreq
                0x000011d0       0x40 ./drivers/fsl_clock.o
                0x000011d0                CLOCK_GetEr32kClkFreq
 .text.CLOCK_SetSimConfig
                0x00001210       0x4c ./drivers/fsl_clock.o
                0x00001210                CLOCK_SetSimConfig
 .text.CLOCK_GetFllFreq
                0x0000125c       0x3c ./drivers/fsl_clock.o
                0x0000125c                CLOCK_GetFllFreq
 .text.CLOCK_GetInternalRefClkFreq
                0x00001298       0x18 ./drivers/fsl_clock.o
                0x00001298                CLOCK_GetInternalRefClkFreq
 .text.CLOCK_GetPll0Freq
                0x000012b0       0x34 ./drivers/fsl_clock.o
                0x000012b0                CLOCK_GetPll0Freq
 .text.CLOCK_GetPllFllSelClkFreq
                0x000012e4       0x24 ./drivers/fsl_clock.o
                0x000012e4                CLOCK_GetPllFllSelClkFreq
 .text.CLOCK_GetOutClkFreq
                0x00001308       0x38 ./drivers/fsl_clock.o
                0x00001308                CLOCK_GetOutClkFreq
 .text.CLOCK_GetCoreSysClkFreq
                0x00001340       0x20 ./drivers/fsl_clock.o
                0x00001340                CLOCK_GetCoreSysClkFreq
 .text.CLOCK_GetFreq
                0x00001360       0x84 ./drivers/fsl_clock.o
                0x00001360                CLOCK_GetFreq
 .text.CLOCK_SetInternalRefClkConfig
                0x000013e4       0x74 ./drivers/fsl_clock.o
                0x000013e4                CLOCK_SetInternalRefClkConfig
 .text.CLOCK_EnablePll0
                0x00001458       0x30 ./drivers/fsl_clock.o
                0x00001458                CLOCK_EnablePll0
 .text.CLOCK_InitOsc0
                0x00001488       0x68 ./drivers/fsl_clock.o
                0x00001488                CLOCK_InitOsc0
 .text.CLOCK_SetPbeMode
                0x000014f0       0x50 ./drivers/fsl_clock.o
                0x000014f0                CLOCK_SetPbeMode
 .text.CLOCK_BootToPeeMode
                0x00001540       0x28 ./drivers/fsl_clock.o
                0x00001540                CLOCK_BootToPeeMode
 .text.DMA_Init
                0x00001568       0x14 ./drivers/fsl_dma.o
                0x00001568                DMA_Init
 .text.DMA_ResetChannel
                0x0000157c       0x24 ./drivers/fsl_dma.o
                0x0000157c                DMA_ResetChannel
 .text.DMA_SetTransferConfig
                0x000015a0       0x4c ./drivers/fsl_dma.o
                0x000015a0                DMA_SetTransferConfig
 .text.DMA_CreateHandle
                0x000015ec       0x54 ./drivers/fsl_dma.o
                0x000015ec                DMA_CreateHandle
 .text.DMA_SubmitTransfer
                0x00001640       0x44 ./drivers/fsl_dma.o
                0x00001640                DMA_SubmitTransfer
 .text.DMA_AbortTransfer
                0x00001684       0x24 ./drivers/fsl_dma.o
                0x00001684                DMA_AbortTransfer
 .text.DMA0_DriverIRQHandler
                0x000016a8       0x10 ./drivers/fsl_dma.o
                0x000016a8                DMA0_DriverIRQHandler
 .text.DMA1_DriverIRQHandler
                0x000016b8       0x10 ./drivers/fsl_dma.o
                0x000016b8                DMA1_DriverIRQHandler
 .text.DMA2_DriverIRQHandler
                0x000016c8       0x10 ./drivers/fsl_dma.o
                0x000016c8                DMA2_DriverIRQHandler
 .text.DMA3_DriverIRQHandler
                0x000016d8       0x10 ./drivers/fsl_dma.o
                0x000016d8                DMA3_DriverIRQHandler
 .text.DMAMUX_Init
                0x000016e8       0x10 ./drivers/fsl_dmamux.o
                0x000016e8                DMAMUX_Init
 .text.I2C_TransferCommonIRQHandler
                0x000016f8       0x28 ./drivers/fsl_i2c.o
 .text.I2C_GetInstance
                0x00001720       0x20 ./drivers/fsl_i2c.o
                0x00001720                I2C_GetInstance
 .text.I2C_MasterDeinit
                0x00001740       0x30 ./drivers/fsl_i2c.o
                0x00001740                I2C_MasterDeinit
 .text.I2C_MasterSetBaudRate
                0x00001770       0x6c ./drivers/fsl_i2c.o
                0x00001770                I2C_MasterSetBaudRate
 .text.I2C_MasterStop
                0x000017dc       0x30 ./drivers/fsl_i2c.o
                0x000017dc                I2C_MasterStop
 .text.I2C_MasterStart
                0x0000180c       0x38 ./drivers/fsl_i2c.o
                0x0000180c                I2C_MasterStart
 .text.I2C_MasterRepeatedStart
                0x00001844       0x54 ./drivers/fsl_i2c.o
                0x00001844                I2C_MasterRepeatedStart
 .text.I2C0_DriverIRQHandler
                0x00001898       0x18 ./drivers/fsl_i2c.o
                0x00001898                I2C0_DriverIRQHandler
 .text.I2C1_DriverIRQHandler
                0x000018b0       0x18 ./drivers/fsl_i2c.o
                0x000018b0                I2C1_DriverIRQHandler
 .text.I2C_MasterTransferCreateHandleDMA
                0x000018c8       0x40 ./drivers/fsl_i2c_dma.o
                0x000018c8                I2C_MasterTransferCreateHandleDMA
 .text.I2C_MasterTransferDMA
                0x00001908      0x238 ./drivers/fsl_i2c_dma.o
                0x00001908                I2C_MasterTransferDMA
 .text.LPSCI_Init
                0x00001b40      0x130 ./drivers/fsl_lpsci.o
                0x00001b40                LPSCI_Init
 .text.LPSCI_ClearStatusFlags
                0x00001c70       0x5c ./drivers/fsl_lpsci.o
                0x00001c70                LPSCI_ClearStatusFlags
 .text.LPSCI_ReadBlocking
                0x00001ccc       0x78 ./drivers/fsl_lpsci.o
                0x00001ccc                LPSCI_ReadBlocking
 .text.UART0_DriverIRQHandler
                0x00001d44       0x1c ./drivers/fsl_lpsci.o
                0x00001d44                UART0_DriverIRQHandler
 .text.SPI_CommonIRQHandler
                0x00001d60       0x24 ./drivers/fsl_spi.o
 .text.SPI_GetInstance
                0x00001d84       0x20 ./drivers/fsl_spi.o
                0x00001d84                SPI_GetInstance
 .text.SPI_MasterGetDefaultConfig
                0x00001da4       0x18 ./drivers/fsl_spi.o
                0x00001da4                SPI_MasterGetDefaultConfig
 .text.SPI_MasterInit
                0x00001dbc       0x98 ./drivers/fsl_spi.o
                0x00001dbc                SPI_MasterInit
 .text.SPI_MasterTransferCreateHandle
                0x00001e54       0x60 ./drivers/fsl_spi.o
                0x00001e54                SPI_MasterTransferCreateHandle
 .text.SPI_MasterTransferHandleIRQ.part.0
                0x00001eb4       0x20 ./drivers/fsl_spi.o
 .text.SPI0_DriverIRQHandler
                0x00001ed4       0x10 ./drivers/fsl_spi.o
                0x00001ed4                SPI0_DriverIRQHandler
 .text.SPI1_DriverIRQHandler
                0x00001ee4       0x10 ./drivers/fsl_spi.o
                0x00001ee4                SPI1_DriverIRQHandler
 .text.UART_GetInstance
                0x00001ef4       0x20 ./drivers/fsl_uart.o
                0x00001ef4                UART_GetInstance
 .text.UART_Init
                0x00001f14       0xdc ./drivers/fsl_uart.o
                0x00001f14                UART_Init
 .text.UART_ReadBlocking
                0x00001ff0       0x60 ./drivers/fsl_uart.o
                0x00001ff0                UART_ReadBlocking
 .text.UART1_DriverIRQHandler
                0x00002050       0x1c ./drivers/fsl_uart.o
                0x00002050                UART1_DriverIRQHandler
 .text.UART2_DriverIRQHandler
                0x0000206c       0x1c ./drivers/fsl_uart.o
                0x0000206c                UART2_DriverIRQHandler
 .text.BOARD_InitDebugConsole
                0x00002088       0x38 ./board/board.o
                0x00002088                BOARD_InitDebugConsole
 .text.BOARD_BootClockRUN
                0x000020c0       0x70 ./board/clock_config.o
                0x000020c0                BOARD_BootClockRUN
 .text.BOARD_InitPins
                0x00002130       0xe4 ./board/pin_mux.o
                0x00002130                BOARD_InitPins
 .text.I2Cx_GetVersion
                0x00002214       0x20 ./CMSIS_driver/fsl_i2c_cmsis.o
 .text.KSDK_I2C_MASTER_DmaCallback
                0x00002234       0x18 ./CMSIS_driver/fsl_i2c_cmsis.o
                0x00002234                KSDK_I2C_MASTER_DmaCallback
 .text.I2C0_Master_DmaUninitialize
                0x0000224c       0x14 ./CMSIS_driver/fsl_i2c_cmsis.o
                0x0000224c                I2C0_Master_DmaUninitialize
 .text.I2C0_Master_DmaInitialize
                0x00002260       0x58 ./CMSIS_driver/fsl_i2c_cmsis.o
 .text.I2C_Master_DmaTransmit
                0x000022b8       0x64 ./CMSIS_driver/fsl_i2c_cmsis.o
                0x000022b8                I2C_Master_DmaTransmit
 .text.I2C0_Master_DmaTransmit
                0x0000231c       0x10 ./CMSIS_driver/fsl_i2c_cmsis.o
                0x0000231c                I2C0_Master_DmaTransmit
 .text.I2C_Master_DmaReceive
                0x0000232c       0x68 ./CMSIS_driver/fsl_i2c_cmsis.o
                0x0000232c                I2C_Master_DmaReceive
 .text.I2C0_Master_DmaReceive
                0x00002394       0x10 ./CMSIS_driver/fsl_i2c_cmsis.o
                0x00002394                I2C0_Master_DmaReceive
 .text.I2C0_Master_DmaGetDataCount
                0x000023a4       0x10 ./CMSIS_driver/fsl_i2c_cmsis.o
                0x000023a4                I2C0_Master_DmaGetDataCount
 .text.I2C_Master_DmaControl
                0x000023b4       0xa0 ./CMSIS_driver/fsl_i2c_cmsis.o
                0x000023b4                I2C_Master_DmaControl
 .text.I2C0_Master_DmaControl
                0x00002454       0x10 ./CMSIS_driver/fsl_i2c_cmsis.o
                0x00002454                I2C0_Master_DmaControl
 .text.I2C_Master_DmaPowerControl
                0x00002464       0x68 ./CMSIS_driver/fsl_i2c_cmsis.o
                0x00002464                I2C_Master_DmaPowerControl
 .text.I2C0_Master_DmaPowerControl
                0x000024cc       0x10 ./CMSIS_driver/fsl_i2c_cmsis.o
                0x000024cc                I2C0_Master_DmaPowerControl
 .text.I2C0_Master_DmaGetStatus
                0x000024dc       0x10 ./CMSIS_driver/fsl_i2c_cmsis.o
                0x000024dc                I2C0_Master_DmaGetStatus
 .text.SystemInit
                0x000024ec       0x10 ./CMSIS/system_MKL25Z4.o
                0x000024ec                SystemInit
 .text          0x000024fc       0x14 C:/NXP/MCUXpressoIDE_24.12.148/ide/plugins/com.nxp.mcuxpresso.tools.win32_24.12.0.202407110909/tools/bin/../lib/gcc/arm-none-eabi/13.2.1/thumb/v6-m/nofp\libgcc.a(_thumb1_case_uqi.o)
                0x000024fc                __gnu_thumb1_case_uqi
 .text          0x00002510      0x114 C:/NXP/MCUXpressoIDE_24.12.148/ide/plugins/com.nxp.mcuxpresso.tools.win32_24.12.0.202407110909/tools/bin/../lib/gcc/arm-none-eabi/13.2.1/thumb/v6-m/nofp\libgcc.a(_udivsi3.o)
                0x00002510                __aeabi_uidiv
                0x00002510                __udivsi3
                0x0000261c                __aeabi_uidivmod
 .text          0x00002624      0x1d4 C:/NXP/MCUXpressoIDE_24.12.148/ide/plugins/com.nxp.mcuxpresso.tools.win32_24.12.0.202407110909/tools/bin/../lib/gcc/arm-none-eabi/13.2.1/thumb/v6-m/nofp\libgcc.a(_divsi3.o)
                0x00002624                __divsi3
                0x00002624                __aeabi_idiv
                0x000027f0                __aeabi_idivmod
 .text          0x000027f8        0x4 C:/NXP/MCUXpressoIDE_24.12.148/ide/plugins/com.nxp.mcuxpresso.tools.win32_24.12.0.202407110909/tools/bin/../lib/gcc/arm-none-eabi/13.2.1/thumb/v6-m/nofp\libgcc.a(_dvmd_tls.o)
                0x000027f8                __aeabi_idiv0
                0x000027f8                __aeabi_ldiv0
 .text          0x000027fc       0x74 C:/NXP/MCUXpressoIDE_24.12.148/ide/plugins/com.nxp.mcuxpresso.tools.win32_24.12.0.202407110909/tools/bin/../lib/gcc/arm-none-eabi/13.2.1/thumb/v6-m/nofp\libgcc.a(_arm_cmpsf2.o)
                0x000027fc                __aeabi_cfrcmple
                0x00002804                __aeabi_cfcmpeq
                0x00002804                __aeabi_cfcmple
                0x00002814                __aeabi_fcmpeq
                0x00002820                __aeabi_fcmplt
                0x00002834                __aeabi_fcmple
                0x00002848                __aeabi_fcmpgt
                0x0000285c                __aeabi_fcmpge
 .text.__aeabi_fadd
                0x00002870      0x340 C:/NXP/MCUXpressoIDE_24.12.148/ide/plugins/com.nxp.mcuxpresso.tools.win32_24.12.0.202407110909/tools/bin/../lib/gcc/arm-none-eabi/13.2.1/thumb/v6-m/nofp\libgcc.a(addsf3.o)
                0x00002870                __aeabi_fadd
 .text.__aeabi_fdiv
                0x00002bb0      0x224 C:/NXP/MCUXpressoIDE_24.12.148/ide/plugins/com.nxp.mcuxpresso.tools.win32_24.12.0.202407110909/tools/bin/../lib/gcc/arm-none-eabi/13.2.1/thumb/v6-m/nofp\libgcc.a(divsf3.o)
                0x00002bb0                __aeabi_fdiv
 .text.__eqsf2  0x00002dd4       0x50 C:/NXP/MCUXpressoIDE_24.12.148/ide/plugins/com.nxp.mcuxpresso.tools.win32_24.12.0.202407110909/tools/bin/../lib/gcc/arm-none-eabi/13.2.1/thumb/v6-m/nofp\libgcc.a(eqsf2.o)
                0x00002dd4                __eqsf2
                0x00002dd4                __nesf2
 .text.__gesf2  0x00002e24       0x94 C:/NXP/MCUXpressoIDE_24.12.148/ide/plugins/com.nxp.mcuxpresso.tools.win32_24.12.0.202407110909/tools/bin/../lib/gcc/arm-none-eabi/13.2.1/thumb/v6-m/nofp\libgcc.a(gesf2.o)
                0x00002e24                __gesf2
                0x00002e24                __gtsf2
 .text.__lesf2  0x00002eb8       0x90 C:/NXP/MCUXpressoIDE_24.12.148/ide/plugins/com.nxp.mcuxpresso.tools.win32_24.12.0.202407110909/tools/bin/../lib/gcc/arm-none-eabi/13.2.1/thumb/v6-m/nofp\libgcc.a(lesf2.o)
                0x00002eb8                __ltsf2
                0x00002eb8                __lesf2
 .text.__aeabi_fmul
                0x00002f48      0x280 C:/NXP/MCUXpressoIDE_24.12.148/ide/plugins/com.nxp.mcuxpresso.tools.win32_24.12.0.202407110909/tools/bin/../lib/gcc/arm-none-eabi/13.2.1/thumb/v6-m/nofp\libgcc.a(mulsf3.o)
                0x00002f48                __aeabi_fmul
 .text.__aeabi_fsub
                0x000031c8      0x38c C:/NXP/MCUXpressoIDE_24.12.148/ide/plugins/com.nxp.mcuxpresso.tools.win32_24.12.0.202407110909/tools/bin/../lib/gcc/arm-none-eabi/13.2.1/thumb/v6-m/nofp\libgcc.a(subsf3.o)
                0x000031c8                __aeabi_fsub
 .text.__aeabi_f2iz
                0x00003554       0x40 C:/NXP/MCUXpressoIDE_24.12.148/ide/plugins/com.nxp.mcuxpresso.tools.win32_24.12.0.202407110909/tools/bin/../lib/gcc/arm-none-eabi/13.2.1/thumb/v6-m/nofp\libgcc.a(fixsfsi.o)
                0x00003554                __aeabi_f2iz
 .text.__aeabi_i2f
                0x00003594       0x94 C:/NXP/MCUXpressoIDE_24.12.148/ide/plugins/com.nxp.mcuxpresso.tools.win32_24.12.0.202407110909/tools/bin/../lib/gcc/arm-none-eabi/13.2.1/thumb/v6-m/nofp\libgcc.a(floatsisf.o)
                0x00003594                __aeabi_i2f
 .text.__aeabi_ui2f
                0x00003628       0x80 C:/NXP/MCUXpressoIDE_24.12.148/ide/plugins/com.nxp.mcuxpresso.tools.win32_24.12.0.202407110909/tools/bin/../lib/gcc/arm-none-eabi/13.2.1/thumb/v6-m/nofp\libgcc.a(floatunsisf.o)
                0x00003628                __aeabi_ui2f
 .text.__aeabi_dadd
                0x000036a8      0x730 C:/NXP/MCUXpressoIDE_24.12.148/ide/plugins/com.nxp.mcuxpresso.tools.win32_24.12.0.202407110909/tools/bin/../lib/gcc/arm-none-eabi/13.2.1/thumb/v6-m/nofp\libgcc.a(adddf3.o)
                0x000036a8                __aeabi_dadd
 .text.__aeabi_dmul
                0x00003dd8      0x598 C:/NXP/MCUXpressoIDE_24.12.148/ide/plugins/com.nxp.mcuxpresso.tools.win32_24.12.0.202407110909/tools/bin/../lib/gcc/arm-none-eabi/13.2.1/thumb/v6-m/nofp\libgcc.a(muldf3.o)
                0x00003dd8                __aeabi_dmul
 .text.__aeabi_dsub
                0x00004370      0x710 C:/NXP/MCUXpressoIDE_24.12.148/ide/plugins/com.nxp.mcuxpresso.tools.win32_24.12.0.202407110909/tools/bin/../lib/gcc/arm-none-eabi/13.2.1/thumb/v6-m/nofp\libgcc.a(subdf3.o)
                0x00004370                __aeabi_dsub
 .text.__aeabi_d2iz
                0x00004a80       0x78 C:/NXP/MCUXpressoIDE_24.12.148/ide/plugins/com.nxp.mcuxpresso.tools.win32_24.12.0.202407110909/tools/bin/../lib/gcc/arm-none-eabi/13.2.1/thumb/v6-m/nofp\libgcc.a(fixdfsi.o)
                0x00004a80                __aeabi_d2iz
 .text.__aeabi_f2d
                0x00004af8       0x90 C:/NXP/MCUXpressoIDE_24.12.148/ide/plugins/com.nxp.mcuxpresso.tools.win32_24.12.0.202407110909/tools/bin/../lib/gcc/arm-none-eabi/13.2.1/thumb/v6-m/nofp\libgcc.a(extendsfdf2.o)
                0x00004af8                __aeabi_f2d
 .text.__aeabi_d2f
                0x00004b88      0x10c C:/NXP/MCUXpressoIDE_24.12.148/ide/plugins/com.nxp.mcuxpresso.tools.win32_24.12.0.202407110909/tools/bin/../lib/gcc/arm-none-eabi/13.2.1/thumb/v6-m/nofp\libgcc.a(truncdfsf2.o)
                0x00004b88                __aeabi_d2f
 .text          0x00004c94       0x7c C:/NXP/MCUXpressoIDE_24.12.148/ide/plugins/com.nxp.mcuxpresso.tools.win32_24.12.0.202407110909/tools/bin/../lib/gcc/arm-none-eabi/13.2.1/thumb/v6-m/nofp\libgcc.a(_arm_cmpdf2.o)
                0x00004c94                __aeabi_cdrcmple
                0x00004ca4                __aeabi_cdcmple
                0x00004ca4                __aeabi_cdcmpeq
                0x00004cb4                __aeabi_dcmpeq
                0x00004cc0                __aeabi_dcmplt
                0x00004cd4                __aeabi_dcmple
                0x00004ce8                __aeabi_dcmpgt
                0x00004cfc                __aeabi_dcmpge
 .text          0x00004d10       0x3c C:/NXP/MCUXpressoIDE_24.12.148/ide/plugins/com.nxp.mcuxpresso.tools.win32_24.12.0.202407110909/tools/bin/../lib/gcc/arm-none-eabi/13.2.1/thumb/v6-m/nofp\libgcc.a(_clzsi2.o)
                0x00004d10                __clzsi2
 .text.__eqdf2  0x00004d4c       0x88 C:/NXP/MCUXpressoIDE_24.12.148/ide/plugins/com.nxp.mcuxpresso.tools.win32_24.12.0.202407110909/tools/bin/../lib/gcc/arm-none-eabi/13.2.1/thumb/v6-m/nofp\libgcc.a(eqdf2.o)
                0x00004d4c                __nedf2
                0x00004d4c                __eqdf2
 .text.__gedf2  0x00004dd4       0xe0 C:/NXP/MCUXpressoIDE_24.12.148/ide/plugins/com.nxp.mcuxpresso.tools.win32_24.12.0.202407110909/tools/bin/../lib/gcc/arm-none-eabi/13.2.1/thumb/v6-m/nofp\libgcc.a(gedf2.o)
                0x00004dd4                __gedf2
                0x00004dd4                __gtdf2
 .text.__ledf2  0x00004eb4       0xdc C:/NXP/MCUXpressoIDE_24.12.148/ide/plugins/com.nxp.mcuxpresso.tools.win32_24.12.0.202407110909/tools/bin/../lib/gcc/arm-none-eabi/13.2.1/thumb/v6-m/nofp\libgcc.a(ledf2.o)
                0x00004eb4                __ledf2
                0x00004eb4                __ltdf2
 .text.stdio_exit_handler
                0x00004f90       0x1c C:/NXP/MCUXpressoIDE_24.12.148/ide/plugins/com.nxp.mcuxpresso.tools.win32_24.12.0.202407110909/tools/bin/../lib/gcc/arm-none-eabi/13.2.1/thumb/v6-m/nofp\libc.a(libc_a-findfp.o)
 .text.cleanup_stdio
                0x00004fac       0x3c C:/NXP/MCUXpressoIDE_24.12.148/ide/plugins/com.nxp.mcuxpresso.tools.win32_24.12.0.202407110909/tools/bin/../lib/gcc/arm-none-eabi/13.2.1/thumb/v6-m/nofp\libc.a(libc_a-findfp.o)
 .text.global_stdio_init.part.0
                0x00004fe8      0x118 C:/NXP/MCUXpressoIDE_24.12.148/ide/plugins/com.nxp.mcuxpresso.tools.win32_24.12.0.202407110909/tools/bin/../lib/gcc/arm-none-eabi/13.2.1/thumb/v6-m/nofp\libc.a(libc_a-findfp.o)
 .text.__sinit  0x00005100       0x38 C:/NXP/MCUXpressoIDE_24.12.148/ide/plugins/com.nxp.mcuxpresso.tools.win32_24.12.0.202407110909/tools/bin/../lib/gcc/arm-none-eabi/13.2.1/thumb/v6-m/nofp\libc.a(libc_a-findfp.o)
                0x00005100                __sinit
 .text.__sfp_lock_acquire
                0x00005138       0x10 C:/NXP/MCUXpressoIDE_24.12.148/ide/plugins/com.nxp.mcuxpresso.tools.win32_24.12.0.202407110909/tools/bin/../lib/gcc/arm-none-eabi/13.2.1/thumb/v6-m/nofp\libc.a(libc_a-findfp.o)
                0x00005138                __sfp_lock_acquire
 .text.__sfp_lock_release
                0x00005148       0x10 C:/NXP/MCUXpressoIDE_24.12.148/ide/plugins/com.nxp.mcuxpresso.tools.win32_24.12.0.202407110909/tools/bin/../lib/gcc/arm-none-eabi/13.2.1/thumb/v6-m/nofp\libc.a(libc_a-findfp.o)
                0x00005148                __sfp_lock_release
 .text._fwalk_sglue
                0x00005158       0x44 C:/NXP/MCUXpressoIDE_24.12.148/ide/plugins/com.nxp.mcuxpresso.tools.win32_24.12.0.202407110909/tools/bin/../lib/gcc/arm-none-eabi/13.2.1/thumb/v6-m/nofp\libc.a(libc_a-fwalk.o)
                0x00005158                _fwalk_sglue
 .text.sprintf  0x0000519c       0x40 C:/NXP/MCUXpressoIDE_24.12.148/ide/plugins/com.nxp.mcuxpresso.tools.win32_24.12.0.202407110909/tools/bin/../lib/gcc/arm-none-eabi/13.2.1/thumb/v6-m/nofp\libc.a(libc_a-sprintf.o)
                0x0000519c                sprintf
 .text.__sread  0x000051dc       0x28 C:/NXP/MCUXpressoIDE_24.12.148/ide/plugins/com.nxp.mcuxpresso.tools.win32_24.12.0.202407110909/tools/bin/../lib/gcc/arm-none-eabi/13.2.1/thumb/v6-m/nofp\libc.a(libc_a-stdio.o)
                0x000051dc                __sread
 .text.__swrite
                0x00005204       0x40 C:/NXP/MCUXpressoIDE_24.12.148/ide/plugins/com.nxp.mcuxpresso.tools.win32_24.12.0.202407110909/tools/bin/../lib/gcc/arm-none-eabi/13.2.1/thumb/v6-m/nofp\libc.a(libc_a-stdio.o)
                0x00005204                __swrite
 .text.__sseek  0x00005244       0x30 C:/NXP/MCUXpressoIDE_24.12.148/ide/plugins/com.nxp.mcuxpresso.tools.win32_24.12.0.202407110909/tools/bin/../lib/gcc/arm-none-eabi/13.2.1/thumb/v6-m/nofp\libc.a(libc_a-stdio.o)
                0x00005244                __sseek
 .text.__sclose
                0x00005274        0xc C:/NXP/MCUXpressoIDE_24.12.148/ide/plugins/com.nxp.mcuxpresso.tools.win32_24.12.0.202407110909/tools/bin/../lib/gcc/arm-none-eabi/13.2.1/thumb/v6-m/nofp\libc.a(libc_a-stdio.o)
                0x00005274                __sclose
 .text.memset   0x00005280       0xa8 C:/NXP/MCUXpressoIDE_24.12.148/ide/plugins/com.nxp.mcuxpresso.tools.win32_24.12.0.202407110909/tools/bin/../lib/gcc/arm-none-eabi/13.2.1/thumb/v6-m/nofp\libc.a(libc_a-memset.o)
                0x00005280                memset
 .text._close_r
                0x00005328       0x24 C:/NXP/MCUXpressoIDE_24.12.148/ide/plugins/com.nxp.mcuxpresso.tools.win32_24.12.0.202407110909/tools/bin/../lib/gcc/arm-none-eabi/13.2.1/thumb/v6-m/nofp\libc.a(libc_a-closer.o)
                0x00005328                _close_r
 .text._lseek_r
                0x0000534c       0x28 C:/NXP/MCUXpressoIDE_24.12.148/ide/plugins/com.nxp.mcuxpresso.tools.win32_24.12.0.202407110909/tools/bin/../lib/gcc/arm-none-eabi/13.2.1/thumb/v6-m/nofp\libc.a(libc_a-lseekr.o)
                0x0000534c                _lseek_r
 .text._read_r  0x00005374       0x28 C:/NXP/MCUXpressoIDE_24.12.148/ide/plugins/com.nxp.mcuxpresso.tools.win32_24.12.0.202407110909/tools/bin/../lib/gcc/arm-none-eabi/13.2.1/thumb/v6-m/nofp\libc.a(libc_a-readr.o)
                0x00005374                _read_r
 .text._write_r
                0x0000539c       0x28 C:/NXP/MCUXpressoIDE_24.12.148/ide/plugins/com.nxp.mcuxpresso.tools.win32_24.12.0.202407110909/tools/bin/../lib/gcc/arm-none-eabi/13.2.1/thumb/v6-m/nofp\libc.a(libc_a-writer.o)
                0x0000539c                _write_r
 .text.__retarget_lock_init_recursive
                0x000053c4        0x4 C:/NXP/MCUXpressoIDE_24.12.148/ide/plugins/com.nxp.mcuxpresso.tools.win32_24.12.0.202407110909/tools/bin/../lib/gcc/arm-none-eabi/13.2.1/thumb/v6-m/nofp\libc.a(libc_a-lock.o)
                0x000053c4                __retarget_lock_init_recursive
 .text.__retarget_lock_close_recursive
                0x000053c8        0x4 C:/NXP/MCUXpressoIDE_24.12.148/ide/plugins/com.nxp.mcuxpresso.tools.win32_24.12.0.202407110909/tools/bin/../lib/gcc/arm-none-eabi/13.2.1/thumb/v6-m/nofp\libc.a(libc_a-lock.o)
                0x000053c8                __retarget_lock_close_recursive
 .text.__retarget_lock_acquire_recursive
                0x000053cc        0x4 C:/NXP/MCUXpressoIDE_24.12.148/ide/plugins/com.nxp.mcuxpresso.tools.win32_24.12.0.202407110909/tools/bin/../lib/gcc/arm-none-eabi/13.2.1/thumb/v6-m/nofp\libc.a(libc_a-lock.o)
                0x000053cc                __retarget_lock_acquire_recursive
 .text.__retarget_lock_release_recursive
                0x000053d0        0x4 C:/NXP/MCUXpressoIDE_24.12.148/ide/plugins/com.nxp.mcuxpresso.tools.win32_24.12.0.202407110909/tools/bin/../lib/gcc/arm-none-eabi/13.2.1/thumb/v6-m/nofp\libc.a(libc_a-lock.o)
                0x000053d0                __retarget_lock_release_recursive
 .text.memcpy   0x000053d4       0x8c C:/NXP/MCUXpressoIDE_24.12.148/ide/plugins/com.nxp.mcuxpresso.tools.win32_24.12.0.202407110909/tools/bin/../lib/gcc/arm-none-eabi/13.2.1/thumb/v6-m/nofp\libc.a(libc_a-memcpy-stub.o)
                0x000053d4                memcpy
 .text.strlen   0x00005460       0x5c C:/NXP/MCUXpressoIDE_24.12.148/ide/plugins/com.nxp.mcuxpresso.tools.win32_24.12.0.202407110909/tools/bin/../lib/gcc/arm-none-eabi/13.2.1/thumb/v6-m/nofp\libc.a(libc_a-strlen-stub.o)
                0x00005460                strlen
 .text._malloc_trim_r
                0x000054bc       0xb4 C:/NXP/MCUXpressoIDE_24.12.148/ide/plugins/com.nxp.mcuxpresso.tools.win32_24.12.0.202407110909/tools/bin/../lib/gcc/arm-none-eabi/13.2.1/thumb/v6-m/nofp\libc.a(libc_a-freer.o)
                0x000054bc                _malloc_trim_r
 .text._free_r  0x00005570      0x1d4 C:/NXP/MCUXpressoIDE_24.12.148/ide/plugins/com.nxp.mcuxpresso.tools.win32_24.12.0.202407110909/tools/bin/../lib/gcc/arm-none-eabi/13.2.1/thumb/v6-m/nofp\libc.a(libc_a-freer.o)
                0x00005570                _free_r
 .text._malloc_r
                0x00005744      0x5c4 C:/NXP/MCUXpressoIDE_24.12.148/ide/plugins/com.nxp.mcuxpresso.tools.win32_24.12.0.202407110909/tools/bin/../lib/gcc/arm-none-eabi/13.2.1/thumb/v6-m/nofp\libc.a(libc_a-mallocr.o)
                0x00005744                _malloc_r
 .text.__malloc_lock
                0x00005d08       0x10 C:/NXP/MCUXpressoIDE_24.12.148/ide/plugins/com.nxp.mcuxpresso.tools.win32_24.12.0.202407110909/tools/bin/../lib/gcc/arm-none-eabi/13.2.1/thumb/v6-m/nofp\libc.a(libc_a-mlock.o)
                0x00005d08                __malloc_lock
 .text.__malloc_unlock
                0x00005d18       0x10 C:/NXP/MCUXpressoIDE_24.12.148/ide/plugins/com.nxp.mcuxpresso.tools.win32_24.12.0.202407110909/tools/bin/../lib/gcc/arm-none-eabi/13.2.1/thumb/v6-m/nofp\libc.a(libc_a-mlock.o)
                0x00005d18                __malloc_unlock
 .text._svfprintf_r
                0x00005d28     0x1c3c C:/NXP/MCUXpressoIDE_24.12.148/ide/plugins/com.nxp.mcuxpresso.tools.win32_24.12.0.202407110909/tools/bin/../lib/gcc/arm-none-eabi/13.2.1/thumb/v6-m/nofp\libc.a(libc_a-svfprintf.o)
                0x00005d28                _svfprintf_r
 .text._fclose_r
                0x00007964       0xd0 C:/NXP/MCUXpressoIDE_24.12.148/ide/plugins/com.nxp.mcuxpresso.tools.win32_24.12.0.202407110909/tools/bin/../lib/gcc/arm-none-eabi/13.2.1/thumb/v6-m/nofp\libc.a(libc_a-fclose.o)
                0x00007964                _fclose_r
 .text.fclose   0x00007a34       0x14 C:/NXP/MCUXpressoIDE_24.12.148/ide/plugins/com.nxp.mcuxpresso.tools.win32_24.12.0.202407110909/tools/bin/../lib/gcc/arm-none-eabi/13.2.1/thumb/v6-m/nofp\libc.a(libc_a-fclose.o)
                0x00007a34                fclose
 .text.__sflush_r
                0x00007a48      0x148 C:/NXP/MCUXpressoIDE_24.12.148/ide/plugins/com.nxp.mcuxpresso.tools.win32_24.12.0.202407110909/tools/bin/../lib/gcc/arm-none-eabi/13.2.1/thumb/v6-m/nofp\libc.a(libc_a-fflush.o)
                0x00007a48                __sflush_r
 .text._fflush_r
                0x00007b90       0x68 C:/NXP/MCUXpressoIDE_24.12.148/ide/plugins/com.nxp.mcuxpresso.tools.win32_24.12.0.202407110909/tools/bin/../lib/gcc/arm-none-eabi/13.2.1/thumb/v6-m/nofp\libc.a(libc_a-fflush.o)
                0x00007b90                _fflush_r
 .text.strncpy  0x00007bf8       0x60 C:/NXP/MCUXpressoIDE_24.12.148/ide/plugins/com.nxp.mcuxpresso.tools.win32_24.12.0.202407110909/tools/bin/../lib/gcc/arm-none-eabi/13.2.1/thumb/v6-m/nofp\libc.a(libc_a-strncpy.o)
                0x00007bf8                strncpy
 .text.__locale_mb_cur_max
                0x00007c58       0x10 C:/NXP/MCUXpressoIDE_24.12.148/ide/plugins/com.nxp.mcuxpresso.tools.win32_24.12.0.202407110909/tools/bin/../lib/gcc/arm-none-eabi/13.2.1/thumb/v6-m/nofp\libc.a(libc_a-locale.o)
                0x00007c58                __locale_mb_cur_max
 .text._localeconv_r
                0x00007c68        0x8 C:/NXP/MCUXpressoIDE_24.12.148/ide/plugins/com.nxp.mcuxpresso.tools.win32_24.12.0.202407110909/tools/bin/../lib/gcc/arm-none-eabi/13.2.1/thumb/v6-m/nofp\libc.a(libc_a-localeconv.o)
                0x00007c68                _localeconv_r
 .text._sbrk_r  0x00007c70       0x24 C:/NXP/MCUXpressoIDE_24.12.148/ide/plugins/com.nxp.mcuxpresso.tools.win32_24.12.0.202407110909/tools/bin/../lib/gcc/arm-none-eabi/13.2.1/thumb/v6-m/nofp\libc.a(libc_a-sbrkr.o)
                0x00007c70                _sbrk_r
 .text.sysconf  0x00007c94       0x1c C:/NXP/MCUXpressoIDE_24.12.148/ide/plugins/com.nxp.mcuxpresso.tools.win32_24.12.0.202407110909/tools/bin/../lib/gcc/arm-none-eabi/13.2.1/thumb/v6-m/nofp\libc.a(libc_a-sysconf.o)
                0x00007c94                sysconf
 .text.memchr   0x00007cb0       0x74 C:/NXP/MCUXpressoIDE_24.12.148/ide/plugins/com.nxp.mcuxpresso.tools.win32_24.12.0.202407110909/tools/bin/../lib/gcc/arm-none-eabi/13.2.1/thumb/v6-m/nofp\libc.a(libc_a-memchr-stub.o)
                0x00007cb0                memchr
 .text.frexp    0x00007d24       0x68 C:/NXP/MCUXpressoIDE_24.12.148/ide/plugins/com.nxp.mcuxpresso.tools.win32_24.12.0.202407110909/tools/bin/../lib/gcc/arm-none-eabi/13.2.1/thumb/v6-m/nofp\libc.a(libm_a-s_frexp.o)
                0x00007d24                frexp
 .text.quorem   0x00007d8c      0x154 C:/NXP/MCUXpressoIDE_24.12.148/ide/plugins/com.nxp.mcuxpresso.tools.win32_24.12.0.202407110909/tools/bin/../lib/gcc/arm-none-eabi/13.2.1/thumb/v6-m/nofp\libc.a(libc_a-dtoa.o)
 .text._dtoa_r  0x00007ee0      0xfb8 C:/NXP/MCUXpressoIDE_24.12.148/ide/plugins/com.nxp.mcuxpresso.tools.win32_24.12.0.202407110909/tools/bin/../lib/gcc/arm-none-eabi/13.2.1/thumb/v6-m/nofp\libc.a(libc_a-dtoa.o)
                0x00007ee0                _dtoa_r
 .text.__ascii_mbtowc
                0x00008e98       0x2c C:/NXP/MCUXpressoIDE_24.12.148/ide/plugins/com.nxp.mcuxpresso.tools.win32_24.12.0.202407110909/tools/bin/../lib/gcc/arm-none-eabi/13.2.1/thumb/v6-m/nofp\libc.a(libc_a-mbtowc_r.o)
                0x00008e98                __ascii_mbtowc
 .text._Balloc  0x00008ec4       0x50 C:/NXP/MCUXpressoIDE_24.12.148/ide/plugins/com.nxp.mcuxpresso.tools.win32_24.12.0.202407110909/tools/bin/../lib/gcc/arm-none-eabi/13.2.1/thumb/v6-m/nofp\libc.a(libc_a-mprec.o)
                0x00008ec4                _Balloc
 .text._Bfree   0x00008f14       0x14 C:/NXP/MCUXpressoIDE_24.12.148/ide/plugins/com.nxp.mcuxpresso.tools.win32_24.12.0.202407110909/tools/bin/../lib/gcc/arm-none-eabi/13.2.1/thumb/v6-m/nofp\libc.a(libc_a-mprec.o)
                0x00008f14                _Bfree
 .text.__multadd
                0x00008f28       0xa8 C:/NXP/MCUXpressoIDE_24.12.148/ide/plugins/com.nxp.mcuxpresso.tools.win32_24.12.0.202407110909/tools/bin/../lib/gcc/arm-none-eabi/13.2.1/thumb/v6-m/nofp\libc.a(libc_a-mprec.o)
                0x00008f28                __multadd
 .text.__hi0bits
                0x00008fd0       0x4c C:/NXP/MCUXpressoIDE_24.12.148/ide/plugins/com.nxp.mcuxpresso.tools.win32_24.12.0.202407110909/tools/bin/../lib/gcc/arm-none-eabi/13.2.1/thumb/v6-m/nofp\libc.a(libc_a-mprec.o)
                0x00008fd0                __hi0bits
 .text.__lo0bits
                0x0000901c       0x5c C:/NXP/MCUXpressoIDE_24.12.148/ide/plugins/com.nxp.mcuxpresso.tools.win32_24.12.0.202407110909/tools/bin/../lib/gcc/arm-none-eabi/13.2.1/thumb/v6-m/nofp\libc.a(libc_a-mprec.o)
                0x0000901c                __lo0bits
 .text.__i2b    0x00009078       0x60 C:/NXP/MCUXpressoIDE_24.12.148/ide/plugins/com.nxp.mcuxpresso.tools.win32_24.12.0.202407110909/tools/bin/../lib/gcc/arm-none-eabi/13.2.1/thumb/v6-m/nofp\libc.a(libc_a-mprec.o)
                0x00009078                __i2b
 .text.__multiply
                0x000090d8      0x1ac C:/NXP/MCUXpressoIDE_24.12.148/ide/plugins/com.nxp.mcuxpresso.tools.win32_24.12.0.202407110909/tools/bin/../lib/gcc/arm-none-eabi/13.2.1/thumb/v6-m/nofp\libc.a(libc_a-mprec.o)
                0x000090d8                __multiply
 .text.__pow5mult
                0x00009284       0xd0 C:/NXP/MCUXpressoIDE_24.12.148/ide/plugins/com.nxp.mcuxpresso.tools.win32_24.12.0.202407110909/tools/bin/../lib/gcc/arm-none-eabi/13.2.1/thumb/v6-m/nofp\libc.a(libc_a-mprec.o)
                0x00009284                __pow5mult
 .text.__lshift
                0x00009354       0xfc C:/NXP/MCUXpressoIDE_24.12.148/ide/plugins/com.nxp.mcuxpresso.tools.win32_24.12.0.202407110909/tools/bin/../lib/gcc/arm-none-eabi/13.2.1/thumb/v6-m/nofp\libc.a(libc_a-mprec.o)
                0x00009354                __lshift
 .text.__mcmp   0x00009450       0x3c C:/NXP/MCUXpressoIDE_24.12.148/ide/plugins/com.nxp.mcuxpresso.tools.win32_24.12.0.202407110909/tools/bin/../lib/gcc/arm-none-eabi/13.2.1/thumb/v6-m/nofp\libc.a(libc_a-mprec.o)
                0x00009450                __mcmp
 .text.__mdiff  0x0000948c      0x1b4 C:/NXP/MCUXpressoIDE_24.12.148/ide/plugins/com.nxp.mcuxpresso.tools.win32_24.12.0.202407110909/tools/bin/../lib/gcc/arm-none-eabi/13.2.1/thumb/v6-m/nofp\libc.a(libc_a-mprec.o)
                0x0000948c                __mdiff
 .text.__d2b    0x00009640       0xcc C:/NXP/MCUXpressoIDE_24.12.148/ide/plugins/com.nxp.mcuxpresso.tools.win32_24.12.0.202407110909/tools/bin/../lib/gcc/arm-none-eabi/13.2.1/thumb/v6-m/nofp\libc.a(libc_a-mprec.o)
                0x00009640                __d2b
 .text.__ascii_wctomb
                0x0000970c       0x1c C:/NXP/MCUXpressoIDE_24.12.148/ide/plugins/com.nxp.mcuxpresso.tools.win32_24.12.0.202407110909/tools/bin/../lib/gcc/arm-none-eabi/13.2.1/thumb/v6-m/nofp\libc.a(libc_a-wctomb_r.o)
                0x0000970c                __ascii_wctomb
 .text._wcrtomb_r
                0x00009728       0x50 C:/NXP/MCUXpressoIDE_24.12.148/ide/plugins/com.nxp.mcuxpresso.tools.win32_24.12.0.202407110909/tools/bin/../lib/gcc/arm-none-eabi/13.2.1/thumb/v6-m/nofp\libc.a(libc_a-wcrtomb.o)
                0x00009728                _wcrtomb_r
 .text._wcsrtombs_r
                0x00009778       0x18 C:/NXP/MCUXpressoIDE_24.12.148/ide/plugins/com.nxp.mcuxpresso.tools.win32_24.12.0.202407110909/tools/bin/../lib/gcc/arm-none-eabi/13.2.1/thumb/v6-m/nofp\libc.a(libc_a-wcsrtombs.o)
                0x00009778                _wcsrtombs_r
 .text.__ssprint_r
                0x00009790      0x118 C:/NXP/MCUXpressoIDE_24.12.148/ide/plugins/com.nxp.mcuxpresso.tools.win32_24.12.0.202407110909/tools/bin/../lib/gcc/arm-none-eabi/13.2.1/thumb/v6-m/nofp\libc.a(libc_a-svfiprintf.o)
                0x00009790                __ssprint_r
 .text.memmove  0x000098a8       0xb0 C:/NXP/MCUXpressoIDE_24.12.148/ide/plugins/com.nxp.mcuxpresso.tools.win32_24.12.0.202407110909/tools/bin/../lib/gcc/arm-none-eabi/13.2.1/thumb/v6-m/nofp\libc.a(libc_a-memmove.o)
                0x000098a8                memmove
 .text.__errno  0x00009958        0xc C:/NXP/MCUXpressoIDE_24.12.148/ide/plugins/com.nxp.mcuxpresso.tools.win32_24.12.0.202407110909/tools/bin/../lib/gcc/arm-none-eabi/13.2.1/thumb/v6-m/nofp\libc.a(libc_a-errno.o)
                0x00009958                __errno
 .text.__assert_func
                0x00009964       0x40 C:/NXP/MCUXpressoIDE_24.12.148/ide/plugins/com.nxp.mcuxpresso.tools.win32_24.12.0.202407110909/tools/bin/../lib/gcc/arm-none-eabi/13.2.1/thumb/v6-m/nofp\libc.a(libc_a-assert.o)
                0x00009964                __assert_func
 .text._calloc_r
                0x000099a4       0xa8 C:/NXP/MCUXpressoIDE_24.12.148/ide/plugins/com.nxp.mcuxpresso.tools.win32_24.12.0.202407110909/tools/bin/../lib/gcc/arm-none-eabi/13.2.1/thumb/v6-m/nofp\libc.a(libc_a-callocr.o)
                0x000099a4                _calloc_r
 .text._realloc_r
                0x00009a4c      0x350 C:/NXP/MCUXpressoIDE_24.12.148/ide/plugins/com.nxp.mcuxpresso.tools.win32_24.12.0.202407110909/tools/bin/../lib/gcc/arm-none-eabi/13.2.1/thumb/v6-m/nofp\libc.a(libc_a-reallocr.o)
                0x00009a4c                _realloc_r
 .text._wcsnrtombs_l
                0x00009d9c      0x114 C:/NXP/MCUXpressoIDE_24.12.148/ide/plugins/com.nxp.mcuxpresso.tools.win32_24.12.0.202407110909/tools/bin/../lib/gcc/arm-none-eabi/13.2.1/thumb/v6-m/nofp\libc.a(libc_a-wcsnrtombs.o)
                0x00009d9c                _wcsnrtombs_l
 .text._wcsnrtombs_r
                0x00009eb0       0x24 C:/NXP/MCUXpressoIDE_24.12.148/ide/plugins/com.nxp.mcuxpresso.tools.win32_24.12.0.202407110909/tools/bin/../lib/gcc/arm-none-eabi/13.2.1/thumb/v6-m/nofp\libc.a(libc_a-wcsnrtombs.o)
                0x00009eb0                _wcsnrtombs_r
 .text.fiprintf
                0x00009ed4       0x24 C:/NXP/MCUXpressoIDE_24.12.148/ide/plugins/com.nxp.mcuxpresso.tools.win32_24.12.0.202407110909/tools/bin/../lib/gcc/arm-none-eabi/13.2.1/thumb/v6-m/nofp\libc.a(libc_a-fiprintf.o)
                0x00009ed4                fiprintf
 .text.__sprint_r.part.0
                0x00009ef8       0x88 C:/NXP/MCUXpressoIDE_24.12.148/ide/plugins/com.nxp.mcuxpresso.tools.win32_24.12.0.202407110909/tools/bin/../lib/gcc/arm-none-eabi/13.2.1/thumb/v6-m/nofp\libc.a(libc_a-vfiprintf.o)
 .text._vfiprintf_r
                0x00009f80      0xf34 C:/NXP/MCUXpressoIDE_24.12.148/ide/plugins/com.nxp.mcuxpresso.tools.win32_24.12.0.202407110909/tools/bin/../lib/gcc/arm-none-eabi/13.2.1/thumb/v6-m/nofp\libc.a(libc_a-vfiprintf.o)
                0x00009f80                _vfiprintf_r
 .text.__sbprintf
                0x0000aeb4       0x8c C:/NXP/MCUXpressoIDE_24.12.148/ide/plugins/com.nxp.mcuxpresso.tools.win32_24.12.0.202407110909/tools/bin/../lib/gcc/arm-none-eabi/13.2.1/thumb/v6-m/nofp\libc.a(libc_a-vfiprintf.o)
 .text.__sfvwrite_r
                0x0000af40      0x310 C:/NXP/MCUXpressoIDE_24.12.148/ide/plugins/com.nxp.mcuxpresso.tools.win32_24.12.0.202407110909/tools/bin/../lib/gcc/arm-none-eabi/13.2.1/thumb/v6-m/nofp\libc.a(libc_a-fvwrite.o)
                0x0000af40                __sfvwrite_r
 .text.__swsetup_r
                0x0000b250       0xcc C:/NXP/MCUXpressoIDE_24.12.148/ide/plugins/com.nxp.mcuxpresso.tools.win32_24.12.0.202407110909/tools/bin/../lib/gcc/arm-none-eabi/13.2.1/thumb/v6-m/nofp\libc.a(libc_a-wsetup.o)
                0x0000b250                __swsetup_r
 .text.__fputwc
                0x0000b31c       0x78 C:/NXP/MCUXpressoIDE_24.12.148/ide/plugins/com.nxp.mcuxpresso.tools.win32_24.12.0.202407110909/tools/bin/../lib/gcc/arm-none-eabi/13.2.1/thumb/v6-m/nofp\libc.a(libc_a-fputwc.o)
                0x0000b31c                __fputwc
 .text._fputwc_r
                0x0000b394       0x58 C:/NXP/MCUXpressoIDE_24.12.148/ide/plugins/com.nxp.mcuxpresso.tools.win32_24.12.0.202407110909/tools/bin/../lib/gcc/arm-none-eabi/13.2.1/thumb/v6-m/nofp\libc.a(libc_a-fputwc.o)
                0x0000b394                _fputwc_r
 .text.abort    0x0000b3ec       0x10 C:/NXP/MCUXpressoIDE_24.12.148/ide/plugins/com.nxp.mcuxpresso.tools.win32_24.12.0.202407110909/tools/bin/../lib/gcc/arm-none-eabi/13.2.1/thumb/v6-m/nofp\libc.a(libc_a-abort.o)
                0x0000b3ec                abort
 .text.__smakebuf_r
                0x0000b3fc       0xe0 C:/NXP/MCUXpressoIDE_24.12.148/ide/plugins/com.nxp.mcuxpresso.tools.win32_24.12.0.202407110909/tools/bin/../lib/gcc/arm-none-eabi/13.2.1/thumb/v6-m/nofp\libc.a(libc_a-makebuf.o)
                0x0000b3fc                __smakebuf_r
 .text.__swbuf_r
                0x0000b4dc       0xc4 C:/NXP/MCUXpressoIDE_24.12.148/ide/plugins/com.nxp.mcuxpresso.tools.win32_24.12.0.202407110909/tools/bin/../lib/gcc/arm-none-eabi/13.2.1/thumb/v6-m/nofp\libc.a(libc_a-wbuf.o)
                0x0000b4dc                __swbuf_r
 .text.raise    0x0000b5a0       0x5c C:/NXP/MCUXpressoIDE_24.12.148/ide/plugins/com.nxp.mcuxpresso.tools.win32_24.12.0.202407110909/tools/bin/../lib/gcc/arm-none-eabi/13.2.1/thumb/v6-m/nofp\libc.a(libc_a-signal.o)
                0x0000b5a0                raise
 .text._fstat_r
                0x0000b5fc       0x28 C:/NXP/MCUXpressoIDE_24.12.148/ide/plugins/com.nxp.mcuxpresso.tools.win32_24.12.0.202407110909/tools/bin/../lib/gcc/arm-none-eabi/13.2.1/thumb/v6-m/nofp\libc.a(libc_a-fstatr.o)
                0x0000b5fc                _fstat_r
 .text._isatty_r
                0x0000b624       0x24 C:/NXP/MCUXpressoIDE_24.12.148/ide/plugins/com.nxp.mcuxpresso.tools.win32_24.12.0.202407110909/tools/bin/../lib/gcc/arm-none-eabi/13.2.1/thumb/v6-m/nofp\libc.a(libc_a-isattyr.o)
                0x0000b624                _isatty_r
 .text._kill_r  0x0000b648       0x28 C:/NXP/MCUXpressoIDE_24.12.148/ide/plugins/com.nxp.mcuxpresso.tools.win32_24.12.0.202407110909/tools/bin/../lib/gcc/arm-none-eabi/13.2.1/thumb/v6-m/nofp\libc.a(libc_a-signalr.o)
                0x0000b648                _kill_r
 .text._getpid_r
                0x0000b670        0x8 C:/NXP/MCUXpressoIDE_24.12.148/ide/plugins/com.nxp.mcuxpresso.tools.win32_24.12.0.202407110909/tools/bin/../lib/gcc/arm-none-eabi/13.2.1/thumb/v6-m/nofp\libc.a(libc_a-signalr.o)
                0x0000b670                _getpid_r
 .text          0x0000b678       0x40 C:/NXP/MCUXpressoIDE_24.12.148/ide/plugins/com.nxp.mcuxpresso.tools.win32_24.12.0.202407110909/tools/bin/../lib/gcc/arm-none-eabi/13.2.1/thumb/v6-m/nofp\libgcc.a(_aeabi_uldivmod.o)
                0x0000b678                __aeabi_uldivmod
 .text.__udivmoddi4
                0x0000b6b8      0x198 C:/NXP/MCUXpressoIDE_24.12.148/ide/plugins/com.nxp.mcuxpresso.tools.win32_24.12.0.202407110909/tools/bin/../lib/gcc/arm-none-eabi/13.2.1/thumb/v6-m/nofp\libgcc.a(_udivmoddi4.o)
                0x0000b6b8                __udivmoddi4
 .text.__aeabi_ddiv
                0x0000b850      0x604 C:/NXP/MCUXpressoIDE_24.12.148/ide/plugins/com.nxp.mcuxpresso.tools.win32_24.12.0.202407110909/tools/bin/../lib/gcc/arm-none-eabi/13.2.1/thumb/v6-m/nofp\libgcc.a(divdf3.o)
                0x0000b850                __aeabi_ddiv
 .text.__aeabi_dcmpun
                0x0000be54       0x44 C:/NXP/MCUXpressoIDE_24.12.148/ide/plugins/com.nxp.mcuxpresso.tools.win32_24.12.0.202407110909/tools/bin/../lib/gcc/arm-none-eabi/13.2.1/thumb/v6-m/nofp\libgcc.a(unorddf2.o)
                0x0000be54                __aeabi_dcmpun
 .text.__aeabi_i2d
                0x0000be98       0x5c C:/NXP/MCUXpressoIDE_24.12.148/ide/plugins/com.nxp.mcuxpresso.tools.win32_24.12.0.202407110909/tools/bin/../lib/gcc/arm-none-eabi/13.2.1/thumb/v6-m/nofp\libgcc.a(floatsidf.o)
                0x0000be98                __aeabi_i2d
 .text.__aeabi_ui2d
                0x0000bef4       0x48 C:/NXP/MCUXpressoIDE_24.12.148/ide/plugins/com.nxp.mcuxpresso.tools.win32_24.12.0.202407110909/tools/bin/../lib/gcc/arm-none-eabi/13.2.1/thumb/v6-m/nofp\libgcc.a(floatunsidf.o)
                0x0000bef4                __aeabi_ui2d
 .text          0x0000bf3c       0x18 C:/NXP/MCUXpressoIDE_24.12.148/ide/plugins/com.nxp.mcuxpresso.tools.win32_24.12.0.202407110909/tools/bin/../lib/gcc/arm-none-eabi/13.2.1/thumb/v6-m/nofp\libgcc.a(_clzdi2.o)
                0x0000bf3c                __clzdi2
 .text._sbrk    0x0000bf54       0x44 C:/NXP/MCUXpressoIDE_24.12.148/ide/plugins/com.nxp.mcuxpresso.tools.win32_24.12.0.202407110909/tools/bin/../lib/gcc/arm-none-eabi/13.2.1/../../../../arm-none-eabi/lib/thumb/v6-m/nofp\libcr_c.a(_cr_sbrk.o)
                0x0000bf54                _sbrk
 .text._initio  0x0000bf98       0x7c C:/NXP/MCUXpressoIDE_24.12.148/ide/plugins/com.nxp.mcuxpresso.tools.win32_24.12.0.202407110909/tools/bin/../lib/gcc/arm-none-eabi/13.2.1/../../../../arm-none-eabi/lib/thumb/v6-m/nofp\libcr_c.a(initio.o)
                0x0000bf98                _initio
 .text.setvbuf  0x0000c014       0x4c C:/NXP/MCUXpressoIDE_24.12.148/ide/plugins/com.nxp.mcuxpresso.tools.win32_24.12.0.202407110909/tools/bin/../lib/gcc/arm-none-eabi/13.2.1/../../../../arm-none-eabi/lib/thumb/v6-m/nofp\libcr_c.a(setvbuf.o)
                0x0000c014                setvbuf
 .text.__check_heap_overflow
                0x0000c060       0x18 C:/NXP/MCUXpressoIDE_24.12.148/ide/plugins/com.nxp.mcuxpresso.tools.win32_24.12.0.202407110909/tools/bin/../lib/gcc/arm-none-eabi/13.2.1/../../../../arm-none-eabi/lib/thumb/v6-m/nofp\libcr_c.a(_cr_check_heap.o)
                0x0000c060                __check_heap_overflow
 .text._fdopen  0x0000c078       0x74 C:/NXP/MCUXpressoIDE_24.12.148/ide/plugins/com.nxp.mcuxpresso.tools.win32_24.12.0.202407110909/tools/bin/../lib/gcc/arm-none-eabi/13.2.1/../../../../arm-none-eabi/lib/thumb/v6-m/nofp\libcr_c.a(_fdopen.o)
                0x0000c078                _fdopen
 .text.fseek    0x0000c0ec       0xec C:/NXP/MCUXpressoIDE_24.12.148/ide/plugins/com.nxp.mcuxpresso.tools.win32_24.12.0.202407110909/tools/bin/../lib/gcc/arm-none-eabi/13.2.1/../../../../arm-none-eabi/lib/thumb/v6-m/nofp\libcr_c.a(fseek.o)
                0x0000c0ec                fseek
 .text.ftell    0x0000c1d8       0x4c C:/NXP/MCUXpressoIDE_24.12.148/ide/plugins/com.nxp.mcuxpresso.tools.win32_24.12.0.202407110909/tools/bin/../lib/gcc/arm-none-eabi/13.2.1/../../../../arm-none-eabi/lib/thumb/v6-m/nofp\libcr_c.a(ftell.o)
                0x0000c1d8                ftell
 .text.SlaveIF_SystemSetup
                0x0000c224        0xc ./source/COTS/SlaveControlIF/Src/SlaveIF.o
                0x0000c224                SlaveIF_SystemSetup
 .text.SlaveIF_ReadCellOverVoltageStatus
                0x0000c230        0xe ./source/COTS/SlaveControlIF/Src/SlaveIF.o
                0x0000c230                SlaveIF_ReadCellOverVoltageStatus
 .text.SlaveIF_ReadCellUnderVoltageStatus
                0x0000c23e        0xe ./source/COTS/SlaveControlIF/Src/SlaveIF.o
                0x0000c23e                SlaveIF_ReadCellUnderVoltageStatus
 .text.SlaveIF_CfgAllGpiosForTempSensors
                0x0000c24c        0xc ./source/COTS/SlaveControlIF/Src/SlaveIF.o
                0x0000c24c                SlaveIF_CfgAllGpiosForTempSensors
 .text.SlaveIF_ReadGpioAnStatus
                0x0000c258       0x16 ./source/COTS/SlaveControlIF/Src/SlaveIF.o
                0x0000c258                SlaveIF_ReadGpioAnStatus
 .text.SlaveIF_ReadOtUttatus
                0x0000c26e       0x16 ./source/COTS/SlaveControlIF/Src/SlaveIF.o
                0x0000c26e                SlaveIF_ReadOtUttatus
 .text.SlaveIF_ReadNumberCoulombSamples
                0x0000c284        0xa ./source/COTS/SlaveControlIF/Src/SlaveIF.o
                0x0000c284                SlaveIF_ReadNumberCoulombSamples
 .text.ScreenIF_Write4Bits
                0x0000c28e       0x10 ./source/COTS/ScreenIF/Src/ScreenIF.o
 .text.I2C0_GetFreq
                0x0000c29e        0xa ./source/COTS/ScreenIF/Src/ScreenIF.o
                0x0000c29e                I2C0_GetFreq
 .text.ScreenIF_Home
                0x0000c2a8       0x12 ./source/COTS/ScreenIF/Src/ScreenIF.o
                0x0000c2a8                ScreenIF_Home
 .text.ScreenIF_Clear
                0x0000c2ba       0x12 ./source/COTS/ScreenIF/Src/ScreenIF.o
                0x0000c2ba                ScreenIF_Clear
 .text.ScreenIF_PrintStr
                0x0000c2cc       0x28 ./source/COTS/ScreenIF/Src/ScreenIF.o
                0x0000c2cc                ScreenIF_PrintStr
 .text.I2C0_InitPins
                0x0000c2f4        0x2 ./source/COTS/ScreenIF/Src/ScreenIF.o
                0x0000c2f4                I2C0_InitPins
 .text.I2C0_DeinitPins
                0x0000c2f6        0x2 ./source/COTS/ScreenIF/Src/ScreenIF.o
                0x0000c2f6                I2C0_DeinitPins
 .text.DataMonitor_lcd
                0x0000c2f8       0x44 ./source/COTS/BatteryStatusMonitor/Src/DataMonitor.o
                0x0000c2f8                DataMonitor_lcd
 .text.CLOCK_GetFixedFreqClkFreq
                0x0000c33c       0x1a ./drivers/fsl_clock.o
                0x0000c33c                CLOCK_GetFixedFreqClkFreq
 .text.DMA_SetCallback
                0x0000c356        0x6 ./drivers/fsl_dma.o
                0x0000c356                DMA_SetCallback
 .text.DMA_HandleIRQ
                0x0000c35c       0x22 ./drivers/fsl_dma.o
                0x0000c35c                DMA_HandleIRQ
 .text.GPIO_PinInit
                0x0000c37e       0x26 ./drivers/fsl_gpio.o
                0x0000c37e                GPIO_PinInit
 .text.I2C_MasterGetStatusFlags
                0x0000c3a4       0x14 ./drivers/fsl_i2c.o
                0x0000c3a4                I2C_MasterGetStatusFlags
 .text.I2C_MasterTransferCallbackDMA
                0x0000c3b8       0x92 ./drivers/fsl_i2c_dma.o
 .text.I2C_MasterTransferGetCountDMA
                0x0000c44a       0x2c ./drivers/fsl_i2c_dma.o
                0x0000c44a                I2C_MasterTransferGetCountDMA
 .text.I2C_MasterTransferAbortDMA
                0x0000c476       0x1a ./drivers/fsl_i2c_dma.o
                0x0000c476                I2C_MasterTransferAbortDMA
 .text.LPSCI_GetDefaultConfig
                0x0000c490        0xc ./drivers/fsl_lpsci.o
                0x0000c490                LPSCI_GetDefaultConfig
 .text.LPSCI_WriteBlocking
                0x0000c49c       0x18 ./drivers/fsl_lpsci.o
                0x0000c49c                LPSCI_WriteBlocking
 .text.SPI_WriteNonBlocking
                0x0000c4b4       0x1e ./drivers/fsl_spi.o
 .text.SPI_SendTransfer
                0x0000c4d2       0x62 ./drivers/fsl_spi.o
 .text.SPI_ReceiveTransfer
                0x0000c534       0x3c ./drivers/fsl_spi.o
 .text.SPI_MasterSetBaudRate
                0x0000c570       0x6a ./drivers/fsl_spi.o
                0x0000c570                SPI_MasterSetBaudRate
 .text.SPI_MasterTransferNonBlocking
                0x0000c5da       0x78 ./drivers/fsl_spi.o
                0x0000c5da                SPI_MasterTransferNonBlocking
 .text.SPI_MasterTransferAbort
                0x0000c652       0x12 ./drivers/fsl_spi.o
                0x0000c652                SPI_MasterTransferAbort
 .text.SPI_MasterTransferHandleIRQ
                0x0000c664       0x34 ./drivers/fsl_spi.o
                0x0000c664                SPI_MasterTransferHandleIRQ
 .text.UART_GetDefaultConfig
                0x0000c698        0xc ./drivers/fsl_uart.o
                0x0000c698                UART_GetDefaultConfig
 .text.UART_WriteBlocking
                0x0000c6a4       0x18 ./drivers/fsl_uart.o
                0x0000c6a4                UART_WriteBlocking
 .text.BOARD_InitBootClocks
                0x0000c6bc        0x8 ./board/clock_config.o
                0x0000c6bc                BOARD_InitBootClocks
 .text.BOARD_InitBootPeripherals
                0x0000c6c4        0x2 ./board/peripherals.o
                0x0000c6c4                BOARD_InitBootPeripherals
 .text.BOARD_InitBootPins
                0x0000c6c6        0x8 ./board/pin_mux.o
                0x0000c6c6                BOARD_InitBootPins
 .text.I2Cx_GetCapabilities
                0x0000c6ce        0x4 ./CMSIS_driver/fsl_i2c_cmsis.o
 .text.I2C_Master_DmaGetDataCount
                0x0000c6d2       0x12 ./CMSIS_driver/fsl_i2c_cmsis.o
                0x0000c6d2                I2C_Master_DmaGetDataCount
 .text.I2C_Master_DmaGetStatus
                0x0000c6e4       0x28 ./CMSIS_driver/fsl_i2c_cmsis.o
                0x0000c6e4                I2C_Master_DmaGetStatus
 .text.__main   0x0000c70c        0xc C:/NXP/MCUXpressoIDE_24.12.148/ide/plugins/com.nxp.mcuxpresso.tools.win32_24.12.0.202407110909/tools/bin/../lib/gcc/arm-none-eabi/13.2.1/../../../../arm-none-eabi/lib/thumb/v6-m/nofp\libcr_nohost_nf.a(_cr__main.o)
                0x0000c70c                __main
 .text.__sys_flen
                0x0000c718        0x6 C:/NXP/MCUXpressoIDE_24.12.148/ide/plugins/com.nxp.mcuxpresso.tools.win32_24.12.0.202407110909/tools/bin/../lib/gcc/arm-none-eabi/13.2.1/../../../../arm-none-eabi/lib/thumb/v6-m/nofp\libcr_nohost_nf.a(__sys_flen.o)
                0x0000c718                __sys_flen
 .text.__sys_istty
                0x0000c71e        0x6 C:/NXP/MCUXpressoIDE_24.12.148/ide/plugins/com.nxp.mcuxpresso.tools.win32_24.12.0.202407110909/tools/bin/../lib/gcc/arm-none-eabi/13.2.1/../../../../arm-none-eabi/lib/thumb/v6-m/nofp\libcr_nohost_nf.a(__sys_istty.o)
                0x0000c71e                __sys_istty
 *(SORT_BY_ALIGNMENT(.rodata) SORT_BY_ALIGNMENT(.rodata.*) SORT_BY_ALIGNMENT(.constdata) SORT_BY_ALIGNMENT(.constdata.*))
 *fill*         0x0000c724        0x4 ff
 .rodata.__mprec_bigtens
                0x0000c728       0x28 C:/NXP/MCUXpressoIDE_24.12.148/ide/plugins/com.nxp.mcuxpresso.tools.win32_24.12.0.202407110909/tools/bin/../lib/gcc/arm-none-eabi/13.2.1/thumb/v6-m/nofp\libc.a(libc_a-mprec.o)
                0x0000c728                __mprec_bigtens
 .rodata.__mprec_tens
                0x0000c750       0xc8 C:/NXP/MCUXpressoIDE_24.12.148/ide/plugins/com.nxp.mcuxpresso.tools.win32_24.12.0.202407110909/tools/bin/../lib/gcc/arm-none-eabi/13.2.1/thumb/v6-m/nofp\libc.a(libc_a-mprec.o)
                0x0000c750                __mprec_tens
 .rodata        0x0000c818       0x10 ./source/COTS/ScreenIF/Src/ScreenIF.o
 .rodata.s_i2cClocks
                0x0000c828        0x8 ./drivers/fsl_i2c.o
 .rodata.s_spiClock
                0x0000c830        0x8 ./drivers/fsl_spi.o
 .rodata.s_uartClock
                0x0000c838        0xc ./drivers/fsl_uart.o
 .rodata.oscConfig_BOARD_BootClockRUN
                0x0000c844        0x8 ./board/clock_config.o
                0x0000c844                oscConfig_BOARD_BootClockRUN
 .rodata.simConfig_BOARD_BootClockRUN
                0x0000c84c        0x8 ./board/clock_config.o
                0x0000c84c                simConfig_BOARD_BootClockRUN
 .rodata.CSWTCH.24
                0x0000c854        0xc ./CMSIS_driver/fsl_i2c_cmsis.o
 .rodata.Driver_I2C0
                0x0000c860       0x30 ./CMSIS_driver/fsl_i2c_cmsis.o
                0x0000c860                Driver_I2C0
 .rodata.I2C0_DmaResource
                0x0000c890       0x10 ./CMSIS_driver/fsl_i2c_cmsis.o
                0x0000c890                I2C0_DmaResource
 .rodata.I2C0_Resource
                0x0000c8a0        0x8 ./CMSIS_driver/fsl_i2c_cmsis.o
                0x0000c8a0                I2C0_Resource
 .rodata.s_i2cClocks
                0x0000c8a8        0x8 ./CMSIS_driver/fsl_i2c_cmsis.o
 .rodata.__aeabi_fdiv
                0x0000c8b0       0x7c C:/NXP/MCUXpressoIDE_24.12.148/ide/plugins/com.nxp.mcuxpresso.tools.win32_24.12.0.202407110909/tools/bin/../lib/gcc/arm-none-eabi/13.2.1/thumb/v6-m/nofp\libgcc.a(divsf3.o)
 .rodata._svfprintf_r.str1.4
                0x0000c92c      0x1a7 C:/NXP/MCUXpressoIDE_24.12.148/ide/plugins/com.nxp.mcuxpresso.tools.win32_24.12.0.202407110909/tools/bin/../lib/gcc/arm-none-eabi/13.2.1/thumb/v6-m/nofp\libc.a(libc_a-svfprintf.o)
                                 0x42 (size before relaxing)
 *fill*         0x0000cad3        0x1 ff
 .rodata._svfprintf_r
                0x0000cad4      0x204 C:/NXP/MCUXpressoIDE_24.12.148/ide/plugins/com.nxp.mcuxpresso.tools.win32_24.12.0.202407110909/tools/bin/../lib/gcc/arm-none-eabi/13.2.1/thumb/v6-m/nofp\libc.a(libc_a-svfprintf.o)
 .rodata.zeroes.0
                0x0000ccd8       0x10 C:/NXP/MCUXpressoIDE_24.12.148/ide/plugins/com.nxp.mcuxpresso.tools.win32_24.12.0.202407110909/tools/bin/../lib/gcc/arm-none-eabi/13.2.1/thumb/v6-m/nofp\libc.a(libc_a-svfprintf.o)
 .rodata.blanks.1
                0x0000cce8       0x10 C:/NXP/MCUXpressoIDE_24.12.148/ide/plugins/com.nxp.mcuxpresso.tools.win32_24.12.0.202407110909/tools/bin/../lib/gcc/arm-none-eabi/13.2.1/thumb/v6-m/nofp\libc.a(libc_a-svfprintf.o)
 .rodata.str1.4
                0x0000ccf8       0x4c C:/NXP/MCUXpressoIDE_24.12.148/ide/plugins/com.nxp.mcuxpresso.tools.win32_24.12.0.202407110909/tools/bin/../lib/gcc/arm-none-eabi/13.2.1/thumb/v6-m/nofp\libc.a(libc_a-locale.o)
 .rodata._dtoa_r.str1.4
                0x0000ccf8       0x81 C:/NXP/MCUXpressoIDE_24.12.148/ide/plugins/com.nxp.mcuxpresso.tools.win32_24.12.0.202407110909/tools/bin/../lib/gcc/arm-none-eabi/13.2.1/thumb/v6-m/nofp\libc.a(libc_a-dtoa.o)
 .rodata.__multadd.str1.4
                0x0000ccf8       0x6e C:/NXP/MCUXpressoIDE_24.12.148/ide/plugins/com.nxp.mcuxpresso.tools.win32_24.12.0.202407110909/tools/bin/../lib/gcc/arm-none-eabi/13.2.1/thumb/v6-m/nofp\libc.a(libc_a-mprec.o)
 .rodata.p05.0  0x0000ccf8        0xc C:/NXP/MCUXpressoIDE_24.12.148/ide/plugins/com.nxp.mcuxpresso.tools.win32_24.12.0.202407110909/tools/bin/../lib/gcc/arm-none-eabi/13.2.1/thumb/v6-m/nofp\libc.a(libc_a-mprec.o)
 .rodata._ctype_
                0x0000cd04      0x101 C:/NXP/MCUXpressoIDE_24.12.148/ide/plugins/com.nxp.mcuxpresso.tools.win32_24.12.0.202407110909/tools/bin/../lib/gcc/arm-none-eabi/13.2.1/thumb/v6-m/nofp\libc.a(libc_a-ctype_.o)
                0x0000cd04                _ctype_
 .rodata.__assert_func.str1.4
                0x0000ce05       0x43 C:/NXP/MCUXpressoIDE_24.12.148/ide/plugins/com.nxp.mcuxpresso.tools.win32_24.12.0.202407110909/tools/bin/../lib/gcc/arm-none-eabi/13.2.1/thumb/v6-m/nofp\libc.a(libc_a-assert.o)
 .rodata._vfiprintf_r.str1.4
                0x0000ce05       0x2f C:/NXP/MCUXpressoIDE_24.12.148/ide/plugins/com.nxp.mcuxpresso.tools.win32_24.12.0.202407110909/tools/bin/../lib/gcc/arm-none-eabi/13.2.1/thumb/v6-m/nofp\libc.a(libc_a-vfiprintf.o)
 *fill*         0x0000ce05        0x3 ff
 .rodata._vfiprintf_r
                0x0000ce08      0x16c C:/NXP/MCUXpressoIDE_24.12.148/ide/plugins/com.nxp.mcuxpresso.tools.win32_24.12.0.202407110909/tools/bin/../lib/gcc/arm-none-eabi/13.2.1/thumb/v6-m/nofp\libc.a(libc_a-vfiprintf.o)
 .rodata.zeroes.0
                0x0000cf74       0x10 C:/NXP/MCUXpressoIDE_24.12.148/ide/plugins/com.nxp.mcuxpresso.tools.win32_24.12.0.202407110909/tools/bin/../lib/gcc/arm-none-eabi/13.2.1/thumb/v6-m/nofp\libc.a(libc_a-vfiprintf.o)
 .rodata.blanks.1
                0x0000cf84       0x10 C:/NXP/MCUXpressoIDE_24.12.148/ide/plugins/com.nxp.mcuxpresso.tools.win32_24.12.0.202407110909/tools/bin/../lib/gcc/arm-none-eabi/13.2.1/thumb/v6-m/nofp\libc.a(libc_a-vfiprintf.o)
 .rodata.__aeabi_ddiv
                0x0000cf94       0x40 C:/NXP/MCUXpressoIDE_24.12.148/ide/plugins/com.nxp.mcuxpresso.tools.win32_24.12.0.202407110909/tools/bin/../lib/gcc/arm-none-eabi/13.2.1/thumb/v6-m/nofp\libgcc.a(divdf3.o)
 .rodata.__num_Ciob_streams
                0x0000cfd4        0x4 C:/NXP/MCUXpressoIDE_24.12.148/ide/plugins/com.nxp.mcuxpresso.tools.win32_24.12.0.202407110909/tools/bin/../lib/gcc/arm-none-eabi/13.2.1/../../../../arm-none-eabi/lib/thumb/v6-m/nofp\libcr_nohost_nf.a(__ciob.o)
                0x0000cfd4                __num_Ciob_streams
 .rodata.fllFactorTable.1
                0x0000cfd8       0x10 ./drivers/fsl_clock.o
 .rodata.s_i2cDividerTable
                0x0000cfe8       0x80 ./drivers/fsl_i2c.o
 .rodata.s_i2cDriverVersion
                0x0000d068        0x4 ./CMSIS_driver/fsl_i2c_cmsis.o
 .rodata.SlaveIF_SlaveWriteRegister.str1.1
                0x0000d06c      0x1cd ./source/COTS/SlaveControlIF/Src/SlaveIF.o
                                 0x6f (size before relaxing)
 .rodata.SlaveIF_SlaveReadRegister.str1.1
                0x0000d239       0x3d ./source/COTS/SlaveControlIF/Src/SlaveIF.o
 .rodata.SPI_Callback.str1.1
                0x0000d239       0x2f ./source/COTS/SlaveControlIF/Src/SlaveIF.o
 .rodata.SlaveIF_ReadCellVoltage.str1.1
                0x0000d239       0x34 ./source/COTS/SlaveControlIF/Src/SlaveIF.o
 .rodata.SlaveIF_ReadStackVoltage.str1.1
                0x0000d239       0x1f ./source/COTS/SlaveControlIF/Src/SlaveIF.o
 .rodata.__func__.0
                0x0000d239       0x16 ./source/COTS/SlaveControlIF/Src/SlaveIF.o
 .rodata.__func__.1
                0x0000d24f       0x1b ./source/COTS/SlaveControlIF/Src/SlaveIF.o
 .rodata.__func__.2
                0x0000d26a       0x15 ./source/COTS/SlaveControlIF/Src/SlaveIF.o
 .rodata.DataMonitor_soc_disp.str1.1
                0x0000d27f        0xa ./source/COTS/BatteryStatusMonitor/Src/DataMonitor.o
 .rodata.DataMonitor_soh_disp.str1.1
                0x0000d27f        0x5 ./source/COTS/BatteryStatusMonitor/Src/DataMonitor.o
 .rodata.DataMonitor_current_disp.str1.1
                0x0000d27f        0x5 ./source/COTS/BatteryStatusMonitor/Src/DataMonitor.o
 .rodata.DataMonitor_Fault_disp.str1.1
                0x0000d27f       0x3d ./source/COTS/BatteryStatusMonitor/Src/DataMonitor.o
 .rodata.DataMonitor_Temp_disp.str1.1
                0x0000d27f        0x5 ./source/COTS/BatteryStatusMonitor/Src/DataMonitor.o
 .rodata.DataMonitor_Mode_disp.str1.1
                0x0000d27f       0x1f ./source/COTS/BatteryStatusMonitor/Src/DataMonitor.o
 .rodata.SysTick_Handler.str1.1
                0x0000d27f       0x2e ./source/COTS/BMSDataBase/Src/DataBase.o
 .rodata.__func__.0
                0x0000d27f       0x10 ./source/COTS/BMSDataBase/Src/DataBase.o
 .rodata.main.str1.1
                0x0000d28f       0x1b ./source/main.o
 .rodata.s_dmaIRQNumber
                0x0000d28f        0x4 ./drivers/fsl_dma.o
 .rodata.s_spiIRQ
                0x0000d293        0x2 ./drivers/fsl_spi.o
 .rodata.mcgConfig_BOARD_BootClockRUN
                0x0000d295        0xa ./board/clock_config.o
                0x0000d295                mcgConfig_BOARD_BootClockRUN
 .rodata._initio.str1.1
                0x0000d29f        0x4 C:/NXP/MCUXpressoIDE_24.12.148/ide/plugins/com.nxp.mcuxpresso.tools.win32_24.12.0.202407110909/tools/bin/../lib/gcc/arm-none-eabi/13.2.1/../../../../arm-none-eabi/lib/thumb/v6-m/nofp\libcr_c.a(initio.o)
                0x0000d2bc                        . = ALIGN (0x4)
 *fill*         0x0000d29f        0x1 ff

.glue_7         0x0000d2a0        0x0
 .glue_7        0x0000d2a0        0x0 linker stubs

.glue_7t        0x0000d2a0        0x0
 .glue_7t       0x0000d2a0        0x0 linker stubs

.vfp11_veneer   0x0000d2a0        0x0
 .vfp11_veneer  0x0000d2a0        0x0 linker stubs

.v4_bx          0x0000d2a0        0x0
 .v4_bx         0x0000d2a0        0x0 linker stubs

.init           0x0000d2a0        0x4
 .init          0x0000d2a0        0x4 C:/NXP/MCUXpressoIDE_24.12.148/ide/plugins/com.nxp.mcuxpresso.tools.win32_24.12.0.202407110909/tools/bin/../lib/gcc/arm-none-eabi/13.2.1/thumb/v6-m/nofp/crti.o
                0x0000d2a0                _init

.fini           0x0000d2a4        0x4
 .fini          0x0000d2a4        0x4 C:/NXP/MCUXpressoIDE_24.12.148/ide/plugins/com.nxp.mcuxpresso.tools.win32_24.12.0.202407110909/tools/bin/../lib/gcc/arm-none-eabi/13.2.1/thumb/v6-m/nofp/crti.o
                0x0000d2a4                _fini

.iplt           0x0000d2a8        0x0
 .iplt          0x0000d2a8        0x0 ./utilities/fsl_debug_console.o

.ARM.extab
 *(SORT_BY_ALIGNMENT(.ARM.extab*) SORT_BY_ALIGNMENT(.gnu.linkonce.armextab.*))

.ARM.exidx      0x0000d2a8        0x8
                0x0000d2a8                        __exidx_start = .
 *(SORT_BY_ALIGNMENT(.ARM.exidx*) SORT_BY_ALIGNMENT(.gnu.linkonce.armexidx.*))
 .ARM.exidx.text.__udivmoddi4
                0x0000d2a8        0x8 C:/NXP/MCUXpressoIDE_24.12.148/ide/plugins/com.nxp.mcuxpresso.tools.win32_24.12.0.202407110909/tools/bin/../lib/gcc/arm-none-eabi/13.2.1/thumb/v6-m/nofp\libgcc.a(_udivmoddi4.o)
                0x0000d2b0                        __exidx_end = .
                0x0000d2b0                        _etext = .

.rel.dyn        0x0000d2b0        0x0
 .rel.iplt      0x0000d2b0        0x0 ./utilities/fsl_debug_console.o

.m_usb_data
 *(SORT_BY_ALIGNMENT(m_usb_bdt))

.mtb_buffer_default
                0x1ffff000       0x80
 *(SORT_BY_ALIGNMENT(.mtb*))
 .mtb.$RAM1     0x1ffff000       0x80 ./source/mtb.o
                0x1ffff000                __mtb_buffer__

.uninit_RESERVED
                0x1ffff080        0x0
                0x1ffff080                        _start_uninit_RESERVED = .
 *(SORT_BY_ALIGNMENT(.bss.$RESERVED*))
                0x1ffff080                        . = ALIGN (0x4)
                0x1ffff080                        _end_uninit_RESERVED = .

.data           0x1ffff080      0x6cc load address 0x0000d2b0
 FILL mask 0xff
                0x1ffff080                        _data = .
                [!provide]                        PROVIDE (__start_data_RAM = .)
                [!provide]                        PROVIDE (__start_data_SRAM = .)
 *(SORT_BY_ALIGNMENT(vtable))
 *(SORT_BY_ALIGNMENT(.ramfunc*))
 *(SORT_BY_ALIGNMENT(CodeQuickAccess))
 *(SORT_BY_ALIGNMENT(DataQuickAccess))
 *(SORT_BY_ALIGNMENT(RamFunction))
 *(SORT_BY_ALIGNMENT(.data*))
 .data._impure_data
                0x1ffff080      0x120 C:/NXP/MCUXpressoIDE_24.12.148/ide/plugins/com.nxp.mcuxpresso.tools.win32_24.12.0.202407110909/tools/bin/../lib/gcc/arm-none-eabi/13.2.1/thumb/v6-m/nofp\libc.a(libc_a-impure.o)
                0x1ffff080                _impure_data
 .data.__malloc_av_
                0x1ffff1a0      0x408 C:/NXP/MCUXpressoIDE_24.12.148/ide/plugins/com.nxp.mcuxpresso.tools.win32_24.12.0.202407110909/tools/bin/../lib/gcc/arm-none-eabi/13.2.1/thumb/v6-m/nofp\libc.a(libc_a-mallocr.o)
                0x1ffff1a0                __malloc_av_
 .data.s_fastIrcFreq
                0x1ffff5a8        0x4 ./drivers/fsl_clock.o
 .data.s_slowIrcFreq
                0x1ffff5ac        0x4 ./drivers/fsl_clock.o
 .data.I2C0_DmaDriverState
                0x1ffff5b0       0x14 ./CMSIS_driver/fsl_i2c_cmsis.o
                0x1ffff5b0                I2C0_DmaDriverState
 .data.SystemCoreClock
                0x1ffff5c4        0x4 ./CMSIS/system_MKL25Z4.o
                0x1ffff5c4                SystemCoreClock
 .data.__sglue  0x1ffff5c8        0xc C:/NXP/MCUXpressoIDE_24.12.148/ide/plugins/com.nxp.mcuxpresso.tools.win32_24.12.0.202407110909/tools/bin/../lib/gcc/arm-none-eabi/13.2.1/thumb/v6-m/nofp\libc.a(libc_a-findfp.o)
                0x1ffff5c8                __sglue
 .data._impure_ptr
                0x1ffff5d4        0x4 C:/NXP/MCUXpressoIDE_24.12.148/ide/plugins/com.nxp.mcuxpresso.tools.win32_24.12.0.202407110909/tools/bin/../lib/gcc/arm-none-eabi/13.2.1/thumb/v6-m/nofp\libc.a(libc_a-impure.o)
                0x1ffff5d4                _impure_ptr
 .data.__malloc_sbrk_base
                0x1ffff5d8        0x4 C:/NXP/MCUXpressoIDE_24.12.148/ide/plugins/com.nxp.mcuxpresso.tools.win32_24.12.0.202407110909/tools/bin/../lib/gcc/arm-none-eabi/13.2.1/thumb/v6-m/nofp\libc.a(libc_a-mallocr.o)
                0x1ffff5d8                __malloc_sbrk_base
 .data.__malloc_trim_threshold
                0x1ffff5dc        0x4 C:/NXP/MCUXpressoIDE_24.12.148/ide/plugins/com.nxp.mcuxpresso.tools.win32_24.12.0.202407110909/tools/bin/../lib/gcc/arm-none-eabi/13.2.1/thumb/v6-m/nofp\libc.a(libc_a-mallocr.o)
                0x1ffff5dc                __malloc_trim_threshold
 .data.__global_locale
                0x1ffff5e0      0x16c C:/NXP/MCUXpressoIDE_24.12.148/ide/plugins/com.nxp.mcuxpresso.tools.win32_24.12.0.202407110909/tools/bin/../lib/gcc/arm-none-eabi/13.2.1/thumb/v6-m/nofp\libc.a(libc_a-locale.o)
                0x1ffff5e0                __global_locale
                0x1ffff74c                        . = ALIGN (0x4)
                0x1ffff74c                        _edata = .
                [!provide]                        PROVIDE (__end_data_RAM = .)
                [!provide]                        PROVIDE (__end_data_SRAM = .)

.igot.plt       0x1ffff74c        0x0 load address 0x0000d97c
 .igot.plt      0x1ffff74c        0x0 ./utilities/fsl_debug_console.o

.bss            0x1ffff74c      0x3e8
                0x1ffff74c                        _bss = .
                [!provide]                        PROVIDE (__start_bss_RAM = .)
                [!provide]                        PROVIDE (__start_bss_SRAM = .)
 *(SORT_BY_ALIGNMENT(.bss*))
 .bss.s_debugConsole
                0x1ffff74c       0x10 ./utilities/fsl_debug_console.o
 .bss.spiHandle
                0x1ffff75c       0x24 ./source/COTS/SlaveControlIF/Src/SlaveIF.o
                0x1ffff75c                spiHandle
 .bss.previousMeasurementData
                0x1ffff780       0x5c ./source/COTS/BMSDataBase/Src/DataBase.o
 .bss.currentMeasurementData
                0x1ffff7dc       0x5c ./source/COTS/BMSDataBase/Src/DataBase.o
 .bss.systick_count
                0x1ffff838        0x4 ./source/COTS/BMSDataBase/Src/DataBase.o
                0x1ffff838                systick_count
 .bss.g_xtal32Freq
                0x1ffff83c        0x4 ./drivers/fsl_clock.o
                0x1ffff83c                g_xtal32Freq
 .bss.g_xtal0Freq
                0x1ffff840        0x4 ./drivers/fsl_clock.o
                0x1ffff840                g_xtal0Freq
 .bss.s_DMAHandle
                0x1ffff844       0x10 ./drivers/fsl_dma.o
 .bss.s_i2cSlaveIsr
                0x1ffff854        0x4 ./drivers/fsl_i2c.o
 .bss.s_i2cMasterIsr
                0x1ffff858        0x4 ./drivers/fsl_i2c.o
 .bss.s_i2cHandle
                0x1ffff85c        0x8 ./drivers/fsl_i2c.o
 .bss.s_dmaPrivateHandle
                0x1ffff864       0x10 ./drivers/fsl_i2c_dma.o
 .bss.s_lpsciIsr
                0x1ffff874        0x4 ./drivers/fsl_lpsci.o
 .bss.s_lpsciHandle
                0x1ffff878        0x4 ./drivers/fsl_lpsci.o
 .bss.s_spiSlaveIsr
                0x1ffff87c        0x4 ./drivers/fsl_spi.o
 .bss.s_spiMasterIsr
                0x1ffff880        0x4 ./drivers/fsl_spi.o
 .bss.s_spiHandle
                0x1ffff884        0x8 ./drivers/fsl_spi.o
 .bss.s_uartIsr
                0x1ffff88c        0x4 ./drivers/fsl_uart.o
 .bss.s_uartHandle
                0x1ffff890        0xc ./drivers/fsl_uart.o
 .bss.I2C0_DmaTxRxHandle
                0x1ffff89c       0x10 ./CMSIS_driver/fsl_i2c_cmsis.o
                0x1ffff89c                I2C0_DmaTxRxHandle
 .bss.I2C0_DmaHandle
                0x1ffff8ac       0x2c ./CMSIS_driver/fsl_i2c_cmsis.o
                0x1ffff8ac                I2C0_DmaHandle
 .bss.__sf      0x1ffff8d8      0x138 C:/NXP/MCUXpressoIDE_24.12.148/ide/plugins/com.nxp.mcuxpresso.tools.win32_24.12.0.202407110909/tools/bin/../lib/gcc/arm-none-eabi/13.2.1/thumb/v6-m/nofp\libc.a(libc_a-findfp.o)
                0x1ffff8d8                __sf
 .bss.__stdio_exit_handler
                0x1ffffa10        0x4 C:/NXP/MCUXpressoIDE_24.12.148/ide/plugins/com.nxp.mcuxpresso.tools.win32_24.12.0.202407110909/tools/bin/../lib/gcc/arm-none-eabi/13.2.1/thumb/v6-m/nofp\libc.a(libc_a-findfp.o)
                0x1ffffa10                __stdio_exit_handler
 .bss.errno     0x1ffffa14        0x4 C:/NXP/MCUXpressoIDE_24.12.148/ide/plugins/com.nxp.mcuxpresso.tools.win32_24.12.0.202407110909/tools/bin/../lib/gcc/arm-none-eabi/13.2.1/thumb/v6-m/nofp\libc.a(libc_a-reent.o)
                0x1ffffa14                errno
 .bss.__lock___malloc_recursive_mutex
                0x1ffffa18        0x1 C:/NXP/MCUXpressoIDE_24.12.148/ide/plugins/com.nxp.mcuxpresso.tools.win32_24.12.0.202407110909/tools/bin/../lib/gcc/arm-none-eabi/13.2.1/thumb/v6-m/nofp\libc.a(libc_a-lock.o)
                0x1ffffa18                __lock___malloc_recursive_mutex
 *fill*         0x1ffffa19        0x3 
 .bss.__lock___sfp_recursive_mutex
                0x1ffffa1c        0x1 C:/NXP/MCUXpressoIDE_24.12.148/ide/plugins/com.nxp.mcuxpresso.tools.win32_24.12.0.202407110909/tools/bin/../lib/gcc/arm-none-eabi/13.2.1/thumb/v6-m/nofp\libc.a(libc_a-lock.o)
                0x1ffffa1c                __lock___sfp_recursive_mutex
 *fill*         0x1ffffa1d        0x3 
 .bss.__malloc_current_mallinfo
                0x1ffffa20       0x28 C:/NXP/MCUXpressoIDE_24.12.148/ide/plugins/com.nxp.mcuxpresso.tools.win32_24.12.0.202407110909/tools/bin/../lib/gcc/arm-none-eabi/13.2.1/thumb/v6-m/nofp\libc.a(libc_a-mallocr.o)
                0x1ffffa20                __malloc_current_mallinfo
 .bss.__malloc_max_total_mem
                0x1ffffa48        0x4 C:/NXP/MCUXpressoIDE_24.12.148/ide/plugins/com.nxp.mcuxpresso.tools.win32_24.12.0.202407110909/tools/bin/../lib/gcc/arm-none-eabi/13.2.1/thumb/v6-m/nofp\libc.a(libc_a-mallocr.o)
                0x1ffffa48                __malloc_max_total_mem
 .bss.__malloc_max_sbrked_mem
                0x1ffffa4c        0x4 C:/NXP/MCUXpressoIDE_24.12.148/ide/plugins/com.nxp.mcuxpresso.tools.win32_24.12.0.202407110909/tools/bin/../lib/gcc/arm-none-eabi/13.2.1/thumb/v6-m/nofp\libc.a(libc_a-mallocr.o)
                0x1ffffa4c                __malloc_max_sbrked_mem
 .bss.__malloc_top_pad
                0x1ffffa50        0x4 C:/NXP/MCUXpressoIDE_24.12.148/ide/plugins/com.nxp.mcuxpresso.tools.win32_24.12.0.202407110909/tools/bin/../lib/gcc/arm-none-eabi/13.2.1/thumb/v6-m/nofp\libc.a(libc_a-mallocr.o)
                0x1ffffa50                __malloc_top_pad
 .bss.__end_of_heap
                0x1ffffa54        0x4 C:/NXP/MCUXpressoIDE_24.12.148/ide/plugins/com.nxp.mcuxpresso.tools.win32_24.12.0.202407110909/tools/bin/../lib/gcc/arm-none-eabi/13.2.1/../../../../arm-none-eabi/lib/thumb/v6-m/nofp\libcr_c.a(__init_alloc.o)
                0x1ffffa54                __end_of_heap
 .bss.__Ciob    0x1ffffa58       0xb4 C:/NXP/MCUXpressoIDE_24.12.148/ide/plugins/com.nxp.mcuxpresso.tools.win32_24.12.0.202407110909/tools/bin/../lib/gcc/arm-none-eabi/13.2.1/../../../../arm-none-eabi/lib/thumb/v6-m/nofp\libcr_nohost_nf.a(__ciob.o)
                0x1ffffa58                __Ciob
 .bss.previousFaultData
                0x1ffffb0c        0xe ./source/COTS/BMSDataBase/Src/DataBase.o
 .bss.currentFaultData
                0x1ffffb1a        0xe ./source/COTS/BMSDataBase/Src/DataBase.o
 .bss.spiTransferCompleted
                0x1ffffb28        0x1 ./source/COTS/SlaveControlIF/Src/SlaveIF.o
                0x1ffffb28                spiTransferCompleted
 .bss.dpBacklight
                0x1ffffb29        0x1 ./source/COTS/ScreenIF/Src/ScreenIF.o
                0x1ffffb29                dpBacklight
 .bss.dpRows    0x1ffffb2a        0x1 ./source/COTS/ScreenIF/Src/ScreenIF.o
                0x1ffffb2a                dpRows
 .bss.dpMode    0x1ffffb2b        0x1 ./source/COTS/ScreenIF/Src/ScreenIF.o
                0x1ffffb2b                dpMode
 .bss.dpControl
                0x1ffffb2c        0x1 ./source/COTS/ScreenIF/Src/ScreenIF.o
                0x1ffffb2c                dpControl
 .bss.dpFunction
                0x1ffffb2d        0x1 ./source/COTS/ScreenIF/Src/ScreenIF.o
                0x1ffffb2d                dpFunction
 .bss.g_MasterCompletionFlag
                0x1ffffb2e        0x1 ./source/COTS/ScreenIF/Src/ScreenIF.o
                0x1ffffb2e                g_MasterCompletionFlag
 .bss.fault_interrupt
                0x1ffffb2f        0x1 ./source/COTS/BMSDataBase/Src/DataBase.o
                0x1ffffb2f                fault_interrupt
 .bss.data_interrupt
                0x1ffffb30        0x1 ./source/COTS/BMSDataBase/Src/DataBase.o
                0x1ffffb30                data_interrupt
 *(SORT_BY_ALIGNMENT(COMMON))
                0x1ffffb34                        . = ALIGN (0x4)
 *fill*         0x1ffffb31        0x3 
                0x1ffffb34                        _ebss = .
                [!provide]                        PROVIDE (__end_bss_RAM = .)
                [!provide]                        PROVIDE (__end_bss_SRAM = .)
                [!provide]                        PROVIDE (end = .)

.noinit         0x1ffffb34        0x0
                0x1ffffb34                        _noinit = .
                [!provide]                        PROVIDE (__start_noinit_RAM = .)
                [!provide]                        PROVIDE (__start_noinit_SRAM = .)
 *(SORT_BY_ALIGNMENT(.noinit*))
                0x1ffffb34                        . = ALIGN (0x4)
                0x1ffffb34                        _end_noinit = .
                [!provide]                        PROVIDE (__end_noinit_RAM = .)
                [!provide]                        PROVIDE (__end_noinit_SRAM = .)
                0x00000400                        _HeapSize = 0x400

.heap           0x1ffffb34      0x400
                0x1ffffb34                        _pvHeapStart = .
                0x1fffff34                        . = (. + _HeapSize)
 *fill*         0x1ffffb34      0x400 
                0x1fffff34                        . = ALIGN (0x4)
                0x1fffff34                        _pvHeapLimit = .
                0x00000400                        _StackSize = 0x400

.heap2stackfill
                0x1fffff34      0x400
                0x20000334                        . = (. + _StackSize)
 *fill*         0x1fffff34      0x400 

.stack          0x20002c00        0x0
                0x20002c00                        _vStackBase = .
                0x20002c00                        . = ALIGN (0x4)
                0x20003000                        _vStackTop = (. + _StackSize)
                0x00000000                        _image_start = LOADADDR (.text)
                0x0000d97c                        _image_end = (LOADADDR (.data) + SIZEOF (.data))
                0x0000d97c                        _image_size = (_image_end - _image_start)
OUTPUT(YARAB_V1.axf elf32-littlearm)
LOAD linker stubs

.ARM.attributes
                0x00000000       0x28
 .ARM.attributes
                0x00000000       0x1e C:/NXP/MCUXpressoIDE_24.12.148/ide/plugins/com.nxp.mcuxpresso.tools.win32_24.12.0.202407110909/tools/bin/../lib/gcc/arm-none-eabi/13.2.1/thumb/v6-m/nofp/crti.o
 .ARM.attributes
                0x0000001e       0x2c ./utilities/fsl_debug_console.o
 .ARM.attributes
                0x0000004a       0x2c ./startup/startup_mkl25z4.o
 .ARM.attributes
                0x00000076       0x2c ./source/COTS/SlaveControlIF/Src/SlaveIF.o
 .ARM.attributes
                0x000000a2       0x2c ./source/COTS/ScreenIF/Src/ScreenIF.o
 .ARM.attributes
                0x000000ce       0x2c ./source/COTS/BatteryStatusMonitor/Src/DataMonitor.o
 .ARM.attributes
                0x000000fa       0x2c ./source/COTS/BMSDataBase/Src/DataBase.o
 .ARM.attributes
                0x00000126       0x2c ./source/main.o
 .ARM.attributes
                0x00000152       0x2c ./source/mtb.o
 .ARM.attributes