../drivers/fsl_spi.c:152:13:SPI_WriteNonBlocking	12	static
../drivers/fsl_spi.c:279:13:SPI_SendTransfer	24	static
../drivers/fsl_spi.c:341:13:SPI_ReceiveTransfer	12	static
../drivers/fsl_spi.c:1018:13:SPI_CommonIRQHandler	8	static
../drivers/fsl_spi.c:134:10:SPI_GetInstance	0	static
../drivers/fsl_spi.c:386:6:SPI_MasterGetDefaultConfig	0	static
../drivers/fsl_spi.c:454:6:SPI_SlaveGetDefaultConfig	0	static
../drivers/fsl_spi.c:472:6:SPI_SlaveInit	16	static
../drivers/fsl_spi.c:511:6:SPI_Deinit	8	static
../drivers/fsl_spi.c:522:10:SPI_GetStatusFlags	0	static
../drivers/fsl_spi.c:538:6:SPI_EnableInterrupts	0	static
../drivers/fsl_spi.c:577:6:SPI_DisableInterrupts	0	static
../drivers/fsl_spi.c:615:6:SPI_MasterSetBaudRate	48	static
../drivers/fsl_spi.c:408:6:SPI_MasterInit	32	static
../drivers/fsl_spi.c:668:6:SPI_WriteBlocking	24	static
../drivers/fsl_spi.c:709:6:SPI_WriteData	0	static
../drivers/fsl_spi.c:719:10:SPI_ReadData	0	static
../drivers/fsl_spi.c:731:10:SPI_MasterTransferBlocking	24	static
../drivers/fsl_spi.c:793:6:SPI_MasterTransferCreateHandle	24	static
../drivers/fsl_spi.c:823:10:SPI_MasterTransferNonBlocking	16	static
../drivers/fsl_spi.c:895:10:SPI_MasterTransferGetCount	8	static
../drivers/fsl_spi.c:921:6:SPI_MasterTransferAbort	0	static
../drivers/fsl_spi.c:947:6:SPI_MasterTransferHandleIRQ.part.0	16	static
../drivers/fsl_spi.c:989:6:SPI_SlaveTransferHandleIRQ	16	static
../drivers/fsl_spi.c:947:6:SPI_MasterTransferHandleIRQ	16	static
../drivers/fsl_spi.c:976:6:SPI_SlaveTransferCreateHandle	8	static
../drivers/fsl_spi.c:1031:6:SPI0_DriverIRQHandler	8	static
../drivers/fsl_spi.c:1039:6:SPI1_DriverIRQHandler	8	static
