../drivers/Slave_Center_IF.c:11:6:SPI_Callback	8	static
../drivers/Slave_Center_IF.c:31:6:SPI_Init	32	static
../drivers/Slave_Center_IF.c:74:6:SPI_WriteRegister	64	static
../drivers/Slave_Center_IF.c:118:10:SPI_ReadRegister	56	static
../drivers/Slave_Center_IF.c:175:6:setInitialization	8	static
../drivers/Slave_Center_IF.c:185:6:setSystemGlobalConfig	8	static
../drivers/Slave_Center_IF.c:195:6:setSystemConfig1	8	static
../drivers/Slave_Center_IF.c:204:6:setSystemConfig2	8	static
../drivers/Slave_Center_IF.c:214:10:getSystemDiagnostic	8	static
../drivers/Slave_Center_IF.c:225:6:setADCConfig	8	static
../drivers/Slave_Center_IF.c:234:6:setADC2OffsetCompensation	8	static
../drivers/Slave_Center_IF.c:245:6:setOVUVEnable	8	static
../drivers/Slave_Center_IF.c:254:10:getCellOVFault	8	static
../drivers/Slave_Center_IF.c:260:10:getCellUVFault	8	static
../drivers/Slave_Center_IF.c:268:6:setCellBalanceConfig	16	static
