C:\Users\abdal\OneDrive - Faculty of Engineering Ain Shams University\Desktop\nxp\YARAB_V1\CMSIS/core_cm0plus.h:745:22:NVIC_EnableIRQ	16	static
C:\Users\abdal\OneDrive - Faculty of Engineering Ain Shams University\Desktop\nxp\YARAB_V1\CMSIS/core_cm0plus.h:804:22:NVIC_SetPriority	24	static
../source/COTS/ScreenIF/Src/ScreenIF.c:40:13:DelayUS	24	static
../source/COTS/ScreenIF/Src/ScreenIF.c:46:10:I2C0_GetFreq	8	static
../source/COTS/ScreenIF/Src/ScreenIF.c:51:6:I2C_MasterSignalEvent_t	16	static
../source/COTS/ScreenIF/Src/ScreenIF.c:60:6:I2C_init	8	static
../source/COTS/ScreenIF/Src/ScreenIF.c:74:6:ScreenIF_ExpanderWrite	32	static
../source/COTS/ScreenIF/Src/ScreenIF.c:82:6:ScreenIF_PulseEnable	16	static
../source/COTS/ScreenIF/Src/ScreenIF.c:92:6:ScreenIF_SendCommand	32	static
../source/COTS/ScreenIF/Src/ScreenIF.c:104:6:ScreenIF_Home	8	static
../source/COTS/ScreenIF/Src/ScreenIF.c:109:13:ScreenIF_Send	32	static
../source/COTS/ScreenIF/Src/ScreenIF.c:116:13:ScreenIF_Write4Bits	16	static
../source/COTS/ScreenIF/Src/ScreenIF.c:121:6:ScreenIF_Clear	8	static
../source/COTS/ScreenIF/Src/ScreenIF.c:122:6:ScreenIF_Display	8	static
../source/COTS/ScreenIF/Src/ScreenIF.c:125:6:ScreenIF_Init	16	static
../source/COTS/ScreenIF/Src/ScreenIF.c:170:6:ScreenIF_SetCursor	40	static
../source/COTS/ScreenIF/Src/ScreenIF.c:181:6:ScreenIF_PrintStr	16	static
../source/COTS/ScreenIF/Src/ScreenIF.c:185:6:ScreenIF_CreateSpecialChar	24	static
../source/COTS/ScreenIF/Src/ScreenIF.c:194:13:ScreenIF_SendChar	16	static
../source/COTS/ScreenIF/Src/ScreenIF.c:198:6:I2C0_InitPins	8	static
../source/COTS/ScreenIF/Src/ScreenIF.c:201:6:I2C0_DeinitPins	8	static
