D:\Work_Space\NXP\gp\YARAB_V1\CMSIS/core_cm0plus.h:745:22:NVIC_EnableIRQ	16	static
D:\Work_Space\NXP\gp\YARAB_V1\CMSIS/core_cm0plus.h:804:22:NVIC_SetPriority	24	static
../source/COTS/ScreenIF/Src/ScreenIF.c:42:10:I2C0_GetFreq	8	static
../source/COTS/ScreenIF/Src/ScreenIF.c:47:6:I2C_MasterSignalEvent_t	16	static
../source/COTS/ScreenIF/Src/ScreenIF.c:56:6:I2C_init	8	static
../source/COTS/ScreenIF/Src/ScreenIF.c:70:6:ScreenIF_ExpanderWrite	32	static
../source/COTS/ScreenIF/Src/ScreenIF.c:78:6:ScreenIF_PulseEnable	16	static
../source/COTS/ScreenIF/Src/ScreenIF.c:88:6:ScreenIF_SendCommand	32	static
../source/COTS/ScreenIF/Src/ScreenIF.c:100:6:ScreenIF_Home	8	static
../source/COTS/ScreenIF/Src/ScreenIF.c:105:13:ScreenIF_Send	32	static
../source/COTS/ScreenIF/Src/ScreenIF.c:112:13:ScreenIF_Write4Bits	16	static
../source/COTS/ScreenIF/Src/ScreenIF.c:117:6:ScreenIF_Clear	8	static
../source/COTS/ScreenIF/Src/ScreenIF.c:118:6:ScreenIF_Display	8	static
../source/COTS/ScreenIF/Src/ScreenIF.c:121:6:ScreenIF_Init	16	static
../source/COTS/ScreenIF/Src/ScreenIF.c:166:6:ScreenIF_SetCursor	40	static
../source/COTS/ScreenIF/Src/ScreenIF.c:177:6:ScreenIF_PrintStr	16	static
../source/COTS/ScreenIF/Src/ScreenIF.c:181:6:ScreenIF_CreateSpecialChar	24	static
../source/COTS/ScreenIF/Src/ScreenIF.c:190:13:ScreenIF_SendChar	16	static
../source/COTS/ScreenIF/Src/ScreenIF.c:194:6:I2C0_InitPins	8	static
../source/COTS/ScreenIF/Src/ScreenIF.c:197:6:I2C0_DeinitPins	8	static
