../source/COTS/SlaveControlIF/Src/SlaveIF.c:129:13:spiDmaTxCallback	0	static
../source/COTS/SlaveControlIF/Src/SlaveIF.c:152:13:spiDmaRxCallback	0	static
../source/COTS/SlaveControlIF/Src/SlaveIF.c:203:16:calculateCrc8.constprop	8	static
../source/COTS/SlaveControlIF/Src/SlaveIF.c:460:17:SlaveIF_readRegister	88	static
../source/COTS/SlaveControlIF/Src/SlaveIF.c:221:13:resetSpi0	32	static
../source/COTS/SlaveControlIF/Src/SlaveIF.c:351:13:SlaveIF_writeRegister	88	static
../source/COTS/SlaveControlIF/Src/SlaveIF.c:176:6:DMA0_IRQHandler	8	static
../source/COTS/SlaveControlIF/Src/SlaveIF.c:880:6:SlaveIF_initTransfer	56	static
../source/COTS/SlaveControlIF/Src/SlaveIF.c:934:6:SlaveIF_tplEnable	8	static
../source/COTS/SlaveControlIF/Src/SlaveIF.c:963:6:SlaveIF_wakeUp	32	static
../source/COTS/SlaveControlIF/Src/SlaveIF.c:1001:6:SlaveIF_setSleepMode	8	static
../source/COTS/SlaveControlIF/Src/SlaveIF.c:1031:6:SlaveIF_configAdc	8	static
../source/COTS/SlaveControlIF/Src/SlaveIF.c:1059:6:SlaveIF_configAdcOffset	8	static
../source/COTS/SlaveControlIF/Src/SlaveIF.c:1103:6:SlaveIF_init	16	static
../source/COTS/SlaveControlIF/Src/SlaveIF.c:1181:6:SlaveIF_configureProtectionThresholds	48	static
../source/COTS/SlaveControlIF/Src/SlaveIF.c:1251:6:SlaveIF_startMeasurementCycle	16	static
../source/COTS/SlaveControlIF/Src/SlaveIF.c:1336:10:SlaveIF_getFault1Status	8	static
../source/COTS/SlaveControlIF/Src/SlaveIF.c:1353:10:SlaveIF_getFault2Status	8	static
../source/COTS/SlaveControlIF/Src/SlaveIF.c:1369:10:SlaveIF_getFault3Status	8	static
../source/COTS/SlaveControlIF/Src/SlaveIF.c:1386:10:SlaveIF_readCellOverVoltageStatus	8	static
../source/COTS/SlaveControlIF/Src/SlaveIF.c:1400:10:SlaveIF_readCellUnderVoltageStatus	8	static
../source/COTS/SlaveControlIF/Src/SlaveIF.c:1420:6:SlaveIF_enableCellBalancing	48	static
../source/COTS/SlaveControlIF/Src/SlaveIF.c:1471:10:SlaveIF_readCellBalancingDriverStatus	8	static
../source/COTS/SlaveControlIF/Src/SlaveIF.c:1496:10:SlaveIF_readCellBalancingShortedStatus	8	static
../source/COTS/SlaveControlIF/Src/SlaveIF.c:1516:10:SlaveIF_readCellBalancingOpenLoadStatus	8	static
../source/COTS/SlaveControlIF/Src/SlaveIF.c:1539:15:SlaveIF_readGpioAnStatus	16	static
../source/COTS/SlaveControlIF/Src/SlaveIF.c:1580:19:SlaveIF_readOtUtStatus	16	static
../source/COTS/SlaveControlIF/Src/SlaveIF.c:1617:7:SlaveIF_readTemperature	8	static
../source/COTS/SlaveControlIF/Src/SlaveIF.c:1680:7:SlaveIF_readCellVoltage	16	static
../source/COTS/SlaveControlIF/Src/SlaveIF.c:1735:7:SlaveIF_readPackVoltage	8	static
../source/COTS/SlaveControlIF/Src/SlaveIF.c:1791:7:SlaveIF_readCurrent	16	static
../source/COTS/SlaveControlIF/Src/SlaveIF.c:1959:10:SlaveIF_readNumberCoulombSamples	8	static
../source/COTS/SlaveControlIF/Src/SlaveIF.c:1981:10:SlaveIF_readCoulombCountRaw	8	static
../source/COTS/SlaveControlIF/Src/SlaveIF.c:1999:6:SlaveIF_isCoulombSamplesSufficient	8	static
