../source/COTS/SlaveControlIF/Src/SlaveIF.c:913:17:SlaveIf_CalculateOvUvThresholdReg	16	static
../source/COTS/SlaveControlIF/Src/SlaveIF.c:61:13:spiDmaRxCallback	8	static
../source/COTS/SlaveControlIF/Src/SlaveIF.c:51:13:spiDmaTxCallback	8	static
../source/COTS/SlaveControlIF/Src/SlaveIF.c:31:16:calculateCrc8.constprop	8	static
../source/COTS/SlaveControlIF/Src/SlaveIF.c:240:17:SlaveIF_readRegister	72	static
../source/COTS/SlaveControlIF/Src/SlaveIF.c:72:13:resetSpi0	32	static
../source/COTS/SlaveControlIF/Src/SlaveIF.c:157:13:SlaveIF_writeRegister	80	static
../source/COTS/SlaveControlIF/Src/SlaveIF.c:87:6:SlaveIF_initTransfer	56	static
../source/COTS/SlaveControlIF/Src/SlaveIF.c:141:6:DMA0_IRQHandler	8	static
../source/COTS/SlaveControlIF/Src/SlaveIF.c:334:6:SlaveIF_setupSystem	8	static
../source/COTS/SlaveControlIF/Src/SlaveIF.c:353:6:SlaveIF_setSleepMode	8	static
../source/COTS/SlaveControlIF/Src/SlaveIF.c:366:6:SlaveIF_configSystem1	8	static
../source/COTS/SlaveControlIF/Src/SlaveIF.c:376:6:SlaveIF_configSystem2	8	static
../source/COTS/SlaveControlIF/Src/SlaveIF.c:391:6:SlaveIF_configAdc	8	static
../source/COTS/SlaveControlIF/Src/SlaveIF.c:427:6:SlaveIF_configAdcOffset	8	static
../source/COTS/SlaveControlIF/Src/SlaveIF.c:469:6:SlaveIF_startMeasurementCycle	8	static
../source/COTS/SlaveControlIF/Src/SlaveIF.c:506:6:SlaveIF_enableOvUv	8	static
../source/COTS/SlaveControlIF/Src/SlaveIF.c:517:10:SlaveIF_readCellOverVoltageStatus	8	static
../source/COTS/SlaveControlIF/Src/SlaveIF.c:528:10:SlaveIF_readCellUnderVoltageStatus	8	static
../source/COTS/SlaveControlIF/Src/SlaveIF.c:544:6:SlaveIF_enableCellBalancing	16	static
../source/COTS/SlaveControlIF/Src/SlaveIF.c:582:6:SlaveIF_readCellBalancingDriverStatus	16	static
../source/COTS/SlaveControlIF/Src/SlaveIF.c:598:10:SlaveIF_readCellBalancingShortedStatus	8	static
../source/COTS/SlaveControlIF/Src/SlaveIF.c:608:10:SlaveIF_readCellBalancingOpenLoadStatus	8	static
../source/COTS/SlaveControlIF/Src/SlaveIF.c:619:6:SlaveIF_configAllGpiosForTempSensors	8	static
../source/COTS/SlaveControlIF/Src/SlaveIF.c:632:15:SlaveIF_readGpioAnStatus	16	static
../source/COTS/SlaveControlIF/Src/SlaveIF.c:649:19:SlaveIF_readOtUtStatus	16	static
../source/COTS/SlaveControlIF/Src/SlaveIF.c:666:7:SlaveIF_readTemperature	8	static
../source/COTS/SlaveControlIF/Src/SlaveIF.c:710:10:SlaveIF_readNumberCoulombSamples	8	static
../source/COTS/SlaveControlIF/Src/SlaveIF.c:720:6:SlaveIF_isCoulombSamplesSufficient	8	static
../source/COTS/SlaveControlIF/Src/SlaveIF.c:733:7:SlaveIF_readCellVoltage	8	static
../source/COTS/SlaveControlIF/Src/SlaveIF.c:770:7:SlaveIF_readPackVoltage	8	static
../source/COTS/SlaveControlIF/Src/SlaveIF.c:802:7:SlaveIF_readCurrent	96	static
../source/COTS/SlaveControlIF/Src/SlaveIF.c:959:6:SlaveIf_setGlobalOvUvThreshold	40	static
../source/COTS/SlaveControlIF/Src/SlaveIF.c:968:6:SlaveIf_setCellOvUvThreshold	48	static
../source/COTS/SlaveControlIF/Src/SlaveIF.c:983:6:SlaveIf_setOverTempThreshold	40	static
../source/COTS/SlaveControlIF/Src/SlaveIF.c:998:6:SlaveIf_setUnderTempThreshold	40	static
../source/COTS/SlaveControlIF/Src/SlaveIF.c:1013:6:SlaveIf_setOverCurrentThreshold	40	static
