../source/COTS/SlaveControlIF/Src/SlaveIF.c:131:13:spiDmaTxCallback	0	static
../source/COTS/SlaveControlIF/Src/SlaveIF.c:156:13:spiDmaRxCallback	0	static
../source/COTS/SlaveControlIF/Src/SlaveIF.c:207:16:calculateCrc8.constprop	8	static
../source/COTS/SlaveControlIF/Src/SlaveIF.c:579:17:SlaveIF_readRegister	88	static
../source/COTS/SlaveControlIF/Src/SlaveIF.c:225:13:resetSpi0	40	static
../source/COTS/SlaveControlIF/Src/SlaveIF.c:356:13:SlaveIF_writeRegister	48	static
../source/COTS/SlaveControlIF/Src/SlaveIF.c:180:6:DMA0_IRQHandler	8	static
../source/COTS/SlaveControlIF/Src/SlaveIF.c:999:6:SlaveIF_initTransfer	64	static
../source/COTS/SlaveControlIF/Src/SlaveIF.c:1056:6:SlaveIF_tplEnable	8	static
../source/COTS/SlaveControlIF/Src/SlaveIF.c:1085:6:SlaveIF_wakeUp	16	static
../source/COTS/SlaveControlIF/Src/SlaveIF.c:1123:6:SlaveIF_setSleepMode	8	static
../source/COTS/SlaveControlIF/Src/SlaveIF.c:1153:6:SlaveIF_configAdc	8	static
../source/COTS/SlaveControlIF/Src/SlaveIF.c:1181:6:SlaveIF_configAdcOffset	8	static
../source/COTS/SlaveControlIF/Src/SlaveIF.c:1225:6:SlaveIF_init	16	static
../source/COTS/SlaveControlIF/Src/SlaveIF.c:1303:6:SlaveIF_configureProtectionThresholds	48	static
../source/COTS/SlaveControlIF/Src/SlaveIF.c:1373:6:SlaveIF_startMeasurementCycle	16	static
../source/COTS/SlaveControlIF/Src/SlaveIF.c:1458:10:SlaveIF_getFault1Status	8	static
../source/COTS/SlaveControlIF/Src/SlaveIF.c:1475:10:SlaveIF_getFault2Status	8	static
../source/COTS/SlaveControlIF/Src/SlaveIF.c:1491:10:SlaveIF_getFault3Status	8	static
../source/COTS/SlaveControlIF/Src/SlaveIF.c:1508:10:SlaveIF_readCellOverVoltageStatus	8	static
../source/COTS/SlaveControlIF/Src/SlaveIF.c:1522:10:SlaveIF_readCellUnderVoltageStatus	8	static
../source/COTS/SlaveControlIF/Src/SlaveIF.c:1542:6:SlaveIF_enableCellBalancing	48	static
../source/COTS/SlaveControlIF/Src/SlaveIF.c:1593:10:SlaveIF_readCellBalancingDriverStatus	8	static
../source/COTS/SlaveControlIF/Src/SlaveIF.c:1618:10:SlaveIF_readCellBalancingShortedStatus	8	static
../source/COTS/SlaveControlIF/Src/SlaveIF.c:1638:10:SlaveIF_readCellBalancingOpenLoadStatus	8	static
../source/COTS/SlaveControlIF/Src/SlaveIF.c:1661:15:SlaveIF_readGpioAnStatus	16	static
../source/COTS/SlaveControlIF/Src/SlaveIF.c:1702:19:SlaveIF_readOtUtStatus	16	static
../source/COTS/SlaveControlIF/Src/SlaveIF.c:1739:7:SlaveIF_readTemperature	8	static
../source/COTS/SlaveControlIF/Src/SlaveIF.c:1802:7:SlaveIF_readCellVoltage	16	static
../source/COTS/SlaveControlIF/Src/SlaveIF.c:1857:7:SlaveIF_readPackVoltage	8	static
../source/COTS/SlaveControlIF/Src/SlaveIF.c:1913:7:SlaveIF_readCurrent	16	static
../source/COTS/SlaveControlIF/Src/SlaveIF.c:2081:10:SlaveIF_readNumberCoulombSamples	8	static
../source/COTS/SlaveControlIF/Src/SlaveIF.c:2103:10:SlaveIF_readCoulombCountRaw	8	static
../source/COTS/SlaveControlIF/Src/SlaveIF.c:2121:6:SlaveIF_isCoulombSamplesSufficient	8	static
