../source/COTS/SlaveControlIF/Src/SlaveIF.c:852:17:SlaveIf_CalculateOvUvThresholdReg	16	static
../source/COTS/SlaveControlIF/Src/SlaveIF.c:74:13:spiRxCallback	8	static
../source/COTS/SlaveControlIF/Src/SlaveIF.c:55:13:spiTxCallback	8	static
../source/COTS/SlaveControlIF/Src/SlaveIF.c:31:16:calculateCrc8.constprop	8	static
../source/COTS/SlaveControlIF/Src/SlaveIF.c:200:17:SlaveIF_readRegister	64	static
../source/COTS/SlaveControlIF/Src/SlaveIF.c:147:13:SlaveIF_writeRegister	72	static
../source/COTS/SlaveControlIF/Src/SlaveIF.c:107:6:SlaveIF_initTransfer	48	static
../source/COTS/SlaveControlIF/Src/SlaveIF.c:273:6:SlaveIF_setupSystem	8	static
../source/COTS/SlaveControlIF/Src/SlaveIF.c:292:6:SlaveIF_setSleepMode	8	static
../source/COTS/SlaveControlIF/Src/SlaveIF.c:305:6:SlaveIF_configSystem1	8	static
../source/COTS/SlaveControlIF/Src/SlaveIF.c:315:6:SlaveIF_configSystem2	8	static
../source/COTS/SlaveControlIF/Src/SlaveIF.c:330:6:SlaveIF_configAdc	8	static
../source/COTS/SlaveControlIF/Src/SlaveIF.c:366:6:SlaveIF_configAdcOffset	8	static
../source/COTS/SlaveControlIF/Src/SlaveIF.c:408:6:SlaveIF_startMeasurementCycle	8	static
../source/COTS/SlaveControlIF/Src/SlaveIF.c:445:6:SlaveIF_enableOvUv	8	static
../source/COTS/SlaveControlIF/Src/SlaveIF.c:456:10:SlaveIF_readCellOverVoltageStatus	8	static
../source/COTS/SlaveControlIF/Src/SlaveIF.c:467:10:SlaveIF_readCellUnderVoltageStatus	8	static
../source/COTS/SlaveControlIF/Src/SlaveIF.c:483:6:SlaveIF_enableCellBalancing	16	static
../source/COTS/SlaveControlIF/Src/SlaveIF.c:521:6:SlaveIF_readCellBalancingDriverStatus	16	static
../source/COTS/SlaveControlIF/Src/SlaveIF.c:537:10:SlaveIF_readCellBalancingShortedStatus	8	static
../source/COTS/SlaveControlIF/Src/SlaveIF.c:547:10:SlaveIF_readCellBalancingOpenLoadStatus	8	static
../source/COTS/SlaveControlIF/Src/SlaveIF.c:558:6:SlaveIF_configAllGpiosForTempSensors	8	static
../source/COTS/SlaveControlIF/Src/SlaveIF.c:571:15:SlaveIF_readGpioAnStatus	16	static
../source/COTS/SlaveControlIF/Src/SlaveIF.c:588:19:SlaveIF_readOtUtStatus	16	static
../source/COTS/SlaveControlIF/Src/SlaveIF.c:605:7:SlaveIF_readTemperature	8	static
../source/COTS/SlaveControlIF/Src/SlaveIF.c:649:10:SlaveIF_readNumberCoulombSamples	8	static
../source/COTS/SlaveControlIF/Src/SlaveIF.c:659:6:SlaveIF_isCoulombSamplesSufficient	8	static
../source/COTS/SlaveControlIF/Src/SlaveIF.c:672:7:SlaveIF_readCellVoltage	8	static
../source/COTS/SlaveControlIF/Src/SlaveIF.c:709:7:SlaveIF_readPackVoltage	8	static
../source/COTS/SlaveControlIF/Src/SlaveIF.c:741:7:SlaveIF_readCurrent	96	static
../source/COTS/SlaveControlIF/Src/SlaveIF.c:898:6:SlaveIf_setGlobalOvUvThreshold	40	static
../source/COTS/SlaveControlIF/Src/SlaveIF.c:907:6:SlaveIf_setCellOvUvThreshold	48	static
../source/COTS/SlaveControlIF/Src/SlaveIF.c:922:6:SlaveIf_setOverTempThreshold	40	static
../source/COTS/SlaveControlIF/Src/SlaveIF.c:937:6:SlaveIf_setUnderTempThreshold	40	static
../source/COTS/SlaveControlIF/Src/SlaveIF.c:952:6:SlaveIf_setOverCurrentThreshold	40	static
