../source/COTS/SlaveControlIF/Src/SlaveIF.c:112:13:SlaveIF_SlaveWriteRegister	56	static
../source/COTS/SlaveControlIF/Src/SlaveIF.c:163:17:SlaveIF_SlaveReadRegister	48	static
../source/COTS/SlaveControlIF/Src/SlaveIF.c:50:13:SPI_Callback	8	static
../source/COTS/SlaveControlIF/Src/SlaveIF.c:72:6:SlaveIF_TransferInit	24	static
../source/COTS/SlaveControlIF/Src/SlaveIF.c:233:6:SlaveIF_SystemSetup	8	static
../source/COTS/SlaveControlIF/Src/SlaveIF.c:249:6:SlaveIF_Go2SleepMode	8	static
../source/COTS/SlaveControlIF/Src/SlaveIF.c:262:6:SlaveIF_SystemConfig1	8	static
../source/COTS/SlaveControlIF/Src/SlaveIF.c:276:6:SlaveIF_SystemConfig2	8	static
../source/COTS/SlaveControlIF/Src/SlaveIF.c:291:6:SlaveIF_CfgADC	0	static
../source/COTS/SlaveControlIF/Src/SlaveIF.c:297:6:SlaveIF_CfgADCOffset	0	static
../source/COTS/SlaveControlIF/Src/SlaveIF.c:306:6:SlaveIF_EnableOVUV	8	static
../source/COTS/SlaveControlIF/Src/SlaveIF.c:317:10:SlaveIF_ReadCellOverVoltageStatus	8	static
../source/COTS/SlaveControlIF/Src/SlaveIF.c:333:10:SlaveIF_ReadCellUnderVoltageStatus	8	static
../source/COTS/SlaveControlIF/Src/SlaveIF.c:350:6:SlaveIF_EnableCellBalancing	16	static
../source/COTS/SlaveControlIF/Src/SlaveIF.c:395:6:SlaveIF_ReadCellBalancingDriverStatus	24	static
../source/COTS/SlaveControlIF/Src/SlaveIF.c:419:10:SlaveIF_ReadCellBalancingShortedStatus	8	static
../source/COTS/SlaveControlIF/Src/SlaveIF.c:428:10:SlaveIF_ReadCellBalancingOpenLoadStatus	8	static
../source/COTS/SlaveControlIF/Src/SlaveIF.c:438:6:SlaveIF_CfgAllGpiosForTempSensors	8	static
../source/COTS/SlaveControlIF/Src/SlaveIF.c:456:15:SlaveIF_ReadGpioAnStatus	16	static
../source/COTS/SlaveControlIF/Src/SlaveIF.c:474:19:SlaveIF_ReadOtUttatus	16	static
../source/COTS/SlaveControlIF/Src/SlaveIF.c:491:10:SlaveIF_ReadNumberCoulombSamples	8	static
../source/COTS/SlaveControlIF/Src/SlaveIF.c:500:6:SlaveIF_IsCoulombSamplesSufficient	8	static
../source/COTS/SlaveControlIF/Src/SlaveIF.c:514:7:SlaveIF_ReadCellVoltage	8	static
../source/COTS/SlaveControlIF/Src/SlaveIF.c:552:7:SlaveIF_ReadStackVoltage	8	static
