C:\Users\abdal\OneDrive - Faculty of Engineering Ain Shams University\Desktop\nxp\YARAB_V1\CMSIS/core_cm0plus.h:745:22:NVIC_EnableIRQ	16	static
C:\Users\abdal\OneDrive - Faculty of Engineering Ain Shams University\Desktop\nxp\YARAB_V1\CMSIS/core_cm0plus.h:804:22:NVIC_SetPriority	24	static
C:\Users\abdal\OneDrive - Faculty of Engineering Ain Shams University\Desktop\nxp\YARAB_V1\drivers/fsl_clock.h:584:20:CLOCK_EnableClock	24	static
../source/COTS/SlaveControllerIF/Src/SlaveIF.c:15:9:calculate_crc8	32	static
../source/COTS/SlaveControllerIF/Src/SlaveIF.c:27:9:checkcrc8	32	static
../source/COTS/SlaveControllerIF/Src/SlaveIF.c:50:6:SPI_Callback	24	static
../source/COTS/SlaveControllerIF/Src/SlaveIF.c:72:6:SPI_Init	32	static
../source/COTS/SlaveControllerIF/Src/SlaveIF.c:107:6:SPI_WriteRegister	64	static
../source/COTS/SlaveControllerIF/Src/SlaveIF.c:155:10:SPI_ReadRegister	72	static
../source/COTS/SlaveControllerIF/Src/SlaveIF.c:224:6:Set_Initialization	24	static
../source/COTS/SlaveControllerIF/Src/SlaveIF.c:241:6:setGo2Sleep_SPI	24	static
../source/COTS/SlaveControllerIF/Src/SlaveIF.c:254:6:Set_System_Config_1	16	static
../source/COTS/SlaveControllerIF/Src/SlaveIF.c:265:6:Set_System_Config_2	16	static
../source/COTS/SlaveControllerIF/Src/SlaveIF.c:280:6:setADCConfig	8	static
../source/COTS/SlaveControllerIF/Src/SlaveIF.c:286:6:setADC2OffsetCompensation	8	static
../source/COTS/SlaveControllerIF/Src/SlaveIF.c:295:6:Set_OV_UV_Enable	16	static
../source/COTS/SlaveControllerIF/Src/SlaveIF.c:306:10:Read_Cell_Over_Voltage_Flags	24	static
../source/COTS/SlaveControllerIF/Src/SlaveIF.c:321:10:Read_Cell_Under_Voltage_Flags	24	static
../source/COTS/SlaveControllerIF/Src/SlaveIF.c:337:6:Enable_Cell_Balancing	32	static
../source/COTS/SlaveControllerIF/Src/SlaveIF.c:382:6:Cell_Balancing_Driver_Status	32	static
../source/COTS/SlaveControllerIF/Src/SlaveIF.c:405:10:Cell_Balancing_Shorted_Status	24	static
../source/COTS/SlaveControllerIF/Src/SlaveIF.c:413:10:Cell_Balancing_Open_Load_Status	24	static
../source/COTS/SlaveControllerIF/Src/SlaveIF.c:422:6:Configure_All_Gpios_For_Temp_Sensors	16	static
../source/COTS/SlaveControllerIF/Src/SlaveIF.c:439:15:Get_GPIO_AN_Flags	24	static
../source/COTS/SlaveControllerIF/Src/SlaveIF.c:455:19:Get_Temp_Flags	24	static
../source/COTS/SlaveControllerIF/Src/SlaveIF.c:471:10:Get_Number_Of_Coulomb_Samples	24	static
../source/COTS/SlaveControllerIF/Src/SlaveIF.c:479:6:Is_Coulomb_Samples_Sufficient	24	static
../source/COTS/SlaveControllerIF/Src/SlaveIF.c:492:7:Get_Cell_Voltage	32	static
../source/COTS/SlaveControllerIF/Src/SlaveIF.c:530:7:Get_Stack_Voltage	32	static
