Archive member included to satisfy reference by file (symbol)

C:/NXP/MCUXpressoIDE_24.12.148/ide/plugins/com.nxp.mcuxpresso.tools.win32_24.12.0.202407110909/tools/bin/../lib/gcc/arm-none-eabi/13.2.1/../../../../arm-none-eabi/lib/thumb/v6-m/nofp\libcr_nohost_nf.a(_cr__main.o)
                              ./startup/startup_mkl25z4.o (__main)
C:/NXP/MCUXpressoIDE_24.12.148/ide/plugins/com.nxp.mcuxpresso.tools.win32_24.12.0.202407110909/tools/bin/../lib/gcc/arm-none-eabi/13.2.1/../../../../arm-none-eabi/lib/thumb/v6-m/nofp\libcr_c.a(memcpy.o)
                              ./source/COTS/FuSaSupervisor/Src/FuSa.o (memcpy)
C:/NXP/MCUXpressoIDE_24.12.148/ide/plugins/com.nxp.mcuxpresso.tools.win32_24.12.0.202407110909/tools/bin/../lib/gcc/arm-none-eabi/13.2.1/../../../../arm-none-eabi/lib/thumb/v6-m/nofp\libcr_c.a(memset.o)
                              ./source/COTS/SlaveControlIF/Src/SlaveIF.o (memset)
C:/NXP/MCUXpressoIDE_24.12.148/ide/plugins/com.nxp.mcuxpresso.tools.win32_24.12.0.202407110909/tools/bin/../lib/gcc/arm-none-eabi/13.2.1/../../../../arm-none-eabi/lib/thumb/v6-m/nofp\libcr_c.a(fpprintf.o)
                              ./source/COTS/BatteryStatusMonitor/Src/DataMonitor.o (sprintf)
C:/NXP/MCUXpressoIDE_24.12.148/ide/plugins/com.nxp.mcuxpresso.tools.win32_24.12.0.202407110909/tools/bin/../lib/gcc/arm-none-eabi/13.2.1/../../../../arm-none-eabi/lib/thumb/v6-m/nofp\libcr_c.a(initio.o)
                              C:/NXP/MCUXpressoIDE_24.12.148/ide/plugins/com.nxp.mcuxpresso.tools.win32_24.12.0.202407110909/tools/bin/../lib/gcc/arm-none-eabi/13.2.1/../../../../arm-none-eabi/lib/thumb/v6-m/nofp\libcr_nohost_nf.a(_cr__main.o) (_initio)
C:/NXP/MCUXpressoIDE_24.12.148/ide/plugins/com.nxp.mcuxpresso.tools.win32_24.12.0.202407110909/tools/bin/../lib/gcc/arm-none-eabi/13.2.1/../../../../arm-none-eabi/lib/thumb/v6-m/nofp\libcr_c.a(pow.o)
                              ./source/COTS/SlaveControlIF/Src/SlaveIF.o (pow)
C:/NXP/MCUXpressoIDE_24.12.148/ide/plugins/com.nxp.mcuxpresso.tools.win32_24.12.0.202407110909/tools/bin/../lib/gcc/arm-none-eabi/13.2.1/../../../../arm-none-eabi/lib/thumb/v6-m/nofp\libcr_c.a(printf.o)
                              C:/NXP/MCUXpressoIDE_24.12.148/ide/plugins/com.nxp.mcuxpresso.tools.win32_24.12.0.202407110909/tools/bin/../lib/gcc/arm-none-eabi/13.2.1/../../../../arm-none-eabi/lib/thumb/v6-m/nofp\libcr_c.a(fpprintf.o) (__vfprintf)
C:/NXP/MCUXpressoIDE_24.12.148/ide/plugins/com.nxp.mcuxpresso.tools.win32_24.12.0.202407110909/tools/bin/../lib/gcc/arm-none-eabi/13.2.1/../../../../arm-none-eabi/lib/thumb/v6-m/nofp\libcr_c.a(setvbuf.o)
                              C:/NXP/MCUXpressoIDE_24.12.148/ide/plugins/com.nxp.mcuxpresso.tools.win32_24.12.0.202407110909/tools/bin/../lib/gcc/arm-none-eabi/13.2.1/../../../../arm-none-eabi/lib/thumb/v6-m/nofp\libcr_c.a(initio.o) (setvbuf)
C:/NXP/MCUXpressoIDE_24.12.148/ide/plugins/com.nxp.mcuxpresso.tools.win32_24.12.0.202407110909/tools/bin/../lib/gcc/arm-none-eabi/13.2.1/../../../../arm-none-eabi/lib/thumb/v6-m/nofp\libcr_c.a(strlen.o)
                              ./utilities/fsl_debug_console.o (strlen)
C:/NXP/MCUXpressoIDE_24.12.148/ide/plugins/com.nxp.mcuxpresso.tools.win32_24.12.0.202407110909/tools/bin/../lib/gcc/arm-none-eabi/13.2.1/../../../../arm-none-eabi/lib/thumb/v6-m/nofp\libcr_c.a(_deferredlazyseek.o)
                              C:/NXP/MCUXpressoIDE_24.12.148/ide/plugins/com.nxp.mcuxpresso.tools.win32_24.12.0.202407110909/tools/bin/../lib/gcc/arm-none-eabi/13.2.1/../../../../arm-none-eabi/lib/thumb/v6-m/nofp\libcr_c.a(fpprintf.o) (__flsbuf)
C:/NXP/MCUXpressoIDE_24.12.148/ide/plugins/com.nxp.mcuxpresso.tools.win32_24.12.0.202407110909/tools/bin/../lib/gcc/arm-none-eabi/13.2.1/../../../../arm-none-eabi/lib/thumb/v6-m/nofp\libcr_c.a(_fdopen.o)
                              C:/NXP/MCUXpressoIDE_24.12.148/ide/plugins/com.nxp.mcuxpresso.tools.win32_24.12.0.202407110909/tools/bin/../lib/gcc/arm-none-eabi/13.2.1/../../../../arm-none-eabi/lib/thumb/v6-m/nofp\libcr_c.a(initio.o) (_fdopen)
C:/NXP/MCUXpressoIDE_24.12.148/ide/plugins/com.nxp.mcuxpresso.tools.win32_24.12.0.202407110909/tools/bin/../lib/gcc/arm-none-eabi/13.2.1/../../../../arm-none-eabi/lib/thumb/v6-m/nofp\libcr_c.a(_fflush.o)
                              C:/NXP/MCUXpressoIDE_24.12.148/ide/plugins/com.nxp.mcuxpresso.tools.win32_24.12.0.202407110909/tools/bin/../lib/gcc/arm-none-eabi/13.2.1/../../../../arm-none-eabi/lib/thumb/v6-m/nofp\libcr_c.a(_deferredlazyseek.o) (_fflush)
C:/NXP/MCUXpressoIDE_24.12.148/ide/plugins/com.nxp.mcuxpresso.tools.win32_24.12.0.202407110909/tools/bin/../lib/gcc/arm-none-eabi/13.2.1/../../../../arm-none-eabi/lib/thumb/v6-m/nofp\libcr_c.a(_frexpl.o)
                              C:/NXP/MCUXpressoIDE_24.12.148/ide/plugins/com.nxp.mcuxpresso.tools.win32_24.12.0.202407110909/tools/bin/../lib/gcc/arm-none-eabi/13.2.1/../../../../arm-none-eabi/lib/thumb/v6-m/nofp\libcr_c.a(fpprintf.o) (_frexpl)
[...]
Memory Configuration

Name             Origin             Length             Attributes
PROGRAM_FLASH    0x00000000         0x00020000         xr
SRAM             0x1ffff000         0x00004000         xrw
*default*        0x00000000         0xffffffff

Linker script and memory map

LOAD ./utilities/fsl_debug_console.o
LOAD ./startup/startup_mkl25z4.o
LOAD ./source/COTS/TempControlManager/Src/PWM.o
LOAD ./source/COTS/SlaveControlIF/Src/SlaveIF.o
LOAD ./source/COTS/ScreenIF/Src/ScreenIF.o
LOAD ./source/COTS/Public/Src/helpful.o
LOAD ./source/COTS/FuSaSupervisor/Src/FuSa.o
LOAD ./source/COTS/DiagnosticManager/Src/Diag_Manager.o
LOAD ./source/COTS/DebugInfoManager/Src/DebugInfo.o
LOAD ./source/COTS/BatteryStatusMonitor/Src/DataMonitor.o
LOAD ./source/COTS/BMSDataBase/Src/DataBase.o
LOAD ./source/main.o
LOAD ./source/mtb.o
LOAD ./source/semihost_hardfault.o
LOAD ./drivers/fsl_clock.o
LOAD ./drivers/fsl_cmp.o
LOAD ./drivers/fsl_common.o
LOAD ./drivers/fsl_dma.o
LOAD ./drivers/fsl_dmamux.o
LOAD ./drivers/fsl_flash.o
LOAD ./drivers/fsl_gpio.o
LOAD ./drivers/fsl_i2c.o
LOAD ./drivers/fsl_i2c_dma.o
LOAD ./drivers/fsl_lpsci.o
LOAD ./drivers/fsl_lpsci_dma.o
LOAD ./drivers/fsl_pit.o
LOAD ./drivers/fsl_rcm.o
LOAD ./drivers/fsl_rtc.o
LOAD ./drivers/fsl_sim.o
LOAD ./drivers/fsl_smc.o
LOAD ./drivers/fsl_spi.o
LOAD ./drivers/fsl_spi_dma.o
LOAD ./drivers/fsl_tpm.o
LOAD ./drivers/fsl_uart.o
LOAD ./drivers/fsl_uart_dma.o
LOAD ./board/board.o
LOAD ./board/clock_config.o
LOAD ./board/peripherals.o
LOAD ./board/pin_mux.o
LOAD ./CMSIS_driver/fsl_i2c_cmsis.o
LOAD ./CMSIS/system_MKL25Z4.o
START GROUP
LOAD C:/NXP/MCUXpressoIDE_24.12.148/ide/plugins/com.nxp.mcuxpresso.tools.win32_24.12.0.202407110909/tools/bin/../lib/gcc/arm-none-eabi/13.2.1/../../../../arm-none-eabi/lib/thumb/v6-m/nofp\libcr_nohost_nf.a
LOAD C:/NXP/MCUXpressoIDE_24.12.148/ide/plugins/com.nxp.mcuxpresso.tools.win32_24.12.0.202407110909/tools/bin/../lib/gcc/arm-none-eabi/13.2.1/../../../../arm-none-eabi/lib/thumb/v6-m/nofp\libcr_c.a
LOAD C:/NXP/MCUXpressoIDE_24.12.148/ide/plugins/com.nxp.mcuxpresso.tools.win32_24.12.0.202407110909/tools/bin/../lib/gcc/arm-none-eabi/13.2.1/thumb/v6-m/nofp\libcr_eabihelpers.a
LOAD C:/NXP/MCUXpressoIDE_24.12.148/ide/plugins/com.nxp.mcuxpresso.tools.win32_24.12.0.202407110909/tools/bin/../lib/gcc/arm-none-eabi/13.2.1/thumb/v6-m/nofp\libgcc.a
END GROUP
                0x00000000                        __base_PROGRAM_FLASH = 0x0
                0x00000000                        __base_Flash = 0x0
                0x00020000                        __top_PROGRAM_FLASH = 0x20000
                0x00020000                        __top_Flash = 0x20000
                0x1ffff000                        __base_SRAM = 0x1ffff000
                0x1ffff000                        __base_RAM = 0x1ffff000
                0x20003000                        __top_SRAM = 0x20003000
                0x20003000                        __top_RAM = 0x20003000

.text           0x00000000     0xbab4
 FILL mask 0xff
                0x00000000                        __vectors_start__ = ABSOLUTE (.)
 *(SORT_BY_ALIGNMENT(.isr_vector))
 .isr_vector    0x00000000       0xc0 ./startup/startup_mkl25z4.o
                0x00000000                g_pfnVectors
                0x00000000                __Vectors
                0x000000c0                        . = ALIGN (0x4)
                0x000000c0                        __section_table_start = .
                0x000000c0                        __data_section_table = .
                0x000000c0        0x4 LONG 0xbab4 LOADADDR (.data)
                0x000000c4        0x4 LONG 0x1ffff080 ADDR (.data)
                0x000000c8        0x4 LONG 0x24 SIZEOF (.data)
                0x000000cc                        __data_section_table_end = .
                0x000000cc                        __bss_section_table = .
                0x000000cc        0x4 LONG 0x1ffff0a4 ADDR (.bss)
                0x000000d0        0x4 LONG 0x29c SIZEOF (.bss)
                0x000000d4                        __bss_section_table_end = .
                0x000000d4                        __section_table_end = .
 *(SORT_BY_ALIGNMENT(.after_vectors*))
 .after_vectors.reset
                0x000000d4       0x4c ./startup/startup_mkl25z4.o
                0x000000d4                ResetISR
 .after_vectors.init_data
                0x00000120       0x12 ./startup/startup_mkl25z4.o
                0x00000120                data_init
 .after_vectors.init_bss
                0x00000132       0x10 ./startup/startup_mkl25z4.o
                0x00000132                bss_init
 .after_vectors
                0x00000142      0x10c ./startup/startup_mkl25z4.o
                0x00000142                NMI_Handler
                0x00000146                SVC_Handler
                0x00000148                PendSV_Handler
                0x0000014c                LPTMR0_DriverIRQHandler
                0x0000014c                PORTD_DriverIRQHandler
                0x0000014c                Reserved39_DriverIRQHandler
                0x0000014c                CMP0_DriverIRQHandler
                0x0000014c                ADC0_DriverIRQHandler
                0x0000014c                TPM0_DriverIRQHandler
                0x0000014c                TPM2_DriverIRQHandler
                0x0000014c                PIT_DriverIRQHandler
                0x0000014c                RTC_DriverIRQHandler
                0x0000014c                TSI0_DriverIRQHandler
                0x0000014c                RTC_Seconds_DriverIRQHandler
                0x0000014c                TPM1_DriverIRQHandler
                0x0000014c                PORTA_DriverIRQHandler
                0x0000014c                LLWU_DriverIRQHandler
                0x0000014c                MCG_DriverIRQHandler
                0x0000014c                Reserved45_DriverIRQHandler
                0x0000014c                Reserved20_DriverIRQHandler
                0x0000014c                DAC0_DriverIRQHandler
                0x0000014c                FTFA_DriverIRQHandler
                0x0000014c                IntDefaultHandler
                0x0000014c                USB0_DriverIRQHandler
                0x0000014c                LVD_LVW_DriverIRQHandler
                0x0000014e                DMA0_IRQHandler
                0x00000156                DMA1_IRQHandler
                0x0000015e                DMA2_IRQHandler
                0x00000166                DMA3_IRQHandler
                0x0000016e                Reserved20_IRQHandler
                0x00000176                FTFA_IRQHandler
                0x0000017e                LVD_LVW_IRQHandler
                0x00000186                LLWU_IRQHandler
                0x0000018e                I2C0_IRQHandler
                0x00000196                I2C1_IRQHandler
                0x0000019e                SPI0_IRQHandler
                0x000001a6                SPI1_IRQHandler
                0x000001ae                UART0_IRQHandler
                0x000001b6                UART1_IRQHandler
                0x000001be                UART2_IRQHandler
                0x000001c6                ADC0_IRQHandler
                0x000001ce                CMP0_IRQHandler
                0x000001d6                TPM0_IRQHandler
                0x000001de                TPM1_IRQHandler
                0x000001e6                TPM2_IRQHandler
                0x000001ee                RTC_IRQHandler
                0x000001f6                RTC_Seconds_IRQHandler
                0x000001fe                PIT_IRQHandler
                0x00000206                Reserved39_IRQHandler
                0x0000020e                USB0_IRQHandler
                0x00000216                DAC0_IRQHandler
                0x0000021e                TSI0_IRQHandler
                0x00000226                MCG_IRQHandler
                0x0000022e                LPTMR0_IRQHandler
                0x00000236                Reserved45_IRQHandler
                0x0000023e                PORTA_IRQHandler
                0x00000246                PORTD_IRQHandler
                0x00000400                        . = 0x400
 *fill*         0x0000024e      0x1b2 ff
                0x00000400                        PROVIDE (__FLASH_CONFIG_START__ = .)
 *(SORT_BY_ALIGNMENT(.FlashConfig))
 .FlashConfig   0x00000400       0x10 ./startup/startup_mkl25z4.o
                0x00000400                Flash_Config
                0x00000410                        PROVIDE (__FLASH_CONFIG_END__ = .)
                0x00000001                        ASSERT (! ((__FLASH_CONFIG_START__ == __FLASH_CONFIG_END__)), Linker Flash Config Support Enabled, but no .FlashConfig section provided within application)
 *(SORT_BY_ALIGNMENT(.text*))
 .text.DbgConsole_Init
                0x00000410       0xf4 ./utilities/fsl_debug_console.o
                0x00000410                DbgConsole_Init
 .text.DbgConsole_Printf
                0x00000504       0x44 ./utilities/fsl_debug_console.o
                0x00000504                DbgConsole_Printf
 .text.DbgConsole_Putchar
                0x00000548       0x34 ./utilities/fsl_debug_console.o
                0x00000548                DbgConsole_Putchar
 .text.NVIC_EnableIRQ
                0x0000057c       0x2c ./source/COTS/SlaveControlIF/Src/SlaveIF.o
 .text.NVIC_SetPriority
                0x000005a8       0xdc ./source/COTS/SlaveControlIF/Src/SlaveIF.o
 .text.CLOCK_EnableClock
                0x00000684       0x34 ./source/COTS/SlaveControlIF/Src/SlaveIF.o
 .text.calculateCrc8
                0x000006b8       0x70 ./source/COTS/SlaveControlIF/Src/SlaveIF.o
 .text.spiTxCallback
                0x00000728       0x4c ./source/COTS/SlaveControlIF/Src/SlaveIF.o
 .text.spiRxCallback
                0x00000774       0x4c ./source/COTS/SlaveControlIF/Src/SlaveIF.o
 .text.SlaveIF_initTransfer
                0x000007c0       0xfc ./source/COTS/SlaveControlIF/Src/SlaveIF.o
                0x000007c0                SlaveIF_initTransfer
 .text.SlaveIF_writeRegister
                0x000008bc      0x174 ./source/COTS/SlaveControlIF/Src/SlaveIF.o
 .text.SlaveIF_readRegister
                0x00000a30      0x208 ./source/COTS/SlaveControlIF/Src/SlaveIF.o
 .text.SlaveIF_configSystem1
                0x00000c38       0x30 ./source/COTS/SlaveControlIF/Src/SlaveIF.o
                0x00000c38                SlaveIF_configSystem1
 .text.SlaveIF_configSystem2
                0x00000c68       0x30 ./source/COTS/SlaveControlIF/Src/SlaveIF.o
                0x00000c68                SlaveIF_configSystem2
 .text.SlaveIF_configAdc
                0x00000c98       0x98 ./source/COTS/SlaveControlIF/Src/SlaveIF.o
                0x00000c98                SlaveIF_configAdc
 .text.SlaveIF_configAdcOffset
                0x00000d30       0xa8 ./source/COTS/SlaveControlIF/Src/SlaveIF.o
                0x00000d30                SlaveIF_configAdcOffset
 .text.SlaveIF_startMeasurementCycle
                0x00000dd8       0x78 ./source/COTS/SlaveControlIF/Src/SlaveIF.o
                0x00000dd8                SlaveIF_startMeasurementCycle
 .text.SlaveIF_readGpioAnStatus
                0x00000e50       0x78 ./source/COTS/SlaveControlIF/Src/SlaveIF.o
                0x00000e50                SlaveIF_readGpioAnStatus
 .text.SlaveIF_readOtUtStatus
                0x00000ec8       0x78 ./source/COTS/SlaveControlIF/Src/SlaveIF.o
                0x00000ec8                SlaveIF_readOtUtStatus
 .text.SlaveIF_readTemperature
                0x00000f40      0x108 ./source/COTS/SlaveControlIF/Src/SlaveIF.o
                0x00000f40                SlaveIF_readTemperature
 .text.SlaveIF_readCellVoltage
                0x00001048      0x12c ./source/COTS/SlaveControlIF/Src/SlaveIF.o
                0x00001048                SlaveIF_readCellVoltage
 .text.SlaveIF_readPackVoltage
                0x00001174       0x8c ./source/COTS/SlaveControlIF/Src/SlaveIF.o
                0x00001174                SlaveIF_readPackVoltage
 .text.SlaveIF_readCurrent
                0x00001200      0x28c ./source/COTS/SlaveControlIF/Src/SlaveIF.o
                0x00001200                SlaveIF_readCurrent
 .text.SlaveIf_CalculateOvUvThresholdReg
                0x0000148c       0xec ./source/COTS/SlaveControlIF/Src/SlaveIF.o
 .text.SlaveIf_CalculateOverTempThresholdReg
                0x00001578       0x7c ./source/COTS/SlaveControlIF/Src/SlaveIF.o
 .text.SlaveIf_CalculateUnderTempThresholdReg
                0x000015f4       0x7c ./source/COTS/SlaveControlIF/Src/SlaveIF.o
 .text.SlaveIf_CalculateOverCurrentThresholdReg
                0x00001670       0x78 ./source/COTS/SlaveControlIF/Src/SlaveIF.o
 .text.SlaveIf_setGlobalOvUvThreshold
                0x000016e8       0x64 ./source/COTS/SlaveControlIF/Src/SlaveIF.o
                0x000016e8                SlaveIf_setGlobalOvUvThreshold
 .text.SlaveIf_setOverTempThreshold
                0x0000174c       0x94 ./source/COTS/SlaveControlIF/Src/SlaveIF.o
                0x0000174c                SlaveIf_setOverTempThreshold
 .text.SlaveIf_setUnderTempThreshold
                0x000017e0       0x94 ./source/COTS/SlaveControlIF/Src/SlaveIF.o
                0x000017e0                SlaveIf_setUnderTempThreshold
 .text.SlaveIf_setOverCurrentThreshold
                0x00001874       0x64 ./source/COTS/SlaveControlIF/Src/SlaveIF.o
                0x00001874                SlaveIf_setOverCurrentThreshold
 .text.NVIC_EnableIRQ
                0x000018d8       0x2c ./source/COTS/ScreenIF/Src/ScreenIF.o
 .text.NVIC_SetPriority
                0x00001904       0xdc ./source/COTS/ScreenIF/Src/ScreenIF.o
 .text.DelayUS  0x000019e0       0x40 ./source/COTS/ScreenIF/Src/ScreenIF.o
 .text.I2C_MasterSignalEvent_t
                0x00001a20       0x20 ./source/COTS/ScreenIF/Src/ScreenIF.o
                0x00001a20                I2C_MasterSignalEvent_t
 .text.I2C_init
                0x00001a40       0x54 ./source/COTS/ScreenIF/Src/ScreenIF.o
                0x00001a40                I2C_init
 .text.ScreenIF_ExpanderWrite
                0x00001a94       0x48 ./source/COTS/ScreenIF/Src/ScreenIF.o
 .text.ScreenIF_PulseEnable
                0x00001adc       0x5c ./source/COTS/ScreenIF/Src/ScreenIF.o
 .text.ScreenIF_SendCommand
                0x00001b38       0x78 ./source/COTS/ScreenIF/Src/ScreenIF.o
 .text.ScreenIF_Display
                0x00001bb0       0x2c ./source/COTS/ScreenIF/Src/ScreenIF.o
                0x00001bb0                ScreenIF_Display
 .text.ScreenIF_Init
                0x00001bdc       0xfc ./source/COTS/ScreenIF/Src/ScreenIF.o
                0x00001bdc                ScreenIF_Init
 .text.ScreenIF_SetCursor
                0x00001cd8       0x70 ./source/COTS/ScreenIF/Src/ScreenIF.o
                0x00001cd8                ScreenIF_SetCursor
 .text.delay_seconds
                0x00001d48       0x44 ./source/COTS/Public/Src/helpful.o
                0x00001d48                delay_seconds
 .text.NVIC_SetPriority
                0x00001d8c       0xdc ./source/COTS/FuSaSupervisor/Src/FuSa.o
 .text.SysTick_Config
                0x00001e68       0x48 ./source/COTS/FuSaSupervisor/Src/FuSa.o
 .text.FuSa_updateFaultData
                0x00001eb0       0x80 ./source/COTS/FuSaSupervisor/Src/FuSa.o
                0x00001eb0                FuSa_updateFaultData
 .text.FuSa_getCurrentFaultData
                0x00001f30       0x2c ./source/COTS/FuSaSupervisor/Src/FuSa.o
                0x00001f30                FuSa_getCurrentFaultData
 .text.FuSa_getPreviousFaultData
                0x00001f5c       0x2c ./source/COTS/FuSaSupervisor/Src/FuSa.o
                0x00001f5c                FuSa_getPreviousFaultData
 .text.SysTick_Handler
                0x00001f88       0x70 ./source/COTS/FuSaSupervisor/Src/FuSa.o
                0x00001f88                SysTick_Handler
 .text.configure_systick
                0x00001ff8       0x24 ./source/COTS/FuSaSupervisor/Src/FuSa.o
                0x00001ff8                configure_systick
 .text.floatToString
                0x0000201c      0x164 ./source/COTS/BatteryStatusMonitor/Src/DataMonitor.o
                0x0000201c                floatToString
 .text.DataMonitor_soc_disp
                0x00002180       0x50 ./source/COTS/BatteryStatusMonitor/Src/DataMonitor.o
                0x00002180                DataMonitor_soc_disp
 .text.DataMonitor_soh_disp
                0x000021d0       0x50 ./source/COTS/BatteryStatusMonitor/Src/DataMonitor.o
                0x000021d0                DataMonitor_soh_disp
 .text.DataMonitor_current_disp
                0x00002220       0x48 ./source/COTS/BatteryStatusMonitor/Src/DataMonitor.o
                0x00002220                DataMonitor_current_disp
 .text.DataMonitor_Fault_disp
                0x00002268       0x90 ./source/COTS/BatteryStatusMonitor/Src/DataMonitor.o
                0x00002268                DataMonitor_Fault_disp
 .text.DataMonitor_Temp_disp
                0x000022f8       0x48 ./source/COTS/BatteryStatusMonitor/Src/DataMonitor.o
                0x000022f8                DataMonitor_Temp_disp
 .text.DataMonitor_Mode_disp
                0x00002340       0x68 ./source/COTS/BatteryStatusMonitor/Src/DataMonitor.o
                0x00002340                DataMonitor_Mode_disp
 .text.DataBase_UpdateMeasurementData
                0x000023a8       0x8c ./source/COTS/BMSDataBase/Src/DataBase.o
                0x000023a8                DataBase_UpdateMeasurementData
 .text.DataBase_GetCurrentMeasurementData
                0x00002434       0x2c ./source/COTS/BMSDataBase/Src/DataBase.o
                0x00002434                DataBase_GetCurrentMeasurementData
 .text.DataBase_GetPreviousMeasurementData
                0x00002460       0x2c ./source/COTS/BMSDataBase/Src/DataBase.o
                0x00002460                DataBase_GetPreviousMeasurementData
 .text.main     0x0000248c      0x338 ./source/main.o
                0x0000248c                main
 .text.HardFault_Handler
                0x000027c4       0x38 ./source/semihost_hardfault.o
                0x000027c4                HardFault_Handler
 .text.CLOCK_SetEr32kClock
                0x000027fc       0x34 ./drivers/fsl_clock.o
 .text.CLOCK_SetPllFllSelClock
                0x00002830       0x38 ./drivers/fsl_clock.o
 .text.CLOCK_GetMcgExtClkFreq
                0x00002868       0x28 ./drivers/fsl_clock.o
 .text.CLOCK_GetFllExtRefClkFreq
                0x00002890       0xa8 ./drivers/fsl_clock.o
 .text.CLOCK_GetInternalRefClkSelectFreq
                0x00002938       0x40 ./drivers/fsl_clock.o
 .text.CLOCK_GetFllRefClkFreq
                0x00002978       0x2c ./drivers/fsl_clock.o
 .text.CLOCK_GetOscRangeFromFreq
                0x000029a4       0x4c ./drivers/fsl_clock.o
 .text.CLOCK_GetOsc0ErClkFreq
                0x000029f0       0x3c ./drivers/fsl_clock.o
                0x000029f0                CLOCK_GetOsc0ErClkFreq
 .text.CLOCK_GetEr32kClkFreq
                0x00002a2c       0x78 ./drivers/fsl_clock.o
                0x00002a2c                CLOCK_GetEr32kClkFreq
 .text.CLOCK_GetPllFllSelClkFreq
                0x00002aa4       0x4c ./drivers/fsl_clock.o
                0x00002aa4                CLOCK_GetPllFllSelClkFreq
 .text.CLOCK_GetCoreSysClkFreq
                0x00002af0       0x2c ./drivers/fsl_clock.o
                0x00002af0                CLOCK_GetCoreSysClkFreq
 .text.CLOCK_GetFreq
                0x00002b1c       0xe0 ./drivers/fsl_clock.o
                0x00002b1c                CLOCK_GetFreq
 .text.CLOCK_SetSimConfig
                0x00002bfc       0x38 ./drivers/fsl_clock.o
                0x00002bfc                CLOCK_SetSimConfig
 .text.CLOCK_GetOutClkFreq
                0x00002c34       0x78 ./drivers/fsl_clock.o
                0x00002c34                CLOCK_GetOutClkFreq
 .text.CLOCK_GetFllFreq
                0x00002cac       0x84 ./drivers/fsl_clock.o
                0x00002cac                CLOCK_GetFllFreq
 .text.CLOCK_GetInternalRefClkFreq
                0x00002d30       0x28 ./drivers/fsl_clock.o
                0x00002d30                CLOCK_GetInternalRefClkFreq
 .text.CLOCK_GetPll0Freq
                0x00002d58       0x70 ./drivers/fsl_clock.o
                0x00002d58                CLOCK_GetPll0Freq
 .text.CLOCK_SetInternalRefClkConfig
                0x00002dc8      0x124 ./drivers/fsl_clock.o
                0x00002dc8                CLOCK_SetInternalRefClkConfig
 .text.CLOCK_EnablePll0
                0x00002eec       0x94 ./drivers/fsl_clock.o
                0x00002eec                CLOCK_EnablePll0
 .text.CLOCK_InitOsc0
                0x00002f80       0x94 ./drivers/fsl_clock.o
                0x00002f80                CLOCK_InitOsc0
 .text.CLOCK_SetPbeMode
                0x00003014       0xb0 ./drivers/fsl_clock.o
                0x00003014                CLOCK_SetPbeMode
 .text.CLOCK_BootToPeeMode
                0x000030c4       0x70 ./drivers/fsl_clock.o
                0x000030c4                CLOCK_BootToPeeMode
 .text.__assertion_failed
                0x00003134       0x1c ./drivers/fsl_common.o
                0x00003134                __assertion_failed
 .text.NVIC_EnableIRQ
                0x00003150       0x2c ./drivers/fsl_dma.o
 .text.CLOCK_EnableClock
                0x0000317c       0x34 ./drivers/fsl_dma.o
 .text.DMA_EnableInterrupts
                0x000031b0       0x4c ./drivers/fsl_dma.o
 .text.DMA_ClearChannelStatusFlags
                0x000031fc       0x54 ./drivers/fsl_dma.o
 .text.DMA_GetInstance
                0x00003250       0x48 ./drivers/fsl_dma.o
 .text.DMA_Init
                0x00003298       0x24 ./drivers/fsl_dma.o
                0x00003298                DMA_Init
 .text.DMA_ResetChannel
                0x000032bc       0x90 ./drivers/fsl_dma.o
                0x000032bc                DMA_ResetChannel
 .text.DMA_SetTransferConfig
                0x0000334c       0xdc ./drivers/fsl_dma.o
                0x0000334c                DMA_SetTransferConfig
 .text.DMA_CreateHandle
                0x00003428       0x90 ./drivers/fsl_dma.o
                0x00003428                DMA_CreateHandle
 .text.DMA_SetCallback
                0x000034b8       0x34 ./drivers/fsl_dma.o
                0x000034b8                DMA_SetCallback
 .text.DMA_SubmitTransfer
                0x000034ec       0x9c ./drivers/fsl_dma.o
                0x000034ec                DMA_SubmitTransfer
 .text.DMA_AbortTransfer
                0x00003588       0x88 ./drivers/fsl_dma.o
                0x00003588                DMA_AbortTransfer
 .text.DMA_HandleIRQ
                0x00003610       0x4c ./drivers/fsl_dma.o
                0x00003610                DMA_HandleIRQ
 .text.DMA0_DriverIRQHandler
                0x0000365c       0x18 ./drivers/fsl_dma.o
                0x0000365c                DMA0_DriverIRQHandler
 .text.DMA1_DriverIRQHandler
                0x00003674       0x18 ./drivers/fsl_dma.o
                0x00003674                DMA1_DriverIRQHandler
 .text.DMA2_DriverIRQHandler
                0x0000368c       0x18 ./drivers/fsl_dma.o
                0x0000368c                DMA2_DriverIRQHandler
 .text.DMA3_DriverIRQHandler
                0x000036a4       0x18 ./drivers/fsl_dma.o
                0x000036a4                DMA3_DriverIRQHandler
 .text.CLOCK_EnableClock
                0x000036bc       0x34 ./drivers/fsl_dmamux.o
 .text.DMAMUX_GetInstance
                0x000036f0       0x48 ./drivers/fsl_dmamux.o
 .text.DMAMUX_Init
                0x00003738       0x24 ./drivers/fsl_dmamux.o
                0x00003738                DMAMUX_Init
 .text.GPIO_PinInit
                0x0000375c       0x64 ./drivers/fsl_gpio.o
                0x0000375c                GPIO_PinInit
 .text.CLOCK_DisableClock
                0x000037c0       0x38 ./drivers/fsl_i2c.o
 .text.I2C_GetInstance
                0x000037f8       0x4c ./drivers/fsl_i2c.o
                0x000037f8                I2C_GetInstance
 .text.I2C_TransferCommonIRQHandler
                0x00003844       0x58 ./drivers/fsl_i2c.o
 .text.I2C_MasterDeinit
                0x0000389c       0x34 ./drivers/fsl_i2c.o
                0x0000389c                I2C_MasterDeinit
 .text.I2C_MasterSetBaudRate
                0x000038d0       0xf0 ./drivers/fsl_i2c.o
                0x000038d0                I2C_MasterSetBaudRate
 .text.I2C_MasterStart
                0x000039c0       0x74 ./drivers/fsl_i2c.o
                0x000039c0                I2C_MasterStart
 .text.I2C_MasterRepeatedStart
                0x00003a34       0xc0 ./drivers/fsl_i2c.o
                0x00003a34                I2C_MasterRepeatedStart
 .text.I2C0_DriverIRQHandler
                0x00003af4       0x20 ./drivers/fsl_i2c.o
                0x00003af4                I2C0_DriverIRQHandler
 .text.I2C1_DriverIRQHandler
                0x00003b14       0x20 ./drivers/fsl_i2c.o
                0x00003b14                I2C1_DriverIRQHandler
 .text.DMA_GetRemainingBytes
                0x00003b34       0x38 ./drivers/fsl_i2c_dma.o
 .text.DMA_StartTransfer
                0x00003b6c       0x54 ./drivers/fsl_i2c_dma.o
 .text.I2C_CheckAndClearError
                0x00003bc0       0x40 ./drivers/fsl_i2c_dma.o
 .text.I2C_InitTransferStateMachineDMA
                0x00003c00      0x218 ./drivers/fsl_i2c_dma.o
 .text.I2C_MasterTransferCreateHandleDMA
                0x00003e18       0x98 ./drivers/fsl_i2c_dma.o
                0x00003e18                I2C_MasterTransferCreateHandleDMA
 .text.I2C_MasterTransferDMA
                0x00003eb0      0x194 ./drivers/fsl_i2c_dma.o
                0x00003eb0                I2C_MasterTransferDMA
 .text.I2C_MasterTransferGetCountDMA
                0x00004044       0x64 ./drivers/fsl_i2c_dma.o
                0x00004044                I2C_MasterTransferGetCountDMA
 .text.CLOCK_EnableClock
                0x000040a8       0x34 ./drivers/fsl_lpsci.o
 .text.LPSCI_GetInstance
                0x000040dc       0x48 ./drivers/fsl_lpsci.o
                0x000040dc                LPSCI_GetInstance
 .text.LPSCI_Init
                0x00004124      0x258 ./drivers/fsl_lpsci.o
                0x00004124                LPSCI_Init
 .text.LPSCI_GetDefaultConfig
                0x0000437c       0x44 ./drivers/fsl_lpsci.o
                0x0000437c                LPSCI_GetDefaultConfig
 .text.LPSCI_ClearStatusFlags
                0x000043c0       0x94 ./drivers/fsl_lpsci.o
                0x000043c0                LPSCI_ClearStatusFlags
 .text.LPSCI_WriteBlocking
                0x00004454       0x4c ./drivers/fsl_lpsci.o
                0x00004454                LPSCI_WriteBlocking
 .text.LPSCI_ReadBlocking
                0x000044a0       0xc0 ./drivers/fsl_lpsci.o
                0x000044a0                LPSCI_ReadBlocking
 .text.UART0_DriverIRQHandler
                0x00004560       0x24 ./drivers/fsl_lpsci.o
                0x00004560                UART0_DriverIRQHandler
 .text.NVIC_EnableIRQ
                0x00004584       0x2c ./drivers/fsl_spi.o
 .text.CLOCK_EnableClock
                0x000045b0       0x34 ./drivers/fsl_spi.o
 .text.SPI_GetInstance
                0x000045e4       0x4c ./drivers/fsl_spi.o
                0x000045e4                SPI_GetInstance
 .text.SPI_MasterGetDefaultConfig
                0x00004630       0x44 ./drivers/fsl_spi.o
                0x00004630                SPI_MasterGetDefaultConfig
 .text.SPI_MasterInit
                0x00004674      0x114 ./drivers/fsl_spi.o
                0x00004674                SPI_MasterInit
 .text.SPI_SlaveInit
                0x00004788       0xac ./drivers/fsl_spi.o
                0x00004788                SPI_SlaveInit
 .text.SPI_MasterTransferCreateHandle
                0x00004834       0x98 ./drivers/fsl_spi.o
                0x00004834                SPI_MasterTransferCreateHandle
 .text.SPI_MasterTransferNonBlocking
                0x000048cc       0xd0 ./drivers/fsl_spi.o
                0x000048cc                SPI_MasterTransferNonBlocking
 .text.SPI_MasterTransferAbort
                0x0000499c       0x40 ./drivers/fsl_spi.o
                0x0000499c                SPI_MasterTransferAbort
 .text.SPI_MasterTransferHandleIRQ
                0x000049dc       0x84 ./drivers/fsl_spi.o
                0x000049dc                SPI_MasterTransferHandleIRQ
 .text.SPI_SlaveTransferCreateHandle
                0x00004a60       0x44 ./drivers/fsl_spi.o
                0x00004a60                SPI_SlaveTransferCreateHandle
 .text.SPI_SlaveTransferHandleIRQ
                0x00004aa4       0x84 ./drivers/fsl_spi.o
                0x00004aa4                SPI_SlaveTransferHandleIRQ
 .text.SPI_CommonIRQHandler
                0x00004b28       0x54 ./drivers/fsl_spi.o
 .text.SPI0_DriverIRQHandler
                0x00004b7c       0x30 ./drivers/fsl_spi.o
                0x00004b7c                SPI0_DriverIRQHandler
 .text.SPI1_DriverIRQHandler
                0x00004bac       0x30 ./drivers/fsl_spi.o
                0x00004bac                SPI1_DriverIRQHandler
 .text.CLOCK_EnableClock
                0x00004bdc       0x34 ./drivers/fsl_uart.o
 .text.UART_GetInstance
                0x00004c10       0x54 ./drivers/fsl_uart.o
                0x00004c10                UART_GetInstance
 .text.UART_Init
                0x00004c64      0x1e0 ./drivers/fsl_uart.o
                0x00004c64                UART_Init
 .text.UART_GetDefaultConfig
                0x00004e44       0x44 ./drivers/fsl_uart.o
                0x00004e44                UART_GetDefaultConfig
 .text.UART_ReadBlocking
                0x00004e88       0x98 ./drivers/fsl_uart.o
                0x00004e88                UART_ReadBlocking
 .text.UART1_DriverIRQHandler
                0x00004f20       0x24 ./drivers/fsl_uart.o
                0x00004f20                UART1_DriverIRQHandler
 .text.UART2_DriverIRQHandler
                0x00004f44       0x24 ./drivers/fsl_uart.o
                0x00004f44                UART2_DriverIRQHandler
 .text.CLOCK_SetLpsci0Clock
                0x00004f68       0x38 ./board/board.o
 .text.BOARD_InitDebugConsole
                0x00004fa0       0x30 ./board/board.o
                0x00004fa0                BOARD_InitDebugConsole
 .text.CLOCK_SetSimSafeDivs
                0x00004fd0       0x20 ./board/clock_config.o
 .text.CLOCK_SetXtal0Freq
                0x00004ff0       0x1c ./board/clock_config.o
 .text.CLOCK_CONFIG_SetFllExtRefDiv
                0x0000500c       0x3c ./board/clock_config.o
 .text.BOARD_BootClockRUN
                0x00005048       0x64 ./board/clock_config.o
                0x00005048                BOARD_BootClockRUN
 .text.CLOCK_EnableClock
                0x000050ac       0x34 ./board/pin_mux.o
 .text.PORT_SetPinMux
                0x000050e0       0x40 ./board/pin_mux.o
 .text.BOARD_InitPins
                0x00005120      0x170 ./board/pin_mux.o
                0x00005120                BOARD_InitPins
 .text.CLOCK_EnableClock
                0x00005290       0x34 ./CMSIS_driver/fsl_i2c_cmsis.o
 .text.DMAMUX_EnableChannel
                0x000052c4       0x40 ./CMSIS_driver/fsl_i2c_cmsis.o
 .text.DMAMUX_DisableChannel
                0x00005304       0x40 ./CMSIS_driver/fsl_i2c_cmsis.o
 .text.DMAMUX_SetSource
                0x00005344       0x50 ./CMSIS_driver/fsl_i2c_cmsis.o
 .text.I2Cx_GetVersion
                0x00005394       0x34 ./CMSIS_driver/fsl_i2c_cmsis.o
 .text.KSDK_I2C_MASTER_DmaCallback
                0x000053c8       0x40 ./CMSIS_driver/fsl_i2c_cmsis.o
                0x000053c8                KSDK_I2C_MASTER_DmaCallback
 .text.I2C_Master_DmaInitialize
                0x00005408       0x8c ./CMSIS_driver/fsl_i2c_cmsis.o
 .text.I2C_Master_DmaTransmit
                0x00005494       0xec ./CMSIS_driver/fsl_i2c_cmsis.o
                0x00005494                I2C_Master_DmaTransmit
 .text.I2C_Master_DmaReceive
                0x00005580       0xec ./CMSIS_driver/fsl_i2c_cmsis.o
                0x00005580                I2C_Master_DmaReceive
 .text.I2C_Master_DmaControl
                0x0000566c      0x188 ./CMSIS_driver/fsl_i2c_cmsis.o
                0x0000566c                I2C_Master_DmaControl
 .text.I2C_Master_DmaPowerControl
                0x000057f4       0x90 ./CMSIS_driver/fsl_i2c_cmsis.o
                0x000057f4                I2C_Master_DmaPowerControl
 .text.I2C0_Master_DmaInitialize
                0x00005884       0x28 ./CMSIS_driver/fsl_i2c_cmsis.o
 .text.I2C0_Master_DmaUninitialize
                0x000058ac       0x1c ./CMSIS_driver/fsl_i2c_cmsis.o
                0x000058ac                I2C0_Master_DmaUninitialize
 .text.I2C0_Master_DmaPowerControl
                0x000058c8       0x28 ./CMSIS_driver/fsl_i2c_cmsis.o
                0x000058c8                I2C0_Master_DmaPowerControl
 .text.I2C0_Master_DmaTransmit
                0x000058f0       0x34 ./CMSIS_driver/fsl_i2c_cmsis.o
                0x000058f0                I2C0_Master_DmaTransmit
 .text.I2C0_Master_DmaReceive
                0x00005924       0x34 ./CMSIS_driver/fsl_i2c_cmsis.o
                0x00005924                I2C0_Master_DmaReceive
 .text.I2C0_Master_DmaGetDataCount
                0x00005958       0x18 ./CMSIS_driver/fsl_i2c_cmsis.o
                0x00005958                I2C0_Master_DmaGetDataCount
 .text.I2C0_Master_DmaControl
                0x00005970       0x24 ./CMSIS_driver/fsl_i2c_cmsis.o
                0x00005970                I2C0_Master_DmaControl
 .text.I2C0_Master_DmaGetStatus
                0x00005994       0x18 ./CMSIS_driver/fsl_i2c_cmsis.o
                0x00005994                I2C0_Master_DmaGetStatus
 .text.SystemInit
                0x000059ac       0x18 ./CMSIS/system_MKL25Z4.o
                0x000059ac                SystemInit
 .text.sprintf  0x000059c4       0x68 C:/NXP/MCUXpressoIDE_24.12.148/ide/plugins/com.nxp.mcuxpresso.tools.win32_24.12.0.202407110909/tools/bin/../lib/gcc/arm-none-eabi/13.2.1/../../../../arm-none-eabi/lib/thumb/v6-m/nofp\libcr_c.a(fpprintf.o)
                0x000059c4                sprintf
 .text.fp_display
                0x00005a2c      0x9bc C:/NXP/MCUXpressoIDE_24.12.148/ide/plugins/com.nxp.mcuxpresso.tools.win32_24.12.0.202407110909/tools/bin/../lib/gcc/arm-none-eabi/13.2.1/../../../../arm-none-eabi/lib/thumb/v6-m/nofp\libcr_c.a(fpprintf.o)
 .text._initio  0x000063e8       0x7c C:/NXP/MCUXpressoIDE_24.12.148/ide/plugins/com.nxp.mcuxpresso.tools.win32_24.12.0.202407110909/tools/bin/../lib/gcc/arm-none-eabi/13.2.1/../../../../arm-none-eabi/lib/thumb/v6-m/nofp\libcr_c.a(initio.o)
                0x000063e8                _initio
 .text.pow      0x00006464      0x54c C:/NXP/MCUXpressoIDE_24.12.148/ide/plugins/com.nxp.mcuxpresso.tools.win32_24.12.0.202407110909/tools/bin/../lib/gcc/arm-none-eabi/13.2.1/../../../../arm-none-eabi/lib/thumb/v6-m/nofp\libcr_c.a(pow.o)
                0x00006464                pow
 .text.__vfprintf
                0x000069b0      0xd3c C:/NXP/MCUXpressoIDE_24.12.148/ide/plugins/com.nxp.mcuxpresso.tools.win32_24.12.0.202407110909/tools/bin/../lib/gcc/arm-none-eabi/13.2.1/../../../../arm-none-eabi/lib/thumb/v6-m/nofp\libcr_c.a(printf.o)
                0x000069b0                __vfprintf
 .text.setvbuf  0x000076ec       0x4c C:/NXP/MCUXpressoIDE_24.12.148/ide/plugins/com.nxp.mcuxpresso.tools.win32_24.12.0.202407110909/tools/bin/../lib/gcc/arm-none-eabi/13.2.1/../../../../arm-none-eabi/lib/thumb/v6-m/nofp\libcr_c.a(setvbuf.o)
                0x000076ec                setvbuf
 .text.strlen   0x00007738       0x5c C:/NXP/MCUXpressoIDE_24.12.148/ide/plugins/com.nxp.mcuxpresso.tools.win32_24.12.0.202407110909/tools/bin/../lib/gcc/arm-none-eabi/13.2.1/../../../../arm-none-eabi/lib/thumb/v6-m/nofp\libcr_c.a(strlen.o)
                0x00007738                strlen
 .text._deferredlazyseek
                0x00007794       0x40 C:/NXP/MCUXpressoIDE_24.12.148/ide/plugins/com.nxp.mcuxpresso.tools.win32_24.12.0.202407110909/tools/bin/../lib/gcc/arm-none-eabi/13.2.1/../../../../arm-none-eabi/lib/thumb/v6-m/nofp\libcr_c.a(_deferredlazyseek.o)
                0x00007794                _deferredlazyseek
 .text.__flsbuf
                0x000077d4      0x12c C:/NXP/MCUXpressoIDE_24.12.148/ide/plugins/com.nxp.mcuxpresso.tools.win32_24.12.0.202407110909/tools/bin/../lib/gcc/arm-none-eabi/13.2.1/../../../../arm-none-eabi/lib/thumb/v6-m/nofp\libcr_c.a(_deferredlazyseek.o)
                0x000077d4                __flsbuf
 .text._fdopen  0x00007900       0x74 C:/NXP/MCUXpressoIDE_24.12.148/ide/plugins/com.nxp.mcuxpresso.tools.win32_24.12.0.202407110909/tools/bin/../lib/gcc/arm-none-eabi/13.2.1/../../../../arm-none-eabi/lib/thumb/v6-m/nofp\libcr_c.a(_fdopen.o)
                0x00007900                _fdopen
 .text._fflush  0x00007974       0x5c C:/NXP/MCUXpressoIDE_24.12.148/ide/plugins/com.nxp.mcuxpresso.tools.win32_24.12.0.202407110909/tools/bin/../lib/gcc/arm-none-eabi/13.2.1/../../../../arm-none-eabi/lib/thumb/v6-m/nofp\libcr_c.a(_fflush.o)
                0x00007974                _fflush
 .text._frexpl  0x000079d0       0x80 C:/NXP/MCUXpressoIDE_24.12.148/ide/plugins/com.nxp.mcuxpresso.tools.win32_24.12.0.202407110909/tools/bin/../lib/gcc/arm-none-eabi/13.2.1/../../../../arm-none-eabi/lib/thumb/v6-m/nofp\libcr_c.a(_frexpl.o)
                0x000079d0                _frexpl
 .text._ldexpl  0x00007a50       0x58 C:/NXP/MCUXpressoIDE_24.12.148/ide/plugins/com.nxp.mcuxpresso.tools.win32_24.12.0.202407110909/tools/bin/../lib/gcc/arm-none-eabi/13.2.1/../../../../arm-none-eabi/lib/thumb/v6-m/nofp\libcr_c.a(_ldexpl.o)
                0x00007a50                _ldexpl
 .text._Cwritebuf
                0x00007aa8       0x68 C:/NXP/MCUXpressoIDE_24.12.148/ide/plugins/com.nxp.mcuxpresso.tools.win32_24.12.0.202407110909/tools/bin/../lib/gcc/arm-none-eabi/13.2.1/../../../../arm-none-eabi/lib/thumb/v6-m/nofp\libcr_c.a(_writebuf.o)
                0x00007aa8                _Cwritebuf
 .text.malloc   0x00007b10       0xd4 C:/NXP/MCUXpressoIDE_24.12.148/ide/plugins/com.nxp.mcuxpresso.tools.win32_24.12.0.202407110909/tools/bin/../lib/gcc/arm-none-eabi/13.2.1/../../../../arm-none-eabi/lib/thumb/v6-m/nofp\libcr_c.a(alloc.o)
                0x00007b10                malloc
 .text._Csys_alloc
                0x00007be4       0x20 C:/NXP/MCUXpressoIDE_24.12.148/ide/plugins/com.nxp.mcuxpresso.tools.win32_24.12.0.202407110909/tools/bin/../lib/gcc/arm-none-eabi/13.2.1/../../../../arm-none-eabi/lib/thumb/v6-m/nofp\libcr_c.a(alloc.o)
                0x00007be4                _Csys_alloc
 .text.fclose   0x00007c04       0x5c C:/NXP/MCUXpressoIDE_24.12.148/ide/plugins/com.nxp.mcuxpresso.tools.win32_24.12.0.202407110909/tools/bin/../lib/gcc/arm-none-eabi/13.2.1/../../../../arm-none-eabi/lib/thumb/v6-m/nofp\libcr_c.a(fclose.o)
                0x00007c04                fclose
 .text.fflush   0x00007c60       0x40 C:/NXP/MCUXpressoIDE_24.12.148/ide/plugins/com.nxp.mcuxpresso.tools.win32_24.12.0.202407110909/tools/bin/../lib/gcc/arm-none-eabi/13.2.1/../../../../arm-none-eabi/lib/thumb/v6-m/nofp\libcr_c.a(fflush.o)
                0x00007c60                fflush
 .text.frexp    0x00007ca0       0x80 C:/NXP/MCUXpressoIDE_24.12.148/ide/plugins/com.nxp.mcuxpresso.tools.win32_24.12.0.202407110909/tools/bin/../lib/gcc/arm-none-eabi/13.2.1/../../../../arm-none-eabi/lib/thumb/v6-m/nofp\libcr_c.a(frexp.o)
                0x00007ca0                frexp
 .text.fseek    0x00007d20       0xec C:/NXP/MCUXpressoIDE_24.12.148/ide/plugins/com.nxp.mcuxpresso.tools.win32_24.12.0.202407110909/tools/bin/../lib/gcc/arm-none-eabi/13.2.1/../../../../arm-none-eabi/lib/thumb/v6-m/nofp\libcr_c.a(fseek.o)
                0x00007d20                fseek
 .text.ftell    0x00007e0c       0x4c C:/NXP/MCUXpressoIDE_24.12.148/ide/plugins/com.nxp.mcuxpresso.tools.win32_24.12.0.202407110909/tools/bin/../lib/gcc/arm-none-eabi/13.2.1/../../../../arm-none-eabi/lib/thumb/v6-m/nofp\libcr_c.a(ftell.o)
                0x00007e0c                ftell
 .text.ldexp    0x00007e58       0x58 C:/NXP/MCUXpressoIDE_24.12.148/ide/plugins/com.nxp.mcuxpresso.tools.win32_24.12.0.202407110909/tools/bin/../lib/gcc/arm-none-eabi/13.2.1/../../../../arm-none-eabi/lib/thumb/v6-m/nofp\libcr_c.a(ldexp.o)
                0x00007e58                ldexp
 .text._sbrk    0x00007eb0       0x44 C:/NXP/MCUXpressoIDE_24.12.148/ide/plugins/com.nxp.mcuxpresso.tools.win32_24.12.0.202407110909/tools/bin/../lib/gcc/arm-none-eabi/13.2.1/../../../../arm-none-eabi/lib/thumb/v6-m/nofp\libcr_c.a(_cr_sbrk.o)
                0x00007eb0                _sbrk
 .text._do_fflush
                0x00007ef4       0x48 C:/NXP/MCUXpressoIDE_24.12.148/ide/plugins/com.nxp.mcuxpresso.tools.win32_24.12.0.202407110909/tools/bin/../lib/gcc/arm-none-eabi/13.2.1/../../../../arm-none-eabi/lib/thumb/v6-m/nofp\libcr_c.a(_do_fflush.o)
                0x00007ef4                _do_fflush
 .text.__check_heap_overflow
                0x00007f3c       0x18 C:/NXP/MCUXpressoIDE_24.12.148/ide/plugins/com.nxp.mcuxpresso.tools.win32_24.12.0.202407110909/tools/bin/../lib/gcc/arm-none-eabi/13.2.1/../../../../arm-none-eabi/lib/thumb/v6-m/nofp\libcr_c.a(_cr_check_heap.o)
                0x00007f3c                __check_heap_overflow
 .text.__aeabi_dmul
                0x00007f54      0x190 C:/NXP/MCUXpressoIDE_24.12.148/ide/plugins/com.nxp.mcuxpresso.tools.win32_24.12.0.202407110909/tools/bin/../lib/gcc/arm-none-eabi/13.2.1/thumb/v6-m/nofp\libcr_eabihelpers.a(double.o)
                0x00007f54                __aeabi_dmul
 .text.__aeabi_ddiv
                0x000080e4      0x174 C:/NXP/MCUXpressoIDE_24.12.148/ide/plugins/com.nxp.mcuxpresso.tools.win32_24.12.0.202407110909/tools/bin/../lib/gcc/arm-none-eabi/13.2.1/thumb/v6-m/nofp\libcr_eabihelpers.a(double.o)
                0x000080e4                __aeabi_ddiv
 .text.__aeabi_dsub
                0x00008258      0x1c4 C:/NXP/MCUXpressoIDE_24.12.148/ide/plugins/com.nxp.mcuxpresso.tools.win32_24.12.0.202407110909/tools/bin/../lib/gcc/arm-none-eabi/13.2.1/thumb/v6-m/nofp\libcr_eabihelpers.a(double.o)
                0x00008258                __aeabi_dsub
 .text.__aeabi_dadd
                0x0000841c      0x140 C:/NXP/MCUXpressoIDE_24.12.148/ide/plugins/com.nxp.mcuxpresso.tools.win32_24.12.0.202407110909/tools/bin/../lib/gcc/arm-none-eabi/13.2.1/thumb/v6-m/nofp\libcr_eabihelpers.a(double.o)
                0x0000841c                __aeabi_dadd
 .text.__aeabi_d2f
                0x0000855c       0x64 C:/NXP/MCUXpressoIDE_24.12.148/ide/plugins/com.nxp.mcuxpresso.tools.win32_24.12.0.202407110909/tools/bin/../lib/gcc/arm-none-eabi/13.2.1/thumb/v6-m/nofp\libcr_eabihelpers.a(double.o)
                0x0000855c                __aeabi_d2f
 .text.__aeabi_d2iz
                0x000085c0       0x50 C:/NXP/MCUXpressoIDE_24.12.148/ide/plugins/com.nxp.mcuxpresso.tools.win32_24.12.0.202407110909/tools/bin/../lib/gcc/arm-none-eabi/13.2.1/thumb/v6-m/nofp\libcr_eabihelpers.a(double.o)
                0x000085c0                __aeabi_d2iz
 .text.__aeabi_dcmpeq
                0x00008610       0x34 C:/NXP/MCUXpressoIDE_24.12.148/ide/plugins/com.nxp.mcuxpresso.tools.win32_24.12.0.202407110909/tools/bin/../lib/gcc/arm-none-eabi/13.2.1/thumb/v6-m/nofp\libcr_eabihelpers.a(double.o)
                0x00008610                __aeabi_dcmpeq
 .text.__aeabi_dcmplt
                0x00008644       0x60 C:/NXP/MCUXpressoIDE_24.12.148/ide/plugins/com.nxp.mcuxpresso.tools.win32_24.12.0.202407110909/tools/bin/../lib/gcc/arm-none-eabi/13.2.1/thumb/v6-m/nofp\libcr_eabihelpers.a(double.o)
                0x00008644                __aeabi_dcmplt
 .text.__aeabi_dcmpgt
                0x000086a4       0x60 C:/NXP/MCUXpressoIDE_24.12.148/ide/plugins/com.nxp.mcuxpresso.tools.win32_24.12.0.202407110909/tools/bin/../lib/gcc/arm-none-eabi/13.2.1/thumb/v6-m/nofp\libcr_eabihelpers.a(double.o)
                0x000086a4                __aeabi_dcmpgt
 .text.__aeabi_dcmple
                0x00008704       0x6c C:/NXP/MCUXpressoIDE_24.12.148/ide/plugins/com.nxp.mcuxpresso.tools.win32_24.12.0.202407110909/tools/bin/../lib/gcc/arm-none-eabi/13.2.1/thumb/v6-m/nofp\libcr_eabihelpers.a(double.o)
                0x00008704                __aeabi_dcmple
 .text.__aeabi_dcmpge
                0x00008770       0x68 C:/NXP/MCUXpressoIDE_24.12.148/ide/plugins/com.nxp.mcuxpresso.tools.win32_24.12.0.202407110909/tools/bin/../lib/gcc/arm-none-eabi/13.2.1/thumb/v6-m/nofp\libcr_eabihelpers.a(double.o)
                0x00008770                __aeabi_dcmpge
 .text.__aeabi_fmul
                0x000087d8       0xcc C:/NXP/MCUXpressoIDE_24.12.148/ide/plugins/com.nxp.mcuxpresso.tools.win32_24.12.0.202407110909/tools/bin/../lib/gcc/arm-none-eabi/13.2.1/thumb/v6-m/nofp\libcr_eabihelpers.a(float.o)
                0x000087d8                __aeabi_fmul
 .text.__aeabi_fdiv
                0x000088a4       0xf0 C:/NXP/MCUXpressoIDE_24.12.148/ide/plugins/com.nxp.mcuxpresso.tools.win32_24.12.0.202407110909/tools/bin/../lib/gcc/arm-none-eabi/13.2.1/thumb/v6-m/nofp\libcr_eabihelpers.a(float.o)
                0x000088a4                __aeabi_fdiv
 .text.__aeabi_fsub
                0x00008994      0x124 C:/NXP/MCUXpressoIDE_24.12.148/ide/plugins/com.nxp.mcuxpresso.tools.win32_24.12.0.202407110909/tools/bin/../lib/gcc/arm-none-eabi/13.2.1/thumb/v6-m/nofp\libcr_eabihelpers.a(float.o)
                0x00008994                __aeabi_fsub
 .text.__aeabi_fadd
                0x00008ab8       0xb0 C:/NXP/MCUXpressoIDE_24.12.148/ide/plugins/com.nxp.mcuxpresso.tools.win32_24.12.0.202407110909/tools/bin/../lib/gcc/arm-none-eabi/13.2.1/thumb/v6-m/nofp\libcr_eabihelpers.a(float.o)
                0x00008ab8                __aeabi_fadd
 .text.__aeabi_f2iz
                0x00008b68       0x34 C:/NXP/MCUXpressoIDE_24.12.148/ide/plugins/com.nxp.mcuxpresso.tools.win32_24.12.0.202407110909/tools/bin/../lib/gcc/arm-none-eabi/13.2.1/thumb/v6-m/nofp\libcr_eabihelpers.a(float.o)
                0x00008b68                __aeabi_f2iz
 .text.__aeabi_f2d
                0x00008b9c       0x40 C:/NXP/MCUXpressoIDE_24.12.148/ide/plugins/com.nxp.mcuxpresso.tools.win32_24.12.0.202407110909/tools/bin/../lib/gcc/arm-none-eabi/13.2.1/thumb/v6-m/nofp\libcr_eabihelpers.a(float.o)
                0x00008b9c                __aeabi_f2d
 .text.UART_EnableTx
                0x00008bdc       0x40 ./utilities/fsl_debug_console.o
 .text.UART_EnableRx
                0x00008c1c       0x40 ./utilities/fsl_debug_console.o
 .text.LPSCI_EnableTx
                0x00008c5c       0x40 ./utilities/fsl_debug_console.o
 .text.LPSCI_EnableRx
                0x00008c9c       0x40 ./utilities/fsl_debug_console.o
 .text.DbgConsole_PrintfPaddingCharacter
                0x00008cdc       0x48 ./utilities/fsl_debug_console.o
 .text.DbgConsole_ConvertRadixNumToString
                0x00008d24      0x114 ./utilities/fsl_debug_console.o
 .text.DbgConsole_PrintfFormattedData
                0x00008e38      0x33a ./utilities/fsl_debug_console.o
 .text.SPI_SlaveTransferNonBlocking
                0x00009172       0x22 ./source/COTS/SlaveControlIF/Src/SlaveIF.o
 .text.GPIO_WritePinOutput
                0x00009194       0x34 ./source/COTS/SlaveControlIF/Src/SlaveIF.o
 .text.SlaveIF_setupSystem
                0x000091c8       0x4c ./source/COTS/SlaveControlIF/Src/SlaveIF.o
                0x000091c8                SlaveIF_setupSystem
 .text.SlaveIF_enableOvUv
                0x00009214       0x2c ./source/COTS/SlaveControlIF/Src/SlaveIF.o
                0x00009214                SlaveIF_enableOvUv
 .text.SlaveIF_readCellOverVoltageStatus
                0x00009240       0x2e ./source/COTS/SlaveControlIF/Src/SlaveIF.o
                0x00009240                SlaveIF_readCellOverVoltageStatus
 .text.SlaveIF_readCellUnderVoltageStatus
                0x0000926e       0x2e ./source/COTS/SlaveControlIF/Src/SlaveIF.o
                0x0000926e                SlaveIF_readCellUnderVoltageStatus
 .text.SlaveIF_configAllGpiosForTempSensors
                0x0000929c       0x2a ./source/COTS/SlaveControlIF/Src/SlaveIF.o
                0x0000929c                SlaveIF_configAllGpiosForTempSensors
 .text.SlaveIF_readNumberCoulombSamples
                0x000092c6       0x20 ./source/COTS/SlaveControlIF/Src/SlaveIF.o
                0x000092c6                SlaveIF_readNumberCoulombSamples
 .text.I2C0_GetFreq
                0x000092e6       0x12 ./source/COTS/ScreenIF/Src/ScreenIF.o
                0x000092e6                I2C0_GetFreq
 .text.ScreenIF_Home
                0x000092f8       0x1a ./source/COTS/ScreenIF/Src/ScreenIF.o
                0x000092f8                ScreenIF_Home
 .text.ScreenIF_Send
                0x00009312       0x58 ./source/COTS/ScreenIF/Src/ScreenIF.o
 .text.ScreenIF_Write4Bits
                0x0000936a       0x28 ./source/COTS/ScreenIF/Src/ScreenIF.o
 .text.ScreenIF_Clear
                0x00009392       0x1a ./source/COTS/ScreenIF/Src/ScreenIF.o
                0x00009392                ScreenIF_Clear
 .text.ScreenIF_PrintStr
                0x000093ac       0x2a ./source/COTS/ScreenIF/Src/ScreenIF.o
                0x000093ac                ScreenIF_PrintStr
 .text.ScreenIF_SendChar
                0x000093d6       0x20 ./source/COTS/ScreenIF/Src/ScreenIF.o
 .text.I2C0_InitPins
                0x000093f6        0xa ./source/COTS/ScreenIF/Src/ScreenIF.o
                0x000093f6                I2C0_InitPins
 .text.I2C0_DeinitPins
                0x00009400        0xa ./source/COTS/ScreenIF/Src/ScreenIF.o
                0x00009400                I2C0_DeinitPins
 .text.DataMonitor_lcd
                0x0000940a       0x6e ./source/COTS/BatteryStatusMonitor/Src/DataMonitor.o
                0x0000940a                DataMonitor_lcd
 .text.OSC_SetExtRefClkConfig
                0x00009478       0x3e ./drivers/fsl_clock.o
 .text.OSC_SetCapLoad
                0x000094b6       0x42 ./drivers/fsl_clock.o
 .text.CLOCK_GetPll0RefFreq
                0x000094f8       0x10 ./drivers/fsl_clock.o
 .text.CLOCK_GetFixedFreqClkFreq
                0x00009508       0x30 ./drivers/fsl_clock.o
                0x00009508                CLOCK_GetFixedFreqClkFreq
 .text.CLOCK_SetExternalRefClkConfig
                0x00009538       0x16 ./drivers/fsl_clock.o
                0x00009538                CLOCK_SetExternalRefClkConfig
 .text.EnableIRQ
                0x0000954e       0x2c ./drivers/fsl_dma.o
 .text.GPIO_WritePinOutput
                0x0000957a       0x34 ./drivers/fsl_gpio.o
 .text.I2C_Enable
                0x000095ae       0x42 ./drivers/fsl_i2c.o
 .text.I2C_MasterStop
                0x000095f0       0x64 ./drivers/fsl_i2c.o
                0x000095f0                I2C_MasterStop
 .text.I2C_MasterGetStatusFlags
                0x00009654       0x32 ./drivers/fsl_i2c.o
                0x00009654                I2C_MasterGetStatusFlags
 .text.I2C_MasterClearStatusFlags
                0x00009686       0x38 ./drivers/fsl_i2c_dma.o
 .text.I2C_EnableDMA
                0x000096be       0x40 ./drivers/fsl_i2c_dma.o
 .text.I2C_GetDataRegAddr
                0x000096fe       0x14 ./drivers/fsl_i2c_dma.o
 .text.I2C_MasterTransferCallbackDMA
                0x00009712      0x130 ./drivers/fsl_i2c_dma.o
 .text.I2C_MasterTransferDMAConfig
                0x00009842       0xbe ./drivers/fsl_i2c_dma.o
 .text.I2C_MasterTransferAbortDMA
                0x00009900       0x2c ./drivers/fsl_i2c_dma.o
                0x00009900                I2C_MasterTransferAbortDMA
 .text.LPSCI_GetStatusFlags
                0x0000992c       0x26 ./drivers/fsl_lpsci.o
                0x0000992c                LPSCI_GetStatusFlags
 .text.EnableIRQ
                0x00009952       0x2c ./drivers/fsl_spi.o
 .text.SPI_SlaveTransferAbort
                0x0000997e       0x1e ./drivers/fsl_spi.o
 .text.SPI_WriteNonBlocking
                0x0000999c       0x56 ./drivers/fsl_spi.o
 .text.SPI_ReadNonBlocking
                0x000099f2       0x56 ./drivers/fsl_spi.o
 .text.SPI_GetWatermark
                0x00009a48       0x22 ./drivers/fsl_spi.o
 .text.SPI_SendInitialTransfer
                0x00009a6a       0x52 ./drivers/fsl_spi.o
 .text.SPI_SendTransfer
                0x00009abc       0xce ./drivers/fsl_spi.o
 .text.SPI_ReceiveTransfer
                0x00009b8a       0x68 ./drivers/fsl_spi.o
 .text.SPI_SlaveGetDefaultConfig
                0x00009bf2       0x2e ./drivers/fsl_spi.o
                0x00009bf2                SPI_SlaveGetDefaultConfig
 .text.SPI_EnableInterrupts
                0x00009c20       0x5e ./drivers/fsl_spi.o
                0x00009c20                SPI_EnableInterrupts
 .text.SPI_DisableInterrupts
                0x00009c7e       0x5a ./drivers/fsl_spi.o
                0x00009c7e                SPI_DisableInterrupts
 .text.SPI_MasterSetBaudRate
                0x00009cd8       0xb8 ./drivers/fsl_spi.o
                0x00009cd8                SPI_MasterSetBaudRate
 .text.SPI_WriteData
                0x00009d90       0x20 ./drivers/fsl_spi.o
                0x00009d90                SPI_WriteData
 .text.SPI_ReadData
                0x00009db0       0x26 ./drivers/fsl_spi.o
                0x00009db0                SPI_ReadData
 .text.UART_GetStatusFlags
                0x00009dd6       0x26 ./drivers/fsl_uart.o
                0x00009dd6                UART_GetStatusFlags
 .text.UART_WriteBlocking
                0x00009dfc       0x3c ./drivers/fsl_uart.o
                0x00009dfc                UART_WriteBlocking
 .text.BOARD_InitBootClocks
                0x00009e38        0xe ./board/clock_config.o
                0x00009e38                BOARD_InitBootClocks
 .text.BOARD_InitBootPeripherals
                0x00009e46        0xa ./board/peripherals.o
                0x00009e46                BOARD_InitBootPeripherals
 .text.BOARD_InitBootPins
                0x00009e50        0xe ./board/pin_mux.o
                0x00009e50                BOARD_InitBootPins
 .text.I2Cx_GetCapabilities
                0x00009e5e       0x14 ./CMSIS_driver/fsl_i2c_cmsis.o
 .text.I2C_Master_DmaUninitialize
                0x00009e72       0x18 ./CMSIS_driver/fsl_i2c_cmsis.o
                0x00009e72                I2C_Master_DmaUninitialize
 .text.I2C_Master_DmaGetDataCount
                0x00009e8a       0x26 ./CMSIS_driver/fsl_i2c_cmsis.o
                0x00009e8a                I2C_Master_DmaGetDataCount
 .text.I2C_Master_DmaGetStatus
                0x00009eb0       0x98 ./CMSIS_driver/fsl_i2c_cmsis.o
                0x00009eb0                I2C_Master_DmaGetStatus
 .text.__main   0x00009f48        0xc C:/NXP/MCUXpressoIDE_24.12.148/ide/plugins/com.nxp.mcuxpresso.tools.win32_24.12.0.202407110909/tools/bin/../lib/gcc/arm-none-eabi/13.2.1/../../../../arm-none-eabi/lib/thumb/v6-m/nofp\libcr_nohost_nf.a(_cr__main.o)
                0x00009f48                __main
 .text.memcpy   0x00009f54        0x8 C:/NXP/MCUXpressoIDE_24.12.148/ide/plugins/com.nxp.mcuxpresso.tools.win32_24.12.0.202407110909/tools/bin/../lib/gcc/arm-none-eabi/13.2.1/../../../../arm-none-eabi/lib/thumb/v6-m/nofp\libcr_c.a(memcpy.o)
                0x00009f54                memcpy
 .text.memset   0x00009f5c        0x8 C:/NXP/MCUXpressoIDE_24.12.148/ide/plugins/com.nxp.mcuxpresso.tools.win32_24.12.0.202407110909/tools/bin/../lib/gcc/arm-none-eabi/13.2.1/../../../../arm-none-eabi/lib/thumb/v6-m/nofp\libcr_c.a(memset.o)
                0x00009f5c                memset
 .text.fp_round
                0x00009f64       0x4a C:/NXP/MCUXpressoIDE_24.12.148/ide/plugins/com.nxp.mcuxpresso.tools.win32_24.12.0.202407110909/tools/bin/../lib/gcc/arm-none-eabi/13.2.1/../../../../arm-none-eabi/lib/thumb/v6-m/nofp\libcr_c.a(fpprintf.o)
 .text.pr_dec.constprop.0
                0x00009fae       0x24 C:/NXP/MCUXpressoIDE_24.12.148/ide/plugins/com.nxp.mcuxpresso.tools.win32_24.12.0.202407110909/tools/bin/../lib/gcc/arm-none-eabi/13.2.1/../../../../arm-none-eabi/lib/thumb/v6-m/nofp\libcr_c.a(fpprintf.o)
 .text.free     0x00009fd2       0x2c C:/NXP/MCUXpressoIDE_24.12.148/ide/plugins/com.nxp.mcuxpresso.tools.win32_24.12.0.202407110909/tools/bin/../lib/gcc/arm-none-eabi/13.2.1/../../../../arm-none-eabi/lib/thumb/v6-m/nofp\libcr_c.a(alloc.o)
                0x00009fd2                free
 .text.remove   0x00009ffe       0x12 C:/NXP/MCUXpressoIDE_24.12.148/ide/plugins/com.nxp.mcuxpresso.tools.win32_24.12.0.202407110909/tools/bin/../lib/gcc/arm-none-eabi/13.2.1/../../../../arm-none-eabi/lib/thumb/v6-m/nofp\libcr_c.a(remove.o)
                0x00009ffe                remove
 .text.__aeabi_division_idivmod
                0x0000a010       0x78 C:/NXP/MCUXpressoIDE_24.12.148/ide/plugins/com.nxp.mcuxpresso.tools.win32_24.12.0.202407110909/tools/bin/../lib/gcc/arm-none-eabi/13.2.1/thumb/v6-m/nofp\libcr_eabihelpers.a(division_32.o)
                0x0000a010                __aeabi_idivmod
                0x0000a010                __aeabi_idiv
                0x0000a016                __aeabi_uidivmod
                0x0000a016                __aeabi_uidiv
 .text.__aeabi_division_idiv0
                0x0000a088        0x2 C:/NXP/MCUXpressoIDE_24.12.148/ide/plugins/com.nxp.mcuxpresso.tools.win32_24.12.0.202407110909/tools/bin/../lib/gcc/arm-none-eabi/13.2.1/thumb/v6-m/nofp\libcr_eabihelpers.a(division_idiv0.o)
                0x0000a088                __aeabi_idiv0
 .text.__bhs_ui2d
                0x0000a08a       0x5e C:/NXP/MCUXpressoIDE_24.12.148/ide/plugins/com.nxp.mcuxpresso.tools.win32_24.12.0.202407110909/tools/bin/../lib/gcc/arm-none-eabi/13.2.1/thumb/v6-m/nofp\libcr_eabihelpers.a(double.o)
                0x0000a08a                __bhs_ui2d
 .text.__aeabi_i2d
                0x0000a0e8       0x18 C:/NXP/MCUXpressoIDE_24.12.148/ide/plugins/com.nxp.mcuxpresso.tools.win32_24.12.0.202407110909/tools/bin/../lib/gcc/arm-none-eabi/13.2.1/thumb/v6-m/nofp\libcr_eabihelpers.a(double.o)
                0x0000a0e8                __aeabi_i2d
 .text.__aeabi_f2uiz
                0x0000a100       0x28 C:/NXP/MCUXpressoIDE_24.12.148/ide/plugins/com.nxp.mcuxpresso.tools.win32_24.12.0.202407110909/tools/bin/../lib/gcc/arm-none-eabi/13.2.1/thumb/v6-m/nofp\libcr_eabihelpers.a(float.o)
                0x0000a100                __aeabi_f2uiz
 .text.__bhs_ui2f
                0x0000a128       0x60 C:/NXP/MCUXpressoIDE_24.12.148/ide/plugins/com.nxp.mcuxpresso.tools.win32_24.12.0.202407110909/tools/bin/../lib/gcc/arm-none-eabi/13.2.1/thumb/v6-m/nofp\libcr_eabihelpers.a(float.o)
                0x0000a128                __bhs_ui2f
 .text.__aeabi_i2f
                0x0000a188       0x18 C:/NXP/MCUXpressoIDE_24.12.148/ide/plugins/com.nxp.mcuxpresso.tools.win32_24.12.0.202407110909/tools/bin/../lib/gcc/arm-none-eabi/13.2.1/thumb/v6-m/nofp\libcr_eabihelpers.a(float.o)
                0x0000a188                __aeabi_i2f
 .text.__aeabi_fcmpeq
                0x0000a1a0       0x20 C:/NXP/MCUXpressoIDE_24.12.148/ide/plugins/com.nxp.mcuxpresso.tools.win32_24.12.0.202407110909/tools/bin/../lib/gcc/arm-none-eabi/13.2.1/thumb/v6-m/nofp\libcr_eabihelpers.a(float.o)
                0x0000a1a0                __aeabi_fcmpeq
 .text.__aeabi_fcmplt
                0x0000a1c0       0x42 C:/NXP/MCUXpressoIDE_24.12.148/ide/plugins/com.nxp.mcuxpresso.tools.win32_24.12.0.202407110909/tools/bin/../lib/gcc/arm-none-eabi/13.2.1/thumb/v6-m/nofp\libcr_eabihelpers.a(float.o)
                0x0000a1c0                __aeabi_fcmplt
 .text.__aeabi_fcmpgt
                0x0000a202       0x3c C:/NXP/MCUXpressoIDE_24.12.148/ide/plugins/com.nxp.mcuxpresso.tools.win32_24.12.0.202407110909/tools/bin/../lib/gcc/arm-none-eabi/13.2.1/thumb/v6-m/nofp\libcr_eabihelpers.a(float.o)
                0x0000a202                __aeabi_fcmpgt
 .text.__aeabi_llong_lmul
                0x0000a23e       0x2e C:/NXP/MCUXpressoIDE_24.12.148/ide/plugins/com.nxp.mcuxpresso.tools.win32_24.12.0.202407110909/tools/bin/../lib/gcc/arm-none-eabi/13.2.1/thumb/v6-m/nofp\libcr_eabihelpers.a(llong.o)
                0x0000a23e                __aeabi_lmul
 .text.__aeabi_memcpy
                0x0000a26c       0x2c C:/NXP/MCUXpressoIDE_24.12.148/ide/plugins/com.nxp.mcuxpresso.tools.win32_24.12.0.202407110909/tools/bin/../lib/gcc/arm-none-eabi/13.2.1/thumb/v6-m/nofp\libcr_eabihelpers.a(memcpy.o)
                0x0000a26c                __aeabi_memcpy4
                0x0000a26c                __aeabi_memcpy8
                0x0000a26c                __aeabi_memcpy
 .text.__aeabi_memset_lowlevel
                0x0000a298       0x2a C:/NXP/MCUXpressoIDE_24.12.148/ide/plugins/com.nxp.mcuxpresso.tools.win32_24.12.0.202407110909/tools/bin/../lib/gcc/arm-none-eabi/13.2.1/thumb/v6-m/nofp\libcr_eabihelpers.a(memcpy.o)
                0x0000a298                __aeabi_lowlevel_memset
 .text.__gnu_thumb1_case_uqi
                0x0000a2c2       0x10 C:/NXP/MCUXpressoIDE_24.12.148/ide/plugins/com.nxp.mcuxpresso.tools.win32_24.12.0.202407110909/tools/bin/../lib/gcc/arm-none-eabi/13.2.1/thumb/v6-m/nofp\libcr_eabihelpers.a(thumb1_switch_helpers.o)
                0x0000a2c2                __gnu_thumb1_case_uqi
 .text.__gnu_thumb1_case_shi
                0x0000a2d2       0x10 C:/NXP/MCUXpressoIDE_24.12.148/ide/plugins/com.nxp.mcuxpresso.tools.win32_24.12.0.202407110909/tools/bin/../lib/gcc/arm-none-eabi/13.2.1/thumb/v6-m/nofp\libcr_eabihelpers.a(thumb1_switch_helpers.o)
                0x0000a2d2                __gnu_thumb1_case_shi
 .text.__gnu_thumb1_case_uhi
                0x0000a2e2       0x10 C:/NXP/MCUXpressoIDE_24.12.148/ide/plugins/com.nxp.mcuxpresso.tools.win32_24.12.0.202407110909/tools/bin/../lib/gcc/arm-none-eabi/13.2.1/thumb/v6-m/nofp\libcr_eabihelpers.a(thumb1_switch_helpers.o)
                0x0000a2e2                __gnu_thumb1_case_uhi
 .text.__sys_appexit
                0x0000a2f2        0x2 C:/NXP/MCUXpressoIDE_24.12.148/ide/plugins/com.nxp.mcuxpresso.tools.win32_24.12.0.202407110909/tools/bin/../lib/gcc/arm-none-eabi/13.2.1/../../../../arm-none-eabi/lib/thumb/v6-m/nofp\libcr_nohost_nf.a(__sys_appexit.o)
                0x0000a2f2                __sys_appexit
                0x0000a2f2                __exit
 .text.__sys_close
                0x0000a2f4        0x6 C:/NXP/MCUXpressoIDE_24.12.148/ide/plugins/com.nxp.mcuxpresso.tools.win32_24.12.0.202407110909/tools/bin/../lib/gcc/arm-none-eabi/13.2.1/../../../../arm-none-eabi/lib/thumb/v6-m/nofp\libcr_nohost_nf.a(__sys_close.o)
                0x0000a2f4                __sys_close
 .text.__sys_flen
                0x0000a2fa        0x6 C:/NXP/MCUXpressoIDE_24.12.148/ide/plugins/com.nxp.mcuxpresso.tools.win32_24.12.0.202407110909/tools/bin/../lib/gcc/arm-none-eabi/13.2.1/../../../../arm-none-eabi/lib/thumb/v6-m/nofp\libcr_nohost_nf.a(__sys_flen.o)
                0x0000a2fa                __sys_flen
 .text.__sys_istty
                0x0000a300        0x6 C:/NXP/MCUXpressoIDE_24.12.148/ide/plugins/com.nxp.mcuxpresso.tools.win32_24.12.0.202407110909/tools/bin/../lib/gcc/arm-none-eabi/13.2.1/../../../../arm-none-eabi/lib/thumb/v6-m/nofp\libcr_nohost_nf.a(__sys_istty.o)
                0x0000a300                __sys_istty
 .text.__sys_remove
                0x0000a306        0x6 C:/NXP/MCUXpressoIDE_24.12.148/ide/plugins/com.nxp.mcuxpresso.tools.win32_24.12.0.202407110909/tools/bin/../lib/gcc/arm-none-eabi/13.2.1/../../../../arm-none-eabi/lib/thumb/v6-m/nofp\libcr_nohost_nf.a(__sys_remove.o)
                0x0000a306                __sys_remove
 .text.__sys_seek
                0x0000a30c        0x6 C:/NXP/MCUXpressoIDE_24.12.148/ide/plugins/com.nxp.mcuxpresso.tools.win32_24.12.0.202407110909/tools/bin/../lib/gcc/arm-none-eabi/13.2.1/../../../../arm-none-eabi/lib/thumb/v6-m/nofp\libcr_nohost_nf.a(__sys_seek.o)
                0x0000a30c                __sys_seek
 .text.__sys_tmpnam
                0x0000a312        0x6 C:/NXP/MCUXpressoIDE_24.12.148/ide/plugins/com.nxp.mcuxpresso.tools.win32_24.12.0.202407110909/tools/bin/../lib/gcc/arm-none-eabi/13.2.1/../../../../arm-none-eabi/lib/thumb/v6-m/nofp\libcr_nohost_nf.a(__sys_tmpnam.o)
                0x0000a312                __sys_tmpnam
 .text.__sys_write
                0x0000a318        0x4 C:/NXP/MCUXpressoIDE_24.12.148/ide/plugins/com.nxp.mcuxpresso.tools.win32_24.12.0.202407110909/tools/bin/../lib/gcc/arm-none-eabi/13.2.1/../../../../arm-none-eabi/lib/thumb/v6-m/nofp\libcr_nohost_nf.a(__sys_write.o)
                0x0000a318                __sys_write
 *(SORT_BY_ALIGNMENT(.rodata) SORT_BY_ALIGNMENT(.rodata.*) SORT_BY_ALIGNMENT(.constdata) SORT_BY_ALIGNMENT(.constdata.*))
 *fill*         0x0000a31c        0x4 ff
 .rodata.a2.0   0x0000a320       0x40 C:/NXP/MCUXpressoIDE_24.12.148/ide/plugins/com.nxp.mcuxpresso.tools.win32_24.12.0.202407110909/tools/bin/../lib/gcc/arm-none-eabi/13.2.1/../../../../arm-none-eabi/lib/thumb/v6-m/nofp\libcr_c.a(pow.o)
 .rodata.a1.1   0x0000a360       0x88 C:/NXP/MCUXpressoIDE_24.12.148/ide/plugins/com.nxp.mcuxpresso.tools.win32_24.12.0.202407110909/tools/bin/../lib/gcc/arm-none-eabi/13.2.1/../../../../arm-none-eabi/lib/thumb/v6-m/nofp\libcr_c.a(pow.o)
 .rodata.crc_table
                0x0000a3e8      0x100 ./source/COTS/SlaveControlIF/Src/SlaveIF.o
 .rodata.spiTxCallback.str1.4
                0x0000a4e8     0x133a ./source/COTS/SlaveControlIF/Src/SlaveIF.o
                                 0x42 (size before relaxing)
 .rodata.spiRxCallback.str1.4
                0x0000b822       0x42 ./source/COTS/SlaveControlIF/Src/SlaveIF.o
 .rodata.SlaveIF_writeRegister.str1.4
                0x0000b822       0x56 ./source/COTS/SlaveControlIF/Src/SlaveIF.o
 .rodata.SlaveIF_readRegister.str1.4
                0x0000b822       0x7e ./source/COTS/SlaveControlIF/Src/SlaveIF.o
 .rodata.SlaveIF_configAdc.str1.4
                0x0000b822       0x89 ./source/COTS/SlaveControlIF/Src/SlaveIF.o
 .rodata.SlaveIF_configAdcOffset.str1.4
                0x0000b822       0xae ./source/COTS/SlaveControlIF/Src/SlaveIF.o
 .rodata.SlaveIF_startMeasurementCycle.str1.4
                0x0000b822       0x3b ./source/COTS/SlaveControlIF/Src/SlaveIF.o
 .rodata.SlaveIF_readTemperature.str1.4
                0x0000b822       0x61 ./source/COTS/SlaveControlIF/Src/SlaveIF.o
 *fill*         0x0000b822        0x2 ff
 .rodata.SlaveIF_readTemperature
                0x0000b824       0x1c ./source/COTS/SlaveControlIF/Src/SlaveIF.o
 .rodata.SlaveIF_readCellVoltage.str1.4
                0x0000b840       0x44 ./source/COTS/SlaveControlIF/Src/SlaveIF.o
 .rodata.SlaveIF_readCellVoltage
                0x0000b840       0x3c ./source/COTS/SlaveControlIF/Src/SlaveIF.o
 .rodata.SlaveIF_readPackVoltage.str1.4
                0x0000b87c       0x63 ./source/COTS/SlaveControlIF/Src/SlaveIF.o
 .rodata.SlaveIF_readCurrent.str1.4
                0x0000b87c       0xf5 ./source/COTS/SlaveControlIF/Src/SlaveIF.o
 .rodata.SlaveIf_setGlobalOvUvThreshold.str1.4
                0x0000b87c       0x50 ./source/COTS/SlaveControlIF/Src/SlaveIF.o
 .rodata.SlaveIf_setOverTempThreshold.str1.4
                0x0000b87c       0x7a ./source/COTS/SlaveControlIF/Src/SlaveIF.o
 .rodata.SlaveIf_setUnderTempThreshold.str1.4
                0x0000b87c       0x7a ./source/COTS/SlaveControlIF/Src/SlaveIF.o
 .rodata.SlaveIf_setOverCurrentThreshold.str1.4
                0x0000b87c       0x5c ./source/COTS/SlaveControlIF/Src/SlaveIF.o
 .rodata.__func__.0
                0x0000b87c       0x18 ./source/COTS/SlaveControlIF/Src/SlaveIF.o
 .rodata        0x0000b894       0x10 ./source/COTS/ScreenIF/Src/ScreenIF.o
 .rodata.SysTick_Handler.str1.4
                0x0000b8a4       0x3b ./source/COTS/FuSaSupervisor/Src/FuSa.o
 .rodata.__func__.0
                0x0000b8a4       0x10 ./source/COTS/FuSaSupervisor/Src/FuSa.o
 .rodata.DataMonitor_soc_disp.str1.4
                0x0000b8b4        0xe ./source/COTS/BatteryStatusMonitor/Src/DataMonitor.o
 .rodata.DataMonitor_soh_disp.str1.4
                0x0000b8b4        0x5 ./source/COTS/BatteryStatusMonitor/Src/DataMonitor.o
 .rodata.DataMonitor_current_disp.str1.4
                0x0000b8b4        0x6 ./source/COTS/BatteryStatusMonitor/Src/DataMonitor.o
 .rodata.DataMonitor_Fault_disp.str1.4
                0x0000b8b4       0x41 ./source/COTS/BatteryStatusMonitor/Src/DataMonitor.o
 .rodata.DataMonitor_Temp_disp.str1.4
                0x0000b8b4        0x6 ./source/COTS/BatteryStatusMonitor/Src/DataMonitor.o
 .rodata.DataMonitor_Mode_disp.str1.4
                0x0000b8b4       0x24 ./source/COTS/BatteryStatusMonitor/Src/DataMonitor.o
 .rodata.main.str1.4
                0x0000b8b4      0x2c7 ./source/main.o
 .rodata.CLOCK_GetMcgExtClkFreq.str1.4
                0x0000b8b4       0x1e ./drivers/fsl_clock.o
 .rodata.CLOCK_GetOsc0ErClkFreq.str1.4
                0x0000b8b4       0x1e ./drivers/fsl_clock.o
 .rodata.CLOCK_GetEr32kClkFreq.str1.4
                0x0000b8b4       0x1f ./drivers/fsl_clock.o
 .rodata.CLOCK_GetFreq
                0x0000b8b4       0x38 ./drivers/fsl_clock.o
 .rodata.CLOCK_GetPll0Freq.str1.4
                0x0000b8ec       0x1d ./drivers/fsl_clock.o
 .rodata.CLOCK_EnablePll0.str1.4
                0x0000b8ec       0x19 ./drivers/fsl_clock.o
 .rodata.CLOCK_SetPbeMode.str1.4
                0x0000b8ec       0x1a ./drivers/fsl_clock.o
 .rodata.CLOCK_BootToPeeMode.str1.4
                0x0000b8ec       0x1a ./drivers/fsl_clock.o
 .rodata.fllFactorTable.1
                0x0000b8ec       0x10 ./drivers/fsl_clock.o
 .rodata.__assertion_failed.str1.4
                0x0000b8fc        0x4 ./drivers/fsl_common.o
 .rodata.DMA_EnableInterrupts.str1.4
                0x0000b8fc       0x3c ./drivers/fsl_dma.o
 .rodata.DMA_ClearChannelStatusFlags.str1.4
                0x0000b8fc       0x3c ./drivers/fsl_dma.o
 .rodata.s_dmaIRQNumber
                0x0000b8fc        0x4 ./drivers/fsl_dma.o
 .rodata.DMA_GetInstance.str1.4
                0x0000b900       0x31 ./drivers/fsl_dma.o
 .rodata.DMA_ResetChannel.str1.4
                0x0000b900       0x39 ./drivers/fsl_dma.o
 .rodata.DMA_SetTransferConfig.str1.4
                0x0000b900       0x5b ./drivers/fsl_dma.o
 .rodata.DMA_CreateHandle.str1.4
                0x0000b900       0x59 ./drivers/fsl_dma.o
 .rodata.DMA_SetCallback.str1.4
                0x0000b900       0x1f ./drivers/fsl_dma.o
 .rodata.DMA_SubmitTransfer.str1.4
                0x0000b900       0x3f ./drivers/fsl_dma.o
 .rodata.DMA_AbortTransfer.str1.4
                0x0000b900       0x1f ./drivers/fsl_dma.o
 .rodata.DMA_HandleIRQ.str1.4
                0x0000b900       0x1f ./drivers/fsl_dma.o
 .rodata.DMAMUX_GetInstance.str1.4
                0x0000b900       0x37 ./drivers/fsl_dmamux.o
 .rodata.GPIO_PinInit.str1.4
                0x0000b900       0x17 ./drivers/fsl_gpio.o
 .rodata.s_i2cDividerTable
                0x0000b900       0x80 ./drivers/fsl_i2c.o
 .rodata.s_i2cBases
                0x0000b980        0x8 ./drivers/fsl_i2c.o
 .rodata.s_i2cClocks
                0x0000b988        0x8 ./drivers/fsl_i2c.o
 .rodata.I2C_GetInstance.str1.4
                0x0000b990       0x32 ./drivers/fsl_i2c.o
 .rodata.DMA_GetRemainingBytes.str1.4
                0x0000b990       0x3c ./drivers/fsl_i2c_dma.o
 .rodata.DMA_StartTransfer.str1.4
                0x0000b990       0x1f ./drivers/fsl_i2c_dma.o
 .rodata.I2C_InitTransferStateMachineDMA.str1.4
                0x0000b990       0x35 ./drivers/fsl_i2c_dma.o
 .rodata.I2C_MasterTransferCreateHandleDMA.str1.4
                0x0000b990       0x3a ./drivers/fsl_i2c_dma.o
 .rodata.I2C_MasterTransferDMA.str1.4
                0x0000b990       0x35 ./drivers/fsl_i2c_dma.o
 .rodata.I2C_MasterTransferGetCountDMA.str1.4
                0x0000b990       0x1b ./drivers/fsl_i2c_dma.o
 .rodata.LPSCI_GetInstance.str1.4
                0x0000b990       0x36 ./drivers/fsl_lpsci.o
 .rodata.LPSCI_Init.str1.4
                0x0000b990       0x43 ./drivers/fsl_lpsci.o
 .rodata.LPSCI_GetDefaultConfig.str1.4
                0x0000b990       0x19 ./drivers/fsl_lpsci.o
 .rodata.LPSCI_WriteBlocking.str1.4
                0x0000b990       0x17 ./drivers/fsl_lpsci.o
 .rodata.LPSCI_ReadBlocking.str1.4
                0x0000b990       0x17 ./drivers/fsl_lpsci.o
 .rodata.s_spiBases
                0x0000b990        0x8 ./drivers/fsl_spi.o
 .rodata.s_spiIRQ
                0x0000b998        0x2 ./drivers/fsl_spi.o
 *fill*         0x0000b99a        0x2 ff
 .rodata.s_spiClock
                0x0000b99c        0x8 ./drivers/fsl_spi.o
 .rodata.SPI_GetInstance.str1.4
                0x0000b9a4       0x32 ./drivers/fsl_spi.o
 .rodata.SPI_MasterInit.str1.4
                0x0000b9a4       0x26 ./drivers/fsl_spi.o
 .rodata.SPI_SlaveInit.str1.4
                0x0000b9a4       0x17 ./drivers/fsl_spi.o
 .rodata.SPI_MasterTransferCreateHandle.str1.4
                0x0000b9a4       0x17 ./drivers/fsl_spi.o
 .rodata.SPI_MasterTransferNonBlocking.str1.4
                0x0000b9a4       0x1f ./drivers/fsl_spi.o
 .rodata.SPI_MasterTransferAbort.str1.4
                0x0000b9a4       0x17 ./drivers/fsl_spi.o
 .rodata.SPI_MasterTransferHandleIRQ.str1.4
                0x0000b9a4       0x17 ./drivers/fsl_spi.o
 .rodata.SPI_SlaveTransferCreateHandle.str1.4
                0x0000b9a4       0x17 ./drivers/fsl_spi.o
 .rodata.SPI_SlaveTransferHandleIRQ.str1.4
                0x0000b9a4       0x17 ./drivers/fsl_spi.o
 .rodata.SPI0_DriverIRQHandler.str1.4
                0x0000b9a4       0x20 ./drivers/fsl_spi.o
 .rodata.SPI1_DriverIRQHandler.str1.4
                0x0000b9a4       0x20 ./drivers/fsl_spi.o
 .rodata.s_uartBases
                0x0000b9a4        0xc ./drivers/fsl_uart.o
 .rodata.s_uartClock
                0x0000b9b0        0xc ./drivers/fsl_uart.o
 .rodata.UART_GetInstance.str1.4
                0x0000b9bc       0x2b ./drivers/fsl_uart.o
 .rodata.UART_Init.str1.4
                0x0000b9bc       0x3e ./drivers/fsl_uart.o
 .rodata.UART_GetDefaultConfig.str1.4
                0x0000b9bc       0x18 ./drivers/fsl_uart.o
 .rodata.UART_ReadBlocking.str1.4
                0x0000b9bc       0x16 ./drivers/fsl_uart.o
 .rodata.mcgConfig_BOARD_BootClockRUN
                0x0000b9bc        0xa ./board/clock_config.o
                0x0000b9bc                mcgConfig_BOARD_BootClockRUN
 *fill*         0x0000b9c6        0x2 ff
 .rodata.simConfig_BOARD_BootClockRUN
                0x0000b9c8        0x8 ./board/clock_config.o
                0x0000b9c8                simConfig_BOARD_BootClockRUN
 .rodata.oscConfig_BOARD_BootClockRUN
                0x0000b9d0        0x8 ./board/clock_config.o
                0x0000b9d0                oscConfig_BOARD_BootClockRUN
 .rodata.DMAMUX_EnableChannel.str1.4
                0x0000b9d8       0xa2 ./CMSIS_driver/fsl_i2c_cmsis.o
 .rodata.DMAMUX_DisableChannel.str1.4
                0x0000b9d8       0xa2 ./CMSIS_driver/fsl_i2c_cmsis.o
 .rodata.DMAMUX_SetSource.str1.4
                0x0000b9d8       0xa2 ./CMSIS_driver/fsl_i2c_cmsis.o
 .rodata.s_i2cDriverVersion
                0x0000b9d8        0x4 ./CMSIS_driver/fsl_i2c_cmsis.o
 .rodata.s_i2cClocks
                0x0000b9dc        0x8 ./CMSIS_driver/fsl_i2c_cmsis.o
 .rodata.I2C0_Resource
                0x0000b9e4        0x8 ./CMSIS_driver/fsl_i2c_cmsis.o
                0x0000b9e4                I2C0_Resource
 .rodata.I2C0_DmaResource
                0x0000b9ec       0x10 ./CMSIS_driver/fsl_i2c_cmsis.o
                0x0000b9ec                I2C0_DmaResource
 .rodata.Driver_I2C0
                0x0000b9fc       0x30 ./CMSIS_driver/fsl_i2c_cmsis.o
                0x0000b9fc                Driver_I2C0
 .rodata.__num_Ciob_streams
                0x0000ba2c        0x4 C:/NXP/MCUXpressoIDE_24.12.148/ide/plugins/com.nxp.mcuxpresso.tools.win32_24.12.0.202407110909/tools/bin/../lib/gcc/arm-none-eabi/13.2.1/../../../../arm-none-eabi/lib/thumb/v6-m/nofp\libcr_nohost_nf.a(__ciob.o)
                0x0000ba2c                __num_Ciob_streams
 .rodata.fp_display.str1.1
                0x0000ba30       0x81 C:/NXP/MCUXpressoIDE_24.12.148/ide/plugins/com.nxp.mcuxpresso.tools.win32_24.12.0.202407110909/tools/bin/../lib/gcc/arm-none-eabi/13.2.1/../../../../arm-none-eabi/lib/thumb/v6-m/nofp\libcr_c.a(fpprintf.o)
                                 0x35 (size before relaxing)
 .rodata._initio.str1.1
                0x0000bab1        0x4 C:/NXP/MCUXpressoIDE_24.12.148/ide/plugins/com.nxp.mcuxpresso.tools.win32_24.12.0.202407110909/tools/bin/../lib/gcc/arm-none-eabi/13.2.1/../../../../arm-none-eabi/lib/thumb/v6-m/nofp\libcr_c.a(initio.o)
 .rodata.__vfprintf.str1.1
                0x0000bab1       0x38 C:/NXP/MCUXpressoIDE_24.12.148/ide/plugins/com.nxp.mcuxpresso.tools.win32_24.12.0.202407110909/tools/bin/../lib/gcc/arm-none-eabi/13.2.1/../../../../arm-none-eabi/lib/thumb/v6-m/nofp\libcr_c.a(printf.o)
 .rodata._Csys_alloc.str1.1
                0x0000bab1       0x18 C:/NXP/MCUXpressoIDE_24.12.148/ide/plugins/com.nxp.mcuxpresso.tools.win32_24.12.0.202407110909/tools/bin/../lib/gcc/arm-none-eabi/13.2.1/../../../../arm-none-eabi/lib/thumb/v6-m/nofp\libcr_c.a(alloc.o)
                0x0000baec                        . = ALIGN (0x4)
 *fill*         0x0000bab1        0x3 ff

.glue_7         0x0000bab4        0x0
 .glue_7        0x0000bab4        0x0 linker stubs

.glue_7t        0x0000bab4        0x0
 .glue_7t       0x0000bab4        0x0 linker stubs

.vfp11_veneer   0x0000bab4        0x0
 .vfp11_veneer  0x0000bab4        0x0 linker stubs

.v4_bx          0x0000bab4        0x0
 .v4_bx         0x0000bab4        0x0 linker stubs

.iplt           0x0000bab4        0x0
 .iplt          0x0000bab4        0x0 ./utilities/fsl_debug_console.o

.rel.dyn        0x0000bab4        0x0
 .rel.iplt      0x0000bab4        0x0 ./utilities/fsl_debug_console.o

.ARM.extab
 *(SORT_BY_ALIGNMENT(.ARM.extab*) SORT_BY_ALIGNMENT(.gnu.linkonce.armextab.*))

.ARM.exidx      0x0000bab4        0x0
                0x0000bab4                        __exidx_start = .
 *(SORT_BY_ALIGNMENT(.ARM.exidx*) SORT_BY_ALIGNMENT(.gnu.linkonce.armexidx.*))
                0x0000bab4                        __exidx_end = .
                0x0000bab4                        _etext = .

.m_usb_data
 *(SORT_BY_ALIGNMENT(m_usb_bdt))

.mtb_buffer_default
                0x1ffff000       0x80
 *(SORT_BY_ALIGNMENT(.mtb*))
 .mtb.$RAM1     0x1ffff000       0x80 ./source/mtb.o
                0x1ffff000                __mtb_buffer__

.uninit_RESERVED
                0x1ffff080        0x0
                0x1ffff080                        _start_uninit_RESERVED = .
 *(SORT_BY_ALIGNMENT(.bss.$RESERVED*))
                0x1ffff080                        . = ALIGN (0x4)
                0x1ffff080                        _end_uninit_RESERVED = .

.data           0x1ffff080       0x24 load address 0x0000bab4
 FILL mask 0xff
                0x1ffff080                        _data = .
                [!provide]                        PROVIDE (__start_data_RAM = .)
                [!provide]                        PROVIDE (__start_data_SRAM = .)
 *(SORT_BY_ALIGNMENT(vtable))
 *(SORT_BY_ALIGNMENT(.ramfunc*))
 *(SORT_BY_ALIGNMENT(CodeQuickAccess))
 *(SORT_BY_ALIGNMENT(DataQuickAccess))
 *(SORT_BY_ALIGNMENT(RamFunction))
 *(SORT_BY_ALIGNMENT(.data*))
 .data.led_config
                0x1ffff080        0x2 ./source/COTS/SlaveControlIF/Src/SlaveIF.o
                0x1ffff080                led_config
 *fill*         0x1ffff082        0x2 ff
 .data.s_slowIrcFreq
                0x1ffff084        0x4 ./drivers/fsl_clock.o
 .data.s_fastIrcFreq
                0x1ffff088        0x4 ./drivers/fsl_clock.o
 .data.I2C0_DmaDriverState
                0x1ffff08c       0x14 ./CMSIS_driver/fsl_i2c_cmsis.o
                0x1ffff08c                I2C0_DmaDriverState
 .data.SystemCoreClock
                0x1ffff0a0        0x4 ./CMSIS/system_MKL25Z4.o
                0x1ffff0a0                SystemCoreClock
                0x1ffff0a4                        . = ALIGN (0x4)
                0x1ffff0a4                        _edata = .
                [!provide]                        PROVIDE (__end_data_RAM = .)
                [!provide]                        PROVIDE (__end_data_SRAM = .)

.igot.plt       0x1ffff0a4        0x0 load address 0x0000bad8
 .igot.plt      0x1ffff0a4        0x0 ./utilities/fsl_debug_console.o

.bss            0x1ffff0a4      0x29c
                0x1ffff0a4                        _bss = .
                [!provide]                        PROVIDE (__start_bss_RAM = .)
                [!provide]                        PROVIDE (__start_bss_SRAM = .)
 *(SORT_BY_ALIGNMENT(.bss*))
 .bss.s_debugConsole
                0x1ffff0a4       0x10 ./utilities/fsl_debug_console.o
 .bss.spiTxHandle
                0x1ffff0b4       0x24 ./source/COTS/SlaveControlIF/Src/SlaveIF.o
                0x1ffff0b4                spiTxHandle
 .bss.spiRxHandle
                0x1ffff0d8       0x24 ./source/COTS/SlaveControlIF/Src/SlaveIF.o
                0x1ffff0d8                spiRxHandle
 .bss.systick_count
                0x1ffff0fc        0x4 ./source/COTS/FuSaSupervisor/Src/FuSa.o
                0x1ffff0fc                systick_count
 .bss.currentFaultData
                0x1ffff100        0xe ./source/COTS/FuSaSupervisor/Src/FuSa.o
 *fill*         0x1ffff10e        0x2 
 .bss.previousFaultData
                0x1ffff110        0xe ./source/COTS/FuSaSupervisor/Src/FuSa.o
 *fill*         0x1ffff11e        0x2 
 .bss.currentMeasurementData
                0x1ffff120       0x5c ./source/COTS/BMSDataBase/Src/DataBase.o
 .bss.previousMeasurementData
                0x1ffff17c       0x5c ./source/COTS/BMSDataBase/Src/DataBase.o
 .bss.g_xtal0Freq
                0x1ffff1d8        0x4 ./drivers/fsl_clock.o
                0x1ffff1d8                g_xtal0Freq
 .bss.g_xtal32Freq
                0x1ffff1dc        0x4 ./drivers/fsl_clock.o
                0x1ffff1dc                g_xtal32Freq
 .bss.s_DMAHandle
                0x1ffff1e0       0x10 ./drivers/fsl_dma.o
 .bss.s_i2cHandle
                0x1ffff1f0        0x8 ./drivers/fsl_i2c.o
 .bss.s_i2cMasterIsr
                0x1ffff1f8        0x4 ./drivers/fsl_i2c.o
 .bss.s_i2cSlaveIsr
                0x1ffff1fc        0x4 ./drivers/fsl_i2c.o
 .bss.s_dmaPrivateHandle
                0x1ffff200       0x10 ./drivers/fsl_i2c_dma.o
 .bss.s_lpsciHandle
                0x1ffff210        0x4 ./drivers/fsl_lpsci.o
 .bss.s_lpsciIsr
                0x1ffff214        0x4 ./drivers/fsl_lpsci.o
 .bss.s_spiHandle
                0x1ffff218        0x8 ./drivers/fsl_spi.o
 .bss.s_spiMasterIsr
                0x1ffff220        0x4 ./drivers/fsl_spi.o
 .bss.s_spiSlaveIsr
                0x1ffff224        0x4 ./drivers/fsl_spi.o
 .bss.s_uartHandle
                0x1ffff228        0xc ./drivers/fsl_uart.o
 .bss.s_uartIsr
                0x1ffff234        0x4 ./drivers/fsl_uart.o
 .bss.I2C0_DmaHandle
                0x1ffff238       0x2c ./CMSIS_driver/fsl_i2c_cmsis.o
                0x1ffff238                I2C0_DmaHandle
 .bss.I2C0_DmaTxRxHandle
                0x1ffff264       0x10 ./CMSIS_driver/fsl_i2c_cmsis.o
                0x1ffff264                I2C0_DmaTxRxHandle
 .bss.errno     0x1ffff274        0x4 C:/NXP/MCUXpressoIDE_24.12.148/ide/plugins/com.nxp.mcuxpresso.tools.win32_24.12.0.202407110909/tools/bin/../lib/gcc/arm-none-eabi/13.2.1/../../../../arm-none-eabi/lib/thumb/v6-m/nofp\libcr_c.a(errno.o)
                0x1ffff274                errno
 .bss.__end_of_heap
                0x1ffff278        0x4 C:/NXP/MCUXpressoIDE_24.12.148/ide/plugins/com.nxp.mcuxpresso.tools.win32_24.12.0.202407110909/tools/bin/../lib/gcc/arm-none-eabi/13.2.1/../../../../arm-none-eabi/lib/thumb/v6-m/nofp\libcr_c.a(__init_alloc.o)
                0x1ffff278                __end_of_heap
 .bss.__heaps   0x1ffff27c        0x4 C:/NXP/MCUXpressoIDE_24.12.148/ide/plugins/com.nxp.mcuxpresso.tools.win32_24.12.0.202407110909/tools/bin/../lib/gcc/arm-none-eabi/13.2.1/../../../../arm-none-eabi/lib/thumb/v6-m/nofp\libcr_c.a(__init_alloc.o)
                0x1ffff27c                __heaps
 .bss.__Ciob    0x1ffff280       0xb4 C:/NXP/MCUXpressoIDE_24.12.148/ide/plugins/com.nxp.mcuxpresso.tools.win32_24.12.0.202407110909/tools/bin/../lib/gcc/arm-none-eabi/13.2.1/../../../../arm-none-eabi/lib/thumb/v6-m/nofp\libcr_nohost_nf.a(__ciob.o)
                0x1ffff280                __Ciob
 .bss.spiTxCompleted
                0x1ffff334        0x1 ./source/COTS/SlaveControlIF/Src/SlaveIF.o
                0x1ffff334                spiTxCompleted
 .bss.spiRxCompleted
                0x1ffff335        0x1 ./source/COTS/SlaveControlIF/Src/SlaveIF.o
                0x1ffff335                spiRxCompleted
 .bss.g_MasterCompletionFlag
                0x1ffff336        0x1 ./source/COTS/ScreenIF/Src/ScreenIF.o
                0x1ffff336                g_MasterCompletionFlag
 .bss.dpFunction
                0x1ffff337        0x1 ./source/COTS/ScreenIF/Src/ScreenIF.o
                0x1ffff337                dpFunction
 .bss.dpControl
                0x1ffff338        0x1 ./source/COTS/ScreenIF/Src/ScreenIF.o
                0x1ffff338                dpControl
 .bss.dpMode    0x1ffff339        0x1 ./source/COTS/ScreenIF/Src/ScreenIF.o
                0x1ffff339                dpMode
 .bss.dpRows    0x1ffff33a        0x1 ./source/COTS/ScreenIF/Src/ScreenIF.o
                0x1ffff33a                dpRows
 .bss.dpBacklight
                0x1ffff33b        0x1 ./source/COTS/ScreenIF/Src/ScreenIF.o
                0x1ffff33b                dpBacklight
 .bss.fault_interrupt
                0x1ffff33c        0x1 ./source/COTS/FuSaSupervisor/Src/FuSa.o
                0x1ffff33c                fault_interrupt
 .bss.data_interrupt
                0x1ffff33d        0x1 ./source/COTS/FuSaSupervisor/Src/FuSa.o
                0x1ffff33d                data_interrupt
 *(SORT_BY_ALIGNMENT(COMMON))
                0x1ffff340                        . = ALIGN (0x4)
 *fill*         0x1ffff33e        0x2 
                0x1ffff340                        _ebss = .
                [!provide]                        PROVIDE (__end_bss_RAM = .)
                [!provide]                        PROVIDE (__end_bss_SRAM = .)
                [!provide]                        PROVIDE (end = .)

.noinit         0x1ffff340        0x0
                0x1ffff340                        _noinit = .
                [!provide]                        PROVIDE (__start_noinit_RAM = .)
                [!provide]                        PROVIDE (__start_noinit_SRAM = .)
 *(SORT_BY_ALIGNMENT(.noinit*))
                0x1ffff340                        . = ALIGN (0x4)
                0x1ffff340                        _end_noinit = .
                [!provide]                        PROVIDE (__end_noinit_RAM = .)
                [!provide]                        PROVIDE (__end_noinit_SRAM = .)
                0x00000400                        _HeapSize = 0x400

.heap           0x1ffff340      0x400
                0x1ffff340                        _pvHeapStart = .
                0x1ffff740                        . = (. + _HeapSize)
 *fill*         0x1ffff340      0x400 
                0x1ffff740                        . = ALIGN (0x4)
                0x1ffff740                        _pvHeapLimit = .
                0x00000400                        _StackSize = 0x400

.heap2stackfill
                0x1ffff740      0x400
                0x1ffffb40                        . = (. + _StackSize)
 *fill*         0x1ffff740      0x400 

.stack          0x20002c00        0x0
                0x20002c00                        _vStackBase = .
                0x20002c00                        . = ALIGN (0x4)
                0x20003000                        _vStackTop = (. + _StackSize)
                0x00000000                        _image_start = LOADADDR (.text)
                0x0000bad8                        _image_end = (LOADADDR (.data) + SIZEOF (.data))
                0x0000bad8                        _image_size = (_image_end - _image_start)
OUTPUT(YARAB_V1.axf elf32-littlearm)
LOAD linker stubs

.debug_info     0x00000000    0x1bf2c
 .debug_info    0x00000000      0xf55 ./utilities/fsl_debug_console.o
 .debug_info    0x00000f55      0x692 ./startup/startup_mkl25z4.o
 .debug_info    0x000015e7     0x1caa ./source/COTS/SlaveControlIF/Src/SlaveIF.o
 .debug_info    0x00003291      0xdca ./source/COTS/ScreenIF/Src/ScreenIF.o
 .debug_info    0x0000405b       0xca ./source/COTS/Public/Src/helpful.o
 .debug_info    0x00004125      0x842 ./source/COTS/FuSaSupervisor/Src/FuSa.o
 .debug_info    0x00004967      0x3bf ./source/COTS/BatteryStatusMonitor/Src/DataMonitor.o
 .debug_info    0x00004d26      0x3ad ./source/COTS/BMSDataBase/Src/DataBase.o
 .debug_info    0x000050d3      0x5e2 ./source/main.o
 .debug_info    0x000056b5       0x53 ./source/mtb.o
 .debug_info    0x00005708       0x3c ./source/semihost_hardfault.o
 .debug_info    0x00005744     0x1a79 ./drivers/fsl_clock.o
 .debug_info    0x000071bd      0x40a ./drivers/fsl_common.o
 .debug_info    0x000075c7      0xf3d ./drivers/fsl_dma.o
 .debug_info    0x00008504      0x4aa ./drivers/fsl_dmamux.o
 .debug_info    0x000089ae      0x529 ./drivers/fsl_gpio.o
 .debug_info    0x00008ed7     0x1a7d ./drivers/fsl_i2c.o
 .debug_info    0x0000a954      0xcce ./drivers/fsl_i2c_dma.o
 .debug_info    0x0000b622     0x144c ./drivers/fsl_lpsci.o
 .debug_info    0x0000ca6e     0x13f4 ./drivers/fsl_spi.o
 .debug_info    0x0000de62     0x13ed ./drivers/fsl_uart.o
 .debug_info    0x0000f24f      0x3de ./board/board.o
 .debug_info    0x0000f62d      0xba3 ./board/clock_config.o
 .debug_info    0x000101d0       0x3c ./board/peripherals.o
 .debug_info    0x0001020c      0x547 ./board/pin_mux.o
 .debug_info    0x00010753     0x156f ./CMSIS_driver/fsl_i2c_cmsis.o
 .debug_info    0x00011cc2      0x401 ./CMSIS/system_MKL25Z4.o
 .debug_info    0x000120c3       0x85 C:/NXP/MCUXpressoIDE_24.12.148/ide/plugins/com.nxp.mcuxpresso.tools.win32_24.12.0.202407110909/tools/bin/../lib/gcc/arm-none-eabi/13.2.1/../../../../arm-none-eabi/lib/thumb/v6-m/nofp\libcr_nohost_nf.a(_cr__main.o)
 .debug_info    0x00012148      0x12b C:/NXP/MCUXpressoIDE_24.12.148/ide/plugins/com.nxp.mcuxpresso.tools.win32_24.12.0.202407110909/tools/bin/../lib/gcc/arm-none-eabi/13.2.1/../../../../arm-none-eabi/lib/thumb/v6-m/nofp\libcr_c.a(memcpy.o)
 .debug_info    0x00012273       0xfc C:/NXP/MCUXpressoIDE_24.12.148/ide/plugins/com.nxp.mcuxpresso.tools.win32_24.12.0.202407110909/tools/bin/../lib/gcc/arm-none-eabi/13.2.1/../../../../arm-none-eabi/lib/thumb/v6-m/nofp\libcr_c.a(memset.o)
 .debug_info    0x0001236f     0x158a C:/NXP/MCUXpressoIDE_24.12.148/ide/plugins/com.nxp.mcuxpresso.tools.win32_24.12.0.202407110909/tools/bin/../lib/gcc/arm-none-eabi/13.2.1/../../../../arm-none-eabi/lib/thumb/v6-m/nofp\libcr_c.a(fpprintf.o)
 .debug_info    0x000138f9      0x353 C:/NXP/MCUXpressoIDE_24.12.148/ide/plugins/com.nxp.mcuxpresso.tools.win32_24.12.0.202407110909/tools/bin/../lib/gcc/arm-none-eabi/13.2.1/../../../../arm-none-eabi/lib/thumb/v6-m/nofp\libcr_c.a(initio.o)
 .debug_info    0x00013c4c      0x617 C:/NXP/MCUXpressoIDE_24.12.148/ide/plugins/com.nxp.mcuxpresso.tools.win32_24.12.0.202407110909/tools/bin/../lib/gcc/arm-none-eabi/13.2.1/../../../../arm-none-eabi/lib/thumb/v6-m/nofp\libcr_c.a(pow.o)
 .debug_info    0x00014263     0x12cc C:/NXP/MCUXpressoIDE_24.12.148/ide/plugins/com.nxp.mcuxpresso.tools.win32_24.12.0.202407110909/tools/bin/../lib/gcc/arm-none-eabi/13.2.1/../../../../arm-none-eabi/lib/thumb/v6-m/nofp\libcr_c.a(printf.o)
 .debug_info    0x0001552f      0x1fd C:/NXP/MCUXpressoIDE_24.12.148/ide/plugins/com.nxp.mcuxpresso.tools.win32_24.12.0.202407110909/tools/bin/../lib/gcc/arm-none-eabi/13.2.1/../../../../arm-none-eabi/lib/thumb/v6-m/nofp\libcr_c.a(setvbuf.o)
 .debug_info    0x0001572c       0xdd C:/NXP/MCUXpressoIDE_24.12.148/ide/plugins/com.nxp.mcuxpresso.tools.win32_24.12.0.202407110909/tools/bin/../lib/gcc/arm-none-eabi/13.2.1/../../../../arm-none-eabi/lib/thumb/v6-m/nofp\libcr_c.a(strlen.o)
 .debug_info    0x00015809      0x364 C:/NXP/MCUXpressoIDE_24.12.148/ide/plugins/com.nxp.mcuxpresso.tools.win32_24.12.0.202407110909/tools/bin/../lib/gcc/arm-none-eabi/13.2.1/../../../../arm-none-eabi/lib/thumb/v6-m/nofp\libcr_c.a(_deferredlazyseek.o)
 .debug_info    0x00015b6d      0x24b C:/NXP/MCUXpressoIDE_24.12.148/ide/plugins/com.nxp.mcuxpresso.tools.win32_24.12.0.202407110909/tools/bin/../lib/gcc/arm-none-eabi/13.2.1/../../../../arm-none-eabi/lib/thumb/v6-m/nofp\libcr_c.a(_fdopen.o)
 .debug_info    0x00015db8      0x1ea C:/NXP/MCUXpressoIDE_24.12.148/ide/plugins/com.nxp.mcuxpresso.tools.win32_24.12.0.202407110909/tools/bin/../lib/gcc/arm-none-eabi/13.2.1/../../../../arm-none-eabi/lib/thumb/v6-m/nofp\libcr_c.a(_fflush.o)
 .debug_info    0x00015fa2      0x15e C:/NXP/MCUXpressoIDE_24.12.148/ide/plugins/com.nxp.mcuxpresso.tools.win32_24.12.0.202407110909/tools/bin/../lib/gcc/arm-none-eabi/13.2.1/../../../../arm-none-eabi/lib/thumb/v6-m/nofp\libcr_c.a(_frexpl.o)
 .debug_info    0x00016100      0x14d C:/NXP/MCUXpressoIDE_24.12.148/ide/plugins/com.nxp.mcuxpresso.tools.win32_24.12.0.202407110909/tools/bin/../lib/gcc/arm-none-eabi/13.2.1/../../../../arm-none-eabi/lib/thumb/v6-m/nofp\libcr_c.a(_ldexpl.o)
 .debug_info    0x0001624d      0x28a C:/NXP/MCUXpressoIDE_24.12.148/ide/plugins/com.nxp.mcuxpresso.tools.win32_24.12.0.202407110909/tools/bin/../lib/gcc/arm-none-eabi/13.2.1/../../../../arm-none-eabi/lib/thumb/v6-m/nofp\libcr_c.a(_writebuf.o)
 .debug_info    0x000164d7      0x526 C:/NXP/MCUXpressoIDE_24.12.148/ide/plugins/com.nxp.mcuxpresso.tools.win32_24.12.0.202407110909/tools/bin/../lib/gcc/arm-none-eabi/13.2.1/../../../../arm-none-eabi/lib/thumb/v6-m/nofp\libcr_c.a(alloc.o)
 .debug_info    0x000169fd       0x44 C:/NXP/MCUXpressoIDE_24.12.148/ide/plugins/com.nxp.mcuxpresso.tools.win32_24.12.0.202407110909/tools/bin/../lib/gcc/arm-none-eabi/13.2.1/../../../../arm-none-eabi/lib/thumb/v6-m/nofp\libcr_c.a(errno.o)
 .debug_info    0x00016a41      0x325 C:/NXP/MCUXpressoIDE_24.12.148/ide/plugins/com.nxp.mcuxpresso.tools.win32_24.12.0.202407110909/tools/bin/../lib/gcc/arm-none-eabi/13.2.1/../../../../arm-none-eabi/lib/thumb/v6-m/nofp\libcr_c.a(fclose.o)
 .debug_info    0x00016d66      0x210 C:/NXP/MCUXpressoIDE_24.12.148/ide/plugins/com.nxp.mcuxpresso.tools.win32_24.12.0.202407110909/tools/bin/../lib/gcc/arm-none-eabi/13.2.1/../../../../arm-none-eabi/lib/thumb/v6-m/nofp\libcr_c.a(fflush.o)
 .debug_info    0x00016f76      0x15e C:/NXP/MCUXpressoIDE_24.12.148/ide/plugins/com.nxp.mcuxpresso.tools.win32_24.12.0.202407110909/tools/bin/../lib/gcc/arm-none-eabi/13.2.1/../../../../arm-none-eabi/lib/thumb/v6-m/nofp\libcr_c.a(frexp.o)
 .debug_info    0x000170d4      0x27f C:/NXP/MCUXpressoIDE_24.12.148/ide/plugins/com.nxp.mcuxpresso.tools.win32_24.12.0.202407110909/tools/bin/../lib/gcc/arm-none-eabi/13.2.1/../../../../arm-none-eabi/lib/thumb/v6-m/nofp\libcr_c.a(fseek.o)