Archive member included to satisfy reference by file (symbol)

C:/NXP/MCUXpressoIDE_24.12.148/ide/plugins/com.nxp.mcuxpresso.tools.win32_24.12.0.202407110909/tools/bin/../lib/gcc/arm-none-eabi/13.2.1/../../../../arm-none-eabi/lib/thumb/v6-m/nofp\libcr_nohost_nf.a(_cr__main.o)
                              ./startup/startup_mkl25z4.o (__main)
C:/NXP/MCUXpressoIDE_24.12.148/ide/plugins/com.nxp.mcuxpresso.tools.win32_24.12.0.202407110909/tools/bin/../lib/gcc/arm-none-eabi/13.2.1/../../../../arm-none-eabi/lib/thumb/v6-m/nofp\libcr_c.a(memcpy.o)
                              ./source/COTS/BMSDataBase/Src/DataBase.o (memcpy)
C:/NXP/MCUXpressoIDE_24.12.148/ide/plugins/com.nxp.mcuxpresso.tools.win32_24.12.0.202407110909/tools/bin/../lib/gcc/arm-none-eabi/13.2.1/../../../../arm-none-eabi/lib/thumb/v6-m/nofp\libcr_c.a(memset.o)
                              ./source/COTS/SlaveControlIF/Src/SlaveIF.o (memset)
C:/NXP/MCUXpressoIDE_24.12.148/ide/plugins/com.nxp.mcuxpresso.tools.win32_24.12.0.202407110909/tools/bin/../lib/gcc/arm-none-eabi/13.2.1/../../../../arm-none-eabi/lib/thumb/v6-m/nofp\libcr_c.a(fpprintf.o)
                              ./source/COTS/BatteryStatusMonitor/Src/DataMonitor.o (sprintf)
C:/NXP/MCUXpressoIDE_24.12.148/ide/plugins/com.nxp.mcuxpresso.tools.win32_24.12.0.202407110909/tools/bin/../lib/gcc/arm-none-eabi/13.2.1/../../../../arm-none-eabi/lib/thumb/v6-m/nofp\libcr_c.a(initio.o)
                              C:/NXP/MCUXpressoIDE_24.12.148/ide/plugins/com.nxp.mcuxpresso.tools.win32_24.12.0.202407110909/tools/bin/../lib/gcc/arm-none-eabi/13.2.1/../../../../arm-none-eabi/lib/thumb/v6-m/nofp\libcr_nohost_nf.a(_cr__main.o) (_initio)
C:/NXP/MCUXpressoIDE_24.12.148/ide/plugins/com.nxp.mcuxpresso.tools.win32_24.12.0.202407110909/tools/bin/../lib/gcc/arm-none-eabi/13.2.1/../../../../arm-none-eabi/lib/thumb/v6-m/nofp\libcr_c.a(printf.o)
                              C:/NXP/MCUXpressoIDE_24.12.148/ide/plugins/com.nxp.mcuxpresso.tools.win32_24.12.0.202407110909/tools/bin/../lib/gcc/arm-none-eabi/13.2.1/../../../../arm-none-eabi/lib/thumb/v6-m/nofp\libcr_c.a(fpprintf.o) (__vfprintf)
C:/NXP/MCUXpressoIDE_24.12.148/ide/plugins/com.nxp.mcuxpresso.tools.win32_24.12.0.202407110909/tools/bin/../lib/gcc/arm-none-eabi/13.2.1/../../../../arm-none-eabi/lib/thumb/v6-m/nofp\libcr_c.a(setvbuf.o)
                              C:/NXP/MCUXpressoIDE_24.12.148/ide/plugins/com.nxp.mcuxpresso.tools.win32_24.12.0.202407110909/tools/bin/../lib/gcc/arm-none-eabi/13.2.1/../../../../arm-none-eabi/lib/thumb/v6-m/nofp\libcr_c.a(initio.o) (setvbuf)
C:/NXP/MCUXpressoIDE_24.12.148/ide/plugins/com.nxp.mcuxpresso.tools.win32_24.12.0.202407110909/tools/bin/../lib/gcc/arm-none-eabi/13.2.1/../../../../arm-none-eabi/lib/thumb/v6-m/nofp\libcr_c.a(strlen.o)
                              ./utilities/fsl_debug_console.o (strlen)
C:/NXP/MCUXpressoIDE_24.12.148/ide/plugins/com.nxp.mcuxpresso.tools.win32_24.12.0.202407110909/tools/bin/../lib/gcc/arm-none-eabi/13.2.1/../../../../arm-none-eabi/lib/thumb/v6-m/nofp\libcr_c.a(_deferredlazyseek.o)
                              C:/NXP/MCUXpressoIDE_24.12.148/ide/plugins/com.nxp.mcuxpresso.tools.win32_24.12.0.202407110909/tools/bin/../lib/gcc/arm-none-eabi/13.2.1/../../../../arm-none-eabi/lib/thumb/v6-m/nofp\libcr_c.a(fpprintf.o) (__flsbuf)
C:/NXP/MCUXpressoIDE_24.12.148/ide/plugins/com.nxp.mcuxpresso.tools.win32_24.12.0.202407110909/tools/bin/../lib/gcc/arm-none-eabi/13.2.1/../../../../arm-none-eabi/lib/thumb/v6-m/nofp\libcr_c.a(_fdopen.o)
                              C:/NXP/MCUXpressoIDE_24.12.148/ide/plugins/com.nxp.mcuxpresso.tools.win32_24.12.0.202407110909/tools/bin/../lib/gcc/arm-none-eabi/13.2.1/../../../../arm-none-eabi/lib/thumb/v6-m/nofp\libcr_c.a(initio.o) (_fdopen)
C:/NXP/MCUXpressoIDE_24.12.148/ide/plugins/com.nxp.mcuxpresso.tools.win32_24.12.0.202407110909/tools/bin/../lib/gcc/arm-none-eabi/13.2.1/../../../../arm-none-eabi/lib/thumb/v6-m/nofp\libcr_c.a(_fflush.o)
                              C:/NXP/MCUXpressoIDE_24.12.148/ide/plugins/com.nxp.mcuxpresso.tools.win32_24.12.0.202407110909/tools/bin/../lib/gcc/arm-none-eabi/13.2.1/../../../../arm-none-eabi/lib/thumb/v6-m/nofp\libcr_c.a(_deferredlazyseek.o) (_fflush)
C:/NXP/MCUXpressoIDE_24.12.148/ide/plugins/com.nxp.mcuxpresso.tools.win32_24.12.0.202407110909/tools/bin/../lib/gcc/arm-none-eabi/13.2.1/../../../../arm-none-eabi/lib/thumb/v6-m/nofp\libcr_c.a(_frexpl.o)
                              C:/NXP/MCUXpressoIDE_24.12.148/ide/plugins/com.nxp.mcuxpresso.tools.win32_24.12.0.202407110909/tools/bin/../lib/gcc/arm-none-eabi/13.2.1/../../../../arm-none-eabi/lib/thumb/v6-m/nofp\libcr_c.a(fpprintf.o) (_frexpl)
C:/NXP/MCUXpressoIDE_24.12.148/ide/plugins/com.nxp.mcuxpresso.tools.win32_24.12.0.202407110909/tools/bin/../lib/gcc/arm-none-eabi/13.2.1/../../../../arm-none-eabi/lib/thumb/v6-m/nofp\libcr_c.a(_ldexpl.o)
[...]
Memory Configuration

Name             Origin             Length             Attributes
PROGRAM_FLASH    0x00000000         0x00020000         xr
SRAM             0x1ffff000         0x00004000         xrw
*default*        0x00000000         0xffffffff

Linker script and memory map

LOAD ./utilities/fsl_debug_console.o
LOAD ./startup/startup_mkl25z4.o
LOAD ./source/COTS/TempControlManager/Src/PWM.o
LOAD ./source/COTS/SlaveControlIF/Src/SlaveIF.o
LOAD ./source/COTS/ScreenIF/Src/ScreenIF.o
LOAD ./source/COTS/Public/Src/helpful.o
LOAD ./source/COTS/DiagnosticManager/Src/Diag_Manager.o
LOAD ./source/COTS/BatteryStatusMonitor/Src/DataMonitor.o
LOAD ./source/COTS/BMSDataBase/Src/DataBase.o
LOAD ./source/main.o
LOAD ./source/mtb.o
LOAD ./source/semihost_hardfault.o
LOAD ./drivers/fsl_clock.o
LOAD ./drivers/fsl_cmp.o
LOAD ./drivers/fsl_common.o
LOAD ./drivers/fsl_dma.o
LOAD ./drivers/fsl_dmamux.o
LOAD ./drivers/fsl_flash.o
LOAD ./drivers/fsl_gpio.o
LOAD ./drivers/fsl_i2c.o
LOAD ./drivers/fsl_i2c_dma.o
LOAD ./drivers/fsl_lpsci.o
LOAD ./drivers/fsl_lpsci_dma.o
LOAD ./drivers/fsl_pit.o
LOAD ./drivers/fsl_rcm.o
LOAD ./drivers/fsl_rtc.o
LOAD ./drivers/fsl_sim.o
LOAD ./drivers/fsl_smc.o
LOAD ./drivers/fsl_spi.o
LOAD ./drivers/fsl_spi_dma.o
LOAD ./drivers/fsl_tpm.o
LOAD ./drivers/fsl_uart.o
LOAD ./drivers/fsl_uart_dma.o
LOAD ./board/board.o
LOAD ./board/clock_config.o
LOAD ./board/peripherals.o
LOAD ./board/pin_mux.o
LOAD ./CMSIS_driver/fsl_i2c_cmsis.o
LOAD ./CMSIS/system_MKL25Z4.o
START GROUP
LOAD C:/NXP/MCUXpressoIDE_24.12.148/ide/plugins/com.nxp.mcuxpresso.tools.win32_24.12.0.202407110909/tools/bin/../lib/gcc/arm-none-eabi/13.2.1/../../../../arm-none-eabi/lib/thumb/v6-m/nofp\libcr_nohost_nf.a
LOAD C:/NXP/MCUXpressoIDE_24.12.148/ide/plugins/com.nxp.mcuxpresso.tools.win32_24.12.0.202407110909/tools/bin/../lib/gcc/arm-none-eabi/13.2.1/../../../../arm-none-eabi/lib/thumb/v6-m/nofp\libcr_c.a
LOAD C:/NXP/MCUXpressoIDE_24.12.148/ide/plugins/com.nxp.mcuxpresso.tools.win32_24.12.0.202407110909/tools/bin/../lib/gcc/arm-none-eabi/13.2.1/thumb/v6-m/nofp\libcr_eabihelpers.a
LOAD C:/NXP/MCUXpressoIDE_24.12.148/ide/plugins/com.nxp.mcuxpresso.tools.win32_24.12.0.202407110909/tools/bin/../lib/gcc/arm-none-eabi/13.2.1/thumb/v6-m/nofp\libgcc.a
END GROUP
                0x00000000                        __base_PROGRAM_FLASH = 0x0
                0x00000000                        __base_Flash = 0x0
                0x00020000                        __top_PROGRAM_FLASH = 0x20000
                0x00020000                        __top_Flash = 0x20000
                0x1ffff000                        __base_SRAM = 0x1ffff000
                0x1ffff000                        __base_RAM = 0x1ffff000
                0x20003000                        __top_SRAM = 0x20003000
                0x20003000                        __top_RAM = 0x20003000

.text           0x00000000     0x99dc
 FILL mask 0xff
                0x00000000                        __vectors_start__ = ABSOLUTE (.)
 *(SORT_BY_ALIGNMENT(.isr_vector))
 .isr_vector    0x00000000       0xc0 ./startup/startup_mkl25z4.o
                0x00000000                g_pfnVectors
                0x00000000                __Vectors
                0x000000c0                        . = ALIGN (0x4)
                0x000000c0                        __section_table_start = .
                0x000000c0                        __data_section_table = .
                0x000000c0        0x4 LONG 0x99dc LOADADDR (.data)
                0x000000c4        0x4 LONG 0x1ffff080 ADDR (.data)
                0x000000c8        0x4 LONG 0x20 SIZEOF (.data)
                0x000000cc                        __data_section_table_end = .
                0x000000cc                        __bss_section_table = .
                0x000000cc        0x4 LONG 0x1ffff0a0 ADDR (.bss)
                0x000000d0        0x4 LONG 0x278 SIZEOF (.bss)
                0x000000d4                        __bss_section_table_end = .
                0x000000d4                        __section_table_end = .
 *(SORT_BY_ALIGNMENT(.after_vectors*))
 .after_vectors.reset
                0x000000d4       0x4c ./startup/startup_mkl25z4.o
                0x000000d4                ResetISR
 .after_vectors.init_data
                0x00000120       0x12 ./startup/startup_mkl25z4.o
                0x00000120                data_init
 .after_vectors.init_bss
                0x00000132       0x10 ./startup/startup_mkl25z4.o
                0x00000132                bss_init
 .after_vectors
                0x00000142      0x10c ./startup/startup_mkl25z4.o
                0x00000142                NMI_Handler
                0x00000146                SVC_Handler
                0x00000148                PendSV_Handler
                0x0000014c                LPTMR0_DriverIRQHandler
                0x0000014c                PORTD_DriverIRQHandler
                0x0000014c                Reserved39_DriverIRQHandler
                0x0000014c                CMP0_DriverIRQHandler
                0x0000014c                ADC0_DriverIRQHandler
                0x0000014c                TPM0_DriverIRQHandler
                0x0000014c                TPM2_DriverIRQHandler
                0x0000014c                PIT_DriverIRQHandler
                0x0000014c                RTC_DriverIRQHandler
                0x0000014c                TSI0_DriverIRQHandler
                0x0000014c                RTC_Seconds_DriverIRQHandler
                0x0000014c                TPM1_DriverIRQHandler
                0x0000014c                PORTA_DriverIRQHandler
                0x0000014c                LLWU_DriverIRQHandler
                0x0000014c                MCG_DriverIRQHandler
                0x0000014c                Reserved45_DriverIRQHandler
                0x0000014c                Reserved20_DriverIRQHandler
                0x0000014c                DAC0_DriverIRQHandler
                0x0000014c                FTFA_DriverIRQHandler
                0x0000014c                IntDefaultHandler
                0x0000014c                USB0_DriverIRQHandler
                0x0000014c                LVD_LVW_DriverIRQHandler
                0x0000014e                DMA0_IRQHandler
                0x00000156                DMA1_IRQHandler
                0x0000015e                DMA2_IRQHandler
                0x00000166                DMA3_IRQHandler
                0x0000016e                Reserved20_IRQHandler
                0x00000176                FTFA_IRQHandler
                0x0000017e                LVD_LVW_IRQHandler
                0x00000186                LLWU_IRQHandler
                0x0000018e                I2C0_IRQHandler
                0x00000196                I2C1_IRQHandler
                0x0000019e                SPI0_IRQHandler
                0x000001a6                SPI1_IRQHandler
                0x000001ae                UART0_IRQHandler
                0x000001b6                UART1_IRQHandler
                0x000001be                UART2_IRQHandler
                0x000001c6                ADC0_IRQHandler
                0x000001ce                CMP0_IRQHandler
                0x000001d6                TPM0_IRQHandler
                0x000001de                TPM1_IRQHandler
                0x000001e6                TPM2_IRQHandler
                0x000001ee                RTC_IRQHandler
                0x000001f6                RTC_Seconds_IRQHandler
                0x000001fe                PIT_IRQHandler
                0x00000206                Reserved39_IRQHandler
                0x0000020e                USB0_IRQHandler
                0x00000216                DAC0_IRQHandler
                0x0000021e                TSI0_IRQHandler
                0x00000226                MCG_IRQHandler
                0x0000022e                LPTMR0_IRQHandler
                0x00000236                Reserved45_IRQHandler
                0x0000023e                PORTA_IRQHandler
                0x00000246                PORTD_IRQHandler
                0x00000400                        . = 0x400
 *fill*         0x0000024e      0x1b2 ff
                0x00000400                        PROVIDE (__FLASH_CONFIG_START__ = .)
 *(SORT_BY_ALIGNMENT(.FlashConfig))
 .FlashConfig   0x00000400       0x10 ./startup/startup_mkl25z4.o
                0x00000400                Flash_Config
                0x00000410                        PROVIDE (__FLASH_CONFIG_END__ = .)
                0x00000001                        ASSERT (! ((__FLASH_CONFIG_START__ == __FLASH_CONFIG_END__)), Linker Flash Config Support Enabled, but no .FlashConfig section provided within application)
 *(SORT_BY_ALIGNMENT(.text*))
 .text.DbgConsole_Init
                0x00000410       0xf4 ./utilities/fsl_debug_console.o
                0x00000410                DbgConsole_Init
 .text.DbgConsole_Printf
                0x00000504       0x44 ./utilities/fsl_debug_console.o
                0x00000504                DbgConsole_Printf
 .text.DbgConsole_Putchar
                0x00000548       0x34 ./utilities/fsl_debug_console.o
                0x00000548                DbgConsole_Putchar
 .text.NVIC_EnableIRQ
                0x0000057c       0x2c ./source/COTS/SlaveControlIF/Src/SlaveIF.o
 .text.NVIC_SetPriority
                0x000005a8       0xdc ./source/COTS/SlaveControlIF/Src/SlaveIF.o
 .text.CLOCK_EnableClock
                0x00000684       0x34 ./source/COTS/SlaveControlIF/Src/SlaveIF.o
 .text.SPI_Callback
                0x000006b8       0x40 ./source/COTS/SlaveControlIF/Src/SlaveIF.o
 .text.SlaveIF_TransferInit
                0x000006f8       0xa8 ./source/COTS/SlaveControlIF/Src/SlaveIF.o
                0x000006f8                SlaveIF_TransferInit
 .text.SlaveIF_SlaveWriteRegister
                0x000007a0      0x11c ./source/COTS/SlaveControlIF/Src/SlaveIF.o
 .text.SlaveIF_SlaveReadRegister
                0x000008bc      0x130 ./source/COTS/SlaveControlIF/Src/SlaveIF.o
 .text.SlaveIF_SystemConfig1
                0x000009ec       0x48 ./source/COTS/SlaveControlIF/Src/SlaveIF.o
                0x000009ec                SlaveIF_SystemConfig1
 .text.SlaveIF_SystemConfig2
                0x00000a34       0x30 ./source/COTS/SlaveControlIF/Src/SlaveIF.o
                0x00000a34                SlaveIF_SystemConfig2
 .text.SlaveIF_ReadGpioAnStatus
                0x00000a64       0x78 ./source/COTS/SlaveControlIF/Src/SlaveIF.o
                0x00000a64                SlaveIF_ReadGpioAnStatus
 .text.SlaveIF_ReadOtUttatus
                0x00000adc       0x78 ./source/COTS/SlaveControlIF/Src/SlaveIF.o
                0x00000adc                SlaveIF_ReadOtUttatus
 .text.SlaveIF_ReadCellVoltage
                0x00000b54      0x138 ./source/COTS/SlaveControlIF/Src/SlaveIF.o
                0x00000b54                SlaveIF_ReadCellVoltage
 .text.SlaveIF_ReadStackVoltage
                0x00000c8c       0x9c ./source/COTS/SlaveControlIF/Src/SlaveIF.o
                0x00000c8c                SlaveIF_ReadStackVoltage
 .text.NVIC_EnableIRQ
                0x00000d28       0x2c ./source/COTS/ScreenIF/Src/ScreenIF.o
 .text.NVIC_SetPriority
                0x00000d54       0xdc ./source/COTS/ScreenIF/Src/ScreenIF.o
 .text.DelayUS  0x00000e30       0x40 ./source/COTS/ScreenIF/Src/ScreenIF.o
 .text.I2C_MasterSignalEvent_t
                0x00000e70       0x20 ./source/COTS/ScreenIF/Src/ScreenIF.o
                0x00000e70                I2C_MasterSignalEvent_t
 .text.I2C_init
                0x00000e90       0x54 ./source/COTS/ScreenIF/Src/ScreenIF.o
                0x00000e90                I2C_init
 .text.ScreenIF_ExpanderWrite
                0x00000ee4       0x48 ./source/COTS/ScreenIF/Src/ScreenIF.o
 .text.ScreenIF_PulseEnable
                0x00000f2c       0x5c ./source/COTS/ScreenIF/Src/ScreenIF.o
 .text.ScreenIF_SendCommand
                0x00000f88       0x78 ./source/COTS/ScreenIF/Src/ScreenIF.o
 .text.ScreenIF_Display
                0x00001000       0x2c ./source/COTS/ScreenIF/Src/ScreenIF.o
                0x00001000                ScreenIF_Display
 .text.ScreenIF_Init
                0x0000102c       0xfc ./source/COTS/ScreenIF/Src/ScreenIF.o
                0x0000102c                ScreenIF_Init
 .text.ScreenIF_SetCursor
                0x00001128       0x70 ./source/COTS/ScreenIF/Src/ScreenIF.o
                0x00001128                ScreenIF_SetCursor
 .text.floatToString
                0x00001198      0x164 ./source/COTS/BatteryStatusMonitor/Src/DataMonitor.o
                0x00001198                floatToString
 .text.DataMonitor_soc_disp
                0x000012fc       0x50 ./source/COTS/BatteryStatusMonitor/Src/DataMonitor.o
                0x000012fc                DataMonitor_soc_disp
 .text.DataMonitor_soh_disp
                0x0000134c       0x50 ./source/COTS/BatteryStatusMonitor/Src/DataMonitor.o
                0x0000134c                DataMonitor_soh_disp
 .text.DataMonitor_current_disp
                0x0000139c       0x48 ./source/COTS/BatteryStatusMonitor/Src/DataMonitor.o
                0x0000139c                DataMonitor_current_disp
 .text.DataMonitor_Fault_disp
                0x000013e4       0x90 ./source/COTS/BatteryStatusMonitor/Src/DataMonitor.o
                0x000013e4                DataMonitor_Fault_disp
 .text.DataMonitor_Temp_disp
                0x00001474       0x48 ./source/COTS/BatteryStatusMonitor/Src/DataMonitor.o
                0x00001474                DataMonitor_Temp_disp
 .text.DataMonitor_Mode_disp
                0x000014bc       0x68 ./source/COTS/BatteryStatusMonitor/Src/DataMonitor.o
                0x000014bc                DataMonitor_Mode_disp
 .text.NVIC_SetPriority
                0x00001524       0xdc ./source/COTS/BMSDataBase/Src/DataBase.o
 .text.SysTick_Config
                0x00001600       0x48 ./source/COTS/BMSDataBase/Src/DataBase.o
 .text.DataBase_UpdateMeasurementData
                0x00001648       0x54 ./source/COTS/BMSDataBase/Src/DataBase.o
                0x00001648                DataBase_UpdateMeasurementData
 .text.DataBase_UpdateFaultData
                0x0000169c       0x80 ./source/COTS/BMSDataBase/Src/DataBase.o
                0x0000169c                DataBase_UpdateFaultData
 .text.DataBase_GetCurrentMeasurementData
                0x0000171c       0x2c ./source/COTS/BMSDataBase/Src/DataBase.o
                0x0000171c                DataBase_GetCurrentMeasurementData
 .text.DataBase_GetPreviousMeasurementData
                0x00001748       0x2c ./source/COTS/BMSDataBase/Src/DataBase.o
                0x00001748                DataBase_GetPreviousMeasurementData
 .text.DataBase_GetCurrentFaultData
                0x00001774       0x2c ./source/COTS/BMSDataBase/Src/DataBase.o
                0x00001774                DataBase_GetCurrentFaultData
 .text.DataBase_GetPreviousFaultData
                0x000017a0       0x2c ./source/COTS/BMSDataBase/Src/DataBase.o
                0x000017a0                DataBase_GetPreviousFaultData
 .text.SysTick_Handler
                0x000017cc       0x78 ./source/COTS/BMSDataBase/Src/DataBase.o
                0x000017cc                SysTick_Handler
 .text.configure_systick
                0x00001844       0x24 ./source/COTS/BMSDataBase/Src/DataBase.o
                0x00001844                configure_systick
 .text.main     0x00001868      0x160 ./source/main.o
                0x00001868                main
 .text.HardFault_Handler
                0x000019c8       0x38 ./source/semihost_hardfault.o
                0x000019c8                HardFault_Handler
 .text.CLOCK_SetEr32kClock
                0x00001a00       0x34 ./drivers/fsl_clock.o
 .text.CLOCK_SetPllFllSelClock
                0x00001a34       0x38 ./drivers/fsl_clock.o
 .text.CLOCK_GetMcgExtClkFreq
                0x00001a6c       0x28 ./drivers/fsl_clock.o
 .text.CLOCK_GetFllExtRefClkFreq
                0x00001a94       0xa8 ./drivers/fsl_clock.o
 .text.CLOCK_GetInternalRefClkSelectFreq
                0x00001b3c       0x40 ./drivers/fsl_clock.o
 .text.CLOCK_GetFllRefClkFreq
                0x00001b7c       0x2c ./drivers/fsl_clock.o
 .text.CLOCK_GetOscRangeFromFreq
                0x00001ba8       0x4c ./drivers/fsl_clock.o
 .text.CLOCK_GetOsc0ErClkFreq
                0x00001bf4       0x3c ./drivers/fsl_clock.o
                0x00001bf4                CLOCK_GetOsc0ErClkFreq
 .text.CLOCK_GetEr32kClkFreq
                0x00001c30       0x78 ./drivers/fsl_clock.o
                0x00001c30                CLOCK_GetEr32kClkFreq
 .text.CLOCK_GetPllFllSelClkFreq
                0x00001ca8       0x4c ./drivers/fsl_clock.o
                0x00001ca8                CLOCK_GetPllFllSelClkFreq
 .text.CLOCK_GetCoreSysClkFreq
                0x00001cf4       0x2c ./drivers/fsl_clock.o
                0x00001cf4                CLOCK_GetCoreSysClkFreq
 .text.CLOCK_GetFreq
                0x00001d20       0xe0 ./drivers/fsl_clock.o
                0x00001d20                CLOCK_GetFreq
 .text.CLOCK_SetSimConfig
                0x00001e00       0x38 ./drivers/fsl_clock.o
                0x00001e00                CLOCK_SetSimConfig
 .text.CLOCK_GetOutClkFreq
                0x00001e38       0x78 ./drivers/fsl_clock.o
                0x00001e38                CLOCK_GetOutClkFreq
 .text.CLOCK_GetFllFreq
                0x00001eb0       0x84 ./drivers/fsl_clock.o
                0x00001eb0                CLOCK_GetFllFreq
 .text.CLOCK_GetInternalRefClkFreq
                0x00001f34       0x28 ./drivers/fsl_clock.o
                0x00001f34                CLOCK_GetInternalRefClkFreq
 .text.CLOCK_GetPll0Freq
                0x00001f5c       0x70 ./drivers/fsl_clock.o
                0x00001f5c                CLOCK_GetPll0Freq
 .text.CLOCK_SetInternalRefClkConfig
                0x00001fcc      0x124 ./drivers/fsl_clock.o
                0x00001fcc                CLOCK_SetInternalRefClkConfig
 .text.CLOCK_EnablePll0
                0x000020f0       0x94 ./drivers/fsl_clock.o
                0x000020f0                CLOCK_EnablePll0
 .text.CLOCK_InitOsc0
                0x00002184       0x94 ./drivers/fsl_clock.o
                0x00002184                CLOCK_InitOsc0
 .text.CLOCK_SetPbeMode
                0x00002218       0xb0 ./drivers/fsl_clock.o
                0x00002218                CLOCK_SetPbeMode
 .text.CLOCK_BootToPeeMode
                0x000022c8       0x70 ./drivers/fsl_clock.o
                0x000022c8                CLOCK_BootToPeeMode
 .text.__assertion_failed
                0x00002338       0x1c ./drivers/fsl_common.o
                0x00002338                __assertion_failed
 .text.NVIC_EnableIRQ
                0x00002354       0x2c ./drivers/fsl_dma.o
 .text.CLOCK_EnableClock
                0x00002380       0x34 ./drivers/fsl_dma.o
 .text.DMA_EnableInterrupts
                0x000023b4       0x4c ./drivers/fsl_dma.o
 .text.DMA_ClearChannelStatusFlags
                0x00002400       0x54 ./drivers/fsl_dma.o
 .text.DMA_GetInstance
                0x00002454       0x48 ./drivers/fsl_dma.o
 .text.DMA_Init
                0x0000249c       0x24 ./drivers/fsl_dma.o
                0x0000249c                DMA_Init
 .text.DMA_ResetChannel
                0x000024c0       0x90 ./drivers/fsl_dma.o
                0x000024c0                DMA_ResetChannel
 .text.DMA_SetTransferConfig
                0x00002550       0xdc ./drivers/fsl_dma.o
                0x00002550                DMA_SetTransferConfig
 .text.DMA_CreateHandle
                0x0000262c       0x90 ./drivers/fsl_dma.o
                0x0000262c                DMA_CreateHandle
 .text.DMA_SetCallback
                0x000026bc       0x34 ./drivers/fsl_dma.o
                0x000026bc                DMA_SetCallback
 .text.DMA_SubmitTransfer
                0x000026f0       0x9c ./drivers/fsl_dma.o
                0x000026f0                DMA_SubmitTransfer
 .text.DMA_AbortTransfer
                0x0000278c       0x88 ./drivers/fsl_dma.o
                0x0000278c                DMA_AbortTransfer
 .text.DMA_HandleIRQ
                0x00002814       0x4c ./drivers/fsl_dma.o
                0x00002814                DMA_HandleIRQ
 .text.DMA0_DriverIRQHandler
                0x00002860       0x18 ./drivers/fsl_dma.o
                0x00002860                DMA0_DriverIRQHandler
 .text.DMA1_DriverIRQHandler
                0x00002878       0x18 ./drivers/fsl_dma.o
                0x00002878                DMA1_DriverIRQHandler
 .text.DMA2_DriverIRQHandler
                0x00002890       0x18 ./drivers/fsl_dma.o
                0x00002890                DMA2_DriverIRQHandler
 .text.DMA3_DriverIRQHandler
                0x000028a8       0x18 ./drivers/fsl_dma.o
                0x000028a8                DMA3_DriverIRQHandler
 .text.CLOCK_EnableClock
                0x000028c0       0x34 ./drivers/fsl_dmamux.o
 .text.DMAMUX_GetInstance
                0x000028f4       0x48 ./drivers/fsl_dmamux.o
 .text.DMAMUX_Init
                0x0000293c       0x24 ./drivers/fsl_dmamux.o
                0x0000293c                DMAMUX_Init
 .text.GPIO_PinInit
                0x00002960       0x64 ./drivers/fsl_gpio.o
                0x00002960                GPIO_PinInit
 .text.CLOCK_DisableClock
                0x000029c4       0x38 ./drivers/fsl_i2c.o
 .text.I2C_GetInstance
                0x000029fc       0x4c ./drivers/fsl_i2c.o
                0x000029fc                I2C_GetInstance
 .text.I2C_TransferCommonIRQHandler
                0x00002a48       0x58 ./drivers/fsl_i2c.o
 .text.I2C_MasterDeinit
                0x00002aa0       0x34 ./drivers/fsl_i2c.o
                0x00002aa0                I2C_MasterDeinit
 .text.I2C_MasterSetBaudRate
                0x00002ad4       0xf0 ./drivers/fsl_i2c.o
                0x00002ad4                I2C_MasterSetBaudRate
 .text.I2C_MasterStart
                0x00002bc4       0x74 ./drivers/fsl_i2c.o
                0x00002bc4                I2C_MasterStart
 .text.I2C_MasterRepeatedStart
                0x00002c38       0xc0 ./drivers/fsl_i2c.o
                0x00002c38                I2C_MasterRepeatedStart
 .text.I2C0_DriverIRQHandler
                0x00002cf8       0x20 ./drivers/fsl_i2c.o
                0x00002cf8                I2C0_DriverIRQHandler
 .text.I2C1_DriverIRQHandler
                0x00002d18       0x20 ./drivers/fsl_i2c.o
                0x00002d18                I2C1_DriverIRQHandler
 .text.DMA_GetRemainingBytes
                0x00002d38       0x38 ./drivers/fsl_i2c_dma.o
 .text.DMA_StartTransfer
                0x00002d70       0x54 ./drivers/fsl_i2c_dma.o
 .text.I2C_CheckAndClearError
                0x00002dc4       0x40 ./drivers/fsl_i2c_dma.o
 .text.I2C_InitTransferStateMachineDMA
                0x00002e04      0x218 ./drivers/fsl_i2c_dma.o
 .text.I2C_MasterTransferCreateHandleDMA
                0x0000301c       0x98 ./drivers/fsl_i2c_dma.o
                0x0000301c                I2C_MasterTransferCreateHandleDMA
 .text.I2C_MasterTransferDMA
                0x000030b4      0x194 ./drivers/fsl_i2c_dma.o
                0x000030b4                I2C_MasterTransferDMA
 .text.I2C_MasterTransferGetCountDMA
                0x00003248       0x64 ./drivers/fsl_i2c_dma.o
                0x00003248                I2C_MasterTransferGetCountDMA
 .text.CLOCK_EnableClock
                0x000032ac       0x34 ./drivers/fsl_lpsci.o
 .text.LPSCI_GetInstance
                0x000032e0       0x48 ./drivers/fsl_lpsci.o
                0x000032e0                LPSCI_GetInstance
 .text.LPSCI_Init
                0x00003328      0x258 ./drivers/fsl_lpsci.o
                0x00003328                LPSCI_Init
 .text.LPSCI_GetDefaultConfig
                0x00003580       0x44 ./drivers/fsl_lpsci.o
                0x00003580                LPSCI_GetDefaultConfig
 .text.LPSCI_ClearStatusFlags
                0x000035c4       0x94 ./drivers/fsl_lpsci.o
                0x000035c4                LPSCI_ClearStatusFlags
 .text.LPSCI_WriteBlocking
                0x00003658       0x4c ./drivers/fsl_lpsci.o
                0x00003658                LPSCI_WriteBlocking
 .text.LPSCI_ReadBlocking
                0x000036a4       0xc0 ./drivers/fsl_lpsci.o
                0x000036a4                LPSCI_ReadBlocking
 .text.UART0_DriverIRQHandler
                0x00003764       0x24 ./drivers/fsl_lpsci.o
                0x00003764                UART0_DriverIRQHandler
 .text.NVIC_EnableIRQ
                0x00003788       0x2c ./drivers/fsl_spi.o
 .text.CLOCK_EnableClock
                0x000037b4       0x34 ./drivers/fsl_spi.o
 .text.SPI_GetInstance
                0x000037e8       0x4c ./drivers/fsl_spi.o
                0x000037e8                SPI_GetInstance
 .text.SPI_MasterGetDefaultConfig
                0x00003834       0x44 ./drivers/fsl_spi.o
                0x00003834                SPI_MasterGetDefaultConfig
 .text.SPI_MasterInit
                0x00003878      0x114 ./drivers/fsl_spi.o
                0x00003878                SPI_MasterInit
 .text.SPI_MasterTransferCreateHandle
                0x0000398c       0x98 ./drivers/fsl_spi.o
                0x0000398c                SPI_MasterTransferCreateHandle
 .text.SPI_MasterTransferNonBlocking
                0x00003a24       0xd0 ./drivers/fsl_spi.o
                0x00003a24                SPI_MasterTransferNonBlocking
 .text.SPI_MasterTransferAbort
                0x00003af4       0x40 ./drivers/fsl_spi.o
                0x00003af4                SPI_MasterTransferAbort
 .text.SPI_MasterTransferHandleIRQ
                0x00003b34       0x84 ./drivers/fsl_spi.o
                0x00003b34                SPI_MasterTransferHandleIRQ
 .text.SPI_CommonIRQHandler
                0x00003bb8       0x54 ./drivers/fsl_spi.o
 .text.SPI0_DriverIRQHandler
                0x00003c0c       0x30 ./drivers/fsl_spi.o
                0x00003c0c                SPI0_DriverIRQHandler
 .text.SPI1_DriverIRQHandler
                0x00003c3c       0x30 ./drivers/fsl_spi.o
                0x00003c3c                SPI1_DriverIRQHandler
 .text.CLOCK_EnableClock
                0x00003c6c       0x34 ./drivers/fsl_uart.o
 .text.UART_GetInstance
                0x00003ca0       0x54 ./drivers/fsl_uart.o
                0x00003ca0                UART_GetInstance
 .text.UART_Init
                0x00003cf4      0x1e0 ./drivers/fsl_uart.o
                0x00003cf4                UART_Init
 .text.UART_GetDefaultConfig
                0x00003ed4       0x44 ./drivers/fsl_uart.o
                0x00003ed4                UART_GetDefaultConfig
 .text.UART_ReadBlocking
                0x00003f18       0x98 ./drivers/fsl_uart.o
                0x00003f18                UART_ReadBlocking
 .text.UART1_DriverIRQHandler
                0x00003fb0       0x24 ./drivers/fsl_uart.o
                0x00003fb0                UART1_DriverIRQHandler
 .text.UART2_DriverIRQHandler
                0x00003fd4       0x24 ./drivers/fsl_uart.o
                0x00003fd4                UART2_DriverIRQHandler
 .text.CLOCK_SetLpsci0Clock
                0x00003ff8       0x38 ./board/board.o
 .text.BOARD_InitDebugConsole
                0x00004030       0x30 ./board/board.o
                0x00004030                BOARD_InitDebugConsole
 .text.CLOCK_SetSimSafeDivs
                0x00004060       0x20 ./board/clock_config.o
 .text.CLOCK_SetXtal0Freq
                0x00004080       0x1c ./board/clock_config.o
 .text.CLOCK_CONFIG_SetFllExtRefDiv
                0x0000409c       0x3c ./board/clock_config.o
 .text.BOARD_BootClockRUN
                0x000040d8       0x64 ./board/clock_config.o
                0x000040d8                BOARD_BootClockRUN
 .text.CLOCK_EnableClock
                0x0000413c       0x34 ./board/pin_mux.o
 .text.PORT_SetPinMux
                0x00004170       0x40 ./board/pin_mux.o
 .text.BOARD_InitPins
                0x000041b0      0x118 ./board/pin_mux.o
                0x000041b0                BOARD_InitPins
 .text.CLOCK_EnableClock
                0x000042c8       0x34 ./CMSIS_driver/fsl_i2c_cmsis.o
 .text.DMAMUX_EnableChannel
                0x000042fc       0x40 ./CMSIS_driver/fsl_i2c_cmsis.o
 .text.DMAMUX_DisableChannel
                0x0000433c       0x40 ./CMSIS_driver/fsl_i2c_cmsis.o
 .text.DMAMUX_SetSource
                0x0000437c       0x50 ./CMSIS_driver/fsl_i2c_cmsis.o
 .text.I2Cx_GetVersion
                0x000043cc       0x34 ./CMSIS_driver/fsl_i2c_cmsis.o
 .text.KSDK_I2C_MASTER_DmaCallback
                0x00004400       0x40 ./CMSIS_driver/fsl_i2c_cmsis.o
                0x00004400                KSDK_I2C_MASTER_DmaCallback
 .text.I2C_Master_DmaInitialize
                0x00004440       0x8c ./CMSIS_driver/fsl_i2c_cmsis.o
 .text.I2C_Master_DmaTransmit
                0x000044cc       0xec ./CMSIS_driver/fsl_i2c_cmsis.o
                0x000044cc                I2C_Master_DmaTransmit
 .text.I2C_Master_DmaReceive
                0x000045b8       0xec ./CMSIS_driver/fsl_i2c_cmsis.o
                0x000045b8                I2C_Master_DmaReceive
 .text.I2C_Master_DmaControl
                0x000046a4      0x188 ./CMSIS_driver/fsl_i2c_cmsis.o
                0x000046a4                I2C_Master_DmaControl
 .text.I2C_Master_DmaPowerControl
                0x0000482c       0x90 ./CMSIS_driver/fsl_i2c_cmsis.o
                0x0000482c                I2C_Master_DmaPowerControl
 .text.I2C0_Master_DmaInitialize
                0x000048bc       0x28 ./CMSIS_driver/fsl_i2c_cmsis.o
 .text.I2C0_Master_DmaUninitialize
                0x000048e4       0x1c ./CMSIS_driver/fsl_i2c_cmsis.o
                0x000048e4                I2C0_Master_DmaUninitialize
 .text.I2C0_Master_DmaPowerControl
                0x00004900       0x28 ./CMSIS_driver/fsl_i2c_cmsis.o
                0x00004900                I2C0_Master_DmaPowerControl
 .text.I2C0_Master_DmaTransmit
                0x00004928       0x34 ./CMSIS_driver/fsl_i2c_cmsis.o
                0x00004928                I2C0_Master_DmaTransmit
 .text.I2C0_Master_DmaReceive
                0x0000495c       0x34 ./CMSIS_driver/fsl_i2c_cmsis.o
                0x0000495c                I2C0_Master_DmaReceive
 .text.I2C0_Master_DmaGetDataCount
                0x00004990       0x18 ./CMSIS_driver/fsl_i2c_cmsis.o
                0x00004990                I2C0_Master_DmaGetDataCount
 .text.I2C0_Master_DmaControl
                0x000049a8       0x24 ./CMSIS_driver/fsl_i2c_cmsis.o
                0x000049a8                I2C0_Master_DmaControl
 .text.I2C0_Master_DmaGetStatus
                0x000049cc       0x18 ./CMSIS_driver/fsl_i2c_cmsis.o
                0x000049cc                I2C0_Master_DmaGetStatus
 .text.SystemInit
                0x000049e4       0x18 ./CMSIS/system_MKL25Z4.o
                0x000049e4                SystemInit
 .text.sprintf  0x000049fc       0x68 C:/NXP/MCUXpressoIDE_24.12.148/ide/plugins/com.nxp.mcuxpresso.tools.win32_24.12.0.202407110909/tools/bin/../lib/gcc/arm-none-eabi/13.2.1/../../../../arm-none-eabi/lib/thumb/v6-m/nofp\libcr_c.a(fpprintf.o)
                0x000049fc                sprintf
 .text.fp_display
                0x00004a64      0x9bc C:/NXP/MCUXpressoIDE_24.12.148/ide/plugins/com.nxp.mcuxpresso.tools.win32_24.12.0.202407110909/tools/bin/../lib/gcc/arm-none-eabi/13.2.1/../../../../arm-none-eabi/lib/thumb/v6-m/nofp\libcr_c.a(fpprintf.o)
 .text._initio  0x00005420       0x7c C:/NXP/MCUXpressoIDE_24.12.148/ide/plugins/com.nxp.mcuxpresso.tools.win32_24.12.0.202407110909/tools/bin/../lib/gcc/arm-none-eabi/13.2.1/../../../../arm-none-eabi/lib/thumb/v6-m/nofp\libcr_c.a(initio.o)
                0x00005420                _initio
 .text.__vfprintf
                0x0000549c      0xd3c C:/NXP/MCUXpressoIDE_24.12.148/ide/plugins/com.nxp.mcuxpresso.tools.win32_24.12.0.202407110909/tools/bin/../lib/gcc/arm-none-eabi/13.2.1/../../../../arm-none-eabi/lib/thumb/v6-m/nofp\libcr_c.a(printf.o)
                0x0000549c                __vfprintf
 .text.setvbuf  0x000061d8       0x4c C:/NXP/MCUXpressoIDE_24.12.148/ide/plugins/com.nxp.mcuxpresso.tools.win32_24.12.0.202407110909/tools/bin/../lib/gcc/arm-none-eabi/13.2.1/../../../../arm-none-eabi/lib/thumb/v6-m/nofp\libcr_c.a(setvbuf.o)
                0x000061d8                setvbuf
 .text.strlen   0x00006224       0x5c C:/NXP/MCUXpressoIDE_24.12.148/ide/plugins/com.nxp.mcuxpresso.tools.win32_24.12.0.202407110909/tools/bin/../lib/gcc/arm-none-eabi/13.2.1/../../../../arm-none-eabi/lib/thumb/v6-m/nofp\libcr_c.a(strlen.o)
                0x00006224                strlen
 .text._deferredlazyseek
                0x00006280       0x40 C:/NXP/MCUXpressoIDE_24.12.148/ide/plugins/com.nxp.mcuxpresso.tools.win32_24.12.0.202407110909/tools/bin/../lib/gcc/arm-none-eabi/13.2.1/../../../../arm-none-eabi/lib/thumb/v6-m/nofp\libcr_c.a(_deferredlazyseek.o)
                0x00006280                _deferredlazyseek
 .text.__flsbuf
                0x000062c0      0x12c C:/NXP/MCUXpressoIDE_24.12.148/ide/plugins/com.nxp.mcuxpresso.tools.win32_24.12.0.202407110909/tools/bin/../lib/gcc/arm-none-eabi/13.2.1/../../../../arm-none-eabi/lib/thumb/v6-m/nofp\libcr_c.a(_deferredlazyseek.o)
                0x000062c0                __flsbuf
 .text._fdopen  0x000063ec       0x74 C:/NXP/MCUXpressoIDE_24.12.148/ide/plugins/com.nxp.mcuxpresso.tools.win32_24.12.0.202407110909/tools/bin/../lib/gcc/arm-none-eabi/13.2.1/../../../../arm-none-eabi/lib/thumb/v6-m/nofp\libcr_c.a(_fdopen.o)
                0x000063ec                _fdopen
 .text._fflush  0x00006460       0x5c C:/NXP/MCUXpressoIDE_24.12.148/ide/plugins/com.nxp.mcuxpresso.tools.win32_24.12.0.202407110909/tools/bin/../lib/gcc/arm-none-eabi/13.2.1/../../../../arm-none-eabi/lib/thumb/v6-m/nofp\libcr_c.a(_fflush.o)
                0x00006460                _fflush
 .text._frexpl  0x000064bc       0x80 C:/NXP/MCUXpressoIDE_24.12.148/ide/plugins/com.nxp.mcuxpresso.tools.win32_24.12.0.202407110909/tools/bin/../lib/gcc/arm-none-eabi/13.2.1/../../../../arm-none-eabi/lib/thumb/v6-m/nofp\libcr_c.a(_frexpl.o)
                0x000064bc                _frexpl
 .text._ldexpl  0x0000653c       0x58 C:/NXP/MCUXpressoIDE_24.12.148/ide/plugins/com.nxp.mcuxpresso.tools.win32_24.12.0.202407110909/tools/bin/../lib/gcc/arm-none-eabi/13.2.1/../../../../arm-none-eabi/lib/thumb/v6-m/nofp\libcr_c.a(_ldexpl.o)
                0x0000653c                _ldexpl
 .text._Cwritebuf
                0x00006594       0x68 C:/NXP/MCUXpressoIDE_24.12.148/ide/plugins/com.nxp.mcuxpresso.tools.win32_24.12.0.202407110909/tools/bin/../lib/gcc/arm-none-eabi/13.2.1/../../../../arm-none-eabi/lib/thumb/v6-m/nofp\libcr_c.a(_writebuf.o)
                0x00006594                _Cwritebuf
 .text.malloc   0x000065fc       0xd4 C:/NXP/MCUXpressoIDE_24.12.148/ide/plugins/com.nxp.mcuxpresso.tools.win32_24.12.0.202407110909/tools/bin/../lib/gcc/arm-none-eabi/13.2.1/../../../../arm-none-eabi/lib/thumb/v6-m/nofp\libcr_c.a(alloc.o)
                0x000065fc                malloc
 .text._Csys_alloc
                0x000066d0       0x20 C:/NXP/MCUXpressoIDE_24.12.148/ide/plugins/com.nxp.mcuxpresso.tools.win32_24.12.0.202407110909/tools/bin/../lib/gcc/arm-none-eabi/13.2.1/../../../../arm-none-eabi/lib/thumb/v6-m/nofp\libcr_c.a(alloc.o)
                0x000066d0                _Csys_alloc
 .text.fclose   0x000066f0       0x5c C:/NXP/MCUXpressoIDE_24.12.148/ide/plugins/com.nxp.mcuxpresso.tools.win32_24.12.0.202407110909/tools/bin/../lib/gcc/arm-none-eabi/13.2.1/../../../../arm-none-eabi/lib/thumb/v6-m/nofp\libcr_c.a(fclose.o)
                0x000066f0                fclose
 .text.fflush   0x0000674c       0x40 C:/NXP/MCUXpressoIDE_24.12.148/ide/plugins/com.nxp.mcuxpresso.tools.win32_24.12.0.202407110909/tools/bin/../lib/gcc/arm-none-eabi/13.2.1/../../../../arm-none-eabi/lib/thumb/v6-m/nofp\libcr_c.a(fflush.o)
                0x0000674c                fflush
 .text.fseek    0x0000678c       0xec C:/NXP/MCUXpressoIDE_24.12.148/ide/plugins/com.nxp.mcuxpresso.tools.win32_24.12.0.202407110909/tools/bin/../lib/gcc/arm-none-eabi/13.2.1/../../../../arm-none-eabi/lib/thumb/v6-m/nofp\libcr_c.a(fseek.o)
                0x0000678c                fseek
 .text.ftell    0x00006878       0x4c C:/NXP/MCUXpressoIDE_24.12.148/ide/plugins/com.nxp.mcuxpresso.tools.win32_24.12.0.202407110909/tools/bin/../lib/gcc/arm-none-eabi/13.2.1/../../../../arm-none-eabi/lib/thumb/v6-m/nofp\libcr_c.a(ftell.o)
                0x00006878                ftell
 .text._sbrk    0x000068c4       0x44 C:/NXP/MCUXpressoIDE_24.12.148/ide/plugins/com.nxp.mcuxpresso.tools.win32_24.12.0.202407110909/tools/bin/../lib/gcc/arm-none-eabi/13.2.1/../../../../arm-none-eabi/lib/thumb/v6-m/nofp\libcr_c.a(_cr_sbrk.o)
                0x000068c4                _sbrk
 .text._do_fflush
                0x00006908       0x48 C:/NXP/MCUXpressoIDE_24.12.148/ide/plugins/com.nxp.mcuxpresso.tools.win32_24.12.0.202407110909/tools/bin/../lib/gcc/arm-none-eabi/13.2.1/../../../../arm-none-eabi/lib/thumb/v6-m/nofp\libcr_c.a(_do_fflush.o)
                0x00006908                _do_fflush
 .text.__check_heap_overflow
                0x00006950       0x18 C:/NXP/MCUXpressoIDE_24.12.148/ide/plugins/com.nxp.mcuxpresso.tools.win32_24.12.0.202407110909/tools/bin/../lib/gcc/arm-none-eabi/13.2.1/../../../../arm-none-eabi/lib/thumb/v6-m/nofp\libcr_c.a(_cr_check_heap.o)
                0x00006950                __check_heap_overflow
 .text.__aeabi_dmul
                0x00006968      0x190 C:/NXP/MCUXpressoIDE_24.12.148/ide/plugins/com.nxp.mcuxpresso.tools.win32_24.12.0.202407110909/tools/bin/../lib/gcc/arm-none-eabi/13.2.1/thumb/v6-m/nofp\libcr_eabihelpers.a(double.o)
                0x00006968                __aeabi_dmul
 .text.__aeabi_ddiv
                0x00006af8      0x174 C:/NXP/MCUXpressoIDE_24.12.148/ide/plugins/com.nxp.mcuxpresso.tools.win32_24.12.0.202407110909/tools/bin/../lib/gcc/arm-none-eabi/13.2.1/thumb/v6-m/nofp\libcr_eabihelpers.a(double.o)
                0x00006af8                __aeabi_ddiv
 .text.__aeabi_dsub
                0x00006c6c      0x1c4 C:/NXP/MCUXpressoIDE_24.12.148/ide/plugins/com.nxp.mcuxpresso.tools.win32_24.12.0.202407110909/tools/bin/../lib/gcc/arm-none-eabi/13.2.1/thumb/v6-m/nofp\libcr_eabihelpers.a(double.o)
                0x00006c6c                __aeabi_dsub
 .text.__aeabi_dadd
                0x00006e30      0x140 C:/NXP/MCUXpressoIDE_24.12.148/ide/plugins/com.nxp.mcuxpresso.tools.win32_24.12.0.202407110909/tools/bin/../lib/gcc/arm-none-eabi/13.2.1/thumb/v6-m/nofp\libcr_eabihelpers.a(double.o)
                0x00006e30                __aeabi_dadd
 .text.__aeabi_d2f
                0x00006f70       0x64 C:/NXP/MCUXpressoIDE_24.12.148/ide/plugins/com.nxp.mcuxpresso.tools.win32_24.12.0.202407110909/tools/bin/../lib/gcc/arm-none-eabi/13.2.1/thumb/v6-m/nofp\libcr_eabihelpers.a(double.o)
                0x00006f70                __aeabi_d2f
 .text.__aeabi_d2iz
                0x00006fd4       0x50 C:/NXP/MCUXpressoIDE_24.12.148/ide/plugins/com.nxp.mcuxpresso.tools.win32_24.12.0.202407110909/tools/bin/../lib/gcc/arm-none-eabi/13.2.1/thumb/v6-m/nofp\libcr_eabihelpers.a(double.o)
                0x00006fd4                __aeabi_d2iz
 .text.__aeabi_dcmpeq
                0x00007024       0x34 C:/NXP/MCUXpressoIDE_24.12.148/ide/plugins/com.nxp.mcuxpresso.tools.win32_24.12.0.202407110909/tools/bin/../lib/gcc/arm-none-eabi/13.2.1/thumb/v6-m/nofp\libcr_eabihelpers.a(double.o)
                0x00007024                __aeabi_dcmpeq
 .text.__aeabi_dcmplt
                0x00007058       0x60 C:/NXP/MCUXpressoIDE_24.12.148/ide/plugins/com.nxp.mcuxpresso.tools.win32_24.12.0.202407110909/tools/bin/../lib/gcc/arm-none-eabi/13.2.1/thumb/v6-m/nofp\libcr_eabihelpers.a(double.o)
                0x00007058                __aeabi_dcmplt
 .text.__aeabi_dcmple
                0x000070b8       0x6c C:/NXP/MCUXpressoIDE_24.12.148/ide/plugins/com.nxp.mcuxpresso.tools.win32_24.12.0.202407110909/tools/bin/../lib/gcc/arm-none-eabi/13.2.1/thumb/v6-m/nofp\libcr_eabihelpers.a(double.o)
                0x000070b8                __aeabi_dcmple
 .text.__aeabi_dcmpge
                0x00007124       0x68 C:/NXP/MCUXpressoIDE_24.12.148/ide/plugins/com.nxp.mcuxpresso.tools.win32_24.12.0.202407110909/tools/bin/../lib/gcc/arm-none-eabi/13.2.1/thumb/v6-m/nofp\libcr_eabihelpers.a(double.o)
                0x00007124                __aeabi_dcmpge
 .text.__aeabi_fmul
                0x0000718c       0xcc C:/NXP/MCUXpressoIDE_24.12.148/ide/plugins/com.nxp.mcuxpresso.tools.win32_24.12.0.202407110909/tools/bin/../lib/gcc/arm-none-eabi/13.2.1/thumb/v6-m/nofp\libcr_eabihelpers.a(float.o)
                0x0000718c                __aeabi_fmul
 .text.__aeabi_fdiv
                0x00007258       0xf0 C:/NXP/MCUXpressoIDE_24.12.148/ide/plugins/com.nxp.mcuxpresso.tools.win32_24.12.0.202407110909/tools/bin/../lib/gcc/arm-none-eabi/13.2.1/thumb/v6-m/nofp\libcr_eabihelpers.a(float.o)
                0x00007258                __aeabi_fdiv
 .text.__aeabi_fsub
                0x00007348      0x124 C:/NXP/MCUXpressoIDE_24.12.148/ide/plugins/com.nxp.mcuxpresso.tools.win32_24.12.0.202407110909/tools/bin/../lib/gcc/arm-none-eabi/13.2.1/thumb/v6-m/nofp\libcr_eabihelpers.a(float.o)
                0x00007348                __aeabi_fsub
 .text.__aeabi_fadd
                0x0000746c       0xb0 C:/NXP/MCUXpressoIDE_24.12.148/ide/plugins/com.nxp.mcuxpresso.tools.win32_24.12.0.202407110909/tools/bin/../lib/gcc/arm-none-eabi/13.2.1/thumb/v6-m/nofp\libcr_eabihelpers.a(float.o)
                0x0000746c                __aeabi_fadd
 .text.__aeabi_f2iz
                0x0000751c       0x34 C:/NXP/MCUXpressoIDE_24.12.148/ide/plugins/com.nxp.mcuxpresso.tools.win32_24.12.0.202407110909/tools/bin/../lib/gcc/arm-none-eabi/13.2.1/thumb/v6-m/nofp\libcr_eabihelpers.a(float.o)
                0x0000751c                __aeabi_f2iz
 .text.__aeabi_f2d
                0x00007550       0x40 C:/NXP/MCUXpressoIDE_24.12.148/ide/plugins/com.nxp.mcuxpresso.tools.win32_24.12.0.202407110909/tools/bin/../lib/gcc/arm-none-eabi/13.2.1/thumb/v6-m/nofp\libcr_eabihelpers.a(float.o)
                0x00007550                __aeabi_f2d
 .text.UART_EnableTx
                0x00007590       0x40 ./utilities/fsl_debug_console.o
 .text.UART_EnableRx
                0x000075d0       0x40 ./utilities/fsl_debug_console.o
 .text.LPSCI_EnableTx
                0x00007610       0x40 ./utilities/fsl_debug_console.o
 .text.LPSCI_EnableRx
                0x00007650       0x40 ./utilities/fsl_debug_console.o
 .text.DbgConsole_PrintfPaddingCharacter
                0x00007690       0x48 ./utilities/fsl_debug_console.o
 .text.DbgConsole_ConvertRadixNumToString
                0x000076d8      0x114 ./utilities/fsl_debug_console.o
 .text.DbgConsole_PrintfFormattedData
                0x000077ec      0x33a ./utilities/fsl_debug_console.o
 .text.SlaveIF_SystemSetup
                0x00007b26       0x64 ./source/COTS/SlaveControlIF/Src/SlaveIF.o
                0x00007b26                SlaveIF_SystemSetup
 .text.SlaveIF_EnableOVUV
                0x00007b8a       0x2c ./source/COTS/SlaveControlIF/Src/SlaveIF.o
                0x00007b8a                SlaveIF_EnableOVUV
 .text.SlaveIF_ReadCellOverVoltageStatus
                0x00007bb6       0x40 ./source/COTS/SlaveControlIF/Src/SlaveIF.o
                0x00007bb6                SlaveIF_ReadCellOverVoltageStatus
 .text.SlaveIF_ReadCellUnderVoltageStatus
                0x00007bf6       0x3a ./source/COTS/SlaveControlIF/Src/SlaveIF.o
                0x00007bf6                SlaveIF_ReadCellUnderVoltageStatus
 .text.SlaveIF_CfgAllGpiosForTempSensors
                0x00007c30       0x4a ./source/COTS/SlaveControlIF/Src/SlaveIF.o
                0x00007c30                SlaveIF_CfgAllGpiosForTempSensors
 .text.SlaveIF_ReadNumberCoulombSamples
                0x00007c7a       0x28 ./source/COTS/SlaveControlIF/Src/SlaveIF.o
                0x00007c7a                SlaveIF_ReadNumberCoulombSamples
 .text.I2C0_GetFreq
                0x00007ca2       0x12 ./source/COTS/ScreenIF/Src/ScreenIF.o
                0x00007ca2                I2C0_GetFreq
 .text.ScreenIF_Home
                0x00007cb4       0x1a ./source/COTS/ScreenIF/Src/ScreenIF.o
                0x00007cb4                ScreenIF_Home
 .text.ScreenIF_Send
                0x00007cce       0x58 ./source/COTS/ScreenIF/Src/ScreenIF.o
 .text.ScreenIF_Write4Bits
                0x00007d26       0x28 ./source/COTS/ScreenIF/Src/ScreenIF.o
 .text.ScreenIF_Clear
                0x00007d4e       0x1a ./source/COTS/ScreenIF/Src/ScreenIF.o
                0x00007d4e                ScreenIF_Clear
 .text.ScreenIF_PrintStr
                0x00007d68       0x2a ./source/COTS/ScreenIF/Src/ScreenIF.o
                0x00007d68                ScreenIF_PrintStr
 .text.ScreenIF_SendChar
                0x00007d92       0x20 ./source/COTS/ScreenIF/Src/ScreenIF.o
 .text.I2C0_InitPins
                0x00007db2        0xa ./source/COTS/ScreenIF/Src/ScreenIF.o
                0x00007db2                I2C0_InitPins
 .text.I2C0_DeinitPins
                0x00007dbc        0xa ./source/COTS/ScreenIF/Src/ScreenIF.o
                0x00007dbc                I2C0_DeinitPins
 .text.DataMonitor_lcd
                0x00007dc6       0x6e ./source/COTS/BatteryStatusMonitor/Src/DataMonitor.o
                0x00007dc6                DataMonitor_lcd
 .text.GPIO_TogglePinsOutput
                0x00007e34       0x18 ./source/main.o
 .text.OSC_SetExtRefClkConfig
                0x00007e4c       0x3e ./drivers/fsl_clock.o
 .text.OSC_SetCapLoad
                0x00007e8a       0x42 ./drivers/fsl_clock.o
 .text.CLOCK_GetPll0RefFreq
                0x00007ecc       0x10 ./drivers/fsl_clock.o
 .text.CLOCK_GetFixedFreqClkFreq
                0x00007edc       0x30 ./drivers/fsl_clock.o
                0x00007edc                CLOCK_GetFixedFreqClkFreq
 .text.CLOCK_SetExternalRefClkConfig
                0x00007f0c       0x16 ./drivers/fsl_clock.o
                0x00007f0c                CLOCK_SetExternalRefClkConfig
 .text.EnableIRQ
                0x00007f22       0x2c ./drivers/fsl_dma.o
 .text.GPIO_WritePinOutput
                0x00007f4e       0x34 ./drivers/fsl_gpio.o
 .text.I2C_Enable
                0x00007f82       0x42 ./drivers/fsl_i2c.o
 .text.I2C_MasterStop
                0x00007fc4       0x64 ./drivers/fsl_i2c.o
                0x00007fc4                I2C_MasterStop
 .text.I2C_MasterGetStatusFlags
                0x00008028       0x32 ./drivers/fsl_i2c.o
                0x00008028                I2C_MasterGetStatusFlags
 .text.I2C_MasterClearStatusFlags
                0x0000805a       0x38 ./drivers/fsl_i2c_dma.o
 .text.I2C_EnableDMA
                0x00008092       0x40 ./drivers/fsl_i2c_dma.o
 .text.I2C_GetDataRegAddr
                0x000080d2       0x14 ./drivers/fsl_i2c_dma.o
 .text.I2C_MasterTransferCallbackDMA
                0x000080e6      0x130 ./drivers/fsl_i2c_dma.o
 .text.I2C_MasterTransferDMAConfig
                0x00008216       0xbe ./drivers/fsl_i2c_dma.o
 .text.I2C_MasterTransferAbortDMA
                0x000082d4       0x2c ./drivers/fsl_i2c_dma.o
                0x000082d4                I2C_MasterTransferAbortDMA
 .text.LPSCI_GetStatusFlags
                0x00008300       0x26 ./drivers/fsl_lpsci.o
                0x00008300                LPSCI_GetStatusFlags
 .text.EnableIRQ
                0x00008326       0x2c ./drivers/fsl_spi.o
 .text.SPI_WriteNonBlocking
                0x00008352       0x56 ./drivers/fsl_spi.o
 .text.SPI_ReadNonBlocking
                0x000083a8       0x56 ./drivers/fsl_spi.o
 .text.SPI_GetWatermark
                0x000083fe       0x22 ./drivers/fsl_spi.o
 .text.SPI_SendInitialTransfer
                0x00008420       0x52 ./drivers/fsl_spi.o
 .text.SPI_SendTransfer
                0x00008472       0xce ./drivers/fsl_spi.o
 .text.SPI_ReceiveTransfer
                0x00008540       0x68 ./drivers/fsl_spi.o
 .text.SPI_EnableInterrupts
                0x000085a8       0x5e ./drivers/fsl_spi.o
                0x000085a8                SPI_EnableInterrupts
 .text.SPI_DisableInterrupts
                0x00008606       0x5a ./drivers/fsl_spi.o
                0x00008606                SPI_DisableInterrupts
 .text.SPI_MasterSetBaudRate
                0x00008660       0xb8 ./drivers/fsl_spi.o
                0x00008660                SPI_MasterSetBaudRate
 .text.SPI_WriteData
                0x00008718       0x20 ./drivers/fsl_spi.o
                0x00008718                SPI_WriteData
 .text.SPI_ReadData
                0x00008738       0x26 ./drivers/fsl_spi.o
                0x00008738                SPI_ReadData
 .text.UART_GetStatusFlags
                0x0000875e       0x26 ./drivers/fsl_uart.o
                0x0000875e                UART_GetStatusFlags
 .text.UART_WriteBlocking
                0x00008784       0x3c ./drivers/fsl_uart.o
                0x00008784                UART_WriteBlocking
 .text.BOARD_InitBootClocks
                0x000087c0        0xe ./board/clock_config.o
                0x000087c0                BOARD_InitBootClocks
 .text.BOARD_InitBootPeripherals
                0x000087ce        0xa ./board/peripherals.o
                0x000087ce                BOARD_InitBootPeripherals
 .text.BOARD_InitBootPins
                0x000087d8        0xe ./board/pin_mux.o
                0x000087d8                BOARD_InitBootPins
 .text.I2Cx_GetCapabilities
                0x000087e6       0x14 ./CMSIS_driver/fsl_i2c_cmsis.o
 .text.I2C_Master_DmaUninitialize
                0x000087fa       0x18 ./CMSIS_driver/fsl_i2c_cmsis.o
                0x000087fa                I2C_Master_DmaUninitialize
 .text.I2C_Master_DmaGetDataCount
                0x00008812       0x26 ./CMSIS_driver/fsl_i2c_cmsis.o
                0x00008812                I2C_Master_DmaGetDataCount
 .text.I2C_Master_DmaGetStatus
                0x00008838       0x98 ./CMSIS_driver/fsl_i2c_cmsis.o
                0x00008838                I2C_Master_DmaGetStatus
 .text.__main   0x000088d0        0xc C:/NXP/MCUXpressoIDE_24.12.148/ide/plugins/com.nxp.mcuxpresso.tools.win32_24.12.0.202407110909/tools/bin/../lib/gcc/arm-none-eabi/13.2.1/../../../../arm-none-eabi/lib/thumb/v6-m/nofp\libcr_nohost_nf.a(_cr__main.o)
                0x000088d0                __main
 .text.memcpy   0x000088dc        0x8 C:/NXP/MCUXpressoIDE_24.12.148/ide/plugins/com.nxp.mcuxpresso.tools.win32_24.12.0.202407110909/tools/bin/../lib/gcc/arm-none-eabi/13.2.1/../../../../arm-none-eabi/lib/thumb/v6-m/nofp\libcr_c.a(memcpy.o)
                0x000088dc                memcpy
 .text.memset   0x000088e4        0x8 C:/NXP/MCUXpressoIDE_24.12.148/ide/plugins/com.nxp.mcuxpresso.tools.win32_24.12.0.202407110909/tools/bin/../lib/gcc/arm-none-eabi/13.2.1/../../../../arm-none-eabi/lib/thumb/v6-m/nofp\libcr_c.a(memset.o)
                0x000088e4                memset
 .text.fp_round
                0x000088ec       0x4a C:/NXP/MCUXpressoIDE_24.12.148/ide/plugins/com.nxp.mcuxpresso.tools.win32_24.12.0.202407110909/tools/bin/../lib/gcc/arm-none-eabi/13.2.1/../../../../arm-none-eabi/lib/thumb/v6-m/nofp\libcr_c.a(fpprintf.o)
 .text.pr_dec.constprop.0
                0x00008936       0x24 C:/NXP/MCUXpressoIDE_24.12.148/ide/plugins/com.nxp.mcuxpresso.tools.win32_24.12.0.202407110909/tools/bin/../lib/gcc/arm-none-eabi/13.2.1/../../../../arm-none-eabi/lib/thumb/v6-m/nofp\libcr_c.a(fpprintf.o)
 .text.free     0x0000895a       0x2c C:/NXP/MCUXpressoIDE_24.12.148/ide/plugins/com.nxp.mcuxpresso.tools.win32_24.12.0.202407110909/tools/bin/../lib/gcc/arm-none-eabi/13.2.1/../../../../arm-none-eabi/lib/thumb/v6-m/nofp\libcr_c.a(alloc.o)
                0x0000895a                free
 .text.remove   0x00008986       0x12 C:/NXP/MCUXpressoIDE_24.12.148/ide/plugins/com.nxp.mcuxpresso.tools.win32_24.12.0.202407110909/tools/bin/../lib/gcc/arm-none-eabi/13.2.1/../../../../arm-none-eabi/lib/thumb/v6-m/nofp\libcr_c.a(remove.o)
                0x00008986                remove
 .text.__aeabi_division_idivmod
                0x00008998       0x78 C:/NXP/MCUXpressoIDE_24.12.148/ide/plugins/com.nxp.mcuxpresso.tools.win32_24.12.0.202407110909/tools/bin/../lib/gcc/arm-none-eabi/13.2.1/thumb/v6-m/nofp\libcr_eabihelpers.a(division_32.o)
                0x00008998                __aeabi_idivmod
                0x00008998                __aeabi_idiv
                0x0000899e                __aeabi_uidivmod
                0x0000899e                __aeabi_uidiv
 .text.__aeabi_division_idiv0
                0x00008a10        0x2 C:/NXP/MCUXpressoIDE_24.12.148/ide/plugins/com.nxp.mcuxpresso.tools.win32_24.12.0.202407110909/tools/bin/../lib/gcc/arm-none-eabi/13.2.1/thumb/v6-m/nofp\libcr_eabihelpers.a(division_idiv0.o)
                0x00008a10                __aeabi_idiv0
 .text.__bhs_ui2d
                0x00008a12       0x5e C:/NXP/MCUXpressoIDE_24.12.148/ide/plugins/com.nxp.mcuxpresso.tools.win32_24.12.0.202407110909/tools/bin/../lib/gcc/arm-none-eabi/13.2.1/thumb/v6-m/nofp\libcr_eabihelpers.a(double.o)
                0x00008a12                __bhs_ui2d
 .text.__aeabi_i2d
                0x00008a70       0x18 C:/NXP/MCUXpressoIDE_24.12.148/ide/plugins/com.nxp.mcuxpresso.tools.win32_24.12.0.202407110909/tools/bin/../lib/gcc/arm-none-eabi/13.2.1/thumb/v6-m/nofp\libcr_eabihelpers.a(double.o)
                0x00008a70                __aeabi_i2d
 .text.__bhs_ui2f
                0x00008a88       0x60 C:/NXP/MCUXpressoIDE_24.12.148/ide/plugins/com.nxp.mcuxpresso.tools.win32_24.12.0.202407110909/tools/bin/../lib/gcc/arm-none-eabi/13.2.1/thumb/v6-m/nofp\libcr_eabihelpers.a(float.o)
                0x00008a88                __bhs_ui2f
 .text.__aeabi_i2f
                0x00008ae8       0x18 C:/NXP/MCUXpressoIDE_24.12.148/ide/plugins/com.nxp.mcuxpresso.tools.win32_24.12.0.202407110909/tools/bin/../lib/gcc/arm-none-eabi/13.2.1/thumb/v6-m/nofp\libcr_eabihelpers.a(float.o)
                0x00008ae8                __aeabi_i2f
 .text.__aeabi_ui2f
                0x00008b00        0xc C:/NXP/MCUXpressoIDE_24.12.148/ide/plugins/com.nxp.mcuxpresso.tools.win32_24.12.0.202407110909/tools/bin/../lib/gcc/arm-none-eabi/13.2.1/thumb/v6-m/nofp\libcr_eabihelpers.a(float.o)
                0x00008b00                __aeabi_ui2f
 .text.__aeabi_fcmplt
                0x00008b0c       0x42 C:/NXP/MCUXpressoIDE_24.12.148/ide/plugins/com.nxp.mcuxpresso.tools.win32_24.12.0.202407110909/tools/bin/../lib/gcc/arm-none-eabi/13.2.1/thumb/v6-m/nofp\libcr_eabihelpers.a(float.o)
                0x00008b0c                __aeabi_fcmplt
 .text.__aeabi_llong_lmul
                0x00008b4e       0x2e C:/NXP/MCUXpressoIDE_24.12.148/ide/plugins/com.nxp.mcuxpresso.tools.win32_24.12.0.202407110909/tools/bin/../lib/gcc/arm-none-eabi/13.2.1/thumb/v6-m/nofp\libcr_eabihelpers.a(llong.o)
                0x00008b4e                __aeabi_lmul
 .text.__aeabi_memcpy
                0x00008b7c       0x2c C:/NXP/MCUXpressoIDE_24.12.148/ide/plugins/com.nxp.mcuxpresso.tools.win32_24.12.0.202407110909/tools/bin/../lib/gcc/arm-none-eabi/13.2.1/thumb/v6-m/nofp\libcr_eabihelpers.a(memcpy.o)
                0x00008b7c                __aeabi_memcpy4
                0x00008b7c                __aeabi_memcpy8
                0x00008b7c                __aeabi_memcpy
 .text.__aeabi_memset_lowlevel
                0x00008ba8       0x2a C:/NXP/MCUXpressoIDE_24.12.148/ide/plugins/com.nxp.mcuxpresso.tools.win32_24.12.0.202407110909/tools/bin/../lib/gcc/arm-none-eabi/13.2.1/thumb/v6-m/nofp\libcr_eabihelpers.a(memcpy.o)
                0x00008ba8                __aeabi_lowlevel_memset
 .text.__gnu_thumb1_case_uqi
                0x00008bd2       0x10 C:/NXP/MCUXpressoIDE_24.12.148/ide/plugins/com.nxp.mcuxpresso.tools.win32_24.12.0.202407110909/tools/bin/../lib/gcc/arm-none-eabi/13.2.1/thumb/v6-m/nofp\libcr_eabihelpers.a(thumb1_switch_helpers.o)
                0x00008bd2                __gnu_thumb1_case_uqi
 .text.__gnu_thumb1_case_shi
                0x00008be2       0x10 C:/NXP/MCUXpressoIDE_24.12.148/ide/plugins/com.nxp.mcuxpresso.tools.win32_24.12.0.202407110909/tools/bin/../lib/gcc/arm-none-eabi/13.2.1/thumb/v6-m/nofp\libcr_eabihelpers.a(thumb1_switch_helpers.o)
                0x00008be2                __gnu_thumb1_case_shi
 .text.__gnu_thumb1_case_uhi
                0x00008bf2       0x10 C:/NXP/MCUXpressoIDE_24.12.148/ide/plugins/com.nxp.mcuxpresso.tools.win32_24.12.0.202407110909/tools/bin/../lib/gcc/arm-none-eabi/13.2.1/thumb/v6-m/nofp\libcr_eabihelpers.a(thumb1_switch_helpers.o)
                0x00008bf2                __gnu_thumb1_case_uhi
 .text.__sys_appexit
                0x00008c02        0x2 C:/NXP/MCUXpressoIDE_24.12.148/ide/plugins/com.nxp.mcuxpresso.tools.win32_24.12.0.202407110909/tools/bin/../lib/gcc/arm-none-eabi/13.2.1/../../../../arm-none-eabi/lib/thumb/v6-m/nofp\libcr_nohost_nf.a(__sys_appexit.o)
                0x00008c02                __sys_appexit
                0x00008c02                __exit
 .text.__sys_close
                0x00008c04        0x6 C:/NXP/MCUXpressoIDE_24.12.148/ide/plugins/com.nxp.mcuxpresso.tools.win32_24.12.0.202407110909/tools/bin/../lib/gcc/arm-none-eabi/13.2.1/../../../../arm-none-eabi/lib/thumb/v6-m/nofp\libcr_nohost_nf.a(__sys_close.o)
                0x00008c04                __sys_close
 .text.__sys_flen
                0x00008c0a        0x6 C:/NXP/MCUXpressoIDE_24.12.148/ide/plugins/com.nxp.mcuxpresso.tools.win32_24.12.0.202407110909/tools/bin/../lib/gcc/arm-none-eabi/13.2.1/../../../../arm-none-eabi/lib/thumb/v6-m/nofp\libcr_nohost_nf.a(__sys_flen.o)
                0x00008c0a                __sys_flen
 .text.__sys_istty
                0x00008c10        0x6 C:/NXP/MCUXpressoIDE_24.12.148/ide/plugins/com.nxp.mcuxpresso.tools.win32_24.12.0.202407110909/tools/bin/../lib/gcc/arm-none-eabi/13.2.1/../../../../arm-none-eabi/lib/thumb/v6-m/nofp\libcr_nohost_nf.a(__sys_istty.o)
                0x00008c10                __sys_istty
 .text.__sys_remove
                0x00008c16        0x6 C:/NXP/MCUXpressoIDE_24.12.148/ide/plugins/com.nxp.mcuxpresso.tools.win32_24.12.0.202407110909/tools/bin/../lib/gcc/arm-none-eabi/13.2.1/../../../../arm-none-eabi/lib/thumb/v6-m/nofp\libcr_nohost_nf.a(__sys_remove.o)
                0x00008c16                __sys_remove
 .text.__sys_seek
                0x00008c1c        0x6 C:/NXP/MCUXpressoIDE_24.12.148/ide/plugins/com.nxp.mcuxpresso.tools.win32_24.12.0.202407110909/tools/bin/../lib/gcc/arm-none-eabi/13.2.1/../../../../arm-none-eabi/lib/thumb/v6-m/nofp\libcr_nohost_nf.a(__sys_seek.o)
                0x00008c1c                __sys_seek
 .text.__sys_tmpnam
                0x00008c22        0x6 C:/NXP/MCUXpressoIDE_24.12.148/ide/plugins/com.nxp.mcuxpresso.tools.win32_24.12.0.202407110909/tools/bin/../lib/gcc/arm-none-eabi/13.2.1/../../../../arm-none-eabi/lib/thumb/v6-m/nofp\libcr_nohost_nf.a(__sys_tmpnam.o)
                0x00008c22                __sys_tmpnam
 .text.__sys_write
                0x00008c28        0x4 C:/NXP/MCUXpressoIDE_24.12.148/ide/plugins/com.nxp.mcuxpresso.tools.win32_24.12.0.202407110909/tools/bin/../lib/gcc/arm-none-eabi/13.2.1/../../../../arm-none-eabi/lib/thumb/v6-m/nofp\libcr_nohost_nf.a(__sys_write.o)
                0x00008c28                __sys_write
 *(SORT_BY_ALIGNMENT(.rodata) SORT_BY_ALIGNMENT(.rodata.*) SORT_BY_ALIGNMENT(.constdata) SORT_BY_ALIGNMENT(.constdata.*))
 .rodata.SPI_Callback.str1.4
                0x00008c2c      0xb06 ./source/COTS/SlaveControlIF/Src/SlaveIF.o
                                 0x2f (size before relaxing)
 .rodata.SlaveIF_TransferInit.str1.4
                0x00009732       0x2f ./source/COTS/SlaveControlIF/Src/SlaveIF.o
 .rodata.SlaveIF_SlaveWriteRegister.str1.4
                0x00009732       0x42 ./source/COTS/SlaveControlIF/Src/SlaveIF.o
 .rodata.SlaveIF_SlaveReadRegister.str1.4
                0x00009732       0x3d ./source/COTS/SlaveControlIF/Src/SlaveIF.o
 .rodata.SlaveIF_ReadCellVoltage.str1.4
                0x00009732       0x36 ./source/COTS/SlaveControlIF/Src/SlaveIF.o
 *fill*         0x00009732        0x2 ff
 .rodata.SlaveIF_ReadCellVoltage
                0x00009734       0x3c ./source/COTS/SlaveControlIF/Src/SlaveIF.o
 .rodata.SlaveIF_ReadStackVoltage.str1.4
                0x00009770       0x1f ./source/COTS/SlaveControlIF/Src/SlaveIF.o
 .rodata.__func__.2
                0x00009770       0x15 ./source/COTS/SlaveControlIF/Src/SlaveIF.o
 *fill*         0x00009785        0x3 ff
 .rodata.__func__.1
                0x00009788       0x1b ./source/COTS/SlaveControlIF/Src/SlaveIF.o
 *fill*         0x000097a3        0x1 ff
 .rodata.__func__.0
                0x000097a4       0x16 ./source/COTS/SlaveControlIF/Src/SlaveIF.o
 *fill*         0x000097ba        0x2 ff
 .rodata        0x000097bc       0x10 ./source/COTS/ScreenIF/Src/ScreenIF.o
 .rodata.DataMonitor_soc_disp.str1.4
                0x000097cc        0xe ./source/COTS/BatteryStatusMonitor/Src/DataMonitor.o
 .rodata.DataMonitor_soh_disp.str1.4
                0x000097cc        0x5 ./source/COTS/BatteryStatusMonitor/Src/DataMonitor.o
 .rodata.DataMonitor_current_disp.str1.4
                0x000097cc        0x6 ./source/COTS/BatteryStatusMonitor/Src/DataMonitor.o
 .rodata.DataMonitor_Fault_disp.str1.4
                0x000097cc       0x41 ./source/COTS/BatteryStatusMonitor/Src/DataMonitor.o
 .rodata.DataMonitor_Temp_disp.str1.4
                0x000097cc        0x6 ./source/COTS/BatteryStatusMonitor/Src/DataMonitor.o
 .rodata.DataMonitor_Mode_disp.str1.4
                0x000097cc       0x24 ./source/COTS/BatteryStatusMonitor/Src/DataMonitor.o
 .rodata.SysTick_Handler.str1.4
                0x000097cc       0x2f ./source/COTS/BMSDataBase/Src/DataBase.o
 .rodata.__func__.0
                0x000097cc       0x10 ./source/COTS/BMSDataBase/Src/DataBase.o
 .rodata.main.str1.4
                0x000097dc       0x1b ./source/main.o
 .rodata.CLOCK_GetMcgExtClkFreq.str1.4
                0x000097dc       0x1e ./drivers/fsl_clock.o
 .rodata.CLOCK_GetOsc0ErClkFreq.str1.4
                0x000097dc       0x1e ./drivers/fsl_clock.o
 .rodata.CLOCK_GetEr32kClkFreq.str1.4
                0x000097dc       0x1f ./drivers/fsl_clock.o
 .rodata.CLOCK_GetFreq
                0x000097dc       0x38 ./drivers/fsl_clock.o
 .rodata.CLOCK_GetPll0Freq.str1.4
                0x00009814       0x1d ./drivers/fsl_clock.o
 .rodata.CLOCK_EnablePll0.str1.4
                0x00009814       0x19 ./drivers/fsl_clock.o
 .rodata.CLOCK_SetPbeMode.str1.4
                0x00009814       0x1a ./drivers/fsl_clock.o
 .rodata.CLOCK_BootToPeeMode.str1.4
                0x00009814       0x1a ./drivers/fsl_clock.o
 .rodata.fllFactorTable.1
                0x00009814       0x10 ./drivers/fsl_clock.o
 .rodata.__assertion_failed.str1.4
                0x00009824        0x4 ./drivers/fsl_common.o
 .rodata.DMA_EnableInterrupts.str1.4
                0x00009824       0x3c ./drivers/fsl_dma.o
 .rodata.DMA_ClearChannelStatusFlags.str1.4
                0x00009824       0x3c ./drivers/fsl_dma.o
 .rodata.s_dmaIRQNumber
                0x00009824        0x4 ./drivers/fsl_dma.o
 .rodata.DMA_GetInstance.str1.4
                0x00009828       0x31 ./drivers/fsl_dma.o
 .rodata.DMA_ResetChannel.str1.4
                0x00009828       0x39 ./drivers/fsl_dma.o
 .rodata.DMA_SetTransferConfig.str1.4
                0x00009828       0x5b ./drivers/fsl_dma.o
 .rodata.DMA_CreateHandle.str1.4
                0x00009828       0x59 ./drivers/fsl_dma.o
 .rodata.DMA_SetCallback.str1.4
                0x00009828       0x1f ./drivers/fsl_dma.o
 .rodata.DMA_SubmitTransfer.str1.4
                0x00009828       0x3f ./drivers/fsl_dma.o
 .rodata.DMA_AbortTransfer.str1.4
                0x00009828       0x1f ./drivers/fsl_dma.o
 .rodata.DMA_HandleIRQ.str1.4
                0x00009828       0x1f ./drivers/fsl_dma.o
 .rodata.DMAMUX_GetInstance.str1.4
                0x00009828       0x37 ./drivers/fsl_dmamux.o
 .rodata.GPIO_PinInit.str1.4
                0x00009828       0x17 ./drivers/fsl_gpio.o
 .rodata.s_i2cDividerTable
                0x00009828       0x80 ./drivers/fsl_i2c.o
 .rodata.s_i2cBases
                0x000098a8        0x8 ./drivers/fsl_i2c.o
 .rodata.s_i2cClocks
                0x000098b0        0x8 ./drivers/fsl_i2c.o
 .rodata.I2C_GetInstance.str1.4
                0x000098b8       0x32 ./drivers/fsl_i2c.o
 .rodata.DMA_GetRemainingBytes.str1.4
                0x000098b8       0x3c ./drivers/fsl_i2c_dma.o
 .rodata.DMA_StartTransfer.str1.4
                0x000098b8       0x1f ./drivers/fsl_i2c_dma.o
 .rodata.I2C_InitTransferStateMachineDMA.str1.4
                0x000098b8       0x35 ./drivers/fsl_i2c_dma.o
 .rodata.I2C_MasterTransferCreateHandleDMA.str1.4
                0x000098b8       0x3a ./drivers/fsl_i2c_dma.o
 .rodata.I2C_MasterTransferDMA.str1.4
                0x000098b8       0x35 ./drivers/fsl_i2c_dma.o
 .rodata.I2C_MasterTransferGetCountDMA.str1.4
                0x000098b8       0x1b ./drivers/fsl_i2c_dma.o
 .rodata.LPSCI_GetInstance.str1.4
                0x000098b8       0x36 ./drivers/fsl_lpsci.o
 .rodata.LPSCI_Init.str1.4
                0x000098b8       0x43 ./drivers/fsl_lpsci.o
 .rodata.LPSCI_GetDefaultConfig.str1.4
                0x000098b8       0x19 ./drivers/fsl_lpsci.o
 .rodata.LPSCI_WriteBlocking.str1.4
                0x000098b8       0x17 ./drivers/fsl_lpsci.o
 .rodata.LPSCI_ReadBlocking.str1.4
                0x000098b8       0x17 ./drivers/fsl_lpsci.o
 .rodata.s_spiBases
                0x000098b8        0x8 ./drivers/fsl_spi.o
 .rodata.s_spiIRQ
                0x000098c0        0x2 ./drivers/fsl_spi.o
 *fill*         0x000098c2        0x2 ff
 .rodata.s_spiClock
                0x000098c4        0x8 ./drivers/fsl_spi.o
 .rodata.SPI_GetInstance.str1.4
                0x000098cc       0x32 ./drivers/fsl_spi.o
 .rodata.SPI_MasterInit.str1.4
                0x000098cc       0x26 ./drivers/fsl_spi.o
 .rodata.SPI_MasterTransferCreateHandle.str1.4
                0x000098cc       0x17 ./drivers/fsl_spi.o
 .rodata.SPI_MasterTransferNonBlocking.str1.4
                0x000098cc       0x1f ./drivers/fsl_spi.o
 .rodata.SPI_MasterTransferAbort.str1.4
                0x000098cc       0x17 ./drivers/fsl_spi.o
 .rodata.SPI_MasterTransferHandleIRQ.str1.4
                0x000098cc       0x17 ./drivers/fsl_spi.o
 .rodata.SPI0_DriverIRQHandler.str1.4
                0x000098cc       0x20 ./drivers/fsl_spi.o
 .rodata.SPI1_DriverIRQHandler.str1.4
                0x000098cc       0x20 ./drivers/fsl_spi.o
 .rodata.s_uartBases
                0x000098cc        0xc ./drivers/fsl_uart.o
 .rodata.s_uartClock
                0x000098d8        0xc ./drivers/fsl_uart.o
 .rodata.UART_GetInstance.str1.4
                0x000098e4       0x2b ./drivers/fsl_uart.o
 .rodata.UART_Init.str1.4
                0x000098e4       0x3e ./drivers/fsl_uart.o
 .rodata.UART_GetDefaultConfig.str1.4
                0x000098e4       0x18 ./drivers/fsl_uart.o
 .rodata.UART_ReadBlocking.str1.4
                0x000098e4       0x16 ./drivers/fsl_uart.o
 .rodata.mcgConfig_BOARD_BootClockRUN
                0x000098e4        0xa ./board/clock_config.o
                0x000098e4                mcgConfig_BOARD_BootClockRUN
 *fill*         0x000098ee        0x2 ff
 .rodata.simConfig_BOARD_BootClockRUN
                0x000098f0        0x8 ./board/clock_config.o
                0x000098f0                simConfig_BOARD_BootClockRUN
 .rodata.oscConfig_BOARD_BootClockRUN
                0x000098f8        0x8 ./board/clock_config.o
                0x000098f8                oscConfig_BOARD_BootClockRUN
 .rodata.DMAMUX_EnableChannel.str1.4
                0x00009900       0xa2 ./CMSIS_driver/fsl_i2c_cmsis.o
 .rodata.DMAMUX_DisableChannel.str1.4
                0x00009900       0xa2 ./CMSIS_driver/fsl_i2c_cmsis.o
 .rodata.DMAMUX_SetSource.str1.4
                0x00009900       0xa2 ./CMSIS_driver/fsl_i2c_cmsis.o
 .rodata.s_i2cDriverVersion
                0x00009900        0x4 ./CMSIS_driver/fsl_i2c_cmsis.o
 .rodata.s_i2cClocks
                0x00009904        0x8 ./CMSIS_driver/fsl_i2c_cmsis.o
 .rodata.I2C0_Resource
                0x0000990c        0x8 ./CMSIS_driver/fsl_i2c_cmsis.o
                0x0000990c                I2C0_Resource
 .rodata.I2C0_DmaResource
                0x00009914       0x10 ./CMSIS_driver/fsl_i2c_cmsis.o
                0x00009914                I2C0_DmaResource
 .rodata.Driver_I2C0
                0x00009924       0x30 ./CMSIS_driver/fsl_i2c_cmsis.o
                0x00009924                Driver_I2C0
 .rodata.__num_Ciob_streams
                0x00009954        0x4 C:/NXP/MCUXpressoIDE_24.12.148/ide/plugins/com.nxp.mcuxpresso.tools.win32_24.12.0.202407110909/tools/bin/../lib/gcc/arm-none-eabi/13.2.1/../../../../arm-none-eabi/lib/thumb/v6-m/nofp\libcr_nohost_nf.a(__ciob.o)
                0x00009954                __num_Ciob_streams
 .rodata.fp_display.str1.1
                0x00009958       0x81 C:/NXP/MCUXpressoIDE_24.12.148/ide/plugins/com.nxp.mcuxpresso.tools.win32_24.12.0.202407110909/tools/bin/../lib/gcc/arm-none-eabi/13.2.1/../../../../arm-none-eabi/lib/thumb/v6-m/nofp\libcr_c.a(fpprintf.o)
                                 0x35 (size before relaxing)
 .rodata._initio.str1.1
                0x000099d9        0x4 C:/NXP/MCUXpressoIDE_24.12.148/ide/plugins/com.nxp.mcuxpresso.tools.win32_24.12.0.202407110909/tools/bin/../lib/gcc/arm-none-eabi/13.2.1/../../../../arm-none-eabi/lib/thumb/v6-m/nofp\libcr_c.a(initio.o)
 .rodata.__vfprintf.str1.1
                0x000099d9       0x38 C:/NXP/MCUXpressoIDE_24.12.148/ide/plugins/com.nxp.mcuxpresso.tools.win32_24.12.0.202407110909/tools/bin/../lib/gcc/arm-none-eabi/13.2.1/../../../../arm-none-eabi/lib/thumb/v6-m/nofp\libcr_c.a(printf.o)
 .rodata._Csys_alloc.str1.1
                0x000099d9       0x18 C:/NXP/MCUXpressoIDE_24.12.148/ide/plugins/com.nxp.mcuxpresso.tools.win32_24.12.0.202407110909/tools/bin/../lib/gcc/arm-none-eabi/13.2.1/../../../../arm-none-eabi/lib/thumb/v6-m/nofp\libcr_c.a(alloc.o)
                0x00009a14                        . = ALIGN (0x4)
 *fill*         0x000099d9        0x3 ff

.glue_7         0x000099dc        0x0
 .glue_7        0x000099dc        0x0 linker stubs

.glue_7t        0x000099dc        0x0
 .glue_7t       0x000099dc        0x0 linker stubs

.vfp11_veneer   0x000099dc        0x0
 .vfp11_veneer  0x000099dc        0x0 linker stubs

.v4_bx          0x000099dc        0x0
 .v4_bx         0x000099dc        0x0 linker stubs

.iplt           0x000099dc        0x0
 .iplt          0x000099dc        0x0 ./utilities/fsl_debug_console.o

.rel.dyn        0x000099dc        0x0
 .rel.iplt      0x000099dc        0x0 ./utilities/fsl_debug_console.o

.ARM.extab
 *(SORT_BY_ALIGNMENT(.ARM.extab*) SORT_BY_ALIGNMENT(.gnu.linkonce.armextab.*))

.ARM.exidx      0x000099dc        0x0
                0x000099dc                        __exidx_start = .
 *(SORT_BY_ALIGNMENT(.ARM.exidx*) SORT_BY_ALIGNMENT(.gnu.linkonce.armexidx.*))
                0x000099dc                        __exidx_end = .
                0x000099dc                        _etext = .

.m_usb_data
 *(SORT_BY_ALIGNMENT(m_usb_bdt))

.mtb_buffer_default
                0x1ffff000       0x80
 *(SORT_BY_ALIGNMENT(.mtb*))
 .mtb.$RAM1     0x1ffff000       0x80 ./source/mtb.o
                0x1ffff000                __mtb_buffer__

.uninit_RESERVED
                0x1ffff080        0x0
                0x1ffff080                        _start_uninit_RESERVED = .
 *(SORT_BY_ALIGNMENT(.bss.$RESERVED*))
                0x1ffff080                        . = ALIGN (0x4)
                0x1ffff080                        _end_uninit_RESERVED = .

.data           0x1ffff080       0x20 load address 0x000099dc
 FILL mask 0xff
                0x1ffff080                        _data = .
                [!provide]                        PROVIDE (__start_data_RAM = .)
                [!provide]                        PROVIDE (__start_data_SRAM = .)
 *(SORT_BY_ALIGNMENT(vtable))
 *(SORT_BY_ALIGNMENT(.ramfunc*))
 *(SORT_BY_ALIGNMENT(CodeQuickAccess))
 *(SORT_BY_ALIGNMENT(DataQuickAccess))
 *(SORT_BY_ALIGNMENT(RamFunction))
 *(SORT_BY_ALIGNMENT(.data*))
 .data.s_slowIrcFreq
                0x1ffff080        0x4 ./drivers/fsl_clock.o
 .data.s_fastIrcFreq
                0x1ffff084        0x4 ./drivers/fsl_clock.o
 .data.I2C0_DmaDriverState
                0x1ffff088       0x14 ./CMSIS_driver/fsl_i2c_cmsis.o
                0x1ffff088                I2C0_DmaDriverState
 .data.SystemCoreClock
                0x1ffff09c        0x4 ./CMSIS/system_MKL25Z4.o
                0x1ffff09c                SystemCoreClock
                0x1ffff0a0                        . = ALIGN (0x4)
                0x1ffff0a0                        _edata = .
                [!provide]                        PROVIDE (__end_data_RAM = .)
                [!provide]                        PROVIDE (__end_data_SRAM = .)

.igot.plt       0x1ffff0a0        0x0 load address 0x000099fc
 .igot.plt      0x1ffff0a0        0x0 ./utilities/fsl_debug_console.o

.bss            0x1ffff0a0      0x278
                0x1ffff0a0                        _bss = .
                [!provide]                        PROVIDE (__start_bss_RAM = .)
                [!provide]                        PROVIDE (__start_bss_SRAM = .)
 *(SORT_BY_ALIGNMENT(.bss*))
 .bss.s_debugConsole
                0x1ffff0a0       0x10 ./utilities/fsl_debug_console.o
 .bss.spiHandle
                0x1ffff0b0       0x24 ./source/COTS/SlaveControlIF/Src/SlaveIF.o
                0x1ffff0b0                spiHandle
 .bss.systick_count
                0x1ffff0d4        0x4 ./source/COTS/BMSDataBase/Src/DataBase.o
                0x1ffff0d4                systick_count
 .bss.currentMeasurementData
                0x1ffff0d8       0x5c ./source/COTS/BMSDataBase/Src/DataBase.o
 .bss.previousMeasurementData
                0x1ffff134       0x5c ./source/COTS/BMSDataBase/Src/DataBase.o
 .bss.currentFaultData
                0x1ffff190        0xe ./source/COTS/BMSDataBase/Src/DataBase.o
 *fill*         0x1ffff19e        0x2 
 .bss.previousFaultData
                0x1ffff1a0        0xe ./source/COTS/BMSDataBase/Src/DataBase.o
 *fill*         0x1ffff1ae        0x2 
 .bss.g_xtal0Freq
                0x1ffff1b0        0x4 ./drivers/fsl_clock.o
                0x1ffff1b0                g_xtal0Freq
 .bss.g_xtal32Freq
                0x1ffff1b4        0x4 ./drivers/fsl_clock.o
                0x1ffff1b4                g_xtal32Freq
 .bss.s_DMAHandle
                0x1ffff1b8       0x10 ./drivers/fsl_dma.o
 .bss.s_i2cHandle
                0x1ffff1c8        0x8 ./drivers/fsl_i2c.o
 .bss.s_i2cMasterIsr
                0x1ffff1d0        0x4 ./drivers/fsl_i2c.o
 .bss.s_i2cSlaveIsr
                0x1ffff1d4        0x4 ./drivers/fsl_i2c.o
 .bss.s_dmaPrivateHandle
                0x1ffff1d8       0x10 ./drivers/fsl_i2c_dma.o
 .bss.s_lpsciHandle
                0x1ffff1e8        0x4 ./drivers/fsl_lpsci.o
 .bss.s_lpsciIsr
                0x1ffff1ec        0x4 ./drivers/fsl_lpsci.o
 .bss.s_spiHandle
                0x1ffff1f0        0x8 ./drivers/fsl_spi.o
 .bss.s_spiMasterIsr
                0x1ffff1f8        0x4 ./drivers/fsl_spi.o
 .bss.s_spiSlaveIsr
                0x1ffff1fc        0x4 ./drivers/fsl_spi.o
 .bss.s_uartHandle
                0x1ffff200        0xc ./drivers/fsl_uart.o
 .bss.s_uartIsr
                0x1ffff20c        0x4 ./drivers/fsl_uart.o
 .bss.I2C0_DmaHandle
                0x1ffff210       0x2c ./CMSIS_driver/fsl_i2c_cmsis.o
                0x1ffff210                I2C0_DmaHandle
 .bss.I2C0_DmaTxRxHandle
                0x1ffff23c       0x10 ./CMSIS_driver/fsl_i2c_cmsis.o
                0x1ffff23c                I2C0_DmaTxRxHandle
 .bss.errno     0x1ffff24c        0x4 C:/NXP/MCUXpressoIDE_24.12.148/ide/plugins/com.nxp.mcuxpresso.tools.win32_24.12.0.202407110909/tools/bin/../lib/gcc/arm-none-eabi/13.2.1/../../../../arm-none-eabi/lib/thumb/v6-m/nofp\libcr_c.a(errno.o)
                0x1ffff24c                errno
 .bss.__end_of_heap
                0x1ffff250        0x4 C:/NXP/MCUXpressoIDE_24.12.148/ide/plugins/com.nxp.mcuxpresso.tools.win32_24.12.0.202407110909/tools/bin/../lib/gcc/arm-none-eabi/13.2.1/../../../../arm-none-eabi/lib/thumb/v6-m/nofp\libcr_c.a(__init_alloc.o)
                0x1ffff250                __end_of_heap
 .bss.__heaps   0x1ffff254        0x4 C:/NXP/MCUXpressoIDE_24.12.148/ide/plugins/com.nxp.mcuxpresso.tools.win32_24.12.0.202407110909/tools/bin/../lib/gcc/arm-none-eabi/13.2.1/../../../../arm-none-eabi/lib/thumb/v6-m/nofp\libcr_c.a(__init_alloc.o)
                0x1ffff254                __heaps
 .bss.__Ciob    0x1ffff258       0xb4 C:/NXP/MCUXpressoIDE_24.12.148/ide/plugins/com.nxp.mcuxpresso.tools.win32_24.12.0.202407110909/tools/bin/../lib/gcc/arm-none-eabi/13.2.1/../../../../arm-none-eabi/lib/thumb/v6-m/nofp\libcr_nohost_nf.a(__ciob.o)
                0x1ffff258                __Ciob
 .bss.spiTransferCompleted
                0x1ffff30c        0x1 ./source/COTS/SlaveControlIF/Src/SlaveIF.o
                0x1ffff30c                spiTransferCompleted
 .bss.g_MasterCompletionFlag
                0x1ffff30d        0x1 ./source/COTS/ScreenIF/Src/ScreenIF.o
                0x1ffff30d                g_MasterCompletionFlag
 .bss.dpFunction
                0x1ffff30e        0x1 ./source/COTS/ScreenIF/Src/ScreenIF.o
                0x1ffff30e                dpFunction
 .bss.dpControl
                0x1ffff30f        0x1 ./source/COTS/ScreenIF/Src/ScreenIF.o
                0x1ffff30f                dpControl
 .bss.dpMode    0x1ffff310        0x1 ./source/COTS/ScreenIF/Src/ScreenIF.o
                0x1ffff310                dpMode
 .bss.dpRows    0x1ffff311        0x1 ./source/COTS/ScreenIF/Src/ScreenIF.o
                0x1ffff311                dpRows
 .bss.dpBacklight
                0x1ffff312        0x1 ./source/COTS/ScreenIF/Src/ScreenIF.o
                0x1ffff312                dpBacklight
 .bss.data_interrupt
                0x1ffff313        0x1 ./source/COTS/BMSDataBase/Src/DataBase.o
                0x1ffff313                data_interrupt
 .bss.fault_interrupt
                0x1ffff314        0x1 ./source/COTS/BMSDataBase/Src/DataBase.o
                0x1ffff314                fault_interrupt
 *(SORT_BY_ALIGNMENT(COMMON))
                0x1ffff318                        . = ALIGN (0x4)
 *fill*         0x1ffff315        0x3 
                0x1ffff318                        _ebss = .
                [!provide]                        PROVIDE (__end_bss_RAM = .)
                [!provide]                        PROVIDE (__end_bss_SRAM = .)
                [!provide]                        PROVIDE (end = .)

.noinit         0x1ffff318        0x0
                0x1ffff318                        _noinit = .
                [!provide]                        PROVIDE (__start_noinit_RAM = .)
                [!provide]                        PROVIDE (__start_noinit_SRAM = .)
 *(SORT_BY_ALIGNMENT(.noinit*))
                0x1ffff318                        . = ALIGN (0x4)
                0x1ffff318                        _end_noinit = .
                [!provide]                        PROVIDE (__end_noinit_RAM = .)
                [!provide]                        PROVIDE (__end_noinit_SRAM = .)
                0x00000400                        _HeapSize = 0x400

.heap           0x1ffff318      0x400
                0x1ffff318                        _pvHeapStart = .
                0x1ffff718                        . = (. + _HeapSize)
 *fill*         0x1ffff318      0x400 
                0x1ffff718                        . = ALIGN (0x4)
                0x1ffff718                        _pvHeapLimit = .
                0x00000400                        _StackSize = 0x400

.heap2stackfill
                0x1ffff718      0x400
                0x1ffffb18                        . = (. + _StackSize)
 *fill*         0x1ffff718      0x400 

.stack          0x20002c00        0x0
                0x20002c00                        _vStackBase = .
                0x20002c00                        . = ALIGN (0x4)
                0x20003000                        _vStackTop = (. + _StackSize)
                0x00000000                        _image_start = LOADADDR (.text)
                0x000099fc                        _image_end = (LOADADDR (.data) + SIZEOF (.data))
                0x000099fc                        _image_size = (_image_end - _image_start)
OUTPUT(YARAB_V1.axf elf32-littlearm)
LOAD linker stubs

.debug_info     0x00000000    0x1aa21
 .debug_info    0x00000000      0xf55 ./utilities/fsl_debug_console.o
 .debug_info    0x00000f55      0x692 ./startup/startup_mkl25z4.o
 .debug_info    0x000015e7     0x146c ./source/COTS/SlaveControlIF/Src/SlaveIF.o
 .debug_info    0x00002a53      0xdca ./source/COTS/ScreenIF/Src/ScreenIF.o
 .debug_info    0x0000381d      0x3bf ./source/COTS/BatteryStatusMonitor/Src/DataMonitor.o
 .debug_info    0x00003bdc      0x983 ./source/COTS/BMSDataBase/Src/DataBase.o
 .debug_info    0x0000455f      0x50d ./source/main.o
 .debug_info    0x00004a6c       0x53 ./source/mtb.o
 .debug_info    0x00004abf       0x3c ./source/semihost_hardfault.o
 .debug_info    0x00004afb     0x1a79 ./drivers/fsl_clock.o
 .debug_info    0x00006574      0x40a ./drivers/fsl_common.o
 .debug_info    0x0000697e      0xf3d ./drivers/fsl_dma.o
 .debug_info    0x000078bb      0x4aa ./drivers/fsl_dmamux.o
 .debug_info    0x00007d65      0x529 ./drivers/fsl_gpio.o
 .debug_info    0x0000828e     0x1a7d ./drivers/fsl_i2c.o
 .debug_info    0x00009d0b      0xcce ./drivers/fsl_i2c_dma.o
 .debug_info    0x0000a9d9     0x144c ./drivers/fsl_lpsci.o
 .debug_info    0x0000be25     0x13f4 ./drivers/fsl_spi.o
 .debug_info    0x0000d219     0x13ed ./drivers/fsl_uart.o
 .debug_info    0x0000e606      0x3de ./board/board.o
 .debug_info    0x0000e9e4      0xba3 ./board/clock_config.o
 .debug_info    0x0000f587       0x3c ./board/peripherals.o
 .debug_info    0x0000f5c3      0x547 ./board/pin_mux.o
 .debug_info    0x0000fb0a     0x156f ./CMSIS_driver/fsl_i2c_cmsis.o
 .debug_info    0x00011079      0x401 ./CMSIS/system_MKL25Z4.o
 .debug_info    0x0001147a       0x85 C:/NXP/MCUXpressoIDE_24.12.148/ide/plugins/com.nxp.mcuxpresso.tools.win32_24.12.0.202407110909/tools/bin/../lib/gcc/arm-none-eabi/13.2.1/../../../../arm-none-eabi/lib/thumb/v6-m/nofp\libcr_nohost_nf.a(_cr__main.o)
 .debug_info    0x000114ff      0x12b C:/NXP/MCUXpressoIDE_24.12.148/ide/plugins/com.nxp.mcuxpresso.tools.win32_24.12.0.202407110909/tools/bin/../lib/gcc/arm-none-eabi/13.2.1/../../../../arm-none-eabi/lib/thumb/v6-m/nofp\libcr_c.a(memcpy.o)
 .debug_info    0x0001162a       0xfc C:/NXP/MCUXpressoIDE_24.12.148/ide/plugins/com.nxp.mcuxpresso.tools.win32_24.12.0.202407110909/tools/bin/../lib/gcc/arm-none-eabi/13.2.1/../../../../arm-none-eabi/lib/thumb/v6-m/nofp\libcr_c.a(memset.o)
 .debug_info    0x00011726     0x158a C:/NXP/MCUXpressoIDE_24.12.148/ide/plugins/com.nxp.mcuxpresso.tools.win32_24.12.0.202407110909/tools/bin/../lib/gcc/arm-none-eabi/13.2.1/../../../../arm-none-eabi/lib/thumb/v6-m/nofp\libcr_c.a(fpprintf.o)
 .debug_info    0x00012cb0      0x353 C:/NXP/MCUXpressoIDE_24.12.148/ide/plugins/com.nxp.mcuxpresso.tools.win32_24.12.0.202407110909/tools/bin/../lib/gcc/arm-none-eabi/13.2.1/../../../../arm-none-eabi/lib/thumb/v6-m/nofp\libcr_c.a(initio.o)
 .debug_info    0x00013003     0x12cc C:/NXP/MCUXpressoIDE_24.12.148/ide/plugins/com.nxp.mcuxpresso.tools.win32_24.12.0.202407110909/tools/bin/../lib/gcc/arm-none-eabi/13.2.1/../../../../arm-none-eabi/lib/thumb/v6-m/nofp\libcr_c.a(printf.o)
 .debug_info    0x000142cf      0x1fd C:/NXP/MCUXpressoIDE_24.12.148/ide/plugins/com.nxp.mcuxpresso.tools.win32_24.12.0.202407110909/tools/bin/../lib/gcc/arm-none-eabi/13.2.1/../../../../arm-none-eabi/lib/thumb/v6-m/nofp\libcr_c.a(setvbuf.o)
 .debug_info    0x000144cc       0xdd C:/NXP/MCUXpressoIDE_24.12.148/ide/plugins/com.nxp.mcuxpresso.tools.win32_24.12.0.202407110909/tools/bin/../lib/gcc/arm-none-eabi/13.2.1/../../../../arm-none-eabi/lib/thumb/v6-m/nofp\libcr_c.a(strlen.o)
 .debug_info    0x000145a9      0x364 C:/NXP/MCUXpressoIDE_24.12.148/ide/plugins/com.nxp.mcuxpresso.tools.win32_24.12.0.202407110909/tools/bin/../lib/gcc/arm-none-eabi/13.2.1/../../../../arm-none-eabi/lib/thumb/v6-m/nofp\libcr_c.a(_deferredlazyseek.o)
 .debug_info    0x0001490d      0x24b C:/NXP/MCUXpressoIDE_24.12.148/ide/plugins/com.nxp.mcuxpresso.tools.win32_24.12.0.202407110909/tools/bin/../lib/gcc/arm-none-eabi/13.2.1/../../../../arm-none-eabi/lib/thumb/v6-m/nofp\libcr_c.a(_fdopen.o)
 .debug_info    0x00014b58      0x1ea C:/NXP/MCUXpressoIDE_24.12.148/ide/plugins/com.nxp.mcuxpresso.tools.win32_24.12.0.202407110909/tools/bin/../lib/gcc/arm-none-eabi/13.2.1/../../../../arm-none-eabi/lib/thumb/v6-m/nofp\libcr_c.a(_fflush.o)
 .debug_info    0x00014d42      0x15e C:/NXP/MCUXpressoIDE_24.12.148/ide/plugins/com.nxp.mcuxpresso.tools.win32_24.12.0.202407110909/tools/bin/../lib/gcc/arm-none-eabi/13.2.1/../../../../arm-none-eabi/lib/thumb/v6-m/nofp\libcr_c.a(_frexpl.o)
 .debug_info    0x00014ea0      0x14d C:/NXP/MCUXpressoIDE_24.12.148/ide/plugins/com.nxp.mcuxpresso.tools.win32_24.12.0.202407110909/tools/bin/../lib/gcc/arm-none-eabi/13.2.1/../../../../arm-none-eabi/lib/thumb/v6-m/nofp\libcr_c.a(_ldexpl.o)
 .debug_info    0x00014fed      0x28a C:/NXP/MCUXpressoIDE_24.12.148/ide/plugins/com.nxp.mcuxpresso.tools.win32_24.12.0.202407110909/tools/bin/../lib/gcc/arm-none-eabi/13.2.1/../../../../arm-none-eabi/lib/thumb/v6-m/nofp\libcr_c.a(_writebuf.o)
 .debug_info    0x00015277      0x526 C:/NXP/MCUXpressoIDE_24.12.148/ide/plugins/com.nxp.mcuxpresso.tools.win32_24.12.0.202407110909/tools/bin/../lib/gcc/arm-none-eabi/13.2.1/../../../../arm-none-eabi/lib/thumb/v6-m/nofp\libcr_c.a(alloc.o)
 .debug_info    0x0001579d       0x44 C:/NXP/MCUXpressoIDE_24.12.148/ide/plugins/com.nxp.mcuxpresso.tools.win32_24.12.0.202407110909/tools/bin/../lib/gcc/arm-none-eabi/13.2.1/../../../../arm-none-eabi/lib/thumb/v6-m/nofp\libcr_c.a(errno.o)
 .debug_info    0x000157e1      0x325 C:/NXP/MCUXpressoIDE_24.12.148/ide/plugins/com.nxp.mcuxpresso.tools.win32_24.12.0.202407110909/tools/bin/../lib/gcc/arm-none-eabi/13.2.1/../../../../arm-none-eabi/lib/thumb/v6-m/nofp\libcr_c.a(fclose.o)
 .debug_info    0x00015b06      0x210 C:/NXP/MCUXpressoIDE_24.12.148/ide/plugins/com.nxp.mcuxpresso.tools.win32_24.12.0.202407110909/tools/bin/../lib/gcc/arm-none-eabi/13.2.1/../../../../arm-none-eabi/lib/thumb/v6-m/nofp\libcr_c.a(fflush.o)
 .debug_info    0x00015d16      0x27f C:/NXP/MCUXpressoIDE_24.12.148/ide/plugins/com.nxp.mcuxpresso.tools.win32_24.12.0.202407110909/tools/bin/../lib/gcc/arm-none-eabi/13.2.1/../../../../arm-none-eabi/lib/thumb/v6-m/nofp\libcr_c.a(fseek.o)
 .debug_info    0x00015f95      0x197 C:/NXP/MCUXpressoIDE_24.12.148/ide/plugins/com.nxp.mcuxpresso.tools.win32_24.12.0.202407110909/tools/bin/../lib/gcc/arm-none-eabi/13.2.1/../../../../arm-none-eabi/lib/thumb/v6-m/nofp\libcr_c.a(ftell.o)
 .debug_info    0x0001612c      0x1d0 C:/NXP/MCUXpressoIDE_24.12.148/ide/plugins/com.nxp.mcuxpresso.tools.win32_24.12.0.202407110909/tools/bin/../lib/gcc/arm-none-eabi/13.2.1/../../../../arm-none-eabi/lib/thumb/v6-m/nofp\libcr_c.a(remove.o)
 .debug_info    0x000162fc       0xd4 C:/NXP/MCUXpressoIDE_24.12.148/ide/plugins/com.nxp.mcuxpresso.tools.win32_24.12.0.202407110909/tools/bin/../lib/gcc/arm-none-eabi/13.2.1/../../../../arm-none-eabi/lib/thumb/v6-m/nofp\libcr_c.a(__init_alloc.o)
 .debug_info    0x000163d0      0x107 C:/NXP/MCUXpressoIDE_24.12.148/ide/plugins/com.nxp.mcuxpresso.tools.win32_24.12.0.202407110909/tools/bin/../lib/gcc/arm-none-eabi/13.2.1/../../../../arm-none-eabi/lib/thumb/v6-m/nofp\libcr_c.a(_cr_sbrk.o)
 .debug_info    0x000164d7      0x241 C:/NXP/MCUXpressoIDE_24.12.148/ide/plugins/com.nxp.mcuxpresso.tools.win32_24.12.0.202407110909/tools/bin/../lib/gcc/arm-none-eabi/13.2.1/../../../../arm-none-eabi/lib/thumb/v6-m/nofp\libcr_c.a(_do_fflush.o)
 .debug_info    0x00016718       0x71 C:/NXP/MCUXpressoIDE_24.12.148/ide/plugins/com.nxp.mcuxpresso.tools.win32_24.12.0.202407110909/tools/bin/../lib/gcc/arm-none-eabi/13.2.1/../../../../arm-none-eabi/lib/thumb/v6-m/nofp\libcr_c.a(_cr_check_heap.o)
 .debug_info    0x00016789     0x21fe C:/NXP/MCUXpressoIDE_24.12.148/ide/plugins/com.nxp.mcuxpresso.tools.win32_24.12.0.202407110909/tools/bin/../lib/gcc/arm-none-eabi/13.2.1/thumb/v6-m/nofp\libcr_eabihelpers.a(double.o)
 .debug_info    0x00018987     0x1b71 C:/NXP/MCUXpressoIDE_24.12.148/ide/plugins/com.nxp.mcuxpresso.tools.win32_24.12.0.202407110909/tools/bin/../lib/gcc/arm-none-eabi/13.2.1/thumb/v6-m/nofp\libcr_eabihelpers.a(float.o)
 .debug_info    0x0001a4f8      0x18b C:/NXP/MCUXpressoIDE_24.12.148/ide/plugins/com.nxp.mcuxpresso.tools.win32_24.12.0.202407110909/tools/bin/../lib/gcc/arm-none-eabi/13.2.1/../../../../arm-none-eabi/lib/thumb/v6-m/nofp\libcr_nohost_nf.a(__ciob.o)
 .debug_info    0x0001a683       0x38 C:/NXP/MCUXpressoIDE_24.12.148/ide/plugins/com.nxp.mcuxpresso.tools.win32_24.12.0.202407110909/tools/bin/../lib/gcc/arm-none-eabi/13.2.1/../../../../arm-none-eabi/lib/thumb/v6-m/nofp\libcr_nohost_nf.a(__sys_appexit.o)
 .debug_info    0x0001a6bb       0x6a C:/NXP/MCUXpressoIDE_24.12.148/ide/plugins/com.nxp.mcuxpresso.tools.win32_24.12.0.202407110909/tools/bin/../lib/gcc/arm-none-eabi/13.2.1/../../../../arm-none-eabi/lib/thumb/v6-m/nofp\libcr_nohost_nf.a(__sys_close.o)
 .debug_info    0x0001a725       0x6a C:/NXP/MCUXpressoIDE_24.12.148/ide/plugins/com.nxp.mcuxpresso.tools.win32_24.12.0.202407110909/tools/bin/../lib/gcc/arm-none-eabi/13.2.1/../../../../arm-none-eabi/lib/thumb/v6-m/nofp\libcr_nohost_nf.a(__sys_flen.o)
 .debug_info    0x0001a78f       0x6a C:/NXP/MCUXpressoIDE_24.12.148/ide/plugins/com.nxp.mcuxpresso.tools.win32_24.12.0.202407110909/tools/bin/../lib/gcc/arm-none-eabi/13.2.1/../../../../arm-none-eabi/lib/thumb/v6-m/nofp\libcr_nohost_nf.a(__sys_istty.o)
 .debug_info    0x0001a7f9       0x8a C:/NXP/MCUXpressoIDE_24.12.148/ide/plugins/com.nxp.mcuxpresso.tools.win32_24.12.0.202407110909/tools/bin/../lib/gcc/arm-none-eabi/13.2.1/../../../../arm-none-eabi/lib/thumb/v6-m/nofp\libcr_nohost_nf.a(__sys_remove.o)
 .debug_info    0x0001a883       0x78 C:/NXP/MCUXpressoIDE_24.12.148/ide/plugins/com.nxp.mcuxpresso.tools.win32_24.12.0.202407110909/tools/bin/../lib/gcc/arm-none-eabi/13.2.1/../../../../arm-none-eabi/lib/thumb/v6-m/nofp\libcr_nohost_nf.a(__sys_seek.o)
 .debug_info    0x0001a8fb       0x93 C:/NXP/MCUXpressoIDE_24.12.148/ide/plugins/com.nxp.mcuxpresso.tools.win32_24.12.0.202407110909/tools/bin/../lib/gcc/arm-none-eabi/13.2.1/../../../../arm-none-eabi/lib/thumb/v6-m/nofp\libcr_nohost_nf.a(__sys_tmpnam.o)
 .debug_info    0x0001a98e       0x93 C:/NXP/MCUXpressoIDE_24.12.148/ide/plugins/com.nxp.mcuxpresso.tools.win32_24.12.0.202407110909/tools/bin/../lib/gcc/arm-none-eabi/13.2.1/../../../../arm-none-eabi/lib/thumb/v6-m/nofp\libcr_nohost_nf.a(__sys_write.o)

.debug_abbrev   0x00000000     0x6093
 .debug_abbrev  0x00000000      0x2fd ./utilities/fsl_debug_console.o
 .debug_abbrev  0x000002fd      0x17a ./startup/startup_mkl25z4.o
 .debug_abbrev  0x00000477      0x32e ./source/COTS/SlaveControlIF/Src/SlaveIF.o
 .debug_abbrev  0x000007a5      0x34d ./source/COTS/ScreenIF/Src/ScreenIF.o
 .debug_abbrev  0x00000af2      0x12e ./source/COTS/BatteryStatusMonitor/Src/DataMonitor.o
 .debug_abbrev  0x00000c20      0x2a1 ./source/COTS/BMSDataBase/Src/DataBase.o
 .debug_abbrev  0x00000ec1      0x205 ./source/main.o
 .debug_abbrev  0x000010c6       0x46 ./source/mtb.o
 .debug_abbrev  0x0000110c       0x31 ./source/semihost_hardfault.o
 .debug_abbrev  0x0000113d      0x376 ./drivers/fsl_clock.o
 .debug_abbrev  0x000014b3      0x27e ./drivers/fsl_common.o
 .debug_abbrev  0x00001731      0x2e9 ./drivers/fsl_dma.o
 .debug_abbrev  0x00001a1a      0x19d ./drivers/fsl_dmamux.o
 .debug_abbrev  0x00001bb7      0x1a5 ./drivers/fsl_gpio.o
 .debug_abbrev  0x00001d5c      0x36b ./drivers/fsl_i2c.o
 .debug_abbrev  0x000020c7      0x2fb ./drivers/fsl_i2c_dma.o
 .debug_abbrev  0x000023c2      0x306 ./drivers/fsl_lpsci.o
 .debug_abbrev  0x000026c8      0x320 ./drivers/fsl_spi.o
 .debug_abbrev  0x000029e8      0x320 ./drivers/fsl_uart.o
 .debug_abbrev  0x00002d08      0x14e ./board/board.o
 .debug_abbrev  0x00002e56      0x225 ./board/clock_config.o
 .debug_abbrev  0x0000307b       0x31 ./board/peripherals.o
 .debug_abbrev  0x000030ac      0x189 ./board/pin_mux.o
 .debug_abbrev  0x00003235      0x411 ./CMSIS_driver/fsl_i2c_cmsis.o
 .debug_abbrev  0x00003646      0x12e ./CMSIS/system_MKL25Z4.o
 .debug_abbrev  0x00003774       0x62 C:/NXP/MCUXpressoIDE_24.12.148/ide/plugins/com.nxp.mcuxpresso.tools.win32_24.12.0.202407110909/tools/bin/../lib/gcc/arm-none-eabi/13.2.1/../../../../arm-none-eabi/lib/thumb/v6-m/nofp\libcr_nohost_nf.a(_cr__main.o)
 .debug_abbrev  0x000037d6       0xb3 C:/NXP/MCUXpressoIDE_24.12.148/ide/plugins/com.nxp.mcuxpresso.tools.win32_24.12.0.202407110909/tools/bin/../lib/gcc/arm-none-eabi/13.2.1/../../../../arm-none-eabi/lib/thumb/v6-m/nofp\libcr_c.a(memcpy.o)
 .debug_abbrev  0x00003889       0xa5 C:/NXP/MCUXpressoIDE_24.12.148/ide/plugins/com.nxp.mcuxpresso.tools.win32_24.12.0.202407110909/tools/bin/../lib/gcc/arm-none-eabi/13.2.1/../../../../arm-none-eabi/lib/thumb/v6-m/nofp\libcr_c.a(memset.o)
 .debug_abbrev  0x0000392e      0x479 C:/NXP/MCUXpressoIDE_24.12.148/ide/plugins/com.nxp.mcuxpresso.tools.win32_24.12.0.202407110909/tools/bin/../lib/gcc/arm-none-eabi/13.2.1/../../../../arm-none-eabi/lib/thumb/v6-m/nofp\libcr_c.a(fpprintf.o)
 .debug_abbrev  0x00003da7      0x14b C:/NXP/MCUXpressoIDE_24.12.148/ide/plugins/com.nxp.mcuxpresso.tools.win32_24.12.0.202407110909/tools/bin/../lib/gcc/arm-none-eabi/13.2.1/../../../../arm-none-eabi/lib/thumb/v6-m/nofp\libcr_c.a(initio.o)
 .debug_abbrev  0x00003ef2      0x3af C:/NXP/MCUXpressoIDE_24.12.148/ide/plugins/com.nxp.mcuxpresso.tools.win32_24.12.0.202407110909/tools/bin/../lib/gcc/arm-none-eabi/13.2.1/../../../../arm-none-eabi/lib/thumb/v6-m/nofp\libcr_c.a(printf.o)
 .debug_abbrev  0x000042a1       0xe1 C:/NXP/MCUXpressoIDE_24.12.148/ide/plugins/com.nxp.mcuxpresso.tools.win32_24.12.0.202407110909/tools/bin/../lib/gcc/arm-none-eabi/13.2.1/../../../../arm-none-eabi/lib/thumb/v6-m/nofp\libcr_c.a(setvbuf.o)
 .debug_abbrev  0x00004382       0xa5 C:/NXP/MCUXpressoIDE_24.12.148/ide/plugins/com.nxp.mcuxpresso.tools.win32_24.12.0.202407110909/tools/bin/../lib/gcc/arm-none-eabi/13.2.1/../../../../arm-none-eabi/lib/thumb/v6-m/nofp\libcr_c.a(strlen.o)
 .debug_abbrev  0x00004427      0x147 C:/NXP/MCUXpressoIDE_24.12.148/ide/plugins/com.nxp.mcuxpresso.tools.win32_24.12.0.202407110909/tools/bin/../lib/gcc/arm-none-eabi/13.2.1/../../../../arm-none-eabi/lib/thumb/v6-m/nofp\libcr_c.a(_deferredlazyseek.o)