01:23:19 **** Clean-only build of configuration Debug for project BMS_SW ****
make -r -j20 clean 
rm -rf ./utilities/fsl_debug_console.d ./utilities/fsl_debug_console.o
rm -rf ./startup/startup_mkl25z4.d ./startup/startup_mkl25z4.o
rm -rf ./source/Platform/pcconf.d ./source/Platform/pcconf.o
rm -rf ./source/COTs/TempSensorIF/Src/tempSens.d ./source/COTs/TempSensorIF/Src/tempSens.o
rm -rf ./source/COTs/SlaveControlIF/Src/slaveIF.d ./source/COTs/SlaveControlIF/Src/slaveIF.o
rm -rf ./source/COTs/ScreenIF/Src/screenIF.d ./source/COTs/ScreenIF/Src/screenIF.o
rm -rf ./source/COTs/FanControlManager/Src/fanCtrl.d ./source/COTs/FanControlManager/Src/fanCtrl.o
rm -rf ./source/COTs/DebugInfoManager/Src/debugInfo.d ./source/COTs/DebugInfoManager/Src/debugInfo.o
rm -rf ./source/COTs/BatteryStatusMonitor/Src/dataMonitor.d ./source/COTs/BatteryStatusMonitor/Src/dataMonitor.o
rm -rf ./source/COTs/BMSDataBase/Src/dataBase.d ./source/COTs/BMSDataBase/Src/dataBase.o
rm -rf ./source/main.d ./source/main.o ./source/mtb.d ./source/mtb.o ./source/semihost_hardfault.d ./source/semihost_hardfault.o
rm -rf ./drivers/C90TFS/drvsrc/source/CopyToRam.d ./drivers/C90TFS/drvsrc/source/CopyToRam.o ./drivers/C90TFS/drvsrc/source/DEFlashPartition.d ./drivers/C90TFS/drvsrc/source/DEFlashPartition.o ./drivers/C90TFS/drvsrc/source/DFlashGetProtection.d ./drivers/C90TFS/drvsrc/source/DFlashGetProtection.o ./drivers/C90TFS/drvsrc/source/DFlashSetProtection.d ./drivers/C90TFS/drvsrc/source/DFlashSetProtection.o ./drivers/C90TFS/drvsrc/source/EEEWrite.d ./drivers/C90TFS/drvsrc/source/EEEWrite.o ./drivers/C90TFS/drvsrc/source/EERAMGetProtection.d ./drivers/C90TFS/drvsrc/source/EERAMGetProtection.o ./drivers/C90TFS/drvsrc/source/EERAMSetProtection.d ./drivers/C90TFS/drvsrc/source/EERAMSetProtection.o ./drivers/C90TFS/drvsrc/source/FlashCheckSum.d ./drivers/C90TFS/drvsrc/source/FlashCheckSum.o ./drivers/C90TFS/drvsrc/source/FlashCommandSequence.d ./drivers/C90TFS/drvsrc/source/FlashCommandSequence.o ./drivers/C90TFS/drvsrc/source/FlashEraseAllBlock.d ./drivers/C90TFS/drvsrc/source/FlashEraseAllBlock.o ./drivers/C90TFS/drvsrc/source/FlashEraseBlock.d ./drivers/C90TFS/drvsrc/source/FlashEraseBlock.o ./drivers/C90TFS/drvsrc/source/FlashEraseResume.d ./drivers/C90TFS/drvsrc/source/FlashEraseResume.o ./drivers/C90TFS/drvsrc/source/FlashEraseSector.d ./drivers/C90TFS/drvsrc/source/FlashEraseSector.o ./drivers/C90TFS/drvsrc/source/FlashEraseSuspend.d ./drivers/C90TFS/drvsrc/source/FlashEraseSuspend.o ./drivers/C90TFS/drvsrc/source/FlashGetSecurityState.d ./drivers/C90TFS/drvsrc/source/FlashGetSecurityState.o ./drivers/C90TFS/drvsrc/source/FlashInit.d ./drivers/C90TFS/drvsrc/source/FlashInit.o ./drivers/C90TFS/drvsrc/source/FlashProgram.d ./drivers/C90TFS/drvsrc/source/FlashProgram.o ./drivers/C90TFS/drvsrc/source/FlashProgramCheck.d ./drivers/C90TFS/drvsrc/source/FlashProgramCheck.o ./drivers/C90TFS/drvsrc/source/FlashProgramOnce.d ./drivers/C90TFS/drvsrc/source/FlashProgramOnce.o ./drivers/C90TFS/drvsrc/source/FlashProgramSection.d ./drivers/C90TFS/drvsrc/source/FlashProgramSection.o ./drivers/C90TFS/drvsrc/source/FlashReadOnce.d ./drivers/C90TFS/drvsrc/source/FlashReadOnce.o ./drivers/C90TFS/drvsrc/source/FlashReadResource.d ./drivers/C90TFS/drvsrc/source/FlashReadResource.o ./drivers/C90TFS/drvsrc/source/FlashSecurityBypass.d ./drivers/C90TFS/drvsrc/source/FlashSecurityBypass.o ./drivers/C90TFS/drvsrc/source/FlashVerifyAllBlock.d ./drivers/C90TFS/drvsrc/source/FlashVerifyAllBlock.o ./drivers/C90TFS/drvsrc/source/FlashVerifyBlock.d ./drivers/C90TFS/drvsrc/source/FlashVerifyBlock.o ./drivers/C90TFS/drvsrc/source/FlashVerifySection.d ./drivers/C90TFS/drvsrc/source/FlashVerifySection.o ./drivers/C90TFS/drvsrc/source/PFlashGetProtection.d ./drivers/C90TFS/drvsrc/source/PFlashGetProtection.o ./drivers/C90TFS/drvsrc/source/PFlashSetProtection.d ./drivers/C90TFS/drvsrc/source/PFlashSetProtection.o ./drivers/C90TFS/drvsrc/source/PFlashSwap.d ./drivers/C90TFS/drvsrc/source/PFlashSwap.o ./drivers/C90TFS/drvsrc/source/PFlashSwapCtl.d ./drivers/C90TFS/drvsrc/source/PFlashSwapCtl.o ./drivers/C90TFS/drvsrc/source/SetEEEEnable.d ./drivers/C90TFS/drvsrc/source/SetEEEEnable.o
rm -rf ./drivers/SPI.d ./drivers/SPI.o ./drivers/fsl_adc16.d ./drivers/fsl_adc16.o ./drivers/fsl_clock.d ./drivers/fsl_clock.o ./drivers/fsl_common.d ./drivers/fsl_common.o ./drivers/fsl_dma.d ./drivers/fsl_dma.o ./drivers/fsl_dmamux.d ./drivers/fsl_dmamux.o ./drivers/fsl_flash.d ./drivers/fsl_flash.o ./drivers/fsl_gpio.d ./drivers/fsl_gpio.o ./drivers/fsl_i2c.d ./drivers/fsl_i2c.o ./drivers/fsl_i2c_dma.d ./drivers/fsl_i2c_dma.o ./drivers/fsl_lpsci.d ./drivers/fsl_lpsci.o ./drivers/fsl_lpsci_dma.d ./drivers/fsl_lpsci_dma.o ./drivers/fsl_pit.d ./drivers/fsl_pit.o ./drivers/fsl_smc.d ./drivers/fsl_smc.o ./drivers/fsl_tpm.d ./drivers/fsl_tpm.o ./drivers/fsl_uart.d ./drivers/fsl_uart.o ./drivers/fsl_uart_dma.d ./drivers/fsl_uart_dma.o ./drivers/tpm1.d ./drivers/tpm1.o
rm -rf ./board/board.d ./board/board.o ./board/clock_config.d ./board/clock_config.o ./board/peripherals.d ./board/peripherals.o ./board/pin_mux.d ./board/pin_mux.o
rm -rf ./CMSIS_driver/fsl_i2c_cmsis.d ./CMSIS_driver/fsl_i2c_cmsis.o ./CMSIS_driver/fsl_uart_cmsis.d ./CMSIS_driver/fsl_uart_cmsis.o
rm -rf ./CMSIS/system_MKL25Z4.d ./CMSIS/system_MKL25Z4.o
rm -rf BMS_github.axf
 
01:23:19 **** Build of configuration Debug for project BMS_SW ****
make -r -j20 all 
Building file: ../utilities/fsl_debug_console.c
Building file: ../startup/startup_mkl25z4.c
Building file: ../source/Platform/pcconf.c
Invoking: MCU C Compiler
arm-none-eabi-gcc -DCPU_MKL25Z128VLK4_cm0plus -DCPU_MKL25Z128VLK4 -DFSL_RTOS_BM -DSDK_OS_BAREMETAL -DSDK_DEBUGCONSOLE=1 -DCR_INTEGER_PRINTF -DPRINTF_FLOAT_ENABLE=0 -D__MCUXPRESSO -D__USE_CMSIS -DDEBUG -D__REDLIB__ -I"D:\Work_Space\NXP\gp\BMS_SW\drivers" -I"D:\Work_Space\NXP\gp\BMS_SW\CMSIS" -I"D:\Work_Space\NXP\gp\BMS_SW\CMSIS_driver" -I"D:\Work_Space\NXP\gp\BMS_SW\board" -I"D:\Work_Space\NXP\gp\BMS_SW\utilities" -I"D:\Work_Space\NXP\gp\BMS_SW\source" -I"D:\Work_Space\NXP\gp\BMS_SW" -I"D:\Work_Space\NXP\gp\BMS_SW\startup" -O0 -fno-common -g3 -gdwarf-4 -Wall -c -fmessage-length=0 -fno-builtin -ffunction-sections -fdata-sections -fmerge-constants -fmacro-prefix-map="../utilities/"= -mcpu=cortex-m0plus -mthumb -D__REDLIB__ -fstack-usage -specs=redlib.specs -MMD -MP -MF"utilities/fsl_debug_console.d" -MT"utilities/fsl_debug_console.o" -MT"utilities/fsl_debug_console.d" -o "utilities/fsl_debug_console.o" "../utilities/fsl_debug_console.c"
Building file: ../source/COTs/TempSensorIF/Src/tempSens.c
Invoking: MCU C Compiler
arm-none-eabi-gcc -DCPU_MKL25Z128VLK4_cm0plus -DCPU_MKL25Z128VLK4 -DFSL_RTOS_BM -DSDK_OS_BAREMETAL -DSDK_DEBUGCONSOLE=1 -DCR_INTEGER_PRINTF -DPRINTF_FLOAT_ENABLE=0 -D__MCUXPRESSO -D__USE_CMSIS -DDEBUG -D__REDLIB__ -I"D:\Work_Space\NXP\gp\BMS_SW\drivers" -I"D:\Work_Space\NXP\gp\BMS_SW\CMSIS" -I"D:\Work_Space\NXP\gp\BMS_SW\CMSIS_driver" -I"D:\Work_Space\NXP\gp\BMS_SW\board" -I"D:\Work_Space\NXP\gp\BMS_SW\utilities" -I"D:\Work_Space\NXP\gp\BMS_SW\source" -I"D:\Work_Space\NXP\gp\BMS_SW" -I"D:\Work_Space\NXP\gp\BMS_SW\startup" -O0 -fno-common -g3 -gdwarf-4 -Wall -c -fmessage-length=0 -fno-builtin -ffunction-sections -fdata-sections -fmerge-constants -fmacro-prefix-map="../startup/"= -mcpu=cortex-m0plus -mthumb -D__REDLIB__ -fstack-usage -specs=redlib.specs -MMD -MP -MF"startup/startup_mkl25z4.d" -MT"startup/startup_mkl25z4.o" -MT"startup/startup_mkl25z4.d" -o "startup/startup_mkl25z4.o" "../startup/startup_mkl25z4.c"
Invoking: MCU C Compiler
arm-none-eabi-gcc -DCPU_MKL25Z128VLK4_cm0plus -DCPU_MKL25Z128VLK4 -DFSL_RTOS_BM -DSDK_OS_BAREMETAL -DSDK_DEBUGCONSOLE=1 -DCR_INTEGER_PRINTF -DPRINTF_FLOAT_ENABLE=0 -D__MCUXPRESSO -D__USE_CMSIS -DDEBUG -D__REDLIB__ -I"D:\Work_Space\NXP\gp\BMS_SW\drivers" -I"D:\Work_Space\NXP\gp\BMS_SW\CMSIS" -I"D:\Work_Space\NXP\gp\BMS_SW\CMSIS_driver" -I"D:\Work_Space\NXP\gp\BMS_SW\board" -I"D:\Work_Space\NXP\gp\BMS_SW\utilities" -I"D:\Work_Space\NXP\gp\BMS_SW\source" -I"D:\Work_Space\NXP\gp\BMS_SW" -I"D:\Work_Space\NXP\gp\BMS_SW\startup" -O0 -fno-common -g3 -gdwarf-4 -Wall -c -fmessage-length=0 -fno-builtin -ffunction-sections -fdata-sections -fmerge-constants -fmacro-prefix-map="../source/Platform/"= -mcpu=cortex-m0plus -mthumb -D__REDLIB__ -fstack-usage -specs=redlib.specs -MMD -MP -MF"source/Platform/pcconf.d" -MT"source/Platform/pcconf.o" -MT"source/Platform/pcconf.d" -o "source/Platform/pcconf.o" "../source/Platform/pcconf.c"
Invoking: MCU C Compiler
arm-none-eabi-gcc -DCPU_MKL25Z128VLK4_cm0plus -DCPU_MKL25Z128VLK4 -DFSL_RTOS_BM -DSDK_OS_BAREMETAL -DSDK_DEBUGCONSOLE=1 -DCR_INTEGER_PRINTF -DPRINTF_FLOAT_ENABLE=0 -D__MCUXPRESSO -D__USE_CMSIS -DDEBUG -D__REDLIB__ -I"D:\Work_Space\NXP\gp\BMS_SW\drivers" -I"D:\Work_Space\NXP\gp\BMS_SW\CMSIS" -I"D:\Work_Space\NXP\gp\BMS_SW\CMSIS_driver" -I"D:\Work_Space\NXP\gp\BMS_SW\board" -I"D:\Work_Space\NXP\gp\BMS_SW\utilities" -I"D:\Work_Space\NXP\gp\BMS_SW\source" -I"D:\Work_Space\NXP\gp\BMS_SW" -I"D:\Work_Space\NXP\gp\BMS_SW\startup" -O0 -fno-common -g3 -gdwarf-4 -Wall -c -fmessage-length=0 -fno-builtin -ffunction-sections -fdata-sections -fmerge-constants -fmacro-prefix-map="../source/COTs/TempSensorIF/Src/"= -mcpu=cortex-m0plus -mthumb -D__REDLIB__ -fstack-usage -specs=redlib.specs -MMD -MP -MF"source/COTs/TempSensorIF/Src/tempSens.d" -MT"source/COTs/TempSensorIF/Src/tempSens.o" -MT"source/COTs/TempSensorIF/Src/tempSens.d" -o "source/COTs/TempSensorIF/Src/tempSens.o" "../source/COTs/TempSensorIF/Src/tempSens.c"
Building file: ../source/COTs/SlaveControlIF/Src/slaveIF.c
Building file: ../source/COTs/ScreenIF/Src/screenIF.c
Invoking: MCU C Compiler
Building file: ../source/COTs/FanControlManager/Src/fanCtrl.c
arm-none-eabi-gcc -DCPU_MKL25Z128VLK4_cm0plus -DCPU_MKL25Z128VLK4 -DFSL_RTOS_BM -DSDK_OS_BAREMETAL -DSDK_DEBUGCONSOLE=1 -DCR_INTEGER_PRINTF -DPRINTF_FLOAT_ENABLE=0 -D__MCUXPRESSO -D__USE_CMSIS -DDEBUG -D__REDLIB__ -I"D:\Work_Space\NXP\gp\BMS_SW\drivers" -I"D:\Work_Space\NXP\gp\BMS_SW\CMSIS" -I"D:\Work_Space\NXP\gp\BMS_SW\CMSIS_driver" -I"D:\Work_Space\NXP\gp\BMS_SW\board" -I"D:\Work_Space\NXP\gp\BMS_SW\utilities" -I"D:\Work_Space\NXP\gp\BMS_SW\source" -I"D:\Work_Space\NXP\gp\BMS_SW" -I"D:\Work_Space\NXP\gp\BMS_SW\startup" -O0 -fno-common -g3 -gdwarf-4 -Wall -c -fmessage-length=0 -fno-builtin -ffunction-sections -fdata-sections -fmerge-constants -fmacro-prefix-map="../source/COTs/SlaveControlIF/Src/"= -mcpu=cortex-m0plus -mthumb -D__REDLIB__ -fstack-usage -specs=redlib.specs -MMD -MP -MF"source/COTs/SlaveControlIF/Src/slaveIF.d" -MT"source/COTs/SlaveControlIF/Src/slaveIF.o" -MT"source/COTs/SlaveControlIF/Src/slaveIF.d" -o "source/COTs/SlaveControlIF/Src/slaveIF.o" "../source/COTs/SlaveControlIF/Src/slaveIF.c"
Building file: ../source/COTs/DebugInfoManager/Src/debugInfo.c
Invoking: MCU C Compiler
arm-none-eabi-gcc -DCPU_MKL25Z128VLK4_cm0plus -DCPU_MKL25Z128VLK4 -DFSL_RTOS_BM -DSDK_OS_BAREMETAL -DSDK_DEBUGCONSOLE=1 -DCR_INTEGER_PRINTF -DPRINTF_FLOAT_ENABLE=0 -D__MCUXPRESSO -D__USE_CMSIS -DDEBUG -D__REDLIB__ -I"D:\Work_Space\NXP\gp\BMS_SW\drivers" -I"D:\Work_Space\NXP\gp\BMS_SW\CMSIS" -I"D:\Work_Space\NXP\gp\BMS_SW\CMSIS_driver" -I"D:\Work_Space\NXP\gp\BMS_SW\board" -I"D:\Work_Space\NXP\gp\BMS_SW\utilities" -I"D:\Work_Space\NXP\gp\BMS_SW\source" -I"D:\Work_Space\NXP\gp\BMS_SW" -I"D:\Work_Space\NXP\gp\BMS_SW\startup" -O0 -fno-common -g3 -gdwarf-4 -Wall -c -fmessage-length=0 -fno-builtin -ffunction-sections -fdata-sections -fmerge-constants -fmacro-prefix-map="../source/COTs/ScreenIF/Src/"= -mcpu=cortex-m0plus -mthumb -D__REDLIB__ -fstack-usage -specs=redlib.specs -MMD -MP -MF"source/COTs/ScreenIF/Src/screenIF.d" -MT"source/COTs/ScreenIF/Src/screenIF.o" -MT"source/COTs/ScreenIF/Src/screenIF.d" -o "source/COTs/ScreenIF/Src/screenIF.o" "../source/COTs/ScreenIF/Src/screenIF.c"
Invoking: MCU C Compiler
arm-none-eabi-gcc -DCPU_MKL25Z128VLK4_cm0plus -DCPU_MKL25Z128VLK4 -DFSL_RTOS_BM -DSDK_OS_BAREMETAL -DSDK_DEBUGCONSOLE=1 -DCR_INTEGER_PRINTF -DPRINTF_FLOAT_ENABLE=0 -D__MCUXPRESSO -D__USE_CMSIS -DDEBUG -D__REDLIB__ -I"D:\Work_Space\NXP\gp\BMS_SW\drivers" -I"D:\Work_Space\NXP\gp\BMS_SW\CMSIS" -I"D:\Work_Space\NXP\gp\BMS_SW\CMSIS_driver" -I"D:\Work_Space\NXP\gp\BMS_SW\board" -I"D:\Work_Space\NXP\gp\BMS_SW\utilities" -I"D:\Work_Space\NXP\gp\BMS_SW\source" -I"D:\Work_Space\NXP\gp\BMS_SW" -I"D:\Work_Space\NXP\gp\BMS_SW\startup" -O0 -fno-common -g3 -gdwarf-4 -Wall -c -fmessage-length=0 -fno-builtin -ffunction-sections -fdata-sections -fmerge-constants -fmacro-prefix-map="../source/COTs/FanControlManager/Src/"= -mcpu=cortex-m0plus -mthumb -D__REDLIB__ -fstack-usage -specs=redlib.specs -MMD -MP -MF"source/COTs/FanControlManager/Src/fanCtrl.d" -MT"source/COTs/FanControlManager/Src/fanCtrl.o" -MT"source/COTs/FanControlManager/Src/fanCtrl.d" -o "source/COTs/FanControlManager/Src/fanCtrl.o" "../source/COTs/FanControlManager/Src/fanCtrl.c"
Building file: ../source/COTs/BatteryStatusMonitor/Src/dataMonitor.c
Invoking: MCU C Compiler
In file included from ../utilities/fsl_debug_console.c:67:
../utilities/fsl_debug_console.h:69: warning: "PRINTF_FLOAT_ENABLE" redefined
   69 | #define PRINTF_FLOAT_ENABLE 1U
      | 
<command-line>: note: this is the location of the previous definition
arm-none-eabi-gcc -DCPU_MKL25Z128VLK4_cm0plus -DCPU_MKL25Z128VLK4 -DFSL_RTOS_BM -DSDK_OS_BAREMETAL -DSDK_DEBUGCONSOLE=1 -DCR_INTEGER_PRINTF -DPRINTF_FLOAT_ENABLE=0 -D__MCUXPRESSO -D__USE_CMSIS -DDEBUG -D__REDLIB__ -I"D:\Work_Space\NXP\gp\BMS_SW\drivers" -I"D:\Work_Space\NXP\gp\BMS_SW\CMSIS" -I"D:\Work_Space\NXP\gp\BMS_SW\CMSIS_driver" -I"D:\Work_Space\NXP\gp\BMS_SW\board" -I"D:\Work_Space\NXP\gp\BMS_SW\utilities" -I"D:\Work_Space\NXP\gp\BMS_SW\source" -I"D:\Work_Space\NXP\gp\BMS_SW" -I"D:\Work_Space\NXP\gp\BMS_SW\startup" -O0 -fno-common -g3 -gdwarf-4 -Wall -c -fmessage-length=0 -fno-builtin -ffunction-sections -fdata-sections -fmerge-constants -fmacro-prefix-map="../source/COTs/DebugInfoManager/Src/"= -mcpu=cortex-m0plus -mthumb -D__REDLIB__ -fstack-usage -specs=redlib.specs -MMD -MP -MF"source/COTs/DebugInfoManager/Src/debugInfo.d" -MT"source/COTs/DebugInfoManager/Src/debugInfo.o" -MT"source/COTs/DebugInfoManager/Src/debugInfo.d" -o "source/COTs/DebugInfoManager/Src/debugInfo.o" "../source/COTs/DebugInfoManager/Src/debugInfo.c"
Invoking: MCU C Compiler
Building file: ../source/COTs/BMSDataBase/Src/dataBase.c
arm-none-eabi-gcc -DCPU_MKL25Z128VLK4_cm0plus -DCPU_MKL25Z128VLK4 -DFSL_RTOS_BM -DSDK_OS_BAREMETAL -DSDK_DEBUGCONSOLE=1 -DCR_INTEGER_PRINTF -DPRINTF_FLOAT_ENABLE=0 -D__MCUXPRESSO -D__USE_CMSIS -DDEBUG -D__REDLIB__ -I"D:\Work_Space\NXP\gp\BMS_SW\drivers" -I"D:\Work_Space\NXP\gp\BMS_SW\CMSIS" -I"D:\Work_Space\NXP\gp\BMS_SW\CMSIS_driver" -I"D:\Work_Space\NXP\gp\BMS_SW\board" -I"D:\Work_Space\NXP\gp\BMS_SW\utilities" -I"D:\Work_Space\NXP\gp\BMS_SW\source" -I"D:\Work_Space\NXP\gp\BMS_SW" -I"D:\Work_Space\NXP\gp\BMS_SW\startup" -O0 -fno-common -g3 -gdwarf-4 -Wall -c -fmessage-length=0 -fno-builtin -ffunction-sections -fdata-sections -fmerge-constants -fmacro-prefix-map="../source/COTs/BatteryStatusMonitor/Src/"= -mcpu=cortex-m0plus -mthumb -D__REDLIB__ -fstack-usage -specs=redlib.specs -MMD -MP -MF"source/COTs/BatteryStatusMonitor/Src/dataMonitor.d" -MT"source/COTs/BatteryStatusMonitor/Src/dataMonitor.o" -MT"source/COTs/BatteryStatusMonitor/Src/dataMonitor.d" -o "source/COTs/BatteryStatusMonitor/Src/dataMonitor.o" "../source/COTs/BatteryStatusMonitor/Src/dataMonitor.c"
../utilities/fsl_debug_console.c: In function 'DbgConsole_Getchar':
../utilities/fsl_debug_console.c:483:31: warning: 'ch' may be used uninitialized [-Wmaybe-uninitialized]
  483 |     while (kStatus_Success != s_debugConsole.ops.rx_union.GetChar(s_debugConsole.base, (uint8_t *)(&ch), 1))
      |                               ^~~~~~~~~~~~~~~~~~~~~~~~~~~~~~~~~~~~~~~~~~~~~~~~~~~~~~~~~~~~~~~~~~~~~~~~~~~~~
../utilities/fsl_debug_console.c:483:31: note: by argument 2 of type 'const uint8_t *' {aka 'const unsigned char *'} to 'status_t(void *, const uint8_t *, size_t)' {aka 'int(void *, const unsigned char *, unsigned int)'}
../utilities/fsl_debug_console.c:477:10: note: 'ch' declared here
  477 |     char ch;
      |          ^~
Building file: ../source/main.c
Building file: ../source/mtb.c
Invoking: MCU C Compiler
In file included from D:\Work_Space\NXP\gp\BMS_SW\source/COTs/DebugInfoManager/Inc/debugInfo.h:35,
                 from D:\Work_Space\NXP\gp\BMS_SW\source/COTs/TempSensorIF/Inc/tempSens.h:20,
                 from ../source/COTs/TempSensorIF/Src/tempSens.c:17:
D:\Work_Space\NXP\gp\BMS_SW\utilities/fsl_debug_console.h:69: warning: "PRINTF_FLOAT_ENABLE" redefined
   69 | #define PRINTF_FLOAT_ENABLE 1U
      | 
<command-line>: note: this is the location of the previous definition
arm-none-eabi-gcc -DCPU_MKL25Z128VLK4_cm0plus -DCPU_MKL25Z128VLK4 -DFSL_RTOS_BM -DSDK_OS_BAREMETAL -DSDK_DEBUGCONSOLE=1 -DCR_INTEGER_PRINTF -DPRINTF_FLOAT_ENABLE=0 -D__MCUXPRESSO -D__USE_CMSIS -DDEBUG -D__REDLIB__ -I"D:\Work_Space\NXP\gp\BMS_SW\drivers" -I"D:\Work_Space\NXP\gp\BMS_SW\CMSIS" -I"D:\Work_Space\NXP\gp\BMS_SW\CMSIS_driver" -I"D:\Work_Space\NXP\gp\BMS_SW\board" -I"D:\Work_Space\NXP\gp\BMS_SW\utilities" -I"D:\Work_Space\NXP\gp\BMS_SW\source" -I"D:\Work_Space\NXP\gp\BMS_SW" -I"D:\Work_Space\NXP\gp\BMS_SW\startup" -O0 -fno-common -g3 -gdwarf-4 -Wall -c -fmessage-length=0 -fno-builtin -ffunction-sections -fdata-sections -fmerge-constants -fmacro-prefix-map="../source/COTs/BMSDataBase/Src/"= -mcpu=cortex-m0plus -mthumb -D__REDLIB__ -fstack-usage -specs=redlib.specs -MMD -MP -MF"source/COTs/BMSDataBase/Src/dataBase.d" -MT"source/COTs/BMSDataBase/Src/dataBase.o" -MT"source/COTs/BMSDataBase/Src/dataBase.d" -o "source/COTs/BMSDataBase/Src/dataBase.o" "../source/COTs/BMSDataBase/Src/dataBase.c"
Building file: ../source/semihost_hardfault.c
Invoking: MCU C Compiler
Building file: ../drivers/C90TFS/drvsrc/source/CopyToRam.c
In file included from D:\Work_Space\NXP\gp\BMS_SW\source/COTs/DebugInfoManager/Inc/debugInfo.h:35,
                 from D:\Work_Space\NXP\gp\BMS_SW\source/COTs/SlaveControlIF/Inc/slaveIF.h:21,
                 from ../source/COTs/SlaveControlIF/Src/slaveIF.c:19:
D:\Work_Space\NXP\gp\BMS_SW\utilities/fsl_debug_console.h:69: warning: "PRINTF_FLOAT_ENABLE" redefined
   69 | #define PRINTF_FLOAT_ENABLE 1U
      | 
<command-line>: note: this is the location of the previous definition
Building file: ../drivers/C90TFS/drvsrc/source/DEFlashPartition.c
arm-none-eabi-gcc -DCPU_MKL25Z128VLK4_cm0plus -DCPU_MKL25Z128VLK4 -DFSL_RTOS_BM -DSDK_OS_BAREMETAL -DSDK_DEBUGCONSOLE=1 -DCR_INTEGER_PRINTF -DPRINTF_FLOAT_ENABLE=0 -D__MCUXPRESSO -D__USE_CMSIS -DDEBUG -D__REDLIB__ -I"D:\Work_Space\NXP\gp\BMS_SW\drivers" -I"D:\Work_Space\NXP\gp\BMS_SW\CMSIS" -I"D:\Work_Space\NXP\gp\BMS_SW\CMSIS_driver" -I"D:\Work_Space\NXP\gp\BMS_SW\board" -I"D:\Work_Space\NXP\gp\BMS_SW\utilities" -I"D:\Work_Space\NXP\gp\BMS_SW\source" -I"D:\Work_Space\NXP\gp\BMS_SW" -I"D:\Work_Space\NXP\gp\BMS_SW\startup" -O0 -fno-common -g3 -gdwarf-4 -Wall -c -fmessage-length=0 -fno-builtin -ffunction-sections -fdata-sections -fmerge-constants -fmacro-prefix-map="../source/"= -mcpu=cortex-m0plus -mthumb -D__REDLIB__ -fstack-usage -specs=redlib.specs -MMD -MP -MF"source/main.d" -MT"source/main.o" -MT"source/main.d" -o "source/main.o" "../source/main.c"
Invoking: MCU C Compiler
Invoking: MCU C Compiler
arm-none-eabi-gcc -DCPU_MKL25Z128VLK4_cm0plus -DCPU_MKL25Z128VLK4 -DFSL_RTOS_BM -DSDK_OS_BAREMETAL -DSDK_DEBUGCONSOLE=1 -DCR_INTEGER_PRINTF -DPRINTF_FLOAT_ENABLE=0 -D__MCUXPRESSO -D__USE_CMSIS -DDEBUG -D__REDLIB__ -I"D:\Work_Space\NXP\gp\BMS_SW\drivers" -I"D:\Work_Space\NXP\gp\BMS_SW\CMSIS" -I"D:\Work_Space\NXP\gp\BMS_SW\CMSIS_driver" -I"D:\Work_Space\NXP\gp\BMS_SW\board" -I"D:\Work_Space\NXP\gp\BMS_SW\utilities" -I"D:\Work_Space\NXP\gp\BMS_SW\source" -I"D:\Work_Space\NXP\gp\BMS_SW" -I"D:\Work_Space\NXP\gp\BMS_SW\startup" -O0 -fno-common -g3 -gdwarf-4 -Wall -c -fmessage-length=0 -fno-builtin -ffunction-sections -fdata-sections -fmerge-constants -fmacro-prefix-map="../source/"= -mcpu=cortex-m0plus -mthumb -D__REDLIB__ -fstack-usage -specs=redlib.specs -MMD -MP -MF"source/semihost_hardfault.d" -MT"source/semihost_hardfault.o" -MT"source/semihost_hardfault.d" -o "source/semihost_hardfault.o" "../source/semihost_hardfault.c"
Building file: ../drivers/C90TFS/drvsrc/source/DFlashGetProtection.c
arm-none-eabi-gcc -DCPU_MKL25Z128VLK4_cm0plus -DCPU_MKL25Z128VLK4 -DFSL_RTOS_BM -DSDK_OS_BAREMETAL -DSDK_DEBUGCONSOLE=1 -DCR_INTEGER_PRINTF -DPRINTF_FLOAT_ENABLE=0 -D__MCUXPRESSO -D__USE_CMSIS -DDEBUG -D__REDLIB__ -I"D:\Work_Space\NXP\gp\BMS_SW\drivers" -I"D:\Work_Space\NXP\gp\BMS_SW\CMSIS" -I"D:\Work_Space\NXP\gp\BMS_SW\CMSIS_driver" -I"D:\Work_Space\NXP\gp\BMS_SW\board" -I"D:\Work_Space\NXP\gp\BMS_SW\utilities" -I"D:\Work_Space\NXP\gp\BMS_SW\source" -I"D:\Work_Space\NXP\gp\BMS_SW" -I"D:\Work_Space\NXP\gp\BMS_SW\startup" -O0 -fno-common -g3 -gdwarf-4 -Wall -c -fmessage-length=0 -fno-builtin -ffunction-sections -fdata-sections -fmerge-constants -fmacro-prefix-map="../source/"= -mcpu=cortex-m0plus -mthumb -D__REDLIB__ -fstack-usage -specs=redlib.specs -MMD -MP -MF"source/mtb.d" -MT"source/mtb.o" -MT"source/mtb.d" -o "source/mtb.o" "../source/mtb.c"
Invoking: MCU C Compiler
Building file: ../drivers/C90TFS/drvsrc/source/DFlashSetProtection.c
arm-none-eabi-gcc -DCPU_MKL25Z128VLK4_cm0plus -DCPU_MKL25Z128VLK4 -DFSL_RTOS_BM -DSDK_OS_BAREMETAL -DSDK_DEBUGCONSOLE=1 -DCR_INTEGER_PRINTF -DPRINTF_FLOAT_ENABLE=0 -D__MCUXPRESSO -D__USE_CMSIS -DDEBUG -D__REDLIB__ -I"D:\Work_Space\NXP\gp\BMS_SW\drivers" -I"D:\Work_Space\NXP\gp\BMS_SW\CMSIS" -I"D:\Work_Space\NXP\gp\BMS_SW\CMSIS_driver" -I"D:\Work_Space\NXP\gp\BMS_SW\board" -I"D:\Work_Space\NXP\gp\BMS_SW\utilities" -I"D:\Work_Space\NXP\gp\BMS_SW\source" -I"D:\Work_Space\NXP\gp\BMS_SW" -I"D:\Work_Space\NXP\gp\BMS_SW\startup" -O0 -fno-common -g3 -gdwarf-4 -Wall -c -fmessage-length=0 -fno-builtin -ffunction-sections -fdata-sections -fmerge-constants -fmacro-prefix-map="../drivers/C90TFS/drvsrc/source/"= -mcpu=cortex-m0plus -mthumb -D__REDLIB__ -fstack-usage -specs=redlib.specs -MMD -MP -MF"drivers/C90TFS/drvsrc/source/CopyToRam.d" -MT"drivers/C90TFS/drvsrc/source/CopyToRam.o" -MT"drivers/C90TFS/drvsrc/source/CopyToRam.d" -o "drivers/C90TFS/drvsrc/source/CopyToRam.o" "../drivers/C90TFS/drvsrc/source/CopyToRam.c"
In file included from D:\Work_Space\NXP\gp\BMS_SW\source/COTs/DebugInfoManager/Inc/debugInfo.h:35,
                 from D:\Work_Space\NXP\gp\BMS_SW\source/COTs/FanControlManager/Inc/fanCtrl.h:21,
                 from ../source/COTs/FanControlManager/Src/fanCtrl.c:18:
D:\Work_Space\NXP\gp\BMS_SW\utilities/fsl_debug_console.h:69: warning: "PRINTF_FLOAT_ENABLE" redefined
   69 | #define PRINTF_FLOAT_ENABLE 1U
      | 
<command-line>: note: this is the location of the previous definition
In file included from D:\Work_Space\NXP\gp\BMS_SW\source/COTs/DebugInfoManager/Inc/debugInfo.h:35,
                 from D:\Work_Space\NXP\gp\BMS_SW\source/COTs/ScreenIF/Inc/screenIF.h:21,
                 from ../source/COTs/ScreenIF/Src/screenIF.c:18:
D:\Work_Space\NXP\gp\BMS_SW\utilities/fsl_debug_console.h:69: warning: "PRINTF_FLOAT_ENABLE" redefined
Invoking: MCU C Compiler
   69 | #define PRINTF_FLOAT_ENABLE 1U
      | 
<command-line>: note: this is the location of the previous definition
Invoking: MCU C Compiler
arm-none-eabi-gcc -DCPU_MKL25Z128VLK4_cm0plus -DCPU_MKL25Z128VLK4 -DFSL_RTOS_BM -DSDK_OS_BAREMETAL -DSDK_DEBUGCONSOLE=1 -DCR_INTEGER_PRINTF -DPRINTF_FLOAT_ENABLE=0 -D__MCUXPRESSO -D__USE_CMSIS -DDEBUG -D__REDLIB__ -I"D:\Work_Space\NXP\gp\BMS_SW\drivers" -I"D:\Work_Space\NXP\gp\BMS_SW\CMSIS" -I"D:\Work_Space\NXP\gp\BMS_SW\CMSIS_driver" -I"D:\Work_Space\NXP\gp\BMS_SW\board" -I"D:\Work_Space\NXP\gp\BMS_SW\utilities" -I"D:\Work_Space\NXP\gp\BMS_SW\source" -I"D:\Work_Space\NXP\gp\BMS_SW" -I"D:\Work_Space\NXP\gp\BMS_SW\startup" -O0 -fno-common -g3 -gdwarf-4 -Wall -c -fmessage-length=0 -fno-builtin -ffunction-sections -fdata-sections -fmerge-constants -fmacro-prefix-map="../drivers/C90TFS/drvsrc/source/"= -mcpu=cortex-m0plus -mthumb -D__REDLIB__ -fstack-usage -specs=redlib.specs -MMD -MP -MF"drivers/C90TFS/drvsrc/source/DEFlashPartition.d" -MT"drivers/C90TFS/drvsrc/source/DEFlashPartition.o" -MT"drivers/C90TFS/drvsrc/source/DEFlashPartition.d" -o "drivers/C90TFS/drvsrc/source/DEFlashPartition.o" "../drivers/C90TFS/drvsrc/source/DEFlashPartition.c"
arm-none-eabi-gcc -DCPU_MKL25Z128VLK4_cm0plus -DCPU_MKL25Z128VLK4 -DFSL_RTOS_BM -DSDK_OS_BAREMETAL -DSDK_DEBUGCONSOLE=1 -DCR_INTEGER_PRINTF -DPRINTF_FLOAT_ENABLE=0 -D__MCUXPRESSO -D__USE_CMSIS -DDEBUG -D__REDLIB__ -I"D:\Work_Space\NXP\gp\BMS_SW\drivers" -I"D:\Work_Space\NXP\gp\BMS_SW\CMSIS" -I"D:\Work_Space\NXP\gp\BMS_SW\CMSIS_driver" -I"D:\Work_Space\NXP\gp\BMS_SW\board" -I"D:\Work_Space\NXP\gp\BMS_SW\utilities" -I"D:\Work_Space\NXP\gp\BMS_SW\source" -I"D:\Work_Space\NXP\gp\BMS_SW" -I"D:\Work_Space\NXP\gp\BMS_SW\startup" -O0 -fno-common -g3 -gdwarf-4 -Wall -c -fmessage-length=0 -fno-builtin -ffunction-sections -fdata-sections -fmerge-constants -fmacro-prefix-map="../drivers/C90TFS/drvsrc/source/"= -mcpu=cortex-m0plus -mthumb -D__REDLIB__ -fstack-usage -specs=redlib.specs -MMD -MP -MF"drivers/C90TFS/drvsrc/source/DFlashGetProtection.d" -MT"drivers/C90TFS/drvsrc/source/DFlashGetProtection.o" -MT"drivers/C90TFS/drvsrc/source/DFlashGetProtection.d" -o "drivers/C90TFS/drvsrc/source/DFlashGetProtection.o" "../drivers/C90TFS/drvsrc/source/DFlashGetProtection.c"
Building file: ../drivers/C90TFS/drvsrc/source/EERAMGetProtection.c
In file included from D:\Work_Space\NXP\gp\BMS_SW\source/COTS/DebugInfoManager/Inc/DebugInfo.h:35,
                 from ../source/COTs/DebugInfoManager/Src/debugInfo.c:18:
D:\Work_Space\NXP\gp\BMS_SW\utilities/fsl_debug_console.h:69: warning: "PRINTF_FLOAT_ENABLE" redefined
   69 | #define PRINTF_FLOAT_ENABLE 1U
      | 
<command-line>: note: this is the location of the previous definition
Invoking: MCU C Compiler
arm-none-eabi-gcc -DCPU_MKL25Z128VLK4_cm0plus -DCPU_MKL25Z128VLK4 -DFSL_RTOS_BM -DSDK_OS_BAREMETAL -DSDK_DEBUGCONSOLE=1 -DCR_INTEGER_PRINTF -DPRINTF_FLOAT_ENABLE=0 -D__MCUXPRESSO -D__USE_CMSIS -DDEBUG -D__REDLIB__ -I"D:\Work_Space\NXP\gp\BMS_SW\drivers" -I"D:\Work_Space\NXP\gp\BMS_SW\CMSIS" -I"D:\Work_Space\NXP\gp\BMS_SW\CMSIS_driver" -I"D:\Work_Space\NXP\gp\BMS_SW\board" -I"D:\Work_Space\NXP\gp\BMS_SW\utilities" -I"D:\Work_Space\NXP\gp\BMS_SW\source" -I"D:\Work_Space\NXP\gp\BMS_SW" -I"D:\Work_Space\NXP\gp\BMS_SW\startup" -O0 -fno-common -g3 -gdwarf-4 -Wall -c -fmessage-length=0 -fno-builtin -ffunction-sections -fdata-sections -fmerge-constants -fmacro-prefix-map="../drivers/C90TFS/drvsrc/source/"= -mcpu=cortex-m0plus -mthumb -D__REDLIB__ -fstack-usage -specs=redlib.specs -MMD -MP -MF"drivers/C90TFS/drvsrc/source/DFlashSetProtection.d" -MT"drivers/C90TFS/drvsrc/source/DFlashSetProtection.o" -MT"drivers/C90TFS/drvsrc/source/DFlashSetProtection.d" -o "drivers/C90TFS/drvsrc/source/DFlashSetProtection.o" "../drivers/C90TFS/drvsrc/source/DFlashSetProtection.c"
Building file: ../drivers/C90TFS/drvsrc/source/EEEWrite.c
Building file: ../drivers/C90TFS/drvsrc/source/EERAMSetProtection.c
In file included from D:\Work_Space\NXP\gp\BMS_SW\source/COTs/DebugInfoManager/Inc/debugInfo.h:35,
                 from D:\Work_Space\NXP\gp\BMS_SW\source/COTs/ScreenIF/Inc/screenIF.h:21,
                 from D:\Work_Space\NXP\gp\BMS_SW\source/COTs/BatteryStatusMonitor/Inc/dataMonitor.h:22,
                 from ../source/COTs/BatteryStatusMonitor/Src/dataMonitor.c:19:
D:\Work_Space\NXP\gp\BMS_SW\utilities/fsl_debug_console.h:69: warning: "PRINTF_FLOAT_ENABLE" redefined
   69 | #define PRINTF_FLOAT_ENABLE 1U
      | 
<command-line>: note: this is the location of the previous definition
Invoking: MCU C Compiler
Finished building: ../startup/startup_mkl25z4.c
arm-none-eabi-gcc -DCPU_MKL25Z128VLK4_cm0plus -DCPU_MKL25Z128VLK4 -DFSL_RTOS_BM -DSDK_OS_BAREMETAL -DSDK_DEBUGCONSOLE=1 -DCR_INTEGER_PRINTF -DPRINTF_FLOAT_ENABLE=0 -D__MCUXPRESSO -D__USE_CMSIS -DDEBUG -D__REDLIB__ -I"D:\Work_Space\NXP\gp\BMS_SW\drivers" -I"D:\Work_Space\NXP\gp\BMS_SW\CMSIS" -I"D:\Work_Space\NXP\gp\BMS_SW\CMSIS_driver" -I"D:\Work_Space\NXP\gp\BMS_SW\board" -I"D:\Work_Space\NXP\gp\BMS_SW\utilities" -I"D:\Work_Space\NXP\gp\BMS_SW\source" -I"D:\Work_Space\NXP\gp\BMS_SW" -I"D:\Work_Space\NXP\gp\BMS_SW\startup" -O0 -fno-common -g3 -gdwarf-4 -Wall -c -fmessage-length=0 -fno-builtin -ffunction-sections -fdata-sections -fmerge-constants -fmacro-prefix-map="../drivers/C90TFS/drvsrc/source/"= -mcpu=cortex-m0plus -mthumb -D__REDLIB__ -fstack-usage -specs=redlib.specs -MMD -MP -MF"drivers/C90TFS/drvsrc/source/EERAMGetProtection.d" -MT"drivers/C90TFS/drvsrc/source/EERAMGetProtection.o" -MT"drivers/C90TFS/drvsrc/source/EERAMGetProtection.d" -o "drivers/C90TFS/drvsrc/source/EERAMGetProtection.o" "../drivers/C90TFS/drvsrc/source/EERAMGetProtection.c"
Invoking: MCU C Compiler
Invoking: MCU C Compiler
arm-none-eabi-gcc -DCPU_MKL25Z128VLK4_cm0plus -DCPU_MKL25Z128VLK4 -DFSL_RTOS_BM -DSDK_OS_BAREMETAL -DSDK_DEBUGCONSOLE=1 -DCR_INTEGER_PRINTF -DPRINTF_FLOAT_ENABLE=0 -D__MCUXPRESSO -D__USE_CMSIS -DDEBUG -D__REDLIB__ -I"D:\Work_Space\NXP\gp\BMS_SW\drivers" -I"D:\Work_Space\NXP\gp\BMS_SW\CMSIS" -I"D:\Work_Space\NXP\gp\BMS_SW\CMSIS_driver" -I"D:\Work_Space\NXP\gp\BMS_SW\board" -I"D:\Work_Space\NXP\gp\BMS_SW\utilities" -I"D:\Work_Space\NXP\gp\BMS_SW\source" -I"D:\Work_Space\NXP\gp\BMS_SW" -I"D:\Work_Space\NXP\gp\BMS_SW\startup" -O0 -fno-common -g3 -gdwarf-4 -Wall -c -fmessage-length=0 -fno-builtin -ffunction-sections -fdata-sections -fmerge-constants -fmacro-prefix-map="../drivers/C90TFS/drvsrc/source/"= -mcpu=cortex-m0plus -mthumb -D__REDLIB__ -fstack-usage -specs=redlib.specs -MMD -MP -MF"drivers/C90TFS/drvsrc/source/EEEWrite.d" -MT"drivers/C90TFS/drvsrc/source/EEEWrite.o" -MT"drivers/C90TFS/drvsrc/source/EEEWrite.d" -o "drivers/C90TFS/drvsrc/source/EEEWrite.o" "../drivers/C90TFS/drvsrc/source/EEEWrite.c"
arm-none-eabi-gcc -DCPU_MKL25Z128VLK4_cm0plus -DCPU_MKL25Z128VLK4 -DFSL_RTOS_BM -DSDK_OS_BAREMETAL -DSDK_DEBUGCONSOLE=1 -DCR_INTEGER_PRINTF -DPRINTF_FLOAT_ENABLE=0 -D__MCUXPRESSO -D__USE_CMSIS -DDEBUG -D__REDLIB__ -I"D:\Work_Space\NXP\gp\BMS_SW\drivers" -I"D:\Work_Space\NXP\gp\BMS_SW\CMSIS" -I"D:\Work_Space\NXP\gp\BMS_SW\CMSIS_driver" -I"D:\Work_Space\NXP\gp\BMS_SW\board" -I"D:\Work_Space\NXP\gp\BMS_SW\utilities" -I"D:\Work_Space\NXP\gp\BMS_SW\source" -I"D:\Work_Space\NXP\gp\BMS_SW" -I"D:\Work_Space\NXP\gp\BMS_SW\startup" -O0 -fno-common -g3 -gdwarf-4 -Wall -c -fmessage-length=0 -fno-builtin -ffunction-sections -fdata-sections -fmerge-constants -fmacro-prefix-map="../drivers/C90TFS/drvsrc/source/"= -mcpu=cortex-m0plus -mthumb -D__REDLIB__ -fstack-usage -specs=redlib.specs -MMD -MP -MF"drivers/C90TFS/drvsrc/source/EERAMSetProtection.d" -MT"drivers/C90TFS/drvsrc/source/EERAMSetProtection.o" -MT"drivers/C90TFS/drvsrc/source/EERAMSetProtection.d" -o "drivers/C90TFS/drvsrc/source/EERAMSetProtection.o" "../drivers/C90TFS/drvsrc/source/EERAMSetProtection.c"
In file included from D:\Work_Space\NXP\gp\BMS_SW\source/COTs/DebugInfoManager/Inc/debugInfo.h:35,
                 from D:\Work_Space\NXP\gp\BMS_SW/source/COTs/BMSDataBase/Inc/database.h:10,
                 from ../source/COTs/BMSDataBase/Src/dataBase.c:31:
D:\Work_Space\NXP\gp\BMS_SW\utilities/fsl_debug_console.h:69: warning: "PRINTF_FLOAT_ENABLE" redefined
   69 | #define PRINTF_FLOAT_ENABLE 1U
      | 
<command-line>: note: this is the location of the previous definition
 
In file included from D:\Work_Space\NXP\gp\BMS_SW\source/COTs/DebugInfoManager/Inc/debugInfo.h:35,
                 from ../source/main.c:2:
D:\Work_Space\NXP\gp\BMS_SW\utilities/fsl_debug_console.h:69: warning: "PRINTF_FLOAT_ENABLE" redefined
   69 | #define PRINTF_FLOAT_ENABLE 1U
      | 
<command-line>: note: this is the location of the previous definition
Finished building: ../source/COTs/TempSensorIF/Src/tempSens.c
../source/main.c: In function 'main':
../source/main.c:211:9: warning: implicit declaration of function 'DataMonitor_startUp'; did you mean 'dataMonitor_sohDisp'? [-Wimplicit-function-declaration]
  211 |         DataMonitor_startUp();
      |         ^~~~~~~~~~~~~~~~~~~
      |         dataMonitor_sohDisp
../source/main.c:239:18: warning: unused variable 'yarab' [-Wunused-variable]
  239 |         uint16_t yarab = 600;
      |                  ^~~~~
../source/main.c:168:18: warning: variable 'timeStamp' set but not used [-Wunused-but-set-variable]
  168 |         uint32_t timeStamp;
      |                  ^~~~~~~~~
../source/main.c:167:14: warning: variable 'bBCCFault' set but not used [-Wunused-but-set-variable]
  167 |         bool bBCCFault;
      |              ^~~~~~~~~
../source/main.c: At top level:
../source/main.c:28:16: warning: 'SOC' defined but not used [-Wunused-variable]
   28 | static uint8_t SOC;
      |                ^~~
../source/main.c:27:17: warning: 'prev_time' defined but not used [-Wunused-variable]
   27 | static uint32_t prev_time = 0;
      |                 ^~~~~~~~~
Finished building: ../utilities/fsl_debug_console.c
Building file: ../drivers/C90TFS/drvsrc/source/FlashCheckSum.c
 
Finished building: ../source/Platform/pcconf.c
Finished building: ../source/COTs/SlaveControlIF/Src/slaveIF.c
 
Invoking: MCU C Compiler
Finished building: ../source/COTs/FanControlManager/Src/fanCtrl.c
arm-none-eabi-gcc -DCPU_MKL25Z128VLK4_cm0plus -DCPU_MKL25Z128VLK4 -DFSL_RTOS_BM -DSDK_OS_BAREMETAL -DSDK_DEBUGCONSOLE=1 -DCR_INTEGER_PRINTF -DPRINTF_FLOAT_ENABLE=0 -D__MCUXPRESSO -D__USE_CMSIS -DDEBUG -D__REDLIB__ -I"D:\Work_Space\NXP\gp\BMS_SW\drivers" -I"D:\Work_Space\NXP\gp\BMS_SW\CMSIS" -I"D:\Work_Space\NXP\gp\BMS_SW\CMSIS_driver" -I"D:\Work_Space\NXP\gp\BMS_SW\board" -I"D:\Work_Space\NXP\gp\BMS_SW\utilities" -I"D:\Work_Space\NXP\gp\BMS_SW\source" -I"D:\Work_Space\NXP\gp\BMS_SW" -I"D:\Work_Space\NXP\gp\BMS_SW\startup" -O0 -fno-common -g3 -gdwarf-4 -Wall -c -fmessage-length=0 -fno-builtin -ffunction-sections -fdata-sections -fmerge-constants -fmacro-prefix-map="../drivers/C90TFS/drvsrc/source/"= -mcpu=cortex-m0plus -mthumb -D__REDLIB__ -fstack-usage -specs=redlib.specs -MMD -MP -MF"drivers/C90TFS/drvsrc/source/FlashCheckSum.d" -MT"drivers/C90TFS/drvsrc/source/FlashCheckSum.o" -MT"drivers/C90TFS/drvsrc/source/FlashCheckSum.d" -o "drivers/C90TFS/drvsrc/source/FlashCheckSum.o" "../drivers/C90TFS/drvsrc/source/FlashCheckSum.c"
Finished building: ../source/COTs/ScreenIF/Src/screenIF.c
Building file: ../drivers/C90TFS/drvsrc/source/FlashCommandSequence.c
 
 
Building file: ../drivers/C90TFS/drvsrc/source/FlashEraseAllBlock.c
 
Finished building: ../source/semihost_hardfault.c
Finished building: ../source/COTs/BatteryStatusMonitor/Src/dataMonitor.c
Invoking: MCU C Compiler
Invoking: MCU C Compiler
Finished building: ../source/COTs/DebugInfoManager/Src/debugInfo.c
 
Building file: ../drivers/C90TFS/drvsrc/source/FlashEraseBlock.c
 
Finished building: ../source/mtb.c
arm-none-eabi-gcc -DCPU_MKL25Z128VLK4_cm0plus -DCPU_MKL25Z128VLK4 -DFSL_RTOS_BM -DSDK_OS_BAREMETAL -DSDK_DEBUGCONSOLE=1 -DCR_INTEGER_PRINTF -DPRINTF_FLOAT_ENABLE=0 -D__MCUXPRESSO -D__USE_CMSIS -DDEBUG -D__REDLIB__ -I"D:\Work_Space\NXP\gp\BMS_SW\drivers" -I"D:\Work_Space\NXP\gp\BMS_SW\CMSIS" -I"D:\Work_Space\NXP\gp\BMS_SW\CMSIS_driver" -I"D:\Work_Space\NXP\gp\BMS_SW\board" -I"D:\Work_Space\NXP\gp\BMS_SW\utilities" -I"D:\Work_Space\NXP\gp\BMS_SW\source" -I"D:\Work_Space\NXP\gp\BMS_SW" -I"D:\Work_Space\NXP\gp\BMS_SW\startup" -O0 -fno-common -g3 -gdwarf-4 -Wall -c -fmessage-length=0 -fno-builtin -ffunction-sections -fdata-sections -fmerge-constants -fmacro-prefix-map="../drivers/C90TFS/drvsrc/source/"= -mcpu=cortex-m0plus -mthumb -D__REDLIB__ -fstack-usage -specs=redlib.specs -MMD -MP -MF"drivers/C90TFS/drvsrc/source/FlashCommandSequence.d" -MT"drivers/C90TFS/drvsrc/source/FlashCommandSequence.o" -MT"drivers/C90TFS/drvsrc/source/FlashCommandSequence.d" -o "drivers/C90TFS/drvsrc/source/FlashCommandSequence.o" "../drivers/C90TFS/drvsrc/source/FlashCommandSequence.c"
arm-none-eabi-gcc -DCPU_MKL25Z128VLK4_cm0plus -DCPU_MKL25Z128VLK4 -DFSL_RTOS_BM -DSDK_OS_BAREMETAL -DSDK_DEBUGCONSOLE=1 -DCR_INTEGER_PRINTF -DPRINTF_FLOAT_ENABLE=0 -D__MCUXPRESSO -D__USE_CMSIS -DDEBUG -D__REDLIB__ -I"D:\Work_Space\NXP\gp\BMS_SW\drivers" -I"D:\Work_Space\NXP\gp\BMS_SW\CMSIS" -I"D:\Work_Space\NXP\gp\BMS_SW\CMSIS_driver" -I"D:\Work_Space\NXP\gp\BMS_SW\board" -I"D:\Work_Space\NXP\gp\BMS_SW\utilities" -I"D:\Work_Space\NXP\gp\BMS_SW\source" -I"D:\Work_Space\NXP\gp\BMS_SW" -I"D:\Work_Space\NXP\gp\BMS_SW\startup" -O0 -fno-common -g3 -gdwarf-4 -Wall -c -fmessage-length=0 -fno-builtin -ffunction-sections -fdata-sections -fmerge-constants -fmacro-prefix-map="../drivers/C90TFS/drvsrc/source/"= -mcpu=cortex-m0plus -mthumb -D__REDLIB__ -fstack-usage -specs=redlib.specs -MMD -MP -MF"drivers/C90TFS/drvsrc/source/FlashEraseAllBlock.d" -MT"drivers/C90TFS/drvsrc/source/FlashEraseAllBlock.o" -MT"drivers/C90TFS/drvsrc/source/FlashEraseAllBlock.d" -o "drivers/C90TFS/drvsrc/source/FlashEraseAllBlock.o" "../drivers/C90TFS/drvsrc/source/FlashEraseAllBlock.c"
 
Building file: ../drivers/C90TFS/drvsrc/source/FlashEraseResume.c
 
Finished building: ../source/COTs/BMSDataBase/Src/dataBase.c
Finished building: ../drivers/C90TFS/drvsrc/source/DEFlashPartition.c
Invoking: MCU C Compiler
arm-none-eabi-gcc -DCPU_MKL25Z128VLK4_cm0plus -DCPU_MKL25Z128VLK4 -DFSL_RTOS_BM -DSDK_OS_BAREMETAL -DSDK_DEBUGCONSOLE=1 -DCR_INTEGER_PRINTF -DPRINTF_FLOAT_ENABLE=0 -D__MCUXPRESSO -D__USE_CMSIS -DDEBUG -D__REDLIB__ -I"D:\Work_Space\NXP\gp\BMS_SW\drivers" -I"D:\Work_Space\NXP\gp\BMS_SW\CMSIS" -I"D:\Work_Space\NXP\gp\BMS_SW\CMSIS_driver" -I"D:\Work_Space\NXP\gp\BMS_SW\board" -I"D:\Work_Space\NXP\gp\BMS_SW\utilities" -I"D:\Work_Space\NXP\gp\BMS_SW\source" -I"D:\Work_Space\NXP\gp\BMS_SW" -I"D:\Work_Space\NXP\gp\BMS_SW\startup" -O0 -fno-common -g3 -gdwarf-4 -Wall -c -fmessage-length=0 -fno-builtin -ffunction-sections -fdata-sections -fmerge-constants -fmacro-prefix-map="../drivers/C90TFS/drvsrc/source/"= -mcpu=cortex-m0plus -mthumb -D__REDLIB__ -fstack-usage -specs=redlib.specs -MMD -MP -MF"drivers/C90TFS/drvsrc/source/FlashEraseBlock.d" -MT"drivers/C90TFS/drvsrc/source/FlashEraseBlock.o" -MT"drivers/C90TFS/drvsrc/source/FlashEraseBlock.d" -o "drivers/C90TFS/drvsrc/source/FlashEraseBlock.o" "../drivers/C90TFS/drvsrc/source/FlashEraseBlock.c"
 
 
Finished building: ../drivers/C90TFS/drvsrc/source/DFlashGetProtection.c
Invoking: MCU C Compiler
Building file: ../drivers/C90TFS/drvsrc/source/FlashEraseSector.c
 
Building file: ../drivers/C90TFS/drvsrc/source/FlashEraseSuspend.c
Building file: ../drivers/C90TFS/drvsrc/source/FlashGetSecurityState.c
arm-none-eabi-gcc -DCPU_MKL25Z128VLK4_cm0plus -DCPU_MKL25Z128VLK4 -DFSL_RTOS_BM -DSDK_OS_BAREMETAL -DSDK_DEBUGCONSOLE=1 -DCR_INTEGER_PRINTF -DPRINTF_FLOAT_ENABLE=0 -D__MCUXPRESSO -D__USE_CMSIS -DDEBUG -D__REDLIB__ -I"D:\Work_Space\NXP\gp\BMS_SW\drivers" -I"D:\Work_Space\NXP\gp\BMS_SW\CMSIS" -I"D:\Work_Space\NXP\gp\BMS_SW\CMSIS_driver" -I"D:\Work_Space\NXP\gp\BMS_SW\board" -I"D:\Work_Space\NXP\gp\BMS_SW\utilities" -I"D:\Work_Space\NXP\gp\BMS_SW\source" -I"D:\Work_Space\NXP\gp\BMS_SW" -I"D:\Work_Space\NXP\gp\BMS_SW\startup" -O0 -fno-common -g3 -gdwarf-4 -Wall -c -fmessage-length=0 -fno-builtin -ffunction-sections -fdata-sections -fmerge-constants -fmacro-prefix-map="../drivers/C90TFS/drvsrc/source/"= -mcpu=cortex-m0plus -mthumb -D__REDLIB__ -fstack-usage -specs=redlib.specs -MMD -MP -MF"drivers/C90TFS/drvsrc/source/FlashEraseResume.d" -MT"drivers/C90TFS/drvsrc/source/FlashEraseResume.o" -MT"drivers/C90TFS/drvsrc/source/FlashEraseResume.d" -o "drivers/C90TFS/drvsrc/source/FlashEraseResume.o" "../drivers/C90TFS/drvsrc/source/FlashEraseResume.c"
Building file: ../drivers/C90TFS/drvsrc/source/FlashInit.c
Building file: ../drivers/C90TFS/drvsrc/source/FlashProgram.c
 
Finished building: ../drivers/C90TFS/drvsrc/source/CopyToRam.c
Finished building: ../source/main.c
Finished building: ../drivers/C90TFS/drvsrc/source/DFlashSetProtection.c
Finished building: ../drivers/C90TFS/drvsrc/source/EERAMGetProtection.c
Finished building: ../drivers/C90TFS/drvsrc/source/EEEWrite.c
Invoking: MCU C Compiler
Invoking: MCU C Compiler
Invoking: MCU C Compiler
Invoking: MCU C Compiler
Invoking: MCU C Compiler
 
 
 
arm-none-eabi-gcc -DCPU_MKL25Z128VLK4_cm0plus -DCPU_MKL25Z128VLK4 -DFSL_RTOS_BM -DSDK_OS_BAREMETAL -DSDK_DEBUGCONSOLE=1 -DCR_INTEGER_PRINTF -DPRINTF_FLOAT_ENABLE=0 -D__MCUXPRESSO -D__USE_CMSIS -DDEBUG -D__REDLIB__ -I"D:\Work_Space\NXP\gp\BMS_SW\drivers" -I"D:\Work_Space\NXP\gp\BMS_SW\CMSIS" -I"D:\Work_Space\NXP\gp\BMS_SW\CMSIS_driver" -I"D:\Work_Space\NXP\gp\BMS_SW\board" -I"D:\Work_Space\NXP\gp\BMS_SW\utilities" -I"D:\Work_Space\NXP\gp\BMS_SW\source" -I"D:\Work_Space\NXP\gp\BMS_SW" -I"D:\Work_Space\NXP\gp\BMS_SW\startup" -O0 -fno-common -g3 -gdwarf-4 -Wall -c -fmessage-length=0 -fno-builtin -ffunction-sections -fdata-sections -fmerge-constants -fmacro-prefix-map="../drivers/C90TFS/drvsrc/source/"= -mcpu=cortex-m0plus -mthumb -D__REDLIB__ -fstack-usage -specs=redlib.specs -MMD -MP -MF"drivers/C90TFS/drvsrc/source/FlashEraseSector.d" -MT"drivers/C90TFS/drvsrc/source/FlashEraseSector.o" -MT"drivers/C90TFS/drvsrc/source/FlashEraseSector.d" -o "drivers/C90TFS/drvsrc/source/FlashEraseSector.o" "../drivers/C90TFS/drvsrc/source/FlashEraseSector.c"
 
arm-none-eabi-gcc -DCPU_MKL25Z128VLK4_cm0plus -DCPU_MKL25Z128VLK4 -DFSL_RTOS_BM -DSDK_OS_BAREMETAL -DSDK_DEBUGCONSOLE=1 -DCR_INTEGER_PRINTF -DPRINTF_FLOAT_ENABLE=0 -D__MCUXPRESSO -D__USE_CMSIS -DDEBUG -D__REDLIB__ -I"D:\Work_Space\NXP\gp\BMS_SW\drivers" -I"D:\Work_Space\NXP\gp\BMS_SW\CMSIS" -I"D:\Work_Space\NXP\gp\BMS_SW\CMSIS_driver" -I"D:\Work_Space\NXP\gp\BMS_SW\board" -I"D:\Work_Space\NXP\gp\BMS_SW\utilities" -I"D:\Work_Space\NXP\gp\BMS_SW\source" -I"D:\Work_Space\NXP\gp\BMS_SW" -I"D:\Work_Space\NXP\gp\BMS_SW\startup" -O0 -fno-common -g3 -gdwarf-4 -Wall -c -fmessage-length=0 -fno-builtin -ffunction-sections -fdata-sections -fmerge-constants -fmacro-prefix-map="../drivers/C90TFS/drvsrc/source/"= -mcpu=cortex-m0plus -mthumb -D__REDLIB__ -fstack-usage -specs=redlib.specs -MMD -MP -MF"drivers/C90TFS/drvsrc/source/FlashEraseSuspend.d" -MT"drivers/C90TFS/drvsrc/source/FlashEraseSuspend.o" -MT"drivers/C90TFS/drvsrc/source/FlashEraseSuspend.d" -o "drivers/C90TFS/drvsrc/source/FlashEraseSuspend.o" "../drivers/C90TFS/drvsrc/source/FlashEraseSuspend.c"
arm-none-eabi-gcc -DCPU_MKL25Z128VLK4_cm0plus -DCPU_MKL25Z128VLK4 -DFSL_RTOS_BM -DSDK_OS_BAREMETAL -DSDK_DEBUGCONSOLE=1 -DCR_INTEGER_PRINTF -DPRINTF_FLOAT_ENABLE=0 -D__MCUXPRESSO -D__USE_CMSIS -DDEBUG -D__REDLIB__ -I"D:\Work_Space\NXP\gp\BMS_SW\drivers" -I"D:\Work_Space\NXP\gp\BMS_SW\CMSIS" -I"D:\Work_Space\NXP\gp\BMS_SW\CMSIS_driver" -I"D:\Work_Space\NXP\gp\BMS_SW\board" -I"D:\Work_Space\NXP\gp\BMS_SW\utilities" -I"D:\Work_Space\NXP\gp\BMS_SW\source" -I"D:\Work_Space\NXP\gp\BMS_SW" -I"D:\Work_Space\NXP\gp\BMS_SW\startup" -O0 -fno-common -g3 -gdwarf-4 -Wall -c -fmessage-length=0 -fno-builtin -ffunction-sections -fdata-sections -fmerge-constants -fmacro-prefix-map="../drivers/C90TFS/drvsrc/source/"= -mcpu=cortex-m0plus -mthumb -D__REDLIB__ -fstack-usage -specs=redlib.specs -MMD -MP -MF"drivers/C90TFS/drvsrc/source/FlashGetSecurityState.d" -MT"drivers/C90TFS/drvsrc/source/FlashGetSecurityState.o" -MT"drivers/C90TFS/drvsrc/source/FlashGetSecurityState.d" -o "drivers/C90TFS/drvsrc/source/FlashGetSecurityState.o" "../drivers/C90TFS/drvsrc/source/FlashGetSecurityState.c"
 
Finished building: ../drivers/C90TFS/drvsrc/source/EERAMSetProtection.c
arm-none-eabi-gcc -DCPU_MKL25Z128VLK4_cm0plus -DCPU_MKL25Z128VLK4 -DFSL_RTOS_BM -DSDK_OS_BAREMETAL -DSDK_DEBUGCONSOLE=1 -DCR_INTEGER_PRINTF -DPRINTF_FLOAT_ENABLE=0 -D__MCUXPRESSO -D__USE_CMSIS -DDEBUG -D__REDLIB__ -I"D:\Work_Space\NXP\gp\BMS_SW\drivers" -I"D:\Work_Space\NXP\gp\BMS_SW\CMSIS" -I"D:\Work_Space\NXP\gp\BMS_SW\CMSIS_driver" -I"D:\Work_Space\NXP\gp\BMS_SW\board" -I"D:\Work_Space\NXP\gp\BMS_SW\utilities" -I"D:\Work_Space\NXP\gp\BMS_SW\source" -I"D:\Work_Space\NXP\gp\BMS_SW" -I"D:\Work_Space\NXP\gp\BMS_SW\startup" -O0 -fno-common -g3 -gdwarf-4 -Wall -c -fmessage-length=0 -fno-builtin -ffunction-sections -fdata-sections -fmerge-constants -fmacro-prefix-map="../drivers/C90TFS/drvsrc/source/"= -mcpu=cortex-m0plus -mthumb -D__REDLIB__ -fstack-usage -specs=redlib.specs -MMD -MP -MF"drivers/C90TFS/drvsrc/source/FlashInit.d" -MT"drivers/C90TFS/drvsrc/source/FlashInit.o" -MT"drivers/C90TFS/drvsrc/source/FlashInit.d" -o "drivers/C90TFS/drvsrc/source/FlashInit.o" "../drivers/C90TFS/drvsrc/source/FlashInit.c"
arm-none-eabi-gcc -DCPU_MKL25Z128VLK4_cm0plus -DCPU_MKL25Z128VLK4 -DFSL_RTOS_BM -DSDK_OS_BAREMETAL -DSDK_DEBUGCONSOLE=1 -DCR_INTEGER_PRINTF -DPRINTF_FLOAT_ENABLE=0 -D__MCUXPRESSO -D__USE_CMSIS -DDEBUG -D__REDLIB__ -I"D:\Work_Space\NXP\gp\BMS_SW\drivers" -I"D:\Work_Space\NXP\gp\BMS_SW\CMSIS" -I"D:\Work_Space\NXP\gp\BMS_SW\CMSIS_driver" -I"D:\Work_Space\NXP\gp\BMS_SW\board" -I"D:\Work_Space\NXP\gp\BMS_SW\utilities" -I"D:\Work_Space\NXP\gp\BMS_SW\source" -I"D:\Work_Space\NXP\gp\BMS_SW" -I"D:\Work_Space\NXP\gp\BMS_SW\startup" -O0 -fno-common -g3 -gdwarf-4 -Wall -c -fmessage-length=0 -fno-builtin -ffunction-sections -fdata-sections -fmerge-constants -fmacro-prefix-map="../drivers/C90TFS/drvsrc/source/"= -mcpu=cortex-m0plus -mthumb -D__REDLIB__ -fstack-usage -specs=redlib.specs -MMD -MP -MF"drivers/C90TFS/drvsrc/source/FlashProgram.d" -MT"drivers/C90TFS/drvsrc/source/FlashProgram.o" -MT"drivers/C90TFS/drvsrc/source/FlashProgram.d" -o "drivers/C90TFS/drvsrc/source/FlashProgram.o" "../drivers/C90TFS/drvsrc/source/FlashProgram.c"
 
Building file: ../drivers/C90TFS/drvsrc/source/FlashProgramCheck.c
Building file: ../drivers/C90TFS/drvsrc/source/FlashProgramOnce.c
Building file: ../drivers/C90TFS/drvsrc/source/FlashProgramSection.c
Building file: ../drivers/C90TFS/drvsrc/source/FlashReadOnce.c
Building file: ../drivers/C90TFS/drvsrc/source/FlashReadResource.c
Invoking: MCU C Compiler
arm-none-eabi-gcc -DCPU_MKL25Z128VLK4_cm0plus -DCPU_MKL25Z128VLK4 -DFSL_RTOS_BM -DSDK_OS_BAREMETAL -DSDK_DEBUGCONSOLE=1 -DCR_INTEGER_PRINTF -DPRINTF_FLOAT_ENABLE=0 -D__MCUXPRESSO -D__USE_CMSIS -DDEBUG -D__REDLIB__ -I"D:\Work_Space\NXP\gp\BMS_SW\drivers" -I"D:\Work_Space\NXP\gp\BMS_SW\CMSIS" -I"D:\Work_Space\NXP\gp\BMS_SW\CMSIS_driver" -I"D:\Work_Space\NXP\gp\BMS_SW\board" -I"D:\Work_Space\NXP\gp\BMS_SW\utilities" -I"D:\Work_Space\NXP\gp\BMS_SW\source" -I"D:\Work_Space\NXP\gp\BMS_SW" -I"D:\Work_Space\NXP\gp\BMS_SW\startup" -O0 -fno-common -g3 -gdwarf-4 -Wall -c -fmessage-length=0 -fno-builtin -ffunction-sections -fdata-sections -fmerge-constants -fmacro-prefix-map="../drivers/C90TFS/drvsrc/source/"= -mcpu=cortex-m0plus -mthumb -D__REDLIB__ -fstack-usage -specs=redlib.specs -MMD -MP -MF"drivers/C90TFS/drvsrc/source/FlashProgramCheck.d" -MT"drivers/C90TFS/drvsrc/source/FlashProgramCheck.o" -MT"drivers/C90TFS/drvsrc/source/FlashProgramCheck.d" -o "drivers/C90TFS/drvsrc/source/FlashProgramCheck.o" "../drivers/C90TFS/drvsrc/source/FlashProgramCheck.c"
Building file: ../drivers/C90TFS/drvsrc/source/FlashVerifyAllBlock.c
Building file: ../drivers/C90TFS/drvsrc/source/FlashSecurityBypass.c
Invoking: MCU C Compiler
Building file: ../drivers/C90TFS/drvsrc/source/FlashVerifyBlock.c
Invoking: MCU C Compiler
Building file: ../drivers/C90TFS/drvsrc/source/FlashVerifySection.c
arm-none-eabi-gcc -DCPU_MKL25Z128VLK4_cm0plus -DCPU_MKL25Z128VLK4 -DFSL_RTOS_BM -DSDK_OS_BAREMETAL -DSDK_DEBUGCONSOLE=1 -DCR_INTEGER_PRINTF -DPRINTF_FLOAT_ENABLE=0 -D__MCUXPRESSO -D__USE_CMSIS -DDEBUG -D__REDLIB__ -I"D:\Work_Space\NXP\gp\BMS_SW\drivers" -I"D:\Work_Space\NXP\gp\BMS_SW\CMSIS" -I"D:\Work_Space\NXP\gp\BMS_SW\CMSIS_driver" -I"D:\Work_Space\NXP\gp\BMS_SW\board" -I"D:\Work_Space\NXP\gp\BMS_SW\utilities" -I"D:\Work_Space\NXP\gp\BMS_SW\source" -I"D:\Work_Space\NXP\gp\BMS_SW" -I"D:\Work_Space\NXP\gp\BMS_SW\startup" -O0 -fno-common -g3 -gdwarf-4 -Wall -c -fmessage-length=0 -fno-builtin -ffunction-sections -fdata-sections -fmerge-constants -fmacro-prefix-map="../drivers/C90TFS/drvsrc/source/"= -mcpu=cortex-m0plus -mthumb -D__REDLIB__ -fstack-usage -specs=redlib.specs -MMD -MP -MF"drivers/C90TFS/drvsrc/source/FlashReadOnce.d" -MT"drivers/C90TFS/drvsrc/source/FlashReadOnce.o" -MT"drivers/C90TFS/drvsrc/source/FlashReadOnce.d" -o "drivers/C90TFS/drvsrc/source/FlashReadOnce.o" "../drivers/C90TFS/drvsrc/source/FlashReadOnce.c"
Building file: ../drivers/C90TFS/drvsrc/source/PFlashGetProtection.c
arm-none-eabi-gcc -DCPU_MKL25Z128VLK4_cm0plus -DCPU_MKL25Z128VLK4 -DFSL_RTOS_BM -DSDK_OS_BAREMETAL -DSDK_DEBUGCONSOLE=1 -DCR_INTEGER_PRINTF -DPRINTF_FLOAT_ENABLE=0 -D__MCUXPRESSO -D__USE_CMSIS -DDEBUG -D__REDLIB__ -I"D:\Work_Space\NXP\gp\BMS_SW\drivers" -I"D:\Work_Space\NXP\gp\BMS_SW\CMSIS" -I"D:\Work_Space\NXP\gp\BMS_SW\CMSIS_driver" -I"D:\Work_Space\NXP\gp\BMS_SW\board" -I"D:\Work_Space\NXP\gp\BMS_SW\utilities" -I"D:\Work_Space\NXP\gp\BMS_SW\source" -I"D:\Work_Space\NXP\gp\BMS_SW" -I"D:\Work_Space\NXP\gp\BMS_SW\startup" -O0 -fno-common -g3 -gdwarf-4 -Wall -c -fmessage-length=0 -fno-builtin -ffunction-sections -fdata-sections -fmerge-constants -fmacro-prefix-map="../drivers/C90TFS/drvsrc/source/"= -mcpu=cortex-m0plus -mthumb -D__REDLIB__ -fstack-usage -specs=redlib.specs -MMD -MP -MF"drivers/C90TFS/drvsrc/source/FlashProgramOnce.d" -MT"drivers/C90TFS/drvsrc/source/FlashProgramOnce.o" -MT"drivers/C90TFS/drvsrc/source/FlashProgramOnce.d" -o "drivers/C90TFS/drvsrc/source/FlashProgramOnce.o" "../drivers/C90TFS/drvsrc/source/FlashProgramOnce.c"
Invoking: MCU C Compiler
arm-none-eabi-gcc -DCPU_MKL25Z128VLK4_cm0plus -DCPU_MKL25Z128VLK4 -DFSL_RTOS_BM -DSDK_OS_BAREMETAL -DSDK_DEBUGCONSOLE=1 -DCR_INTEGER_PRINTF -DPRINTF_FLOAT_ENABLE=0 -D__MCUXPRESSO -D__USE_CMSIS -DDEBUG -D__REDLIB__ -I"D:\Work_Space\NXP\gp\BMS_SW\drivers" -I"D:\Work_Space\NXP\gp\BMS_SW\CMSIS" -I"D:\Work_Space\NXP\gp\BMS_SW\CMSIS_driver" -I"D:\Work_Space\NXP\gp\BMS_SW\board" -I"D:\Work_Space\NXP\gp\BMS_SW\utilities" -I"D:\Work_Space\NXP\gp\BMS_SW\source" -I"D:\Work_Space\NXP\gp\BMS_SW" -I"D:\Work_Space\NXP\gp\BMS_SW\startup" -O0 -fno-common -g3 -gdwarf-4 -Wall -c -fmessage-length=0 -fno-builtin -ffunction-sections -fdata-sections -fmerge-constants -fmacro-prefix-map="../drivers/C90TFS/drvsrc/source/"= -mcpu=cortex-m0plus -mthumb -D__REDLIB__ -fstack-usage -specs=redlib.specs -MMD -MP -MF"drivers/C90TFS/drvsrc/source/FlashReadResource.d" -MT"drivers/C90TFS/drvsrc/source/FlashReadResource.o" -MT"drivers/C90TFS/drvsrc/source/FlashReadResource.d" -o "drivers/C90TFS/drvsrc/source/FlashReadResource.o" "../drivers/C90TFS/drvsrc/source/FlashReadResource.c"
Invoking: MCU C Compiler
arm-none-eabi-gcc -DCPU_MKL25Z128VLK4_cm0plus -DCPU_MKL25Z128VLK4 -DFSL_RTOS_BM -DSDK_OS_BAREMETAL -DSDK_DEBUGCONSOLE=1 -DCR_INTEGER_PRINTF -DPRINTF_FLOAT_ENABLE=0 -D__MCUXPRESSO -D__USE_CMSIS -DDEBUG -D__REDLIB__ -I"D:\Work_Space\NXP\gp\BMS_SW\drivers" -I"D:\Work_Space\NXP\gp\BMS_SW\CMSIS" -I"D:\Work_Space\NXP\gp\BMS_SW\CMSIS_driver" -I"D:\Work_Space\NXP\gp\BMS_SW\board" -I"D:\Work_Space\NXP\gp\BMS_SW\utilities" -I"D:\Work_Space\NXP\gp\BMS_SW\source" -I"D:\Work_Space\NXP\gp\BMS_SW" -I"D:\Work_Space\NXP\gp\BMS_SW\startup" -O0 -fno-common -g3 -gdwarf-4 -Wall -c -fmessage-length=0 -fno-builtin -ffunction-sections -fdata-sections -fmerge-constants -fmacro-prefix-map="../drivers/C90TFS/drvsrc/source/"= -mcpu=cortex-m0plus -mthumb -D__REDLIB__ -fstack-usage -specs=redlib.specs -MMD -MP -MF"drivers/C90TFS/drvsrc/source/FlashVerifyBlock.d" -MT"drivers/C90TFS/drvsrc/source/FlashVerifyBlock.o" -MT"drivers/C90TFS/drvsrc/source/FlashVerifyBlock.d" -o "drivers/C90TFS/drvsrc/source/FlashVerifyBlock.o" "../drivers/C90TFS/drvsrc/source/FlashVerifyBlock.c"
Invoking: MCU C Compiler
Invoking: MCU C Compiler
Invoking: MCU C Compiler
arm-none-eabi-gcc -DCPU_MKL25Z128VLK4_cm0plus -DCPU_MKL25Z128VLK4 -DFSL_RTOS_BM -DSDK_OS_BAREMETAL -DSDK_DEBUGCONSOLE=1 -DCR_INTEGER_PRINTF -DPRINTF_FLOAT_ENABLE=0 -D__MCUXPRESSO -D__USE_CMSIS -DDEBUG -D__REDLIB__ -I"D:\Work_Space\NXP\gp\BMS_SW\drivers" -I"D:\Work_Space\NXP\gp\BMS_SW\CMSIS" -I"D:\Work_Space\NXP\gp\BMS_SW\CMSIS_driver" -I"D:\Work_Space\NXP\gp\BMS_SW\board" -I"D:\Work_Space\NXP\gp\BMS_SW\utilities" -I"D:\Work_Space\NXP\gp\BMS_SW\source" -I"D:\Work_Space\NXP\gp\BMS_SW" -I"D:\Work_Space\NXP\gp\BMS_SW\startup" -O0 -fno-common -g3 -gdwarf-4 -Wall -c -fmessage-length=0 -fno-builtin -ffunction-sections -fdata-sections -fmerge-constants -fmacro-prefix-map="../drivers/C90TFS/drvsrc/source/"= -mcpu=cortex-m0plus -mthumb -D__REDLIB__ -fstack-usage -specs=redlib.specs -MMD -MP -MF"drivers/C90TFS/drvsrc/source/FlashProgramSection.d" -MT"drivers/C90TFS/drvsrc/source/FlashProgramSection.o" -MT"drivers/C90TFS/drvsrc/source/FlashProgramSection.d" -o "drivers/C90TFS/drvsrc/source/FlashProgramSection.o" "../drivers/C90TFS/drvsrc/source/FlashProgramSection.c"
arm-none-eabi-gcc -DCPU_MKL25Z128VLK4_cm0plus -DCPU_MKL25Z128VLK4 -DFSL_RTOS_BM -DSDK_OS_BAREMETAL -DSDK_DEBUGCONSOLE=1 -DCR_INTEGER_PRINTF -DPRINTF_FLOAT_ENABLE=0 -D__MCUXPRESSO -D__USE_CMSIS -DDEBUG -D__REDLIB__ -I"D:\Work_Space\NXP\gp\BMS_SW\drivers" -I"D:\Work_Space\NXP\gp\BMS_SW\CMSIS" -I"D:\Work_Space\NXP\gp\BMS_SW\CMSIS_driver" -I"D:\Work_Space\NXP\gp\BMS_SW\board" -I"D:\Work_Space\NXP\gp\BMS_SW\utilities" -I"D:\Work_Space\NXP\gp\BMS_SW\source" -I"D:\Work_Space\NXP\gp\BMS_SW" -I"D:\Work_Space\NXP\gp\BMS_SW\startup" -O0 -fno-common -g3 -gdwarf-4 -Wall -c -fmessage-length=0 -fno-builtin -ffunction-sections -fdata-sections -fmerge-constants -fmacro-prefix-map="../drivers/C90TFS/drvsrc/source/"= -mcpu=cortex-m0plus -mthumb -D__REDLIB__ -fstack-usage -specs=redlib.specs -MMD -MP -MF"drivers/C90TFS/drvsrc/source/FlashSecurityBypass.d" -MT"drivers/C90TFS/drvsrc/source/FlashSecurityBypass.o" -MT"drivers/C90TFS/drvsrc/source/FlashSecurityBypass.d" -o "drivers/C90TFS/drvsrc/source/FlashSecurityBypass.o" "../drivers/C90TFS/drvsrc/source/FlashSecurityBypass.c"
Invoking: MCU C Compiler
arm-none-eabi-gcc -DCPU_MKL25Z128VLK4_cm0plus -DCPU_MKL25Z128VLK4 -DFSL_RTOS_BM -DSDK_OS_BAREMETAL -DSDK_DEBUGCONSOLE=1 -DCR_INTEGER_PRINTF -DPRINTF_FLOAT_ENABLE=0 -D__MCUXPRESSO -D__USE_CMSIS -DDEBUG -D__REDLIB__ -I"D:\Work_Space\NXP\gp\BMS_SW\drivers" -I"D:\Work_Space\NXP\gp\BMS_SW\CMSIS" -I"D:\Work_Space\NXP\gp\BMS_SW\CMSIS_driver" -I"D:\Work_Space\NXP\gp\BMS_SW\board" -I"D:\Work_Space\NXP\gp\BMS_SW\utilities" -I"D:\Work_Space\NXP\gp\BMS_SW\source" -I"D:\Work_Space\NXP\gp\BMS_SW" -I"D:\Work_Space\NXP\gp\BMS_SW\startup" -O0 -fno-common -g3 -gdwarf-4 -Wall -c -fmessage-length=0 -fno-builtin -ffunction-sections -fdata-sections -fmerge-constants -fmacro-prefix-map="../drivers/C90TFS/drvsrc/source/"= -mcpu=cortex-m0plus -mthumb -D__REDLIB__ -fstack-usage -specs=redlib.specs -MMD -MP -MF"drivers/C90TFS/drvsrc/source/FlashVerifySection.d" -MT"drivers/C90TFS/drvsrc/source/FlashVerifySection.o" -MT"drivers/C90TFS/drvsrc/source/FlashVerifySection.d" -o "drivers/C90TFS/drvsrc/source/FlashVerifySection.o" "../drivers/C90TFS/drvsrc/source/FlashVerifySection.c"
Invoking: MCU C Compiler
arm-none-eabi-gcc -DCPU_MKL25Z128VLK4_cm0plus -DCPU_MKL25Z128VLK4 -DFSL_RTOS_BM -DSDK_OS_BAREMETAL -DSDK_DEBUGCONSOLE=1 -DCR_INTEGER_PRINTF -DPRINTF_FLOAT_ENABLE=0 -D__MCUXPRESSO -D__USE_CMSIS -DDEBUG -D__REDLIB__ -I"D:\Work_Space\NXP\gp\BMS_SW\drivers" -I"D:\Work_Space\NXP\gp\BMS_SW\CMSIS" -I"D:\Work_Space\NXP\gp\BMS_SW\CMSIS_driver" -I"D:\Work_Space\NXP\gp\BMS_SW\board" -I"D:\Work_Space\NXP\gp\BMS_SW\utilities" -I"D:\Work_Space\NXP\gp\BMS_SW\source" -I"D:\Work_Space\NXP\gp\BMS_SW" -I"D:\Work_Space\NXP\gp\BMS_SW\startup" -O0 -fno-common -g3 -gdwarf-4 -Wall -c -fmessage-length=0 -fno-builtin -ffunction-sections -fdata-sections -fmerge-constants -fmacro-prefix-map="../drivers/C90TFS/drvsrc/source/"= -mcpu=cortex-m0plus -mthumb -D__REDLIB__ -fstack-usage -specs=redlib.specs -MMD -MP -MF"drivers/C90TFS/drvsrc/source/PFlashGetProtection.d" -MT"drivers/C90TFS/drvsrc/source/PFlashGetProtection.o" -MT"drivers/C90TFS/drvsrc/source/PFlashGetProtection.d" -o "drivers/C90TFS/drvsrc/source/PFlashGetProtection.o" "../drivers/C90TFS/drvsrc/source/PFlashGetProtection.c"
arm-none-eabi-gcc -DCPU_MKL25Z128VLK4_cm0plus -DCPU_MKL25Z128VLK4 -DFSL_RTOS_BM -DSDK_OS_BAREMETAL -DSDK_DEBUGCONSOLE=1 -DCR_INTEGER_PRINTF -DPRINTF_FLOAT_ENABLE=0 -D__MCUXPRESSO -D__USE_CMSIS -DDEBUG -D__REDLIB__ -I"D:\Work_Space\NXP\gp\BMS_SW\drivers" -I"D:\Work_Space\NXP\gp\BMS_SW\CMSIS" -I"D:\Work_Space\NXP\gp\BMS_SW\CMSIS_driver" -I"D:\Work_Space\NXP\gp\BMS_SW\board" -I"D:\Work_Space\NXP\gp\BMS_SW\utilities" -I"D:\Work_Space\NXP\gp\BMS_SW\source" -I"D:\Work_Space\NXP\gp\BMS_SW" -I"D:\Work_Space\NXP\gp\BMS_SW\startup" -O0 -fno-common -g3 -gdwarf-4 -Wall -c -fmessage-length=0 -fno-builtin -ffunction-sections -fdata-sections -fmerge-constants -fmacro-prefix-map="../drivers/C90TFS/drvsrc/source/"= -mcpu=cortex-m0plus -mthumb -D__REDLIB__ -fstack-usage -specs=redlib.specs -MMD -MP -MF"drivers/C90TFS/drvsrc/source/FlashVerifyAllBlock.d" -MT"drivers/C90TFS/drvsrc/source/FlashVerifyAllBlock.o" -MT"drivers/C90TFS/drvsrc/source/FlashVerifyAllBlock.d" -o "drivers/C90TFS/drvsrc/source/FlashVerifyAllBlock.o" "../drivers/C90TFS/drvsrc/source/FlashVerifyAllBlock.c"
Finished building: ../drivers/C90TFS/drvsrc/source/FlashCheckSum.c
 
Building file: ../drivers/C90TFS/drvsrc/source/PFlashSetProtection.c
Invoking: MCU C Compiler
Finished building: ../drivers/C90TFS/drvsrc/source/FlashEraseAllBlock.c
Finished building: ../drivers/C90TFS/drvsrc/source/FlashEraseResume.c
arm-none-eabi-gcc -DCPU_MKL25Z128VLK4_cm0plus -DCPU_MKL25Z128VLK4 -DFSL_RTOS_BM -DSDK_OS_BAREMETAL -DSDK_DEBUGCONSOLE=1 -DCR_INTEGER_PRINTF -DPRINTF_FLOAT_ENABLE=0 -D__MCUXPRESSO -D__USE_CMSIS -DDEBUG -D__REDLIB__ -I"D:\Work_Space\NXP\gp\BMS_SW\drivers" -I"D:\Work_Space\NXP\gp\BMS_SW\CMSIS" -I"D:\Work_Space\NXP\gp\BMS_SW\CMSIS_driver" -I"D:\Work_Space\NXP\gp\BMS_SW\board" -I"D:\Work_Space\NXP\gp\BMS_SW\utilities" -I"D:\Work_Space\NXP\gp\BMS_SW\source" -I"D:\Work_Space\NXP\gp\BMS_SW" -I"D:\Work_Space\NXP\gp\BMS_SW\startup" -O0 -fno-common -g3 -gdwarf-4 -Wall -c -fmessage-length=0 -fno-builtin -ffunction-sections -fdata-sections -fmerge-constants -fmacro-prefix-map="../drivers/C90TFS/drvsrc/source/"= -mcpu=cortex-m0plus -mthumb -D__REDLIB__ -fstack-usage -specs=redlib.specs -MMD -MP -MF"drivers/C90TFS/drvsrc/source/PFlashSetProtection.d" -MT"drivers/C90TFS/drvsrc/source/PFlashSetProtection.o" -MT"drivers/C90TFS/drvsrc/source/PFlashSetProtection.d" -o "drivers/C90TFS/drvsrc/source/PFlashSetProtection.o" "../drivers/C90TFS/drvsrc/source/PFlashSetProtection.c"
Finished building: ../drivers/C90TFS/drvsrc/source/FlashCommandSequence.c
 
Finished building: ../drivers/C90TFS/drvsrc/source/FlashEraseBlock.c
 
 
Finished building: ../drivers/C90TFS/drvsrc/source/FlashEraseSector.c
Finished building: ../drivers/C90TFS/drvsrc/source/FlashInit.c
Finished building: ../drivers/C90TFS/drvsrc/source/FlashEraseSuspend.c
 
Building file: ../drivers/C90TFS/drvsrc/source/SetEEEEnable.c
Building file: ../drivers/C90TFS/drvsrc/source/PFlashSwap.c
Building file: ../drivers/C90TFS/drvsrc/source/PFlashSwapCtl.c
Finished building: ../drivers/C90TFS/drvsrc/source/FlashGetSecurityState.c
 
Finished building: ../drivers/C90TFS/drvsrc/source/FlashProgram.c
 
Building file: ../drivers/SPI.c
Finished building: ../drivers/C90TFS/drvsrc/source/FlashProgramCheck.c
 
Invoking: MCU C Compiler
 
Building file: ../drivers/fsl_adc16.c
Invoking: MCU C Compiler
Invoking: MCU C Compiler
arm-none-eabi-gcc -DCPU_MKL25Z128VLK4_cm0plus -DCPU_MKL25Z128VLK4 -DFSL_RTOS_BM -DSDK_OS_BAREMETAL -DSDK_DEBUGCONSOLE=1 -DCR_INTEGER_PRINTF -DPRINTF_FLOAT_ENABLE=0 -D__MCUXPRESSO -D__USE_CMSIS -DDEBUG -D__REDLIB__ -I"D:\Work_Space\NXP\gp\BMS_SW\drivers" -I"D:\Work_Space\NXP\gp\BMS_SW\CMSIS" -I"D:\Work_Space\NXP\gp\BMS_SW\CMSIS_driver" -I"D:\Work_Space\NXP\gp\BMS_SW\board" -I"D:\Work_Space\NXP\gp\BMS_SW\utilities" -I"D:\Work_Space\NXP\gp\BMS_SW\source" -I"D:\Work_Space\NXP\gp\BMS_SW" -I"D:\Work_Space\NXP\gp\BMS_SW\startup" -O0 -fno-common -g3 -gdwarf-4 -Wall -c -fmessage-length=0 -fno-builtin -ffunction-sections -fdata-sections -fmerge-constants -fmacro-prefix-map="../drivers/C90TFS/drvsrc/source/"= -mcpu=cortex-m0plus -mthumb -D__REDLIB__ -fstack-usage -specs=redlib.specs -MMD -MP -MF"drivers/C90TFS/drvsrc/source/PFlashSwap.d" -MT"drivers/C90TFS/drvsrc/source/PFlashSwap.o" -MT"drivers/C90TFS/drvsrc/source/PFlashSwap.d" -o "drivers/C90TFS/drvsrc/source/PFlashSwap.o" "../drivers/C90TFS/drvsrc/source/PFlashSwap.c"
 
Finished building: ../drivers/C90TFS/drvsrc/source/PFlashGetProtection.c
 
arm-none-eabi-gcc -DCPU_MKL25Z128VLK4_cm0plus -DCPU_MKL25Z128VLK4 -DFSL_RTOS_BM -DSDK_OS_BAREMETAL -DSDK_DEBUGCONSOLE=1 -DCR_INTEGER_PRINTF -DPRINTF_FLOAT_ENABLE=0 -D__MCUXPRESSO -D__USE_CMSIS -DDEBUG -D__REDLIB__ -I"D:\Work_Space\NXP\gp\BMS_SW\drivers" -I"D:\Work_Space\NXP\gp\BMS_SW\CMSIS" -I"D:\Work_Space\NXP\gp\BMS_SW\CMSIS_driver" -I"D:\Work_Space\NXP\gp\BMS_SW\board" -I"D:\Work_Space\NXP\gp\BMS_SW\utilities" -I"D:\Work_Space\NXP\gp\BMS_SW\source" -I"D:\Work_Space\NXP\gp\BMS_SW" -I"D:\Work_Space\NXP\gp\BMS_SW\startup" -O0 -fno-common -g3 -gdwarf-4 -Wall -c -fmessage-length=0 -fno-builtin -ffunction-sections -fdata-sections -fmerge-constants -fmacro-prefix-map="../drivers/C90TFS/drvsrc/source/"= -mcpu=cortex-m0plus -mthumb -D__REDLIB__ -fstack-usage -specs=redlib.specs -MMD -MP -MF"drivers/C90TFS/drvsrc/source/PFlashSwapCtl.d" -MT"drivers/C90TFS/drvsrc/source/PFlashSwapCtl.o" -MT"drivers/C90TFS/drvsrc/source/PFlashSwapCtl.d" -o "drivers/C90TFS/drvsrc/source/PFlashSwapCtl.o" "../drivers/C90TFS/drvsrc/source/PFlashSwapCtl.c"
Building file: ../drivers/fsl_clock.c
Finished building: ../drivers/C90TFS/drvsrc/source/FlashReadResource.c
Finished building: ../drivers/C90TFS/drvsrc/source/FlashProgramSection.c
arm-none-eabi-gcc -DCPU_MKL25Z128VLK4_cm0plus -DCPU_MKL25Z128VLK4 -DFSL_RTOS_BM -DSDK_OS_BAREMETAL -DSDK_DEBUGCONSOLE=1 -DCR_INTEGER_PRINTF -DPRINTF_FLOAT_ENABLE=0 -D__MCUXPRESSO -D__USE_CMSIS -DDEBUG -D__REDLIB__ -I"D:\Work_Space\NXP\gp\BMS_SW\drivers" -I"D:\Work_Space\NXP\gp\BMS_SW\CMSIS" -I"D:\Work_Space\NXP\gp\BMS_SW\CMSIS_driver" -I"D:\Work_Space\NXP\gp\BMS_SW\board" -I"D:\Work_Space\NXP\gp\BMS_SW\utilities" -I"D:\Work_Space\NXP\gp\BMS_SW\source" -I"D:\Work_Space\NXP\gp\BMS_SW" -I"D:\Work_Space\NXP\gp\BMS_SW\startup" -O0 -fno-common -g3 -gdwarf-4 -Wall -c -fmessage-length=0 -fno-builtin -ffunction-sections -fdata-sections -fmerge-constants -fmacro-prefix-map="../drivers/C90TFS/drvsrc/source/"= -mcpu=cortex-m0plus -mthumb -D__REDLIB__ -fstack-usage -specs=redlib.specs -MMD -MP -MF"drivers/C90TFS/drvsrc/source/SetEEEEnable.d" -MT"drivers/C90TFS/drvsrc/source/SetEEEEnable.o" -MT"drivers/C90TFS/drvsrc/source/SetEEEEnable.d" -o "drivers/C90TFS/drvsrc/source/SetEEEEnable.o" "../drivers/C90TFS/drvsrc/source/SetEEEEnable.c"
Finished building: ../drivers/C90TFS/drvsrc/source/FlashProgramOnce.c
Finished building: ../drivers/C90TFS/drvsrc/source/FlashVerifyBlock.c
Finished building: ../drivers/C90TFS/drvsrc/source/FlashSecurityBypass.c
Finished building: ../drivers/C90TFS/drvsrc/source/FlashVerifySection.c
Finished building: ../drivers/C90TFS/drvsrc/source/FlashReadOnce.c
Invoking: MCU C Compiler
Invoking: MCU C Compiler
 
Invoking: MCU C Compiler
 
arm-none-eabi-gcc -DCPU_MKL25Z128VLK4_cm0plus -DCPU_MKL25Z128VLK4 -DFSL_RTOS_BM -DSDK_OS_BAREMETAL -DSDK_DEBUGCONSOLE=1 -DCR_INTEGER_PRINTF -DPRINTF_FLOAT_ENABLE=0 -D__MCUXPRESSO -D__USE_CMSIS -DDEBUG -D__REDLIB__ -I"D:\Work_Space\NXP\gp\BMS_SW\drivers" -I"D:\Work_Space\NXP\gp\BMS_SW\CMSIS" -I"D:\Work_Space\NXP\gp\BMS_SW\CMSIS_driver" -I"D:\Work_Space\NXP\gp\BMS_SW\board" -I"D:\Work_Space\NXP\gp\BMS_SW\utilities" -I"D:\Work_Space\NXP\gp\BMS_SW\source" -I"D:\Work_Space\NXP\gp\BMS_SW" -I"D:\Work_Space\NXP\gp\BMS_SW\startup" -O0 -fno-common -g3 -gdwarf-4 -Wall -c -fmessage-length=0 -fno-builtin -ffunction-sections -fdata-sections -fmerge-constants -fmacro-prefix-map="../drivers/"= -mcpu=cortex-m0plus -mthumb -D__REDLIB__ -fstack-usage -specs=redlib.specs -MMD -MP -MF"drivers/SPI.d" -MT"drivers/SPI.o" -MT"drivers/SPI.d" -o "drivers/SPI.o" "../drivers/SPI.c"
Finished building: ../drivers/C90TFS/drvsrc/source/FlashVerifyAllBlock.c
 
arm-none-eabi-gcc -DCPU_MKL25Z128VLK4_cm0plus -DCPU_MKL25Z128VLK4 -DFSL_RTOS_BM -DSDK_OS_BAREMETAL -DSDK_DEBUGCONSOLE=1 -DCR_INTEGER_PRINTF -DPRINTF_FLOAT_ENABLE=0 -D__MCUXPRESSO -D__USE_CMSIS -DDEBUG -D__REDLIB__ -I"D:\Work_Space\NXP\gp\BMS_SW\drivers" -I"D:\Work_Space\NXP\gp\BMS_SW\CMSIS" -I"D:\Work_Space\NXP\gp\BMS_SW\CMSIS_driver" -I"D:\Work_Space\NXP\gp\BMS_SW\board" -I"D:\Work_Space\NXP\gp\BMS_SW\utilities" -I"D:\Work_Space\NXP\gp\BMS_SW\source" -I"D:\Work_Space\NXP\gp\BMS_SW" -I"D:\Work_Space\NXP\gp\BMS_SW\startup" -O0 -fno-common -g3 -gdwarf-4 -Wall -c -fmessage-length=0 -fno-builtin -ffunction-sections -fdata-sections -fmerge-constants -fmacro-prefix-map="../drivers/"= -mcpu=cortex-m0plus -mthumb -D__REDLIB__ -fstack-usage -specs=redlib.specs -MMD -MP -MF"drivers/fsl_adc16.d" -MT"drivers/fsl_adc16.o" -MT"drivers/fsl_adc16.d" -o "drivers/fsl_adc16.o" "../drivers/fsl_adc16.c"
 
 
 
 
arm-none-eabi-gcc -DCPU_MKL25Z128VLK4_cm0plus -DCPU_MKL25Z128VLK4 -DFSL_RTOS_BM -DSDK_OS_BAREMETAL -DSDK_DEBUGCONSOLE=1 -DCR_INTEGER_PRINTF -DPRINTF_FLOAT_ENABLE=0 -D__MCUXPRESSO -D__USE_CMSIS -DDEBUG -D__REDLIB__ -I"D:\Work_Space\NXP\gp\BMS_SW\drivers" -I"D:\Work_Space\NXP\gp\BMS_SW\CMSIS" -I"D:\Work_Space\NXP\gp\BMS_SW\CMSIS_driver" -I"D:\Work_Space\NXP\gp\BMS_SW\board" -I"D:\Work_Space\NXP\gp\BMS_SW\utilities" -I"D:\Work_Space\NXP\gp\BMS_SW\source" -I"D:\Work_Space\NXP\gp\BMS_SW" -I"D:\Work_Space\NXP\gp\BMS_SW\startup" -O0 -fno-common -g3 -gdwarf-4 -Wall -c -fmessage-length=0 -fno-builtin -ffunction-sections -fdata-sections -fmerge-constants -fmacro-prefix-map="../drivers/"= -mcpu=cortex-m0plus -mthumb -D__REDLIB__ -fstack-usage -specs=redlib.specs -MMD -MP -MF"drivers/fsl_clock.d" -MT"drivers/fsl_clock.o" -MT"drivers/fsl_clock.d" -o "drivers/fsl_clock.o" "../drivers/fsl_clock.c"
 
 
Building file: ../drivers/fsl_common.c
Building file: ../drivers/fsl_dma.c
Building file: ../drivers/fsl_dmamux.c
Building file: ../drivers/fsl_flash.c
Building file: ../drivers/fsl_gpio.c
Invoking: MCU C Compiler
Invoking: MCU C Compiler
Building file: ../drivers/fsl_i2c.c
Invoking: MCU C Compiler
arm-none-eabi-gcc -DCPU_MKL25Z128VLK4_cm0plus -DCPU_MKL25Z128VLK4 -DFSL_RTOS_BM -DSDK_OS_BAREMETAL -DSDK_DEBUGCONSOLE=1 -DCR_INTEGER_PRINTF -DPRINTF_FLOAT_ENABLE=0 -D__MCUXPRESSO -D__USE_CMSIS -DDEBUG -D__REDLIB__ -I"D:\Work_Space\NXP\gp\BMS_SW\drivers" -I"D:\Work_Space\NXP\gp\BMS_SW\CMSIS" -I"D:\Work_Space\NXP\gp\BMS_SW\CMSIS_driver" -I"D:\Work_Space\NXP\gp\BMS_SW\board" -I"D:\Work_Space\NXP\gp\BMS_SW\utilities" -I"D:\Work_Space\NXP\gp\BMS_SW\source" -I"D:\Work_Space\NXP\gp\BMS_SW" -I"D:\Work_Space\NXP\gp\BMS_SW\startup" -O0 -fno-common -g3 -gdwarf-4 -Wall -c -fmessage-length=0 -fno-builtin -ffunction-sections -fdata-sections -fmerge-constants -fmacro-prefix-map="../drivers/"= -mcpu=cortex-m0plus -mthumb -D__REDLIB__ -fstack-usage -specs=redlib.specs -MMD -MP -MF"drivers/fsl_common.d" -MT"drivers/fsl_common.o" -MT"drivers/fsl_common.d" -o "drivers/fsl_common.o" "../drivers/fsl_common.c"
Invoking: MCU C Compiler
Invoking: MCU C Compiler
arm-none-eabi-gcc -DCPU_MKL25Z128VLK4_cm0plus -DCPU_MKL25Z128VLK4 -DFSL_RTOS_BM -DSDK_OS_BAREMETAL -DSDK_DEBUGCONSOLE=1 -DCR_INTEGER_PRINTF -DPRINTF_FLOAT_ENABLE=0 -D__MCUXPRESSO -D__USE_CMSIS -DDEBUG -D__REDLIB__ -I"D:\Work_Space\NXP\gp\BMS_SW\drivers" -I"D:\Work_Space\NXP\gp\BMS_SW\CMSIS" -I"D:\Work_Space\NXP\gp\BMS_SW\CMSIS_driver" -I"D:\Work_Space\NXP\gp\BMS_SW\board" -I"D:\Work_Space\NXP\gp\BMS_SW\utilities" -I"D:\Work_Space\NXP\gp\BMS_SW\source" -I"D:\Work_Space\NXP\gp\BMS_SW" -I"D:\Work_Space\NXP\gp\BMS_SW\startup" -O0 -fno-common -g3 -gdwarf-4 -Wall -c -fmessage-length=0 -fno-builtin -ffunction-sections -fdata-sections -fmerge-constants -fmacro-prefix-map="../drivers/"= -mcpu=cortex-m0plus -mthumb -D__REDLIB__ -fstack-usage -specs=redlib.specs -MMD -MP -MF"drivers/fsl_dma.d" -MT"drivers/fsl_dma.o" -MT"drivers/fsl_dma.d" -o "drivers/fsl_dma.o" "../drivers/fsl_dma.c"
Building file: ../drivers/fsl_i2c_dma.c
Building file: ../drivers/fsl_lpsci.c
arm-none-eabi-gcc -DCPU_MKL25Z128VLK4_cm0plus -DCPU_MKL25Z128VLK4 -DFSL_RTOS_BM -DSDK_OS_BAREMETAL -DSDK_DEBUGCONSOLE=1 -DCR_INTEGER_PRINTF -DPRINTF_FLOAT_ENABLE=0 -D__MCUXPRESSO -D__USE_CMSIS -DDEBUG -D__REDLIB__ -I"D:\Work_Space\NXP\gp\BMS_SW\drivers" -I"D:\Work_Space\NXP\gp\BMS_SW\CMSIS" -I"D:\Work_Space\NXP\gp\BMS_SW\CMSIS_driver" -I"D:\Work_Space\NXP\gp\BMS_SW\board" -I"D:\Work_Space\NXP\gp\BMS_SW\utilities" -I"D:\Work_Space\NXP\gp\BMS_SW\source" -I"D:\Work_Space\NXP\gp\BMS_SW" -I"D:\Work_Space\NXP\gp\BMS_SW\startup" -O0 -fno-common -g3 -gdwarf-4 -Wall -c -fmessage-length=0 -fno-builtin -ffunction-sections -fdata-sections -fmerge-constants -fmacro-prefix-map="../drivers/"= -mcpu=cortex-m0plus -mthumb -D__REDLIB__ -fstack-usage -specs=redlib.specs -MMD -MP -MF"drivers/fsl_dmamux.d" -MT"drivers/fsl_dmamux.o" -MT"drivers/fsl_dmamux.d" -o "drivers/fsl_dmamux.o" "../drivers/fsl_dmamux.c"
arm-none-eabi-gcc -DCPU_MKL25Z128VLK4_cm0plus -DCPU_MKL25Z128VLK4 -DFSL_RTOS_BM -DSDK_OS_BAREMETAL -DSDK_DEBUGCONSOLE=1 -DCR_INTEGER_PRINTF -DPRINTF_FLOAT_ENABLE=0 -D__MCUXPRESSO -D__USE_CMSIS -DDEBUG -D__REDLIB__ -I"D:\Work_Space\NXP\gp\BMS_SW\drivers" -I"D:\Work_Space\NXP\gp\BMS_SW\CMSIS" -I"D:\Work_Space\NXP\gp\BMS_SW\CMSIS_driver" -I"D:\Work_Space\NXP\gp\BMS_SW\board" -I"D:\Work_Space\NXP\gp\BMS_SW\utilities" -I"D:\Work_Space\NXP\gp\BMS_SW\source" -I"D:\Work_Space\NXP\gp\BMS_SW" -I"D:\Work_Space\NXP\gp\BMS_SW\startup" -O0 -fno-common -g3 -gdwarf-4 -Wall -c -fmessage-length=0 -fno-builtin -ffunction-sections -fdata-sections -fmerge-constants -fmacro-prefix-map="../drivers/"= -mcpu=cortex-m0plus -mthumb -D__REDLIB__ -fstack-usage -specs=redlib.specs -MMD -MP -MF"drivers/fsl_flash.d" -MT"drivers/fsl_flash.o" -MT"drivers/fsl_flash.d" -o "drivers/fsl_flash.o" "../drivers/fsl_flash.c"
arm-none-eabi-gcc -DCPU_MKL25Z128VLK4_cm0plus -DCPU_MKL25Z128VLK4 -DFSL_RTOS_BM -DSDK_OS_BAREMETAL -DSDK_DEBUGCONSOLE=1 -DCR_INTEGER_PRINTF -DPRINTF_FLOAT_ENABLE=0 -D__MCUXPRESSO -D__USE_CMSIS -DDEBUG -D__REDLIB__ -I"D:\Work_Space\NXP\gp\BMS_SW\drivers" -I"D:\Work_Space\NXP\gp\BMS_SW\CMSIS" -I"D:\Work_Space\NXP\gp\BMS_SW\CMSIS_driver" -I"D:\Work_Space\NXP\gp\BMS_SW\board" -I"D:\Work_Space\NXP\gp\BMS_SW\utilities" -I"D:\Work_Space\NXP\gp\BMS_SW\source" -I"D:\Work_Space\NXP\gp\BMS_SW" -I"D:\Work_Space\NXP\gp\BMS_SW\startup" -O0 -fno-common -g3 -gdwarf-4 -Wall -c -fmessage-length=0 -fno-builtin -ffunction-sections -fdata-sections -fmerge-constants -fmacro-prefix-map="../drivers/"= -mcpu=cortex-m0plus -mthumb -D__REDLIB__ -fstack-usage -specs=redlib.specs -MMD -MP -MF"drivers/fsl_gpio.d" -MT"drivers/fsl_gpio.o" -MT"drivers/fsl_gpio.d" -o "drivers/fsl_gpio.o" "../drivers/fsl_gpio.c"
Invoking: MCU C Compiler
arm-none-eabi-gcc -DCPU_MKL25Z128VLK4_cm0plus -DCPU_MKL25Z128VLK4 -DFSL_RTOS_BM -DSDK_OS_BAREMETAL -DSDK_DEBUGCONSOLE=1 -DCR_INTEGER_PRINTF -DPRINTF_FLOAT_ENABLE=0 -D__MCUXPRESSO -D__USE_CMSIS -DDEBUG -D__REDLIB__ -I"D:\Work_Space\NXP\gp\BMS_SW\drivers" -I"D:\Work_Space\NXP\gp\BMS_SW\CMSIS" -I"D:\Work_Space\NXP\gp\BMS_SW\CMSIS_driver" -I"D:\Work_Space\NXP\gp\BMS_SW\board" -I"D:\Work_Space\NXP\gp\BMS_SW\utilities" -I"D:\Work_Space\NXP\gp\BMS_SW\source" -I"D:\Work_Space\NXP\gp\BMS_SW" -I"D:\Work_Space\NXP\gp\BMS_SW\startup" -O0 -fno-common -g3 -gdwarf-4 -Wall -c -fmessage-length=0 -fno-builtin -ffunction-sections -fdata-sections -fmerge-constants -fmacro-prefix-map="../drivers/"= -mcpu=cortex-m0plus -mthumb -D__REDLIB__ -fstack-usage -specs=redlib.specs -MMD -MP -MF"drivers/fsl_i2c.d" -MT"drivers/fsl_i2c.o" -MT"drivers/fsl_i2c.d" -o "drivers/fsl_i2c.o" "../drivers/fsl_i2c.c"
Finished building: ../drivers/C90TFS/drvsrc/source/PFlashSetProtection.c
Invoking: MCU C Compiler
Invoking: MCU C Compiler
arm-none-eabi-gcc -DCPU_MKL25Z128VLK4_cm0plus -DCPU_MKL25Z128VLK4 -DFSL_RTOS_BM -DSDK_OS_BAREMETAL -DSDK_DEBUGCONSOLE=1 -DCR_INTEGER_PRINTF -DPRINTF_FLOAT_ENABLE=0 -D__MCUXPRESSO -D__USE_CMSIS -DDEBUG -D__REDLIB__ -I"D:\Work_Space\NXP\gp\BMS_SW\drivers" -I"D:\Work_Space\NXP\gp\BMS_SW\CMSIS" -I"D:\Work_Space\NXP\gp\BMS_SW\CMSIS_driver" -I"D:\Work_Space\NXP\gp\BMS_SW\board" -I"D:\Work_Space\NXP\gp\BMS_SW\utilities" -I"D:\Work_Space\NXP\gp\BMS_SW\source" -I"D:\Work_Space\NXP\gp\BMS_SW" -I"D:\Work_Space\NXP\gp\BMS_SW\startup" -O0 -fno-common -g3 -gdwarf-4 -Wall -c -fmessage-length=0 -fno-builtin -ffunction-sections -fdata-sections -fmerge-constants -fmacro-prefix-map="../drivers/"= -mcpu=cortex-m0plus -mthumb -D__REDLIB__ -fstack-usage -specs=redlib.specs -MMD -MP -MF"drivers/fsl_i2c_dma.d" -MT"drivers/fsl_i2c_dma.o" -MT"drivers/fsl_i2c_dma.d" -o "drivers/fsl_i2c_dma.o" "../drivers/fsl_i2c_dma.c"
arm-none-eabi-gcc -DCPU_MKL25Z128VLK4_cm0plus -DCPU_MKL25Z128VLK4 -DFSL_RTOS_BM -DSDK_OS_BAREMETAL -DSDK_DEBUGCONSOLE=1 -DCR_INTEGER_PRINTF -DPRINTF_FLOAT_ENABLE=0 -D__MCUXPRESSO -D__USE_CMSIS -DDEBUG -D__REDLIB__ -I"D:\Work_Space\NXP\gp\BMS_SW\drivers" -I"D:\Work_Space\NXP\gp\BMS_SW\CMSIS" -I"D:\Work_Space\NXP\gp\BMS_SW\CMSIS_driver" -I"D:\Work_Space\NXP\gp\BMS_SW\board" -I"D:\Work_Space\NXP\gp\BMS_SW\utilities" -I"D:\Work_Space\NXP\gp\BMS_SW\source" -I"D:\Work_Space\NXP\gp\BMS_SW" -I"D:\Work_Space\NXP\gp\BMS_SW\startup" -O0 -fno-common -g3 -gdwarf-4 -Wall -c -fmessage-length=0 -fno-builtin -ffunction-sections -fdata-sections -fmerge-constants -fmacro-prefix-map="../drivers/"= -mcpu=cortex-m0plus -mthumb -D__REDLIB__ -fstack-usage -specs=redlib.specs -MMD -MP -MF"drivers/fsl_lpsci.d" -MT"drivers/fsl_lpsci.o" -MT"drivers/fsl_lpsci.d" -o "drivers/fsl_lpsci.o" "../drivers/fsl_lpsci.c"
In file included from D:\Work_Space\NXP\gp\BMS_SW\source/COTs/DebugInfoManager/Inc/debugInfo.h:35,
                 from D:\Work_Space\NXP\gp\BMS_SW\source/COTs/SlaveControlIF/Inc/slaveIF.h:21,
                 from ../drivers/SPI.c:31:
D:\Work_Space\NXP\gp\BMS_SW\utilities/fsl_debug_console.h:69: warning: "PRINTF_FLOAT_ENABLE" redefined
Building file: ../drivers/fsl_pit.c
   69 | #define PRINTF_FLOAT_ENABLE 1U
      | 
<command-line>: note: this is the location of the previous definition
Building file: ../drivers/fsl_lpsci_dma.c
 
Building file: ../drivers/fsl_smc.c
In file included from ../drivers/fsl_common.c:32:
D:\Work_Space\NXP\gp\BMS_SW\utilities/fsl_debug_console.h:69: warning: "PRINTF_FLOAT_ENABLE" redefined
   69 | #define PRINTF_FLOAT_ENABLE 1U
      | 
<command-line>: note: this is the location of the previous definition
Invoking: MCU C Compiler
Building file: ../drivers/fsl_tpm.c
arm-none-eabi-gcc -DCPU_MKL25Z128VLK4_cm0plus -DCPU_MKL25Z128VLK4 -DFSL_RTOS_BM -DSDK_OS_BAREMETAL -DSDK_DEBUGCONSOLE=1 -DCR_INTEGER_PRINTF -DPRINTF_FLOAT_ENABLE=0 -D__MCUXPRESSO -D__USE_CMSIS -DDEBUG -D__REDLIB__ -I"D:\Work_Space\NXP\gp\BMS_SW\drivers" -I"D:\Work_Space\NXP\gp\BMS_SW\CMSIS" -I"D:\Work_Space\NXP\gp\BMS_SW\CMSIS_driver" -I"D:\Work_Space\NXP\gp\BMS_SW\board" -I"D:\Work_Space\NXP\gp\BMS_SW\utilities" -I"D:\Work_Space\NXP\gp\BMS_SW\source" -I"D:\Work_Space\NXP\gp\BMS_SW" -I"D:\Work_Space\NXP\gp\BMS_SW\startup" -O0 -fno-common -g3 -gdwarf-4 -Wall -c -fmessage-length=0 -fno-builtin -ffunction-sections -fdata-sections -fmerge-constants -fmacro-prefix-map="../drivers/"= -mcpu=cortex-m0plus -mthumb -D__REDLIB__ -fstack-usage -specs=redlib.specs -MMD -MP -MF"drivers/fsl_lpsci_dma.d" -MT"drivers/fsl_lpsci_dma.o" -MT"drivers/fsl_lpsci_dma.d" -o "drivers/fsl_lpsci_dma.o" "../drivers/fsl_lpsci_dma.c"
Building file: ../drivers/fsl_uart_dma.c
Building file: ../drivers/fsl_uart.c
Invoking: MCU C Compiler
Invoking: MCU C Compiler
Invoking: MCU C Compiler
arm-none-eabi-gcc -DCPU_MKL25Z128VLK4_cm0plus -DCPU_MKL25Z128VLK4 -DFSL_RTOS_BM -DSDK_OS_BAREMETAL -DSDK_DEBUGCONSOLE=1 -DCR_INTEGER_PRINTF -DPRINTF_FLOAT_ENABLE=0 -D__MCUXPRESSO -D__USE_CMSIS -DDEBUG -D__REDLIB__ -I"D:\Work_Space\NXP\gp\BMS_SW\drivers" -I"D:\Work_Space\NXP\gp\BMS_SW\CMSIS" -I"D:\Work_Space\NXP\gp\BMS_SW\CMSIS_driver" -I"D:\Work_Space\NXP\gp\BMS_SW\board" -I"D:\Work_Space\NXP\gp\BMS_SW\utilities" -I"D:\Work_Space\NXP\gp\BMS_SW\source" -I"D:\Work_Space\NXP\gp\BMS_SW" -I"D:\Work_Space\NXP\gp\BMS_SW\startup" -O0 -fno-common -g3 -gdwarf-4 -Wall -c -fmessage-length=0 -fno-builtin -ffunction-sections -fdata-sections -fmerge-constants -fmacro-prefix-map="../drivers/"= -mcpu=cortex-m0plus -mthumb -D__REDLIB__ -fstack-usage -specs=redlib.specs -MMD -MP -MF"drivers/fsl_pit.d" -MT"drivers/fsl_pit.o" -MT"drivers/fsl_pit.d" -o "drivers/fsl_pit.o" "../drivers/fsl_pit.c"
Invoking: MCU C Compiler
arm-none-eabi-gcc -DCPU_MKL25Z128VLK4_cm0plus -DCPU_MKL25Z128VLK4 -DFSL_RTOS_BM -DSDK_OS_BAREMETAL -DSDK_DEBUGCONSOLE=1 -DCR_INTEGER_PRINTF -DPRINTF_FLOAT_ENABLE=0 -D__MCUXPRESSO -D__USE_CMSIS -DDEBUG -D__REDLIB__ -I"D:\Work_Space\NXP\gp\BMS_SW\drivers" -I"D:\Work_Space\NXP\gp\BMS_SW\CMSIS" -I"D:\Work_Space\NXP\gp\BMS_SW\CMSIS_driver" -I"D:\Work_Space\NXP\gp\BMS_SW\board" -I"D:\Work_Space\NXP\gp\BMS_SW\utilities" -I"D:\Work_Space\NXP\gp\BMS_SW\source" -I"D:\Work_Space\NXP\gp\BMS_SW" -I"D:\Work_Space\NXP\gp\BMS_SW\startup" -O0 -fno-common -g3 -gdwarf-4 -Wall -c -fmessage-length=0 -fno-builtin -ffunction-sections -fdata-sections -fmerge-constants -fmacro-prefix-map="../drivers/"= -mcpu=cortex-m0plus -mthumb -D__REDLIB__ -fstack-usage -specs=redlib.specs -MMD -MP -MF"drivers/fsl_smc.d" -MT"drivers/fsl_smc.o" -MT"drivers/fsl_smc.d" -o "drivers/fsl_smc.o" "../drivers/fsl_smc.c"
arm-none-eabi-gcc -DCPU_MKL25Z128VLK4_cm0plus -DCPU_MKL25Z128VLK4 -DFSL_RTOS_BM -DSDK_OS_BAREMETAL -DSDK_DEBUGCONSOLE=1 -DCR_INTEGER_PRINTF -DPRINTF_FLOAT_ENABLE=0 -D__MCUXPRESSO -D__USE_CMSIS -DDEBUG -D__REDLIB__ -I"D:\Work_Space\NXP\gp\BMS_SW\drivers" -I"D:\Work_Space\NXP\gp\BMS_SW\CMSIS" -I"D:\Work_Space\NXP\gp\BMS_SW\CMSIS_driver" -I"D:\Work_Space\NXP\gp\BMS_SW\board" -I"D:\Work_Space\NXP\gp\BMS_SW\utilities" -I"D:\Work_Space\NXP\gp\BMS_SW\source" -I"D:\Work_Space\NXP\gp\BMS_SW" -I"D:\Work_Space\NXP\gp\BMS_SW\startup" -O0 -fno-common -g3 -gdwarf-4 -Wall -c -fmessage-length=0 -fno-builtin -ffunction-sections -fdata-sections -fmerge-constants -fmacro-prefix-map="../drivers/"= -mcpu=cortex-m0plus -mthumb -D__REDLIB__ -fstack-usage -specs=redlib.specs -MMD -MP -MF"drivers/fsl_tpm.d" -MT"drivers/fsl_tpm.o" -MT"drivers/fsl_tpm.d" -o "drivers/fsl_tpm.o" "../drivers/fsl_tpm.c"
arm-none-eabi-gcc -DCPU_MKL25Z128VLK4_cm0plus -DCPU_MKL25Z128VLK4 -DFSL_RTOS_BM -DSDK_OS_BAREMETAL -DSDK_DEBUGCONSOLE=1 -DCR_INTEGER_PRINTF -DPRINTF_FLOAT_ENABLE=0 -D__MCUXPRESSO -D__USE_CMSIS -DDEBUG -D__REDLIB__ -I"D:\Work_Space\NXP\gp\BMS_SW\drivers" -I"D:\Work_Space\NXP\gp\BMS_SW\CMSIS" -I"D:\Work_Space\NXP\gp\BMS_SW\CMSIS_driver" -I"D:\Work_Space\NXP\gp\BMS_SW\board" -I"D:\Work_Space\NXP\gp\BMS_SW\utilities" -I"D:\Work_Space\NXP\gp\BMS_SW\source" -I"D:\Work_Space\NXP\gp\BMS_SW" -I"D:\Work_Space\NXP\gp\BMS_SW\startup" -O0 -fno-common -g3 -gdwarf-4 -Wall -c -fmessage-length=0 -fno-builtin -ffunction-sections -fdata-sections -fmerge-constants -fmacro-prefix-map="../drivers/"= -mcpu=cortex-m0plus -mthumb -D__REDLIB__ -fstack-usage -specs=redlib.specs -MMD -MP -MF"drivers/fsl_uart_dma.d" -MT"drivers/fsl_uart_dma.o" -MT"drivers/fsl_uart_dma.d" -o "drivers/fsl_uart_dma.o" "../drivers/fsl_uart_dma.c"
Invoking: MCU C Compiler
arm-none-eabi-gcc -DCPU_MKL25Z128VLK4_cm0plus -DCPU_MKL25Z128VLK4 -DFSL_RTOS_BM -DSDK_OS_BAREMETAL -DSDK_DEBUGCONSOLE=1 -DCR_INTEGER_PRINTF -DPRINTF_FLOAT_ENABLE=0 -D__MCUXPRESSO -D__USE_CMSIS -DDEBUG -D__REDLIB__ -I"D:\Work_Space\NXP\gp\BMS_SW\drivers" -I"D:\Work_Space\NXP\gp\BMS_SW\CMSIS" -I"D:\Work_Space\NXP\gp\BMS_SW\CMSIS_driver" -I"D:\Work_Space\NXP\gp\BMS_SW\board" -I"D:\Work_Space\NXP\gp\BMS_SW\utilities" -I"D:\Work_Space\NXP\gp\BMS_SW\source" -I"D:\Work_Space\NXP\gp\BMS_SW" -I"D:\Work_Space\NXP\gp\BMS_SW\startup" -O0 -fno-common -g3 -gdwarf-4 -Wall -c -fmessage-length=0 -fno-builtin -ffunction-sections -fdata-sections -fmerge-constants -fmacro-prefix-map="../drivers/"= -mcpu=cortex-m0plus -mthumb -D__REDLIB__ -fstack-usage -specs=redlib.specs -MMD -MP -MF"drivers/fsl_uart.d" -MT"drivers/fsl_uart.o" -MT"drivers/fsl_uart.d" -o "drivers/fsl_uart.o" "../drivers/fsl_uart.c"
Finished building: ../drivers/C90TFS/drvsrc/source/SetEEEEnable.c
Finished building: ../drivers/C90TFS/drvsrc/source/PFlashSwapCtl.c
Finished building: ../drivers/fsl_adc16.c
Finished building: ../drivers/C90TFS/drvsrc/source/PFlashSwap.c
 
In file included from D:\Work_Space\NXP\gp\BMS_SW\CMSIS/fsl_device_registers.h:47,
                 from ../drivers/fsl_common.h:43,
                 from ../drivers/fsl_pit.h:33,
                 from ../drivers/fsl_pit.c:31:
D:\Work_Space\NXP\gp\BMS_SW\CMSIS/MKL25Z4.h:3429:50: warning: initialization of 'PIT_Type *' from incompatible pointer type 'volatile struct PIT_MemMap *' [-Wincompatible-pointer-types]
 3429 | #define PIT_BASE_PTR                             ((PIT_MemMapPtr)0x40037000u)
      |                                                  ^
D:\Work_Space\NXP\gp\BMS_SW\CMSIS/MKL25Z4.h:3431:52: note: in expansion of macro 'PIT_BASE_PTR'
 3431 | #define PIT_BASE_PTRS                            { PIT_BASE_PTR }
      |                                                    ^~~~~~~~~~~~
../drivers/fsl_pit.c:49:39: note: in expansion of macro 'PIT_BASE_PTRS'
   49 | static PIT_Type *const s_pitBases[] = PIT_BASE_PTRS;
      |                                       ^~~~~~~~~~~~~
D:\Work_Space\NXP\gp\BMS_SW\CMSIS/MKL25Z4.h:3429:50: note: (near initialization for 's_pitBases[0]')
 3429 | #define PIT_BASE_PTR                             ((PIT_MemMapPtr)0x40037000u)
      |                                                  ^
D:\Work_Space\NXP\gp\BMS_SW\CMSIS/MKL25Z4.h:3431:52: note: in expansion of macro 'PIT_BASE_PTR'
 3431 | #define PIT_BASE_PTRS                            { PIT_BASE_PTR }
      |                                                    ^~~~~~~~~~~~
../drivers/fsl_pit.c:49:39: note: in expansion of macro 'PIT_BASE_PTRS'
   49 | static PIT_Type *const s_pitBases[] = PIT_BASE_PTRS;
      |                                       ^~~~~~~~~~~~~
 
 
Finished building: ../drivers/fsl_common.c
Building file: ../drivers/tpm1.c
Finished building: ../drivers/SPI.c
Finished building: ../drivers/fsl_dmamux.c
Finished building: ../drivers/fsl_gpio.c
 
Building file: ../board/board.c
 
Building file: ../board/clock_config.c
Invoking: MCU C Compiler
 
 
Finished building: ../drivers/fsl_clock.c
 
Finished building: ../drivers/fsl_dma.c
Finished building: ../drivers/fsl_flash.c
arm-none-eabi-gcc -DCPU_MKL25Z128VLK4_cm0plus -DCPU_MKL25Z128VLK4 -DFSL_RTOS_BM -DSDK_OS_BAREMETAL -DSDK_DEBUGCONSOLE=1 -DCR_INTEGER_PRINTF -DPRINTF_FLOAT_ENABLE=0 -D__MCUXPRESSO -D__USE_CMSIS -DDEBUG -D__REDLIB__ -I"D:\Work_Space\NXP\gp\BMS_SW\drivers" -I"D:\Work_Space\NXP\gp\BMS_SW\CMSIS" -I"D:\Work_Space\NXP\gp\BMS_SW\CMSIS_driver" -I"D:\Work_Space\NXP\gp\BMS_SW\board" -I"D:\Work_Space\NXP\gp\BMS_SW\utilities" -I"D:\Work_Space\NXP\gp\BMS_SW\source" -I"D:\Work_Space\NXP\gp\BMS_SW" -I"D:\Work_Space\NXP\gp\BMS_SW\startup" -O0 -fno-common -g3 -gdwarf-4 -Wall -c -fmessage-length=0 -fno-builtin -ffunction-sections -fdata-sections -fmerge-constants -fmacro-prefix-map="../drivers/"= -mcpu=cortex-m0plus -mthumb -D__REDLIB__ -fstack-usage -specs=redlib.specs -MMD -MP -MF"drivers/tpm1.d" -MT"drivers/tpm1.o" -MT"drivers/tpm1.d" -o "drivers/tpm1.o" "../drivers/tpm1.c"
Finished building: ../drivers/fsl_i2c_dma.c
Invoking: MCU C Compiler
Finished building: ../drivers/fsl_i2c.c
Invoking: MCU C Compiler
arm-none-eabi-gcc -DCPU_MKL25Z128VLK4_cm0plus -DCPU_MKL25Z128VLK4 -DFSL_RTOS_BM -DSDK_OS_BAREMETAL -DSDK_DEBUGCONSOLE=1 -DCR_INTEGER_PRINTF -DPRINTF_FLOAT_ENABLE=0 -D__MCUXPRESSO -D__USE_CMSIS -DDEBUG -D__REDLIB__ -I"D:\Work_Space\NXP\gp\BMS_SW\drivers" -I"D:\Work_Space\NXP\gp\BMS_SW\CMSIS" -I"D:\Work_Space\NXP\gp\BMS_SW\CMSIS_driver" -I"D:\Work_Space\NXP\gp\BMS_SW\board" -I"D:\Work_Space\NXP\gp\BMS_SW\utilities" -I"D:\Work_Space\NXP\gp\BMS_SW\source" -I"D:\Work_Space\NXP\gp\BMS_SW" -I"D:\Work_Space\NXP\gp\BMS_SW\startup" -O0 -fno-common -g3 -gdwarf-4 -Wall -c -fmessage-length=0 -fno-builtin -ffunction-sections -fdata-sections -fmerge-constants -fmacro-prefix-map="../board/"= -mcpu=cortex-m0plus -mthumb -D__REDLIB__ -fstack-usage -specs=redlib.specs -MMD -MP -MF"board/board.d" -MT"board/board.o" -MT"board/board.d" -o "board/board.o" "../board/board.c"
 
 
 
 
 
Finished building: ../drivers/fsl_smc.c
Finished building: ../drivers/fsl_lpsci.c
Finished building: ../drivers/fsl_lpsci_dma.c
arm-none-eabi-gcc -DCPU_MKL25Z128VLK4_cm0plus -DCPU_MKL25Z128VLK4 -DFSL_RTOS_BM -DSDK_OS_BAREMETAL -DSDK_DEBUGCONSOLE=1 -DCR_INTEGER_PRINTF -DPRINTF_FLOAT_ENABLE=0 -D__MCUXPRESSO -D__USE_CMSIS -DDEBUG -D__REDLIB__ -I"D:\Work_Space\NXP\gp\BMS_SW\drivers" -I"D:\Work_Space\NXP\gp\BMS_SW\CMSIS" -I"D:\Work_Space\NXP\gp\BMS_SW\CMSIS_driver" -I"D:\Work_Space\NXP\gp\BMS_SW\board" -I"D:\Work_Space\NXP\gp\BMS_SW\utilities" -I"D:\Work_Space\NXP\gp\BMS_SW\source" -I"D:\Work_Space\NXP\gp\BMS_SW" -I"D:\Work_Space\NXP\gp\BMS_SW\startup" -O0 -fno-common -g3 -gdwarf-4 -Wall -c -fmessage-length=0 -fno-builtin -ffunction-sections -fdata-sections -fmerge-constants -fmacro-prefix-map="../board/"= -mcpu=cortex-m0plus -mthumb -D__REDLIB__ -fstack-usage -specs=redlib.specs -MMD -MP -MF"board/clock_config.d" -MT"board/clock_config.o" -MT"board/clock_config.d" -o "board/clock_config.o" "../board/clock_config.c"
Finished building: ../drivers/fsl_pit.c
Finished building: ../drivers/fsl_uart_dma.c
 
 
 
 
 
Building file: ../board/peripherals.c
Building file: ../board/pin_mux.c
Building file: ../CMSIS_driver/fsl_i2c_cmsis.c
Invoking: MCU C Compiler
Building file: ../CMSIS_driver/fsl_uart_cmsis.c
Invoking: MCU C Compiler
In file included from ../board/board.c:33:
D:\Work_Space\NXP\gp\BMS_SW\utilities/fsl_debug_console.h:69: warning: "PRINTF_FLOAT_ENABLE" redefined
   69 | #define PRINTF_FLOAT_ENABLE 1U
      | 
<command-line>: note: this is the location of the previous definition
arm-none-eabi-gcc -DCPU_MKL25Z128VLK4_cm0plus -DCPU_MKL25Z128VLK4 -DFSL_RTOS_BM -DSDK_OS_BAREMETAL -DSDK_DEBUGCONSOLE=1 -DCR_INTEGER_PRINTF -DPRINTF_FLOAT_ENABLE=0 -D__MCUXPRESSO -D__USE_CMSIS -DDEBUG -D__REDLIB__ -I"D:\Work_Space\NXP\gp\BMS_SW\drivers" -I"D:\Work_Space\NXP\gp\BMS_SW\CMSIS" -I"D:\Work_Space\NXP\gp\BMS_SW\CMSIS_driver" -I"D:\Work_Space\NXP\gp\BMS_SW\board" -I"D:\Work_Space\NXP\gp\BMS_SW\utilities" -I"D:\Work_Space\NXP\gp\BMS_SW\source" -I"D:\Work_Space\NXP\gp\BMS_SW" -I"D:\Work_Space\NXP\gp\BMS_SW\startup" -O0 -fno-common -g3 -gdwarf-4 -Wall -c -fmessage-length=0 -fno-builtin -ffunction-sections -fdata-sections -fmerge-constants -fmacro-prefix-map="../board/"= -mcpu=cortex-m0plus -mthumb -D__REDLIB__ -fstack-usage -specs=redlib.specs -MMD -MP -MF"board/peripherals.d" -MT"board/peripherals.o" -MT"board/peripherals.d" -o "board/peripherals.o" "../board/peripherals.c"
Building file: ../CMSIS/system_MKL25Z4.c
Finished building: ../drivers/fsl_tpm.c
arm-none-eabi-gcc -DCPU_MKL25Z128VLK4_cm0plus -DCPU_MKL25Z128VLK4 -DFSL_RTOS_BM -DSDK_OS_BAREMETAL -DSDK_DEBUGCONSOLE=1 -DCR_INTEGER_PRINTF -DPRINTF_FLOAT_ENABLE=0 -D__MCUXPRESSO -D__USE_CMSIS -DDEBUG -D__REDLIB__ -I"D:\Work_Space\NXP\gp\BMS_SW\drivers" -I"D:\Work_Space\NXP\gp\BMS_SW\CMSIS" -I"D:\Work_Space\NXP\gp\BMS_SW\CMSIS_driver" -I"D:\Work_Space\NXP\gp\BMS_SW\board" -I"D:\Work_Space\NXP\gp\BMS_SW\utilities" -I"D:\Work_Space\NXP\gp\BMS_SW\source" -I"D:\Work_Space\NXP\gp\BMS_SW" -I"D:\Work_Space\NXP\gp\BMS_SW\startup" -O0 -fno-common -g3 -gdwarf-4 -Wall -c -fmessage-length=0 -fno-builtin -ffunction-sections -fdata-sections -fmerge-constants -fmacro-prefix-map="../board/"= -mcpu=cortex-m0plus -mthumb -D__REDLIB__ -fstack-usage -specs=redlib.specs -MMD -MP -MF"board/pin_mux.d" -MT"board/pin_mux.o" -MT"board/pin_mux.d" -o "board/pin_mux.o" "../board/pin_mux.c"
Invoking: MCU C Compiler
Invoking: MCU C Compiler
arm-none-eabi-gcc -DCPU_MKL25Z128VLK4_cm0plus -DCPU_MKL25Z128VLK4 -DFSL_RTOS_BM -DSDK_OS_BAREMETAL -DSDK_DEBUGCONSOLE=1 -DCR_INTEGER_PRINTF -DPRINTF_FLOAT_ENABLE=0 -D__MCUXPRESSO -D__USE_CMSIS -DDEBUG -D__REDLIB__ -I"D:\Work_Space\NXP\gp\BMS_SW\drivers" -I"D:\Work_Space\NXP\gp\BMS_SW\CMSIS" -I"D:\Work_Space\NXP\gp\BMS_SW\CMSIS_driver" -I"D:\Work_Space\NXP\gp\BMS_SW\board" -I"D:\Work_Space\NXP\gp\BMS_SW\utilities" -I"D:\Work_Space\NXP\gp\BMS_SW\source" -I"D:\Work_Space\NXP\gp\BMS_SW" -I"D:\Work_Space\NXP\gp\BMS_SW\startup" -O0 -fno-common -g3 -gdwarf-4 -Wall -c -fmessage-length=0 -fno-builtin -ffunction-sections -fdata-sections -fmerge-constants -fmacro-prefix-map="../CMSIS_driver/"= -mcpu=cortex-m0plus -mthumb -D__REDLIB__ -fstack-usage -specs=redlib.specs -MMD -MP -MF"CMSIS_driver/fsl_i2c_cmsis.d" -MT"CMSIS_driver/fsl_i2c_cmsis.o" -MT"CMSIS_driver/fsl_i2c_cmsis.d" -o "CMSIS_driver/fsl_i2c_cmsis.o" "../CMSIS_driver/fsl_i2c_cmsis.c"
arm-none-eabi-gcc -DCPU_MKL25Z128VLK4_cm0plus -DCPU_MKL25Z128VLK4 -DFSL_RTOS_BM -DSDK_OS_BAREMETAL -DSDK_DEBUGCONSOLE=1 -DCR_INTEGER_PRINTF -DPRINTF_FLOAT_ENABLE=0 -D__MCUXPRESSO -D__USE_CMSIS -DDEBUG -D__REDLIB__ -I"D:\Work_Space\NXP\gp\BMS_SW\drivers" -I"D:\Work_Space\NXP\gp\BMS_SW\CMSIS" -I"D:\Work_Space\NXP\gp\BMS_SW\CMSIS_driver" -I"D:\Work_Space\NXP\gp\BMS_SW\board" -I"D:\Work_Space\NXP\gp\BMS_SW\utilities" -I"D:\Work_Space\NXP\gp\BMS_SW\source" -I"D:\Work_Space\NXP\gp\BMS_SW" -I"D:\Work_Space\NXP\gp\BMS_SW\startup" -O0 -fno-common -g3 -gdwarf-4 -Wall -c -fmessage-length=0 -fno-builtin -ffunction-sections -fdata-sections -fmerge-constants -fmacro-prefix-map="../CMSIS_driver/"= -mcpu=cortex-m0plus -mthumb -D__REDLIB__ -fstack-usage -specs=redlib.specs -MMD -MP -MF"CMSIS_driver/fsl_uart_cmsis.d" -MT"CMSIS_driver/fsl_uart_cmsis.o" -MT"CMSIS_driver/fsl_uart_cmsis.d" -o "CMSIS_driver/fsl_uart_cmsis.o" "../CMSIS_driver/fsl_uart_cmsis.c"
Invoking: MCU C Compiler
 
arm-none-eabi-gcc -DCPU_MKL25Z128VLK4_cm0plus -DCPU_MKL25Z128VLK4 -DFSL_RTOS_BM -DSDK_OS_BAREMETAL -DSDK_DEBUGCONSOLE=1 -DCR_INTEGER_PRINTF -DPRINTF_FLOAT_ENABLE=0 -D__MCUXPRESSO -D__USE_CMSIS -DDEBUG -D__REDLIB__ -I"D:\Work_Space\NXP\gp\BMS_SW\drivers" -I"D:\Work_Space\NXP\gp\BMS_SW\CMSIS" -I"D:\Work_Space\NXP\gp\BMS_SW\CMSIS_driver" -I"D:\Work_Space\NXP\gp\BMS_SW\board" -I"D:\Work_Space\NXP\gp\BMS_SW\utilities" -I"D:\Work_Space\NXP\gp\BMS_SW\source" -I"D:\Work_Space\NXP\gp\BMS_SW" -I"D:\Work_Space\NXP\gp\BMS_SW\startup" -O0 -fno-common -g3 -gdwarf-4 -Wall -c -fmessage-length=0 -fno-builtin -ffunction-sections -fdata-sections -fmerge-constants -fmacro-prefix-map="../CMSIS/"= -mcpu=cortex-m0plus -mthumb -D__REDLIB__ -fstack-usage -specs=redlib.specs -MMD -MP -MF"CMSIS/system_MKL25Z4.d" -MT"CMSIS/system_MKL25Z4.o" -MT"CMSIS/system_MKL25Z4.d" -o "CMSIS/system_MKL25Z4.o" "../CMSIS/system_MKL25Z4.c"
Finished building: ../drivers/tpm1.c
Finished building: ../drivers/fsl_uart.c
Finished building: ../board/peripherals.c
 
 
Finished building: ../board/board.c
 
Finished building: ../board/clock_config.c
 
 
Finished building: ../CMSIS_driver/fsl_uart_cmsis.c
Finished building: ../board/pin_mux.c
Finished building: ../CMSIS/system_MKL25Z4.c
 
Finished building: ../CMSIS_driver/fsl_i2c_cmsis.c
 
 
 
Building target: BMS_SW.axf
Invoking: MCU Linker
arm-none-eabi-gcc -nostdlib -Xlinker -Map="BMS_SW.map" -Xlinker -u _printf_float -Xlinker --gc-sections -Xlinker -print-memory-usage -Xlinker --sort-section=alignment -Xlinker --cref -mcpu=cortex-m0plus -mthumb -T "BMS_SW_Debug.ld" -o "BMS_SW.axf" ./utilities/fsl_debug_console.o  ./startup/startup_mkl25z4.o  ./source/Platform/pcconf.o  ./source/COTs/TempSensorIF/Src/tempSens.o  ./source/COTs/SlaveControlIF/Src/slaveIF.o  ./source/COTs/ScreenIF/Src/screenIF.o  ./source/COTs/FanControlManager/Src/fanCtrl.o  ./source/COTs/DebugInfoManager/Src/debugInfo.o  ./source/COTs/BatteryStatusMonitor/Src/dataMonitor.o  ./source/COTs/BMSDataBase/Src/dataBase.o  ./source/main.o ./source/mtb.o ./source/semihost_hardfault.o  ./drivers/C90TFS/drvsrc/source/CopyToRam.o ./drivers/C90TFS/drvsrc/source/DEFlashPartition.o ./drivers/C90TFS/drvsrc/source/DFlashGetProtection.o ./drivers/C90TFS/drvsrc/source/DFlashSetProtection.o ./drivers/C90TFS/drvsrc/source/EEEWrite.o ./drivers/C90TFS/drvsrc/source/EERAMGetProtection.o ./drivers/C90TFS/drvsrc/source/EERAMSetProtection.o ./drivers/C90TFS/drvsrc/source/FlashCheckSum.o ./drivers/C90TFS/drvsrc/source/FlashCommandSequence.o ./drivers/C90TFS/drvsrc/source/FlashEraseAllBlock.o ./drivers/C90TFS/drvsrc/source/FlashEraseBlock.o ./drivers/C90TFS/drvsrc/source/FlashEraseResume.o ./drivers/C90TFS/drvsrc/source/FlashEraseSector.o ./drivers/C90TFS/drvsrc/source/FlashEraseSuspend.o ./drivers/C90TFS/drvsrc/source/FlashGetSecurityState.o ./drivers/C90TFS/drvsrc/source/FlashInit.o ./drivers/C90TFS/drvsrc/source/FlashProgram.o ./drivers/C90TFS/drvsrc/source/FlashProgramCheck.o ./drivers/C90TFS/drvsrc/source/FlashProgramOnce.o ./drivers/C90TFS/drvsrc/source/FlashProgramSection.o ./drivers/C90TFS/drvsrc/source/FlashReadOnce.o ./drivers/C90TFS/drvsrc/source/FlashReadResource.o ./drivers/C90TFS/drvsrc/source/FlashSecurityBypass.o ./drivers/C90TFS/drvsrc/source/FlashVerifyAllBlock.o ./drivers/C90TFS/drvsrc/source/FlashVerifyBlock.o ./drivers/C90TFS/drvsrc/source/FlashVerifySection.o ./drivers/C90TFS/drvsrc/source/PFlashGetProtection.o ./drivers/C90TFS/drvsrc/source/PFlashSetProtection.o ./drivers/C90TFS/drvsrc/source/PFlashSwap.o ./drivers/C90TFS/drvsrc/source/PFlashSwapCtl.o ./drivers/C90TFS/drvsrc/source/SetEEEEnable.o  ./drivers/SPI.o ./drivers/fsl_adc16.o ./drivers/fsl_clock.o ./drivers/fsl_common.o ./drivers/fsl_dma.o ./drivers/fsl_dmamux.o ./drivers/fsl_flash.o ./drivers/fsl_gpio.o ./drivers/fsl_i2c.o ./drivers/fsl_i2c_dma.o ./drivers/fsl_lpsci.o ./drivers/fsl_lpsci_dma.o ./drivers/fsl_pit.o ./drivers/fsl_smc.o ./drivers/fsl_tpm.o ./drivers/fsl_uart.o ./drivers/fsl_uart_dma.o ./drivers/tpm1.o  ./board/board.o ./board/clock_config.o ./board/peripherals.o ./board/pin_mux.o  ./CMSIS_driver/fsl_i2c_cmsis.o ./CMSIS_driver/fsl_uart_cmsis.o  ./CMSIS/system_MKL25Z4.o   
Memory region         Used Size  Region Size  %age Used
   PROGRAM_FLASH:       48596 B       128 KB     37.08%
            SRAM:        3648 B        16 KB     22.27%
Finished building target: BMS_SW.axf
 
Performing post-build steps
arm-none-eabi-size "BMS_SW.axf"; # arm-none-eabi-objcopy -v -O binary "BMS_SW.axf" "BMS_SW.bin" ; # checksum -p MKL25Z128xxx4 -d "BMS_SW.bin";
   text	   data	    bss	    dec	    hex	filename
  48520	     76	   3568	  52164	   cbc4	BMS_SW.axf
 
01:23:25 **** Incremental Build of configuration Debug for project BMS_SW ****
make -r -j20 all 
make[1]: Nothing to be done for 'main-build'.
Performing post-build steps
arm-none-eabi-size "BMS_SW.axf"; # arm-none-eabi-objcopy -v -O binary "BMS_SW.axf" "BMS_SW.bin" ; # checksum -p MKL25Z128xxx4 -d "BMS_SW.bin";
   text	   data	    bss	    dec	    hex	filename
  48520	     76	   3568	  52164	   cbc4	BMS_SW.axf
 
01:35:06 **** Incremental Build of configuration Debug for project BMS_SW ****
make -r -j20 all 
make[1]: Nothing to be done for 'main-build'.
Performing post-build steps
arm-none-eabi-size "BMS_SW.axf"; # arm-none-eabi-objcopy -v -O binary "BMS_SW.axf" "BMS_SW.bin" ; # checksum -p MKL25Z128xxx4 -d "BMS_SW.bin";
   text	   data	    bss	    dec	    hex	filename
  48520	     76	   3568	  52164	   cbc4	BMS_SW.axf
 
