22:29:28 **** Incremental Build of configuration Debug for project YARAB_V1 ****
make -r -j20 all 
Building target: YARAB_V1.axf
Invoking: MCU Linker
arm-none-eabi-gcc -nostdlib -Xlinker -Map="YARAB_V1.map" -Xlinker --gc-sections -Xlinker -print-memory-usage -Xlinker --sort-section=alignment -Xlinker --cref -mcpu=cortex-m0plus -mthumb -T YARAB_V1_Debug.ld -o "YARAB_V1.axf" ./utilities/fsl_debug_console.o  ./startup/startup_mkl25z4.o  ./source/COTS/TempControlManager/Src/PWM.o  ./source/COTS/SlaveControlIF/Src/SlaveIF.o  ./source/COTS/ScreenIF/Src/ScreenIF.o  ./source/COTS/Public/Src/helpful.o  ./source/COTS/FuSaSupervisor/Src/FuSa.o  ./source/COTS/DiagnosticManager/Src/Diag_Manager.o  ./source/COTS/DebugInfoManager/Src/DebugInfo.o  ./source/COTS/ChargingManager/Src/ChargingManager.o  ./source/COTS/BatteryStatusMonitor/Src/DataMonitor.o  ./source/COTS/BMSDataBase/Src/DataBase.o  ./source/main.o ./source/mtb.o ./source/semihost_hardfault.o  ./drivers/fsl_clock.o ./drivers/fsl_cmp.o ./drivers/fsl_common.o ./drivers/fsl_dma.o ./drivers/fsl_dmamux.o ./drivers/fsl_flash.o ./drivers/fsl_gpio.o ./drivers/fsl_i2c.o ./drivers/fsl_i2c_dma.o ./drivers/fsl_lpsci.o ./drivers/fsl_lpsci_dma.o ./drivers/fsl_pit.o ./drivers/fsl_rcm.o ./drivers/fsl_rtc.o ./drivers/fsl_sim.o ./drivers/fsl_smc.o ./drivers/fsl_spi.o ./drivers/fsl_spi_dma.o ./drivers/fsl_tpm.o ./drivers/fsl_uart.o ./drivers/fsl_uart_dma.o  ./board/board.o ./board/clock_config.o ./board/peripherals.o ./board/pin_mux.o  ./CMSIS_driver/fsl_i2c_cmsis.o  ./CMSIS/system_MKL25Z4.o   
Memory region         Used Size  Region Size  %age Used
   PROGRAM_FLASH:       42460 B       128 KB     32.39%
            SRAM:        2944 B        16 KB     17.97%
Finished building target: YARAB_V1.axf
 
Performing post-build steps
arm-none-eabi-size "YARAB_V1.axf"; # arm-none-eabi-objcopy -v -O binary "YARAB_V1.axf" "YARAB_V1.bin" ; # checksum -p MKL25Z128xxx4 -d "YARAB_V1.bin";
   text	   data	    bss	    dec	    hex	filename
  42404	     56	   2888	  45348	   b124	YARAB_V1.axf
 

22:29:29 Build Finished. 0 errors, 0 warnings. (took 813ms)

